######## Python producer perf test (ASYNC=False, CLIENT_VERSION=3) ########
Producing messages at max rate for 3600 seconds
Running sync producer performance test v3 (confluent-kafka-rust)...
Key size: 0 bytes
Value size: 102400 bytes
Verify: False
Producer configuration:
  bootstrap.servers: pkc-devcoz07r9.us-east-1.aws.devel.cpdev.cloud:9092
  security.protocol: SASL_SSL
  sasl.mechanism: PLAIN
  sasl.jaas.config: <hidden>
  acks: all
  batch.size: 1048576
  max.request.size: 8388608
  compression.type: none
  enable.idempotence: false
  max.in.flight.requests.per.connection: 5
  buffer.memory: 33554432
  linger.ms: 5
Warming up for 300 seconds ...
Starting measured interval at 1787427452197 ms: 2026-08-22 19:37:32.198106+00:00
Test duration reached, 3602.24 seconds. Interrupting...

End time: 1787431054655 ms
Duration: 3602457.581679 ms
Average CPU: 91.97 %
Average RSS: 1169806.71 KiB
CPU Efficiency: 63.24 msg/(s * 1% CPU)
Memory Efficiency: 0.00 msg/(s * KB RSS)
Average time: 0.17 ms
Average rate msg/s: 5815.47 msg/s
Average rate MiB/s: 567.92 MiB/s
Average latency: 514.18 ms
Max latency: 3741.00 ms
p50 latency: 503 ms
p90 latency: 589 ms
p99 latency: 696 ms
p999 latency: 836 ms
Results summary written to: results.json
Performing garbage collection...
Waiting for final metrics collection...
Final CPU: 0.00 %
Final RSS: 1085152.00 KiB
Done
Consumer verification skipped (VERIFY_CONSUMED=False)
######## Done: python-producer. Metrics under /home/ubuntu/perf-test/results ########
