Java e2e: bootstrap=pkc-devcozvdmy.us-east-1.aws.devel.cpdev.cloud:9092 topic=cmp-bench-200p proto=consumer maxPoll=2500 fetch.min=4MiB partFetch=4MiB crc=off dur=1800s warmup=300000
subscribed; waiting for assignment/records...
warmup complete (300000 msgs); measuring 1800s now
[interval 0] t=  30.0s msgs=4503619 thr=   149891 msg/s avg=286.39 p50=284 p99=566 p999=589 max=613 ms rss=1116.2MB
[interval 1] t=  60.1s msgs=4501434 thr=   150018 msg/s avg=281.71 p50=277 p99=564 p999=587 max=631 ms rss=1304.2MB
[interval 2] t=  90.1s msgs=4505207 thr=   150059 msg/s avg=285.82 p50=284 p99=566 p999=590 max=692 ms rss=1353.1MB
[interval 3] t= 120.1s msgs=4506930 thr=   150171 msg/s avg=283.19 p50=280 p99=564 p999=587 max=611 ms rss=1507.0MB
[interval 4] t= 150.1s msgs=4496919 thr=   149862 msg/s avg=284.44 p50=281 p99=565 p999=587 max=609 ms rss=1635.5MB
[interval 5] t= 180.1s msgs=4506093 thr=   150168 msg/s avg=283.76 p50=280 p99=566 p999=589 max=610 ms rss=1835.9MB
[interval 6] t= 210.1s msgs=4494691 thr=   149818 msg/s avg=283.75 p50=280 p99=566 p999=588 max=612 ms rss=2057.2MB
[interval 7] t= 240.1s msgs=4506162 thr=   150175 msg/s avg=285.72 p50=283 p99=565 p999=588 max=620 ms rss=2218.6MB
[interval 8] t= 270.1s msgs=4496743 thr=   149881 msg/s avg=282.33 p50=279 p99=564 p999=587 max=610 ms rss=2446.5MB
[interval 9] t= 300.1s msgs=4497632 thr=   149831 msg/s avg=285.55 p50=283 p99=566 p999=589 max=615 ms rss=2596.4MB
[interval 10] t= 330.2s msgs=4510899 thr=   150238 msg/s avg=281.96 p50=278 p99=563 p999=587 max=611 ms rss=2782.0MB
[interval 11] t= 360.2s msgs=4497418 thr=   149824 msg/s avg=285.35 p50=282 p99=567 p999=588 max=615 ms rss=2942.8MB
[interval 12] t= 390.2s msgs=4506787 thr=   150206 msg/s avg=282.93 p50=279 p99=563 p999=587 max=616 ms rss=3104.6MB
[interval 13] t= 420.2s msgs=4499494 thr=   149918 msg/s avg=284.57 p50=282 p99=565 p999=587 max=608 ms rss=3203.4MB
[interval 14] t= 450.2s msgs=4502946 thr=   150063 msg/s avg=283.98 p50=281 p99=565 p999=588 max=613 ms rss=3399.5MB
[interval 15] t= 480.2s msgs=4496987 thr=   149880 msg/s avg=284.86 p50=282 p99=566 p999=590 max=617 ms rss=3557.2MB
[interval 16] t= 510.2s msgs=4501144 thr=   149938 msg/s avg=285.79 p50=283 p99=565 p999=588 max=619 ms rss=3631.4MB
[interval 17] t= 540.2s msgs=4503586 thr=   150060 msg/s avg=282.19 p50=278 p99=565 p999=587 max=612 ms rss=3754.8MB
[interval 18] t= 570.3s msgs=4503559 thr=   150109 msg/s avg=286.31 p50=284 p99=566 p999=589 max=611 ms rss=3849.9MB
[interval 19] t= 600.3s msgs=4493346 thr=   149718 msg/s avg=282.46 p50=279 p99=564 p999=589 max=622 ms rss=3979.2MB
[interval 20] t= 630.3s msgs=4505082 thr=   150139 msg/s avg=285.47 p50=282 p99=567 p999=589 max=614 ms rss=4095.4MB
[interval 21] t= 660.3s msgs=4500002 thr=   149955 msg/s avg=283.56 p50=281 p99=565 p999=589 max=653 ms rss=4240.2MB
[interval 22] t= 690.3s msgs=4507872 thr=   150217 msg/s avg=284.96 p50=282 p99=567 p999=589 max=656 ms rss=4392.1MB
[interval 23] t= 720.3s msgs=4498787 thr=   149960 msg/s avg=283.84 p50=281 p99=565 p999=587 max=623 ms rss=4536.6MB
[interval 24] t= 750.3s msgs=4502934 thr=   150013 msg/s avg=283.74 p50=280 p99=565 p999=588 max=609 ms rss=4661.2MB
[interval 25] t= 780.3s msgs=4503269 thr=   150104 msg/s avg=285.43 p50=283 p99=565 p999=587 max=609 ms rss=4746.2MB
[interval 26] t= 810.3s msgs=4493003 thr=   149767 msg/s avg=283.39 p50=280 p99=565 p999=588 max=605 ms rss=4875.5MB
[interval 27] t= 840.3s msgs=4502989 thr=   150050 msg/s avg=285.75 p50=284 p99=565 p999=587 max=605 ms rss=4971.3MB
[interval 28] t= 870.3s msgs=4503274 thr=   150044 msg/s avg=283.21 p50=279 p99=565 p999=588 max=612 ms rss=5071.6MB
[interval 29] t= 900.4s msgs=4496980 thr=   149839 msg/s avg=285.46 p50=283 p99=566 p999=587 max=606 ms rss=5123.3MB
[interval 30] t= 930.4s msgs=4503916 thr=   150066 msg/s avg=283.15 p50=280 p99=565 p999=588 max=617 ms rss=5204.2MB
[interval 31] t= 960.4s msgs=4511439 thr=   150251 msg/s avg=284.78 p50=282 p99=565 p999=588 max=609 ms rss=5308.3MB
[interval 32] t= 990.4s msgs=4496754 thr=   149842 msg/s avg=284.26 p50=281 p99=565 p999=589 max=678 ms rss=5365.1MB
[interval 33] t=1020.4s msgs=4509695 thr=   150273 msg/s avg=283.25 p50=280 p99=565 p999=587 max=606 ms rss=5441.3MB
[interval 34] t=1050.4s msgs=4492450 thr=   149743 msg/s avg=285.37 p50=283 p99=566 p999=589 max=624 ms rss=5535.7MB
[interval 35] t=1080.4s msgs=4506420 thr=   150214 msg/s avg=282.77 p50=279 p99=564 p999=587 max=610 ms rss=5606.6MB
[interval 36] t=1110.4s msgs=4495351 thr=   149820 msg/s avg=285.85 p50=283 p99=566 p999=589 max=613 ms rss=5734.8MB
[interval 37] t=1140.4s msgs=4502633 thr=   150088 msg/s avg=282.75 p50=279 p99=564 p999=588 max=679 ms rss=5846.1MB
[interval 38] t=1170.4s msgs=4509928 thr=   150326 msg/s avg=285.06 p50=282 p99=566 p999=589 max=614 ms rss=5932.3MB
[interval 39] t=1200.4s msgs=4489320 thr=   149574 msg/s avg=283.34 p50=280 p99=565 p999=588 max=619 ms rss=5965.1MB
[interval 40] t=1230.5s msgs=4504169 thr=   150089 msg/s avg=284.07 p50=281 p99=566 p999=588 max=619 ms rss=6051.1MB
[interval 41] t=1260.5s msgs=4497760 thr=   149741 msg/s avg=284.42 p50=281 p99=565 p999=588 max=615 ms rss=6158.1MB
[interval 42] t=1290.5s msgs=4514154 thr=   150216 msg/s avg=283.91 p50=281 p99=564 p999=587 max=607 ms rss=6248.4MB
[interval 43] t=1320.6s msgs=4508001 thr=   150192 msg/s avg=285.49 p50=283 p99=566 p999=588 max=619 ms rss=6298.1MB
[interval 44] t=1350.6s msgs=4498030 thr=   149849 msg/s avg=282.65 p50=280 p99=565 p999=588 max=622 ms rss=6366.5MB
[interval 45] t=1380.6s msgs=4498125 thr=   149928 msg/s avg=285.73 p50=283 p99=566 p999=589 max=616 ms rss=6447.8MB
[interval 46] t=1410.6s msgs=4504531 thr=   150046 msg/s avg=282.86 p50=279 p99=564 p999=587 max=617 ms rss=6562.0MB
[interval 47] t=1440.6s msgs=4501063 thr=   150035 msg/s avg=285.62 p50=283 p99=566 p999=589 max=621 ms rss=6695.7MB
[interval 48] t=1470.6s msgs=4505298 thr=   150142 msg/s avg=283.52 p50=280 p99=564 p999=588 max=611 ms rss=6794.1MB
[interval 49] t=1500.6s msgs=4493455 thr=   149732 msg/s avg=284.96 p50=282 p99=565 p999=588 max=625 ms rss=6904.7MB
[interval 50] t=1530.6s msgs=4508960 thr=   150274 msg/s avg=284.73 p50=282 p99=565 p999=589 max=636 ms rss=6981.3MB
[interval 51] t=1560.6s msgs=4500055 thr=   149972 msg/s avg=283.78 p50=281 p99=566 p999=588 max=615 ms rss=7085.7MB
[interval 52] t=1590.7s msgs=4499678 thr=   149819 msg/s avg=285.69 p50=283 p99=566 p999=589 max=667 ms rss=7126.0MB
[interval 53] t=1620.7s msgs=4503355 thr=   149967 msg/s avg=282.72 p50=279 p99=565 p999=588 max=607 ms rss=7191.7MB
[interval 54] t=1650.7s msgs=4505367 thr=   150054 msg/s avg=285.76 p50=283 p99=567 p999=588 max=609 ms rss=7245.1MB
[interval 55] t=1680.7s msgs=4497428 thr=   149874 msg/s avg=282.97 p50=279 p99=565 p999=588 max=612 ms rss=7331.4MB
[interval 56] t=1710.8s msgs=4516566 thr=   150292 msg/s avg=285.91 p50=283 p99=566 p999=589 max=619 ms rss=7403.6MB
[interval 57] t=1740.8s msgs=4493723 thr=   149786 msg/s avg=283.45 p50=280 p99=565 p999=588 max=620 ms rss=7475.8MB
[interval 58] t=1770.8s msgs=4508494 thr=   150273 msg/s avg=283.85 p50=280 p99=565 p999=588 max=609 ms rss=7555.9MB
======================================================================
SUMMARY - Java kafka-clients (KIP-848=consumer, warmup 300000 excluded)
Measured messages: 269999850
Duration:          1800.55 s
Throughput:        149954 msg/s  (292.88 MiB/s)
E2E latency (ms):  min=4 avg=284.26 stddev=142.52 p50=281 p90=479 p95=516 p99=565 p99.9=588 max=692
RSS (MB, current): avg=4828.0 min=1116.2 max=7555.9 (59 samples)
{"client":"java","protocol":"consumer","messages":269999850,"duration_s":1800.55,"throughput_msg_s":149954.26,"throughput_mib_s":292.88,"lat_min_ms":4,"lat_avg_ms":284.26,"lat_stddev_ms":142.52,"lat_p50_ms":281,"lat_p90_ms":479,"lat_p95_ms":516,"lat_p99_ms":565,"lat_p999_ms":588,"lat_max_ms":692,"rss_avg_mb":4828.0,"rss_min_mb":1116.2,"rss_max_mb":7555.9}
