======================================================================
Consumer E2E Latency Benchmark - librdkafka (native C)
======================================================================
Bootstrap:   pkc-devcozvdmy.us-east-1.aws.devel.cpdev.cloud:9092
Topic:       cmp-bench-200p
Group:       lr-repo-1781532496
Throughput:  300000 msg/s
Duration:    1800 s (after warmup)
Msg size:    1024 bytes
Warmup:      300000 messages
Interval:    30 s
rdkafka ver: 2.13.0
======================================================================

>>> Subscribed; waiting for partition assignment (group.protocol=consumer)...
%6|1781532496.629|GETSUBSCRIPTIONS|librdkafka-perf-c#consumer-1| [thrd:main]: Telemetry client instance id changed from AAAAAAAAAAAAAAAAAAAAAA to auUc1EE7S4iqkTHAoFpiWw
    assigned 200 partition(s)
    assigned after 1.0s
>>> Settling to the live edge (polling until empty) before producer...
    at live edge; starting producer now.

>>> Measuring (warmup 300000 msgs, then 1800 s)...

>>> first records arrived 44.6s after producer start
    warmup complete (300000 msgs); measuring now
[interval 0] t=  30.0s msgs=4498824 thr=   149906 msg/s  avg=254.73 p50=252 p99=522 p999=541 max=569 ms  cpu= 15.3% rss= 310.9MB
[interval 1] t=  60.0s msgs=4494938 thr=   149816 msg/s  avg=256.51 p50=255 p99=522 p999=538 max=562 ms  cpu= 35.8% rss= 317.1MB
[interval 2] t=  90.0s msgs=4508358 thr=   150259 msg/s  avg=256.00 p50=253 p99=522 p999=538 max=577 ms  cpu= 35.9% rss= 321.7MB
[interval 3] t= 120.0s msgs=4499742 thr=   149987 msg/s  avg=256.01 p50=254 p99=521 p999=538 max=576 ms  cpu= 35.9% rss= 322.7MB
[interval 4] t= 150.0s msgs=4493336 thr=   149771 msg/s  avg=256.83 p50=255 p99=522 p999=539 max=632 ms  cpu= 35.6% rss= 324.2MB
[interval 5] t= 180.0s msgs=4508760 thr=   150210 msg/s  avg=254.56 p50=252 p99=522 p999=538 max=581 ms  cpu= 35.8% rss= 325.2MB
[interval 6] t= 210.0s msgs=4499877 thr=   149947 msg/s  avg=257.32 p50=256 p99=522 p999=537 max=567 ms  cpu= 36.1% rss= 325.8MB
[interval 7] t= 240.1s msgs=4500246 thr=   149918 msg/s  avg=254.07 p50=251 p99=522 p999=539 max=580 ms  cpu= 35.8% rss= 326.0MB
[interval 8] t= 270.1s msgs=4505190 thr=   150170 msg/s  avg=257.39 p50=256 p99=521 p999=538 max=561 ms  cpu= 35.4% rss= 326.0MB
[interval 9] t= 300.1s msgs=4491629 thr=   149685 msg/s  avg=254.72 p50=252 p99=521 p999=538 max=565 ms  cpu= 35.8% rss= 326.5MB
[interval 10] t= 330.1s msgs=4510596 thr=   150273 msg/s  avg=257.15 p50=256 p99=522 p999=538 max=651 ms  cpu= 35.8% rss= 326.5MB
[interval 11] t= 360.1s msgs=4501299 thr=   150037 msg/s  avg=256.16 p50=253 p99=522 p999=540 max=566 ms  cpu= 35.8% rss= 326.5MB
[interval 12] t= 390.1s msgs=4499646 thr=   149966 msg/s  avg=256.48 p50=254 p99=522 p999=540 max=586 ms  cpu= 35.7% rss= 326.8MB
[interval 13] t= 420.1s msgs=4499713 thr=   149976 msg/s  avg=257.67 p50=256 p99=523 p999=541 max=578 ms  cpu= 35.2% rss= 327.0MB
[interval 14] t= 450.1s msgs=4498478 thr=   149897 msg/s  avg=255.17 p50=252 p99=522 p999=540 max=585 ms  cpu= 35.8% rss= 327.0MB
[interval 15] t= 480.1s msgs=4500725 thr=   149979 msg/s  avg=257.46 p50=256 p99=522 p999=538 max=561 ms  cpu= 35.6% rss= 327.3MB
[interval 16] t= 510.1s msgs=4506059 thr=   150113 msg/s  avg=254.76 p50=251 p99=522 p999=540 max=577 ms  cpu= 35.7% rss= 327.3MB
[interval 17] t= 540.1s msgs=4499858 thr=   149970 msg/s  avg=257.19 p50=256 p99=522 p999=538 max=568 ms  cpu= 35.9% rss= 327.5MB
[interval 18] t= 570.2s msgs=4502337 thr=   150035 msg/s  avg=254.82 p50=252 p99=522 p999=538 max=569 ms  cpu= 35.9% rss= 327.5MB
[interval 19] t= 600.2s msgs=4504547 thr=   150130 msg/s  avg=257.29 p50=255 p99=522 p999=538 max=598 ms  cpu= 36.2% rss= 327.5MB
[interval 20] t= 630.2s msgs=4500371 thr=   149928 msg/s  avg=255.88 p50=254 p99=522 p999=538 max=578 ms  cpu= 35.8% rss= 327.5MB
[interval 21] t= 660.2s msgs=4494669 thr=   149722 msg/s  avg=256.54 p50=254 p99=522 p999=539 max=575 ms  cpu= 35.9% rss= 328.1MB
[interval 22] t= 690.2s msgs=4515022 thr=   150415 msg/s  avg=257.18 p50=256 p99=522 p999=538 max=568 ms  cpu= 35.7% rss= 328.3MB
[interval 23] t= 720.2s msgs=4491400 thr=   149697 msg/s  avg=254.53 p50=251 p99=521 p999=538 max=573 ms  cpu= 36.0% rss= 328.3MB
[interval 24] t= 750.2s msgs=4501527 thr=   150045 msg/s  avg=257.57 p50=256 p99=522 p999=539 max=633 ms  cpu= 35.8% rss= 328.3MB
[interval 25] t= 780.2s msgs=4498878 thr=   149953 msg/s  avg=254.26 p50=251 p99=521 p999=539 max=569 ms  cpu= 35.8% rss= 328.6MB
[interval 26] t= 810.2s msgs=4503098 thr=   150008 msg/s  avg=257.99 p50=256 p99=523 p999=539 max=563 ms  cpu= 35.9% rss= 328.6MB
[interval 27] t= 840.3s msgs=4507871 thr=   150191 msg/s  avg=255.05 p50=252 p99=522 p999=539 max=578 ms  cpu= 35.6% rss= 328.6MB
[interval 28] t= 870.3s msgs=4497203 thr=   149785 msg/s  avg=256.63 p50=254 p99=522 p999=538 max=585 ms  cpu= 35.6% rss= 328.6MB
[interval 29] t= 900.3s msgs=4509092 thr=   150292 msg/s  avg=255.67 p50=253 p99=521 p999=539 max=566 ms  cpu= 35.8% rss= 328.6MB
[interval 30] t= 930.3s msgs=4496191 thr=   149872 msg/s  avg=255.06 p50=252 p99=522 p999=538 max=589 ms  cpu= 36.0% rss= 328.6MB
[interval 31] t= 960.3s msgs=4502936 thr=   150091 msg/s  avg=257.18 p50=255 p99=522 p999=538 max=578 ms  cpu= 35.4% rss= 328.6MB
[interval 32] t= 990.3s msgs=4499638 thr=   149959 msg/s  avg=254.05 p50=251 p99=521 p999=538 max=565 ms  cpu= 35.8% rss= 328.6MB
[interval 33] t=1020.3s msgs=4502681 thr=   150012 msg/s  avg=257.68 p50=256 p99=523 p999=539 max=567 ms  cpu= 35.8% rss= 328.6MB
[interval 34] t=1050.3s msgs=4501735 thr=   149848 msg/s  avg=254.25 p50=251 p99=521 p999=538 max=571 ms  cpu= 36.2% rss= 328.8MB
[interval 35] t=1080.4s msgs=4501121 thr=   150000 msg/s  avg=257.35 p50=256 p99=522 p999=538 max=565 ms  cpu= 35.8% rss= 328.8MB
[interval 36] t=1110.4s msgs=4507188 thr=   150075 msg/s  avg=254.97 p50=252 p99=521 p999=540 max=579 ms  cpu= 35.9% rss= 328.8MB
[interval 37] t=1140.4s msgs=4502595 thr=   150053 msg/s  avg=256.48 p50=254 p99=522 p999=538 max=588 ms  cpu= 35.8% rss= 328.8MB
[interval 38] t=1170.4s msgs=4501924 thr=   150038 msg/s  avg=256.31 p50=254 p99=522 p999=538 max=582 ms  cpu= 35.7% rss= 328.8MB
[interval 39] t=1200.4s msgs=4502950 thr=   150021 msg/s  avg=255.73 p50=253 p99=522 p999=537 max=564 ms  cpu= 36.2% rss= 329.1MB
[interval 40] t=1230.4s msgs=4495867 thr=   149805 msg/s  avg=256.77 p50=254 p99=522 p999=539 max=578 ms  cpu= 35.9% rss= 329.1MB
[interval 41] t=1260.4s msgs=4497724 thr=   149852 msg/s  avg=254.33 p50=252 p99=522 p999=539 max=570 ms  cpu= 36.0% rss= 329.1MB
[interval 42] t=1290.4s msgs=4507706 thr=   150218 msg/s  avg=257.72 p50=256 p99=522 p999=540 max=577 ms  cpu= 35.8% rss= 329.1MB
[interval 43] t=1320.5s msgs=4502559 thr=   149830 msg/s  avg=254.02 p50=251 p99=521 p999=538 max=582 ms  cpu= 36.3% rss= 329.1MB
[interval 44] t=1350.5s msgs=4504876 thr=   150049 msg/s  avg=257.47 p50=256 p99=522 p999=539 max=583 ms  cpu= 35.7% rss= 329.1MB
[interval 45] t=1380.5s msgs=4507087 thr=   150119 msg/s  avg=255.16 p50=252 p99=521 p999=538 max=565 ms  cpu= 36.1% rss= 329.1MB
[interval 46] t=1410.5s msgs=4494564 thr=   149794 msg/s  avg=256.42 p50=254 p99=522 p999=539 max=621 ms  cpu= 35.7% rss= 329.1MB
[interval 47] t=1440.6s msgs=4508437 thr=   150189 msg/s  avg=256.32 p50=254 p99=521 p999=537 max=574 ms  cpu= 36.1% rss= 328.8MB
[interval 48] t=1470.6s msgs=4506892 thr=   150041 msg/s  avg=255.13 p50=253 p99=522 p999=538 max=570 ms  cpu= 35.9% rss= 329.1MB
[interval 49] t=1500.6s msgs=4504816 thr=   150160 msg/s  avg=256.70 p50=254 p99=522 p999=538 max=595 ms  cpu= 35.8% rss= 329.1MB
[interval 50] t=1530.6s msgs=4497743 thr=   149912 msg/s  avg=255.05 p50=252 p99=521 p999=538 max=562 ms  cpu= 35.9% rss= 329.1MB
[interval 51] t=1560.6s msgs=4504042 thr=   150123 msg/s  avg=257.39 p50=255 p99=522 p999=540 max=575 ms  cpu= 36.1% rss= 329.1MB
[interval 52] t=1590.6s msgs=4490254 thr=   149653 msg/s  avg=254.64 p50=252 p99=522 p999=539 max=570 ms  cpu= 35.6% rss= 329.1MB
[interval 53] t=1620.6s msgs=4502105 thr=   150045 msg/s  avg=257.89 p50=256 p99=522 p999=538 max=566 ms  cpu= 35.9% rss= 329.1MB
[interval 54] t=1650.6s msgs=4501053 thr=   149989 msg/s  avg=255.29 p50=252 p99=522 p999=539 max=595 ms  cpu= 36.1% rss= 329.1MB
[interval 55] t=1680.6s msgs=4502535 thr=   150080 msg/s  avg=256.10 p50=254 p99=521 p999=538 max=568 ms  cpu= 35.7% rss= 329.1MB
[interval 56] t=1710.7s msgs=4503205 thr=   149982 msg/s  avg=256.47 p50=254 p99=522 p999=538 max=566 ms  cpu= 36.0% rss= 329.1MB
[interval 57] t=1740.7s msgs=4504143 thr=   150088 msg/s  avg=255.27 p50=252 p99=521 p999=538 max=563 ms  cpu= 36.1% rss= 329.1MB
[interval 58] t=1770.7s msgs=4503789 thr=   150028 msg/s  avg=257.49 p50=256 p99=522 p999=538 max=562 ms  cpu= 35.7% rss= 329.1MB

======================================================================
SUMMARY - librdkafka-c (warmup 300000 excluded, group.protocol=consumer)
======================================================================
Measured messages: 269995378
Duration:          1800.00 s
Throughput:        149997 msg/s  (146.48 MiB/s)
Batch consume:     max_poll_records=2000, 340805 non-empty batches, 270295378 records, avg 793.1 records/batch
Records/batch dist (post-warmup): n=340409 min=1 mean=793.1 p50=654 p99=2000 max=2000
E2E latency (ms):  min=3 avg=256.05 stddev=139.65 p50=254 p90=448 p95=481 p99=522 p99.9=539 max=651
RSS (MB, current):  avg=327.5 min=310.9 max=329.1 (59 samples)
======================================================================

Results written to: /home/ec2-user/bench/lr_repo/lr-repo-1781532496
