======================================================================
Consumer E2E Latency Benchmark — Rust Kafka Consumer
======================================================================
Bootstrap:   pkc-devcozvdmy.us-east-1.aws.devel.cpdev.cloud:9092
Topic:       cmp-bench-200p
Group:       lr-rust-1781530639
Throughput:  50000 msg/s
Duration:    1800 s (after warmup)
Msg size:    1024 bytes
Warmup:      300000 messages
Interval:    30 s
======================================================================
>>> Ensuring topic 'cmp-bench-200p' (8 partitions)...
    WARN: could not run /home/ec2-user/dev/opensource/kafka/bin/kafka-topics.sh: No such file or directory (os error 2) (continuing)
Offset reset: latest
Client config: loaded /home/ec2-user/bench/cc_rust.properties (SASL/SSL etc.)
Fetch config: fetch.min.bytes=4194304 fetch.max.wait.ms=default max.partition.fetch.bytes=4194304 fetch.max.bytes=default max.poll.records=2500

>>> Subscribed; waiting for partition assignment (KIP-848 join)...
    assigned 200 partition(s) after 0.5s
>>> --no-produce: drive the producer externally now.

>>> Measuring (warmup 300000 msgs, then 1800 s)...

>>> first records arrived 45.7s after producer start (after 92 polls)
    warmup complete (300000 msgs); measuring now
[interval 0] t=  30.0s msgs=4493230 thr=   149754 msg/s  avg=288.92 p50=286 p99=571 p999=599 max=808 ms  cpu=  0.0% rss=  48.2MB
[interval 1] t=  60.0s msgs=4504272 thr=   149993 msg/s  avg=288.02 p50=286 p99=571 p999=594 max=649 ms  cpu=  0.0% rss=  56.2MB
[interval 2] t=  90.0s msgs=4487384 thr=   149566 msg/s  avg=284.67 p50=280 p99=569 p999=595 max=712 ms  cpu=  0.0% rss=  81.8MB
[interval 3] t= 120.0s msgs=4506397 thr=   150211 msg/s  avg=361.34 p50=353 p99=852 p999=1054 max=1210 ms  cpu=  0.0% rss= 119.4MB
[interval 4] t= 150.1s msgs=4518224 thr=   150452 msg/s  avg=333.75 p50=330 p99=694 p999=813 max=915 ms  cpu=  0.0% rss=  84.4MB
[interval 5] t= 180.1s msgs=4494572 thr=   149648 msg/s  avg=342.21 p50=338 p99=711 p999=880 max=1077 ms  cpu=  0.0% rss= 112.3MB
[interval 6] t= 210.1s msgs=4505970 thr=   150150 msg/s  avg=351.35 p50=344 p99=782 p999=1009 max=1184 ms  cpu=  0.0% rss= 108.2MB
[interval 7] t= 240.1s msgs=4495193 thr=   149835 msg/s  avg=334.27 p50=331 p99=674 p999=824 max=1006 ms  cpu=  0.0% rss= 116.6MB
[interval 8] t= 270.1s msgs=4509702 thr=   150284 msg/s  avg=362.71 p50=356 p99=805 p999=1001 max=1359 ms  cpu=  0.0% rss= 108.6MB
[interval 9] t= 300.1s msgs=4502874 thr=   150055 msg/s  avg=307.06 p50=304 p99=629 p999=748 max=869 ms  cpu=  0.0% rss= 116.8MB
[interval 10] t= 330.1s msgs=4508309 thr=   150266 msg/s  avg=288.32 p50=286 p99=569 p999=593 max=881 ms  cpu=  0.0% rss= 116.8MB
[interval 11] t= 360.2s msgs=4499492 thr=   149889 msg/s  avg=286.41 p50=282 p99=574 p999=659 max=838 ms  cpu=  0.0% rss= 116.8MB
[interval 12] t= 390.2s msgs=4498751 thr=   149869 msg/s  avg=288.21 p50=286 p99=569 p999=593 max=629 ms  cpu=  0.0% rss= 116.8MB
[interval 13] t= 420.2s msgs=4503767 thr=   150078 msg/s  avg=283.17 p50=279 p99=567 p999=594 max=768 ms  cpu=  0.0% rss= 116.8MB
[interval 14] t= 450.2s msgs=4503200 thr=   150104 msg/s  avg=284.45 p50=283 p99=561 p999=585 max=630 ms  cpu=  0.0% rss= 116.8MB
[interval 15] t= 480.2s msgs=4501671 thr=   150050 msg/s  avg=279.91 p50=276 p99=561 p999=585 max=613 ms  cpu=  0.0% rss= 116.8MB
[interval 16] t= 510.2s msgs=4495170 thr=   149811 msg/s  avg=284.51 p50=282 p99=563 p999=586 max=670 ms  cpu=  0.0% rss= 116.8MB
[interval 17] t= 540.2s msgs=4506257 thr=   150192 msg/s  avg=281.81 p50=279 p99=562 p999=586 max=920 ms  cpu=  0.0% rss= 116.8MB
[interval 18] t= 570.2s msgs=4498780 thr=   149953 msg/s  avg=283.61 p50=280 p99=564 p999=587 max=606 ms  cpu=  0.0% rss= 116.8MB
[interval 19] t= 600.2s msgs=4496379 thr=   149876 msg/s  avg=284.03 p50=281 p99=564 p999=588 max=980 ms  cpu=  0.0% rss= 116.8MB
[interval 20] t= 630.2s msgs=4504864 thr=   150157 msg/s  avg=280.07 p50=276 p99=562 p999=586 max=614 ms  cpu=  0.0% rss= 116.8MB
[interval 21] t= 660.2s msgs=4501950 thr=   149940 msg/s  avg=284.65 p50=282 p99=564 p999=587 max=606 ms  cpu=  0.0% rss= 116.8MB
[interval 22] t= 690.2s msgs=4505946 thr=   150160 msg/s  avg=279.61 p50=276 p99=559 p999=582 max=606 ms  cpu=  0.0% rss= 116.8MB
[interval 23] t= 720.3s msgs=4496391 thr=   149702 msg/s  avg=284.28 p50=282 p99=561 p999=583 max=610 ms  cpu=  0.0% rss= 116.8MB
[interval 24] t= 750.3s msgs=4510612 thr=   150318 msg/s  avg=280.52 p50=277 p99=560 p999=582 max=863 ms  cpu=  0.0% rss= 116.8MB
[interval 25] t= 780.3s msgs=4500951 thr=   149970 msg/s  avg=283.52 p50=281 p99=561 p999=584 max=835 ms  cpu=  0.0% rss= 116.8MB
[interval 26] t= 810.3s msgs=4494683 thr=   149805 msg/s  avg=281.98 p50=279 p99=561 p999=583 max=965 ms  cpu=  0.0% rss= 117.1MB
[interval 27] t= 840.3s msgs=4504438 thr=   150136 msg/s  avg=282.24 p50=279 p99=561 p999=583 max=604 ms  cpu=  0.0% rss= 117.1MB
[interval 28] t= 870.3s msgs=4497312 thr=   149861 msg/s  avg=283.51 p50=281 p99=560 p999=582 max=636 ms  cpu=  0.0% rss= 117.1MB
[interval 29] t= 900.3s msgs=4506024 thr=   150133 msg/s  avg=280.66 p50=277 p99=560 p999=583 max=605 ms  cpu=  0.0% rss= 121.2MB
[interval 30] t= 930.3s msgs=4503639 thr=   150090 msg/s  avg=283.75 p50=281 p99=560 p999=582 max=965 ms  cpu=  0.0% rss= 121.2MB
[interval 31] t= 960.4s msgs=4502220 thr=   150049 msg/s  avg=280.67 p50=277 p99=559 p999=583 max=617 ms  cpu=  0.0% rss= 121.2MB
[interval 32] t= 990.4s msgs=4494462 thr=   149815 msg/s  avg=284.01 p50=281 p99=561 p999=583 max=611 ms  cpu=  0.0% rss= 121.2MB
[interval 33] t=1020.4s msgs=4496878 thr=   149889 msg/s  avg=280.42 p50=277 p99=560 p999=583 max=778 ms  cpu=  0.0% rss= 121.2MB
[interval 34] t=1050.4s msgs=4508499 thr=   150261 msg/s  avg=283.91 p50=282 p99=561 p999=583 max=609 ms  cpu=  0.0% rss= 121.2MB
[interval 35] t=1080.4s msgs=4495974 thr=   149833 msg/s  avg=282.14 p50=279 p99=560 p999=583 max=614 ms  cpu=  0.0% rss= 121.2MB
[interval 36] t=1110.4s msgs=4501060 thr=   149985 msg/s  avg=281.76 p50=278 p99=561 p999=584 max=625 ms  cpu=  0.0% rss= 121.2MB
[interval 37] t=1140.4s msgs=4509139 thr=   150298 msg/s  avg=283.63 p50=281 p99=561 p999=583 max=609 ms  cpu=  0.0% rss= 121.2MB
[interval 38] t=1170.4s msgs=4499306 thr=   149960 msg/s  avg=279.93 p50=276 p99=560 p999=583 max=609 ms  cpu=  0.0% rss= 121.2MB
[interval 39] t=1200.4s msgs=4491690 thr=   149602 msg/s  avg=283.87 p50=282 p99=561 p999=582 max=607 ms  cpu=  0.0% rss= 121.2MB
[interval 40] t=1230.4s msgs=4506288 thr=   150194 msg/s  avg=279.94 p50=276 p99=559 p999=583 max=893 ms  cpu=  0.0% rss= 121.2MB
[interval 41] t=1260.4s msgs=4505555 thr=   150049 msg/s  avg=283.96 p50=281 p99=562 p999=584 max=604 ms  cpu=  0.0% rss= 121.2MB
[interval 42] t=1290.4s msgs=4501007 thr=   150022 msg/s  avg=280.18 p50=277 p99=561 p999=584 max=619 ms  cpu=  0.0% rss= 121.2MB
[interval 43] t=1320.5s msgs=4506976 thr=   150113 msg/s  avg=283.83 p50=281 p99=561 p999=584 max=615 ms  cpu=  0.0% rss= 121.2MB
[interval 44] t=1350.5s msgs=4507232 thr=   150213 msg/s  avg=282.33 p50=280 p99=561 p999=583 max=829 ms  cpu=  0.0% rss= 121.2MB
[interval 45] t=1380.5s msgs=4490352 thr=   149555 msg/s  avg=282.68 p50=280 p99=561 p999=584 max=905 ms  cpu=  0.0% rss= 121.2MB
[interval 46] t=1410.5s msgs=4506001 thr=   150143 msg/s  avg=284.04 p50=281 p99=562 p999=583 max=607 ms  cpu=  0.0% rss= 121.2MB
[interval 47] t=1440.5s msgs=4501939 thr=   150064 msg/s  avg=280.86 p50=277 p99=561 p999=583 max=602 ms  cpu=  0.0% rss= 121.2MB
[interval 48] t=1470.5s msgs=4498086 thr=   149895 msg/s  avg=284.34 p50=282 p99=562 p999=584 max=609 ms  cpu=  0.0% rss= 121.2MB
[interval 49] t=1500.5s msgs=4501428 thr=   149965 msg/s  avg=279.94 p50=276 p99=560 p999=583 max=614 ms  cpu=  0.0% rss= 121.2MB
[interval 50] t=1530.6s msgs=4505519 thr=   150124 msg/s  avg=284.24 p50=282 p99=561 p999=583 max=606 ms  cpu=  0.0% rss= 121.2MB
[interval 51] t=1560.6s msgs=4500426 thr=   149929 msg/s  avg=280.86 p50=277 p99=560 p999=584 max=615 ms  cpu=  0.0% rss= 121.2MB
[interval 52] t=1590.6s msgs=4506431 thr=   150186 msg/s  avg=283.64 p50=281 p99=562 p999=584 max=611 ms  cpu=  0.0% rss= 121.2MB
[interval 53] t=1620.6s msgs=4499729 thr=   149685 msg/s  avg=283.54 p50=281 p99=562 p999=585 max=620 ms  cpu=  0.0% rss= 121.2MB
[interval 54] t=1650.7s msgs=4506812 thr=   150213 msg/s  avg=282.26 p50=279 p99=562 p999=584 max=605 ms  cpu=  0.0% rss= 121.2MB
[interval 55] t=1680.7s msgs=4497114 thr=   149800 msg/s  avg=284.15 p50=281 p99=564 p999=586 max=838 ms  cpu=  0.0% rss= 121.2MB
[interval 56] t=1710.7s msgs=4501859 thr=   149928 msg/s  avg=280.28 p50=276 p99=560 p999=584 max=640 ms  cpu=  0.0% rss= 121.2MB
[interval 57] t=1740.7s msgs=4509912 thr=   150291 msg/s  avg=285.42 p50=283 p99=564 p999=585 max=606 ms  cpu=  0.0% rss= 121.2MB
[interval 58] t=1770.7s msgs=4497775 thr=   149896 msg/s  avg=280.64 p50=277 p99=562 p999=584 max=770 ms  cpu=  0.0% rss= 121.2MB

Loop breakdown over 137188 polls: poll().await=99.9%  per-record processing=0.1%  (avg 1968 records/poll)
Records/poll distribution (non-empty polls, post-warmup): n=136921 min=2 mean=1972.0 p50=2034 p99=2500 max=2500

======================================================================
SUMMARY — Rust Kafka Consumer (warmup 300000 excluded)
======================================================================
Measured messages: 270003330
Duration:          1800.01 s
Throughput:        150001 msg/s  (146.49 MiB/s)
E2E latency (ms):  min=4 avg=289.95 stddev=146.00 p50=286 p90=486 p95=524 p99=580 p99.9=763 max=1359
RSS (MB, current): avg=115.4 min=48.2 max=121.2
======================================================================

Results written to: consumer-perf/results/lr-rust-1781530639
