======================================================================
Consumer E2E Latency Benchmark - librdkafka (native C)
======================================================================
Bootstrap:   pkc-devcozvdmy.us-east-1.aws.devel.cpdev.cloud:9092
Topic:       cmp-librdkafka-bench
Group:       q3-repo-1781529806
Throughput:  300000 msg/s
Duration:    60 s (after warmup)
Msg size:    1024 bytes
Warmup:      100000 messages
Interval:    10 s
rdkafka ver: 2.13.0
======================================================================

>>> Subscribed; waiting for partition assignment (group.protocol=consumer)...
%6|1781529806.396|GETSUBSCRIPTIONS|librdkafka-perf-c#consumer-1| [thrd:main]: Telemetry client instance id changed from AAAAAAAAAAAAAAAAAAAAAA to 4BAeGRNzRqaUASk9uDHZug
    assigned 12 partition(s)
    assigned after 1.0s
>>> Settling to the live edge (polling until empty) before producer...
    at live edge; starting producer now.

>>> Measuring (warmup 100000 msgs, then 60 s)...

>>> first records arrived 34.4s after producer start
    warmup complete (100000 msgs); measuring now
[interval 0] t=  10.0s msgs=2061582 thr=   206094 msg/s  avg=148.23 p50=145 p99=376 p999=513 max=591 ms  cpu=  5.9% rss=  83.6MB
[interval 1] t=  20.0s msgs=2002050 thr=   199503 msg/s  avg=141.70 p50=141 p99=279 p999=301 max=323 ms  cpu= 23.0% rss=  88.0MB
[interval 2] t=  30.1s msgs=2010570 thr=   200556 msg/s  avg=141.06 p50=140 p99=277 p999=301 max=326 ms  cpu= 23.2% rss=  88.0MB
[interval 3] t=  40.1s msgs=2008770 thr=   199777 msg/s  avg=141.03 p50=140 p99=278 p999=299 max=342 ms  cpu= 22.7% rss=  88.0MB
[interval 4] t=  50.1s msgs=2002275 thr=   200043 msg/s  avg=140.84 p50=140 p99=277 p999=303 max=334 ms  cpu= 22.6% rss=  88.0MB

======================================================================
SUMMARY - librdkafka-c (warmup 100000 excluded, group.protocol=consumer)
======================================================================
Measured messages: 12071607
Duration:          60.09 s
Throughput:        200903 msg/s  (196.19 MiB/s)
Batch consume:     max_poll_records=2500, 6133 non-empty batches, 12171607 records, avg 1984.6 records/batch
Records/batch dist (post-warmup): n=6076 min=105 mean=1986.6 p50=2500 p99=2500 max=2500
E2E latency (ms):  min=4 avg=142.33 stddev=72.82 p50=141 p90=239 p95=256 p99=283 p99.9=439 max=591
RSS (MB, current):  avg=87.1 min=83.6 max=88.0 (5 samples)
======================================================================

Results written to: /home/ec2-user/bench/q3_repo/q3-repo-1781529806
