Java e2e: bootstrap=pkc-devcg1y1mn.us-east-2.aws.devel.cpdev.cloud:9092 topic=cmp-bench-36p proto=consumer maxPoll=500 fetch.min=4MiB partFetch=4MiB crc=off dur=1800s warmup=36000000
subscribed; waiting for assignment/records...
warmup complete (36000000 msgs); measuring 1800s now
[interval 0] t=  30.0s msgs=4499977 thr=   149999 msg/s avg=  3.75 p50=4 p99=9 p999=26 max=100 ms rss=719.8MB
[interval 1] t=  60.0s msgs=4500118 thr=   150004 msg/s avg=  3.74 p50=4 p99=10 p999=27 max=110 ms rss=720.8MB
[interval 2] t=  90.0s msgs=4500033 thr=   150001 msg/s avg=  3.72 p50=3 p99=10 p999=26 max=84 ms rss=721.0MB
[interval 3] t= 120.0s msgs=4499957 thr=   149999 msg/s avg=  3.65 p50=3 p99=9 p999=24 max=108 ms rss=721.2MB
[interval 4] t= 150.0s msgs=4500097 thr=   150003 msg/s avg=  3.71 p50=3 p99=10 p999=26 max=120 ms rss=721.4MB
[interval 5] t= 180.0s msgs=4499901 thr=   149997 msg/s avg=  3.70 p50=3 p99=9 p999=25 max=97 ms rss=721.5MB
[interval 6] t= 210.0s msgs=4500048 thr=   150002 msg/s avg=  3.78 p50=3 p99=10 p999=48 max=237 ms rss=721.9MB
[interval 7] t= 240.0s msgs=4500020 thr=   150001 msg/s avg=  3.67 p50=3 p99=10 p999=26 max=91 ms rss=722.1MB
[interval 8] t= 270.0s msgs=4499943 thr=   149998 msg/s avg=  3.72 p50=4 p99=9 p999=25 max=61 ms rss=722.3MB
[interval 9] t= 300.0s msgs=4499992 thr=   150000 msg/s avg=  3.68 p50=3 p99=9 p999=25 max=227 ms rss=722.5MB
[interval 10] t= 330.0s msgs=4500048 thr=   150002 msg/s avg=  3.71 p50=3 p99=10 p999=25 max=112 ms rss=722.7MB
[interval 11] t= 360.0s msgs=4500055 thr=   150002 msg/s avg=  3.69 p50=3 p99=9 p999=25 max=123 ms rss=722.9MB
[interval 12] t= 390.0s msgs=4499915 thr=   149997 msg/s avg=  3.76 p50=3 p99=10 p999=26 max=230 ms rss=723.0MB
[interval 13] t= 420.0s msgs=4500020 thr=   150001 msg/s avg=  3.66 p50=3 p99=9 p999=24 max=229 ms rss=723.2MB
[interval 14] t= 450.0s msgs=4499999 thr=   150000 msg/s avg=  3.71 p50=3 p99=10 p999=26 max=112 ms rss=723.4MB
[interval 15] t= 480.0s msgs=4499992 thr=   150000 msg/s avg=  3.69 p50=3 p99=9 p999=26 max=241 ms rss=723.5MB
[interval 16] t= 510.0s msgs=4500020 thr=   150001 msg/s avg=  3.72 p50=3 p99=10 p999=32 max=117 ms rss=723.7MB
[interval 17] t= 540.0s msgs=4499831 thr=   149994 msg/s avg=  3.71 p50=3 p99=9 p999=25 max=111 ms rss=723.9MB
[interval 18] t= 570.0s msgs=4500118 thr=   150004 msg/s avg=  3.81 p50=4 p99=10 p999=26 max=245 ms rss=724.0MB
[interval 19] t= 600.0s msgs=4499985 thr=   150000 msg/s avg=  3.71 p50=3 p99=9 p999=24 max=80 ms rss=724.2MB
[interval 20] t= 630.0s msgs=4500027 thr=   150001 msg/s avg=  3.71 p50=3 p99=10 p999=25 max=62 ms rss=724.4MB
[interval 21] t= 660.0s msgs=4499908 thr=   149997 msg/s avg=  3.68 p50=3 p99=9 p999=24 max=109 ms rss=724.6MB
[interval 22] t= 690.0s msgs=4500083 thr=   150003 msg/s avg=  3.76 p50=4 p99=10 p999=26 max=57 ms rss=724.7MB
[interval 23] t= 720.0s msgs=4499992 thr=   150000 msg/s avg=  3.69 p50=3 p99=9 p999=25 max=109 ms rss=724.9MB
[interval 24] t= 750.0s msgs=4499999 thr=   150000 msg/s avg=  3.75 p50=4 p99=10 p999=27 max=224 ms rss=725.1MB
[interval 25] t= 780.0s msgs=4500027 thr=   150001 msg/s avg=  3.68 p50=3 p99=10 p999=25 max=110 ms rss=725.2MB
[interval 26] t= 810.0s msgs=4500013 thr=   150000 msg/s avg=  3.84 p50=4 p99=11 p999=53 max=122 ms rss=725.4MB
[interval 27] t= 840.0s msgs=4499964 thr=   149999 msg/s avg=  3.74 p50=3 p99=9 p999=28 max=233 ms rss=725.6MB
[interval 28] t= 870.0s msgs=4500027 thr=   150001 msg/s avg=  3.72 p50=4 p99=9 p999=24 max=57 ms rss=725.8MB
[interval 29] t= 900.0s msgs=4500020 thr=   150001 msg/s avg=  3.68 p50=3 p99=9 p999=24 max=109 ms rss=726.0MB
[interval 30] t= 930.0s msgs=4500006 thr=   150000 msg/s avg=  3.72 p50=3 p99=10 p999=26 max=62 ms rss=726.1MB
[interval 31] t= 960.0s msgs=4499530 thr=   149984 msg/s avg=  3.72 p50=4 p99=9 p999=25 max=116 ms rss=726.3MB
[interval 32] t= 990.0s msgs=4500412 thr=   150014 msg/s avg=  3.74 p50=3 p99=10 p999=26 max=221 ms rss=726.5MB
[interval 33] t=1020.0s msgs=4500027 thr=   150001 msg/s avg=  3.67 p50=3 p99=9 p999=24 max=130 ms rss=726.7MB
[interval 34] t=1050.0s msgs=4499845 thr=   149995 msg/s avg=  3.79 p50=4 p99=10 p999=28 max=238 ms rss=726.8MB
[interval 35] t=1080.0s msgs=4500181 thr=   150006 msg/s avg=  3.70 p50=3 p99=9 p999=24 max=114 ms rss=727.0MB
[interval 36] t=1110.0s msgs=4499999 thr=   150000 msg/s avg=  3.77 p50=3 p99=10 p999=37 max=229 ms rss=727.2MB
[interval 37] t=1140.0s msgs=4499957 thr=   149999 msg/s avg=  3.68 p50=3 p99=9 p999=25 max=95 ms rss=727.3MB
[interval 38] t=1170.0s msgs=4500048 thr=   150002 msg/s avg=  3.70 p50=3 p99=9 p999=25 max=56 ms rss=727.5MB
[interval 39] t=1200.0s msgs=4499768 thr=   149992 msg/s avg=  3.65 p50=3 p99=9 p999=23 max=110 ms rss=727.7MB
[interval 40] t=1230.0s msgs=4500202 thr=   150007 msg/s avg=  3.75 p50=3 p99=10 p999=27 max=230 ms rss=727.8MB
[interval 41] t=1260.0s msgs=4499936 thr=   149998 msg/s avg=  3.64 p50=3 p99=9 p999=24 max=109 ms rss=728.0MB
[interval 42] t=1290.0s msgs=4500104 thr=   150003 msg/s avg=  3.66 p50=3 p99=9 p999=25 max=57 ms rss=728.2MB
[interval 43] t=1320.0s msgs=4499747 thr=   149992 msg/s avg=  3.66 p50=3 p99=9 p999=24 max=106 ms rss=728.3MB
[interval 44] t=1350.0s msgs=4500209 thr=   150007 msg/s avg=  3.72 p50=4 p99=10 p999=25 max=59 ms rss=728.5MB
[interval 45] t=1380.0s msgs=4499824 thr=   149994 msg/s avg=  3.65 p50=3 p99=9 p999=25 max=111 ms rss=728.7MB
[interval 46] t=1410.0s msgs=4500174 thr=   150006 msg/s avg=  3.85 p50=3 p99=11 p999=56 max=225 ms rss=729.1MB
[interval 47] t=1440.0s msgs=4499908 thr=   149997 msg/s avg=  3.69 p50=3 p99=9 p999=25 max=115 ms rss=729.3MB
[interval 48] t=1470.0s msgs=4500167 thr=   150006 msg/s avg=  3.69 p50=3 p99=9 p999=25 max=57 ms rss=729.4MB
[interval 49] t=1500.0s msgs=4500006 thr=   150000 msg/s avg=  3.65 p50=3 p99=9 p999=25 max=100 ms rss=729.6MB
[interval 50] t=1530.0s msgs=4499971 thr=   149999 msg/s avg=  3.72 p50=3 p99=10 p999=25 max=53 ms rss=729.8MB
[interval 51] t=1560.0s msgs=4499922 thr=   149997 msg/s avg=  3.81 p50=4 p99=10 p999=27 max=238 ms rss=730.0MB
[interval 52] t=1590.0s msgs=4500048 thr=   150002 msg/s avg=  3.66 p50=3 p99=10 p999=25 max=110 ms rss=730.1MB
[interval 53] t=1620.0s msgs=4500027 thr=   150001 msg/s avg=  3.68 p50=3 p99=9 p999=25 max=222 ms rss=730.3MB
[interval 54] t=1650.0s msgs=4500013 thr=   150000 msg/s avg=  3.74 p50=4 p99=10 p999=25 max=83 ms rss=730.5MB
[interval 55] t=1680.0s msgs=4499964 thr=   149999 msg/s avg=  3.70 p50=3 p99=9 p999=26 max=119 ms rss=730.7MB
[interval 56] t=1710.0s msgs=4499978 thr=   149999 msg/s avg=  3.74 p50=3 p99=10 p999=34 max=137 ms rss=730.8MB
[interval 57] t=1740.0s msgs=4499985 thr=   150000 msg/s avg=  3.68 p50=3 p99=9 p999=24 max=221 ms rss=731.0MB
[interval 58] t=1770.0s msgs=4500048 thr=   150002 msg/s avg=  3.70 p50=3 p99=10 p999=24 max=52 ms rss=731.1MB
======================================================================
SUMMARY - Java kafka-clients (KIP-848=consumer, warmup 36000000 excluded)
Measured messages: 269999952
Duration:          1800.03 s
Throughput:        149997 msg/s  (292.96 MiB/s)
E2E latency (ms):  min=1 avg=3.71 stddev=2.36 p50=3 p90=5 p95=6 p99=9 p99.9=26 max=245
RSS (MB, current): avg=725.9 min=719.8 max=731.1 (59 samples)
{"client":"java","protocol":"consumer","messages":269999952,"duration_s":1800.03,"throughput_msg_s":149997.47,"throughput_mib_s":292.96,"lat_min_ms":1,"lat_avg_ms":3.71,"lat_stddev_ms":2.36,"lat_p50_ms":3,"lat_p90_ms":5,"lat_p95_ms":6,"lat_p99_ms":9,"lat_p999_ms":26,"lat_max_ms":245,"rss_avg_mb":725.9,"rss_min_mb":719.8,"rss_max_mb":731.1}
