======================================================================
Consumer E2E Latency Benchmark - librdkafka (native C)
======================================================================
Bootstrap:   pkc-devcg1y1mn.us-east-2.aws.devel.cpdev.cloud:9092
Topic:       cmp-bench-36p
Group:       r30-rdk-1782765379
Throughput:  300000 msg/s
Duration:    1800 s (after warmup)
Msg size:    1024 bytes
Warmup:      36000000 messages
Interval:    30 s
rdkafka ver: 2.13.0
======================================================================

>>> Subscribed; waiting for partition assignment (group.protocol=consumer)...
%6|1782765379.728|GETSUBSCRIPTIONS|librdkafka-perf-c#consumer-1| [thrd:main]: Telemetry client instance id changed from AAAAAAAAAAAAAAAAAAAAAA to 5PHCGpwxSxawCkw1PaYK6w
    assigned 36 partition(s)
    assigned after 1.0s
>>> Settling to the live edge (polling until empty) before producer...
    at live edge; starting producer now.

>>> Measuring (warmup 36000000 msgs, then 1800 s)...

>>> first records arrived 44.5s after producer start
    warmup complete (36000000 msgs); measuring now
[interval 0] t=  30.0s msgs=4499819 thr=   149993 msg/s  avg=  3.49 p50=3 p99=10 p999=26 max=95 ms  cpu= 80.6% rss=  54.8MB
[interval 1] t=  60.0s msgs=4500426 thr=   150014 msg/s  avg=  3.50 p50=3 p99=10 p999=25 max=226 ms  cpu= 94.1% rss=  59.3MB
[interval 2] t=  90.0s msgs=4500034 thr=   150001 msg/s  avg=  3.48 p50=3 p99=11 p999=26 max=101 ms  cpu= 94.1% rss=  59.3MB
[interval 3] t= 120.0s msgs=4499999 thr=   150000 msg/s  avg=  3.51 p50=3 p99=10 p999=27 max=230 ms  cpu= 94.2% rss=  59.3MB
[interval 4] t= 150.0s msgs=4500090 thr=   150003 msg/s  avg=  3.50 p50=3 p99=10 p999=26 max=100 ms  cpu= 93.8% rss=  59.6MB
[interval 5] t= 180.0s msgs=4499999 thr=   149999 msg/s  avg=  3.68 p50=3 p99=12 p999=78 max=235 ms  cpu= 93.4% rss=  60.8MB
[interval 6] t= 210.0s msgs=4500125 thr=   150004 msg/s  avg=  3.46 p50=3 p99=10 p999=24 max=58 ms  cpu= 93.9% rss=  60.8MB
[interval 7] t= 240.0s msgs=4499964 thr=   149998 msg/s  avg=  3.49 p50=3 p99=10 p999=24 max=235 ms  cpu= 93.9% rss=  60.8MB
[interval 8] t= 270.0s msgs=4500049 thr=   150002 msg/s  avg=  3.44 p50=3 p99=10 p999=23 max=47 ms  cpu= 93.7% rss=  60.8MB
[interval 9] t= 300.0s msgs=4499823 thr=   149994 msg/s  avg=  3.48 p50=3 p99=10 p999=25 max=104 ms  cpu= 93.7% rss=  60.8MB
[interval 10] t= 330.0s msgs=4500230 thr=   150007 msg/s  avg=  3.49 p50=3 p99=10 p999=25 max=99 ms  cpu= 94.1% rss=  60.8MB
[interval 11] t= 360.0s msgs=4500048 thr=   150001 msg/s  avg=  3.53 p50=3 p99=10 p999=27 max=235 ms  cpu= 93.5% rss=  61.4MB
[interval 12] t= 390.0s msgs=4500052 thr=   150002 msg/s  avg=  3.48 p50=3 p99=10 p999=26 max=105 ms  cpu= 94.4% rss=  61.4MB
[interval 13] t= 420.0s msgs=4500044 thr=   150001 msg/s  avg=  3.48 p50=3 p99=10 p999=24 max=111 ms  cpu= 93.4% rss=  61.4MB
[interval 14] t= 450.0s msgs=4499901 thr=   149996 msg/s  avg=  3.53 p50=3 p99=11 p999=27 max=115 ms  cpu= 93.8% rss=  61.4MB
[interval 15] t= 480.0s msgs=4500146 thr=   150004 msg/s  avg=  3.59 p50=3 p99=11 p999=54 max=223 ms  cpu= 93.4% rss=  61.6MB
[interval 16] t= 510.0s msgs=4499998 thr=   150000 msg/s  avg=  3.47 p50=3 p99=10 p999=26 max=233 ms  cpu= 93.6% rss=  61.6MB
[interval 17] t= 540.0s msgs=4499433 thr=   149981 msg/s  avg=  3.66 p50=3 p99=12 p999=36 max=350 ms  cpu= 93.3% rss=  61.6MB
[interval 18] t= 570.0s msgs=4500587 thr=   150019 msg/s  avg=  3.48 p50=3 p99=10 p999=24 max=235 ms  cpu= 93.7% rss=  61.6MB
[interval 19] t= 600.0s msgs=4500097 thr=   150003 msg/s  avg=  3.47 p50=3 p99=10 p999=25 max=88 ms  cpu= 94.0% rss=  61.6MB
[interval 20] t= 630.0s msgs=4499943 thr=   149998 msg/s  avg=  3.49 p50=3 p99=10 p999=27 max=226 ms  cpu= 93.7% rss=  61.6MB
[interval 21] t= 660.0s msgs=4500125 thr=   150004 msg/s  avg=  3.48 p50=3 p99=10 p999=26 max=238 ms  cpu= 94.1% rss=  61.6MB
[interval 22] t= 690.0s msgs=4500027 thr=   150000 msg/s  avg=  3.49 p50=3 p99=10 p999=25 max=113 ms  cpu= 93.4% rss=  61.6MB
[interval 23] t= 720.0s msgs=4500076 thr=   150002 msg/s  avg=  3.47 p50=3 p99=10 p999=24 max=107 ms  cpu= 94.2% rss=  61.6MB
[interval 24] t= 750.0s msgs=4500048 thr=   150001 msg/s  avg=  3.49 p50=3 p99=10 p999=25 max=102 ms  cpu= 94.0% rss=  61.6MB
[interval 25] t= 780.0s msgs=4500001 thr=   150000 msg/s  avg=  3.58 p50=3 p99=11 p999=51 max=118 ms  cpu= 93.3% rss=  62.2MB
[interval 26] t= 810.0s msgs=4500018 thr=   150000 msg/s  avg=  3.56 p50=3 p99=11 p999=26 max=232 ms  cpu= 93.1% rss=  62.3MB
[interval 27] t= 840.0s msgs=4500104 thr=   150003 msg/s  avg=  3.49 p50=3 p99=10 p999=25 max=241 ms  cpu= 93.7% rss=  62.3MB
[interval 28] t= 870.0s msgs=4499824 thr=   149994 msg/s  avg=  3.51 p50=3 p99=10 p999=26 max=237 ms  cpu= 93.3% rss=  62.3MB
[interval 29] t= 900.0s msgs=4500230 thr=   150008 msg/s  avg=  3.48 p50=3 p99=10 p999=25 max=57 ms  cpu= 93.8% rss=  62.3MB
[interval 30] t= 930.0s msgs=4499936 thr=   149998 msg/s  avg=  3.51 p50=3 p99=10 p999=25 max=93 ms  cpu= 94.0% rss=  62.3MB
[interval 31] t= 960.0s msgs=4499845 thr=   149994 msg/s  avg=  3.49 p50=3 p99=10 p999=24 max=114 ms  cpu= 93.6% rss=  62.3MB
[interval 32] t= 990.0s msgs=4500278 thr=   150009 msg/s  avg=  3.50 p50=3 p99=10 p999=25 max=109 ms  cpu= 93.4% rss=  62.3MB
[interval 33] t=1020.0s msgs=4500105 thr=   150003 msg/s  avg=  3.45 p50=3 p99=10 p999=24 max=78 ms  cpu= 93.2% rss=  62.3MB
[interval 34] t=1050.0s msgs=4500027 thr=   150001 msg/s  avg=  3.51 p50=3 p99=10 p999=26 max=229 ms  cpu= 93.8% rss=  62.3MB
[interval 35] t=1080.0s msgs=4499880 thr=   149996 msg/s  avg=  3.52 p50=3 p99=10 p999=31 max=116 ms  cpu= 93.6% rss=  62.5MB
[interval 36] t=1110.0s msgs=4500181 thr=   150006 msg/s  avg=  3.47 p50=3 p99=10 p999=25 max=70 ms  cpu= 93.8% rss=  62.5MB
[interval 37] t=1140.0s msgs=4499978 thr=   149999 msg/s  avg=  3.51 p50=3 p99=11 p999=25 max=105 ms  cpu= 93.4% rss=  62.5MB
[interval 38] t=1170.0s msgs=4500055 thr=   150001 msg/s  avg=  3.50 p50=3 p99=10 p999=24 max=61 ms  cpu= 93.9% rss=  62.5MB
[interval 39] t=1200.0s msgs=4499866 thr=   149995 msg/s  avg=  3.49 p50=3 p99=10 p999=25 max=98 ms  cpu= 93.6% rss=  62.5MB
[interval 40] t=1230.0s msgs=4500160 thr=   150005 msg/s  avg=  3.61 p50=3 p99=11 p999=28 max=244 ms  cpu= 94.3% rss=  62.5MB
[interval 41] t=1260.0s msgs=4499985 thr=   149999 msg/s  avg=  3.59 p50=3 p99=10 p999=28 max=229 ms  cpu= 93.7% rss=  62.5MB
[interval 42] t=1290.0s msgs=4500146 thr=   150005 msg/s  avg=  3.56 p50=3 p99=10 p999=25 max=233 ms  cpu= 93.8% rss=  62.5MB
[interval 43] t=1320.0s msgs=4500020 thr=   150000 msg/s  avg=  3.51 p50=3 p99=10 p999=26 max=73 ms  cpu= 93.9% rss=  62.5MB
[interval 44] t=1350.0s msgs=4499964 thr=   149998 msg/s  avg=  3.50 p50=3 p99=10 p999=25 max=108 ms  cpu= 93.9% rss=  62.5MB
[interval 45] t=1380.0s msgs=4500090 thr=   150003 msg/s  avg=  3.62 p50=3 p99=11 p999=67 max=233 ms  cpu= 93.8% rss=  62.6MB
[interval 46] t=1410.0s msgs=4499978 thr=   149999 msg/s  avg=  3.51 p50=3 p99=10 p999=25 max=62 ms  cpu= 93.8% rss=  62.6MB
[interval 47] t=1440.0s msgs=4500084 thr=   150003 msg/s  avg=  3.55 p50=3 p99=10 p999=26 max=242 ms  cpu= 93.6% rss=  62.6MB
[interval 48] t=1470.0s msgs=4499965 thr=   149999 msg/s  avg=  3.48 p50=3 p99=10 p999=24 max=50 ms  cpu= 93.9% rss=  62.6MB
[interval 49] t=1500.0s msgs=4500109 thr=   150003 msg/s  avg=  3.54 p50=3 p99=11 p999=26 max=227 ms  cpu= 93.7% rss=  62.6MB
[interval 50] t=1530.0s msgs=4500013 thr=   150000 msg/s  avg=  3.49 p50=3 p99=10 p999=24 max=64 ms  cpu= 94.2% rss=  62.6MB
[interval 51] t=1560.0s msgs=4500034 thr=   150001 msg/s  avg=  3.51 p50=3 p99=10 p999=25 max=109 ms  cpu= 94.3% rss=  62.6MB
[interval 52] t=1590.0s msgs=4499964 thr=   149999 msg/s  avg=  3.46 p50=3 p99=10 p999=24 max=53 ms  cpu= 94.1% rss=  62.6MB
[interval 53] t=1620.0s msgs=4500076 thr=   150002 msg/s  avg=  3.51 p50=3 p99=10 p999=26 max=243 ms  cpu= 93.9% rss=  62.9MB
[interval 54] t=1650.0s msgs=4500069 thr=   150002 msg/s  avg=  3.52 p50=3 p99=11 p999=26 max=240 ms  cpu= 93.8% rss=  62.9MB
[interval 55] t=1680.0s msgs=4500041 thr=   150001 msg/s  avg=  3.61 p50=3 p99=11 p999=60 max=234 ms  cpu= 94.1% rss=  62.9MB
[interval 56] t=1710.0s msgs=4499894 thr=   149996 msg/s  avg=  3.48 p50=3 p99=9 p999=24 max=58 ms  cpu= 93.2% rss=  62.9MB
[interval 57] t=1740.0s msgs=4500146 thr=   150004 msg/s  avg=  3.50 p50=3 p99=10 p999=24 max=98 ms  cpu= 93.5% rss=  62.9MB
[interval 58] t=1770.0s msgs=4500055 thr=   150002 msg/s  avg=  3.57 p50=3 p99=10 p999=28 max=241 ms  cpu= 94.7% rss=  62.9MB

======================================================================
SUMMARY - librdkafka-c (warmup 36000000 excluded, group.protocol=consumer)
======================================================================
Measured messages: 269999977
Duration:          1800.00 s
Throughput:        150000 msg/s  (146.48 MiB/s)
Batch consume:     max_poll_records=500, 305999977 non-empty batches, 305999977 records, avg 1.0 records/batch
Records/batch dist (post-warmup): n=269999977 min=1 mean=1.0 p50=1 p99=1 max=1
E2E latency (ms):  min=1 avg=3.52 stddev=2.63 p50=3 p90=5 p95=6 p99=10 p99.9=26 max=350
RSS (MB, current):  avg=61.8 min=54.8 max=62.9 (59 samples)
======================================================================

Results written to: /home/ec2-user/run30/rdk/r30-rdk-1782765379
