######## Python producer perf test (ASYNC=True, CLIENT_VERSION=3) ########
Producing messages at max rate for 3600 seconds
Running async producer performance test v3 (confluent-kafka-rust)...
Key size: 0 bytes
Value size: 1024 bytes
Verify: False
Producer configuration:
  bootstrap.servers: pkc-devcoz07r9.us-east-1.aws.devel.cpdev.cloud:9092
  security.protocol: SASL_SSL
  sasl.mechanism: PLAIN
  sasl.jaas.config: <hidden>
  acks: all
  batch.size: 1048576
  max.request.size: 8388608
  compression.type: none
  enable.idempotence: false
  max.in.flight.requests.per.connection: 5
  buffer.memory: 33554432
  linger.ms: 5
Warming up for 300 seconds ...
Starting measured interval at 1787341676142 ms: 2026-08-21 19:47:56.142809+00:00
Test duration reached, 3601.07 seconds. Interrupting...

End time: 1787345277238 ms
Duration: 3601095.703302 ms
Average CPU: 152.80 %
Average RSS: 183936.78 KiB
CPU Efficiency: 1232.08 msg/(s * 1% CPU)
Memory Efficiency: 1.02 msg/(s * KB RSS)
Average time: 0.01 ms
Average rate msg/s: 188259.37 msg/s
Average rate MiB/s: 183.85 MiB/s
Average latency: 28.18 ms
Max latency: 346.00 ms
p50 latency: 27 ms
p90 latency: 34 ms
p99 latency: 49 ms
p999 latency: 157 ms
Results summary written to: results.json
Performing garbage collection...
Waiting for final metrics collection...
Final CPU: 0.00 %
Final RSS: 125280.00 KiB
Done
Consumer verification skipped (VERIFY_CONSUMED=False)
######## Done: python-producer. Metrics under /home/ubuntu/perf-test/results ########
