>>> c-v2 / compression=snappy / warmup=120s dur=600s topic=cmp-bench-200p
%6|1782818898.672|GETSUBSCRIPTIONS|rdkafka#producer-1| [thrd:main]: Telemetry client instance id changed from AAAAAAAAAAAAAAAAAAAAAA to BfErfKdRQ4OmfzRdmBAlkg
SASL authentication enabled
Key size: 0 bytes
Value size: 2048 bytes
Bootstrap servers: pkc-devcozvdmy.us-east-1.aws.devel.cpdev.cloud:9092
Enable idempotence: false
Max in flight requests: 1000
Compression type: snappy
Buffer memory: 32 MB
Batch size: 1024 KB
Max request size: 8192 KB
Linger ms: 5
Using librdkafka producer (v2)
Using topic name: cmp-bench-200p
Producing 0 messages at 0 msg/s
Running C sync producer performance test ...
Warming up for 120 seconds ...
Warmup complete.
Starting measured interval at 1782819018467 ms
Test duration reached, 601 seconds. Interrupting...
End time: 1782819619495 ms
Duration: 601028.86 ms
Average CPU: 306.79 %
Average RSS: 2340560.37 KiB
CPU efficiency: 1594.71 msg/(s * 1% CPU)
Memory efficiency: 0.21 msg/(s * KB RSS)
Average future queue size: 23700.08
Max future queue size: 105514
Average time: 0.00 ms
Average rate msg/s: 489244.39 msg/s
Average rate MiB/s: 955.56 MiB/s
Average latency: 48.97 ms
Max latency: 234.38 ms
p99 latency: 98 ms
Waiting for final metrics collection...
Final CPU: 0.00 %
Final RSS: 90656.00 KiB
Done
