>>> c-v2 / compression=gzip / warmup=120s dur=600s topic=cmp-bench-200p
%6|1782820362.142|GETSUBSCRIPTIONS|rdkafka#producer-1| [thrd:main]: Telemetry client instance id changed from AAAAAAAAAAAAAAAAAAAAAA to JLpDtkFyR3evdZvOiXTWhw
SASL authentication enabled
Key size: 0 bytes
Value size: 2048 bytes
Bootstrap servers: pkc-devcozvdmy.us-east-1.aws.devel.cpdev.cloud:9092
Enable idempotence: false
Max in flight requests: 1000
Compression type: gzip
Buffer memory: 32 MB
Batch size: 1024 KB
Max request size: 8192 KB
Linger ms: 5
Using librdkafka producer (v2)
Using topic name: cmp-bench-200p
Producing 0 messages at 0 msg/s
Running C sync producer performance test ...
Warming up for 120 seconds ...
Warmup complete.
Starting measured interval at 1782820482012 ms
Test duration reached, 601 seconds. Interrupting...
End time: 1782821083114 ms
Duration: 601101.53 ms
Average CPU: 776.13 %
Average RSS: 429550.68 KiB
CPU efficiency: 320.60 msg/(s * 1% CPU)
Memory efficiency: 0.58 msg/(s * KB RSS)
Average future queue size: 32824.78
Max future queue size: 146005
Average time: 0.00 ms
Average rate msg/s: 248826.52 msg/s
Average rate MiB/s: 485.99 MiB/s
Average latency: 130.37 ms
Max latency: 1149.86 ms
p99 latency: 286 ms
Waiting for final metrics collection...
Final CPU: 0.00 %
Final RSS: 415008.00 KiB
Done
