>>> c-v2 / compression=lz4 / warmup=120s dur=600s topic=cmp-bench-200p
%6|1782817435.302|GETSUBSCRIPTIONS|rdkafka#producer-1| [thrd:main]: Telemetry client instance id changed from AAAAAAAAAAAAAAAAAAAAAA to OG2ZY6n6T82TTSdvGbG/9A
SASL authentication enabled
Key size: 0 bytes
Value size: 2048 bytes
Bootstrap servers: pkc-devcozvdmy.us-east-1.aws.devel.cpdev.cloud:9092
Enable idempotence: false
Max in flight requests: 1000
Compression type: lz4
Buffer memory: 32 MB
Batch size: 1024 KB
Max request size: 8192 KB
Linger ms: 5
Using librdkafka producer (v2)
Using topic name: cmp-bench-200p
Producing 0 messages at 0 msg/s
Running C sync producer performance test ...
Warming up for 120 seconds ...
Warmup complete.
Starting measured interval at 1782817555099 ms
Test duration reached, 601 seconds. Interrupting...
End time: 1782818156147 ms
Duration: 601047.96 ms
Average CPU: 306.33 %
Average RSS: 2525495.48 KiB
CPU efficiency: 1651.76 msg/(s * 1% CPU)
Memory efficiency: 0.20 msg/(s * KB RSS)
Average future queue size: 22370.73
Max future queue size: 87743
Average time: 0.00 ms
Average rate msg/s: 505982.92 msg/s
Average rate MiB/s: 988.25 MiB/s
Average latency: 44.08 ms
Max latency: 215.01 ms
p99 latency: 91 ms
Waiting for final metrics collection...
Final CPU: 0.00 %
Final RSS: 74904.00 KiB
Done
