matrix start 2026-06-30T10:02:56Z codecs=[none zstd lz4 snappy gzip] backends=[rust-native c-v2]
=== RUN rust-native none 10:02:56 ===
OK   rust-native none 10:15:07
=== RUN c-v2 none 10:15:07 ===
OK   c-v2 none 10:27:19
=== RUN rust-native zstd 10:27:19 ===
OK   rust-native zstd 10:39:30
=== RUN c-v2 zstd 10:39:30 ===
OK   c-v2 zstd 10:51:43
=== RUN rust-native lz4 10:51:43 ===
OK   rust-native lz4 11:03:54
=== RUN c-v2 lz4 11:03:54 ===
OK   c-v2 lz4 11:16:07
=== RUN rust-native snappy 11:16:07 ===
OK   rust-native snappy 11:28:18
=== RUN c-v2 snappy 11:28:18 ===
OK   c-v2 snappy 11:40:30
=== RUN rust-native gzip 11:40:30 ===
OK   rust-native gzip 11:52:41
=== RUN c-v2 gzip 11:52:41 ===
OK   c-v2 gzip 12:04:55
MATRIX_DONE 2026-06-30T12:04:55Z
