>>> rust-native / compression=gzip / warmup=120s dur=600s topic=cmp-bench-200p
    Finished `dev` profile [unoptimized + debuginfo] target(s) in 0.05s
     Running `target/debug/xtask producer-perf-test --test-threads=1`
🚀 Running env-driven producer performance benchmark...
   Configure via environment variables (BOOTSTRAP_SERVERS, VALUE_SIZE,
   LIMIT_RPS, TEST_DURATION_SECONDS, COMPRESSION_TYPE, P99_LIMIT_MS, ...).
   For a max-rate benchmark set LIMIT_RPS=0 and P99_LIMIT_MS=0.
   See tests/integration/producer_perf_test.rs for the full list.
    Finished `release` profile [optimized] target(s) in 0.12s
     Running tests/integration/main.rs (target/release/deps/integration-b4be2bb6c473184e)

running 1 test
test producer_perf_test::producer_perf_test ... === Rust Producer Performance Test ===
Bootstrap servers: pkc-devcozvdmy.us-east-1.aws.devel.cpdev.cloud:9092
Topic: cmp-bench-200p
Key size: 0 B, Value size: 2048 B, Message size: 2048 B
batch.size: 1048576 B
max.request.size: 8388608 B
buffer.memory: 33554432 B
linger.ms: 5
compression.type: gzip
enable.idempotence: false
Verify: true
Warmup: 120 s, Test duration: 600 s
Warming up for 120 seconds ...
Warmup complete.
Stopping after 18536792 messages sent, waiting for in-flight ...
Waiting for final metrics collection...

Duration: 600101.77 ms
Average CPU: 105.64 %
Average RSS: 64087.77 KiB
CPU Efficiency: 292.40 msg/(s * 1% CPU)
Memory Efficiency: 0.48 msg/(s * KB RSS)
Average future queue size: 284.27
Max future queue size: 3853
Average time: 0.03 ms
Average rate msg/s: 30889.41 msg/s
Average rate MiB/s: 60.33 MiB/s
Average latency: 8.18 ms
Max latency: 244 ms
p99 latency: 22 ms
Metrics written to: /home/ec2-user/perf-test/results/rust-native__gzip/metrics.jsonl
ok

test result: ok. 1 passed; 0 failed; 0 ignored; 0 measured; 118 filtered out; finished in 730.92s

