======================================================================
Consumer E2E Latency Benchmark — Rust Kafka Consumer
======================================================================
Bootstrap:   pkc-devcg13mnr.us-west-2.aws.devel.cpdev.cloud:9092
Topic:       cmp-bench-36p
Group:       lr36d-rust-1781638906
Throughput:  50000 msg/s
Duration:    1800 s (after warmup)
Msg size:    1024 bytes
Warmup:      36000000 messages
Interval:    30 s
======================================================================
>>> Ensuring topic 'cmp-bench-36p' (8 partitions)...
    WARN: could not run /home/ec2-user/dev/opensource/kafka/bin/kafka-topics.sh: No such file or directory (os error 2) (continuing)
Offset reset: latest
Client config: loaded /home/ec2-user/bench/cc_rust.properties (SASL/SSL etc.)
Fetch config: fetch.min.bytes=1 fetch.max.wait.ms=default max.partition.fetch.bytes=1048576 fetch.max.bytes=default max.poll.records=500

>>> Subscribed; waiting for partition assignment (KIP-848 join)...
    assigned 36 partition(s) after 0.5s
>>> --no-produce: drive the producer externally now.

>>> Measuring (warmup 36000000 msgs, then 1800 s)...

[2026-06-16T19:42:06.821Z WARN  confluent_kafka::network_client] [Consumer clientId=consumer-perf, groupId=lr36d-rust-1781638906] Connection to node 19 (54.213.232.68:9092) terminated during authentication. This may happen due to any of the following reasons: (1) Firewall blocking Kafka TLS traffic (eg it may only allow HTTPS traffic), (2) Transient network issue.
[2026-06-16T19:42:06.821Z WARN  confluent_kafka::network_client] [Consumer clientId=consumer-perf, groupId=lr36d-rust-1781638906] Connection to node 3 (54.213.232.68:9092) terminated during authentication. This may happen due to any of the following reasons: (1) Firewall blocking Kafka TLS traffic (eg it may only allow HTTPS traffic), (2) Transient network issue.
[2026-06-16T19:42:06.821Z WARN  confluent_kafka::network_client] [Consumer clientId=consumer-perf, groupId=lr36d-rust-1781638906] Connection to node 9 (54.213.232.68:9092) terminated during authentication. This may happen due to any of the following reasons: (1) Firewall blocking Kafka TLS traffic (eg it may only allow HTTPS traffic), (2) Transient network issue.
[2026-06-16T19:42:06.821Z WARN  confluent_kafka::network_client] [Consumer clientId=consumer-perf, groupId=lr36d-rust-1781638906] Connection to node 20 (54.213.232.68:9092) terminated during authentication. This may happen due to any of the following reasons: (1) Firewall blocking Kafka TLS traffic (eg it may only allow HTTPS traffic), (2) Transient network issue.
[2026-06-16T19:42:06.821Z WARN  confluent_kafka::network_client] [Consumer clientId=consumer-perf, groupId=lr36d-rust-1781638906] Connection to node 8 (54.213.232.68:9092) terminated during authentication. This may happen due to any of the following reasons: (1) Firewall blocking Kafka TLS traffic (eg it may only allow HTTPS traffic), (2) Transient network issue.
[2026-06-16T19:43:11.720Z WARN  confluent_kafka::network_client] [Consumer clientId=consumer-perf, groupId=lr36d-rust-1781638906] Error connecting to node b3-pkc-devcg13mnr.us-west-2.aws.devel.cpdev.cloud:9092 (id: 3 rack: Some("usw2-az4") isFenced: false): Connection refused (os error 111)
[2026-06-16T19:43:11.747Z WARN  confluent_kafka::network_client] [Consumer clientId=consumer-perf, groupId=lr36d-rust-1781638906] Connection to node 19 (54.213.232.68:9092) terminated during authentication. This may happen due to any of the following reasons: (1) Firewall blocking Kafka TLS traffic (eg it may only allow HTTPS traffic), (2) Transient network issue.
[2026-06-16T19:43:11.747Z WARN  confluent_kafka::network_client] [Consumer clientId=consumer-perf, groupId=lr36d-rust-1781638906] Connection to node 20 (54.213.232.68:9092) terminated during authentication. This may happen due to any of the following reasons: (1) Firewall blocking Kafka TLS traffic (eg it may only allow HTTPS traffic), (2) Transient network issue.
[2026-06-16T19:43:11.747Z WARN  confluent_kafka::network_client] [Consumer clientId=consumer-perf, groupId=lr36d-rust-1781638906] Connection to node 8 (54.213.232.68:9092) terminated during authentication. This may happen due to any of the following reasons: (1) Firewall blocking Kafka TLS traffic (eg it may only allow HTTPS traffic), (2) Transient network issue.
[2026-06-16T19:43:11.754Z WARN  confluent_kafka::network_client] [Consumer clientId=consumer-perf, groupId=lr36d-rust-1781638906] Connection to node 3 (54.213.232.68:9092) terminated during authentication. This may happen due to any of the following reasons: (1) Firewall blocking Kafka TLS traffic (eg it may only allow HTTPS traffic), (2) Transient network issue.
>>> first records arrived 84.3s after producer start (after 169 polls)
[2026-06-16T19:43:12.012Z WARN  confluent_kafka::network_client] [Consumer clientId=consumer-perf, groupId=lr36d-rust-1781638906] Connection to node 19 (54.213.232.68:9092) terminated during authentication. This may happen due to any of the following reasons: (1) Firewall blocking Kafka TLS traffic (eg it may only allow HTTPS traffic), (2) Transient network issue.
[2026-06-16T19:43:12.012Z WARN  confluent_kafka::network_client] [Consumer clientId=consumer-perf, groupId=lr36d-rust-1781638906] Connection to node 20 (54.213.232.68:9092) terminated during authentication. This may happen due to any of the following reasons: (1) Firewall blocking Kafka TLS traffic (eg it may only allow HTTPS traffic), (2) Transient network issue.
[2026-06-16T19:43:12.012Z WARN  confluent_kafka::network_client] [Consumer clientId=consumer-perf, groupId=lr36d-rust-1781638906] Connection to node 8 (54.213.232.68:9092) terminated during authentication. This may happen due to any of the following reasons: (1) Firewall blocking Kafka TLS traffic (eg it may only allow HTTPS traffic), (2) Transient network issue.
[2026-06-16T19:43:12.208Z WARN  confluent_kafka::network_client] [Consumer clientId=consumer-perf, groupId=lr36d-rust-1781638906] Connection to node 3 (54.213.232.68:9092) terminated during authentication. This may happen due to any of the following reasons: (1) Firewall blocking Kafka TLS traffic (eg it may only allow HTTPS traffic), (2) Transient network issue.
[2026-06-16T19:43:12.360Z WARN  confluent_kafka::network_client] [Consumer clientId=consumer-perf, groupId=lr36d-rust-1781638906] Connection to node 19 (54.213.232.68:9092) terminated during authentication. This may happen due to any of the following reasons: (1) Firewall blocking Kafka TLS traffic (eg it may only allow HTTPS traffic), (2) Transient network issue.
[2026-06-16T19:43:12.373Z WARN  confluent_kafka::network_client] [Consumer clientId=consumer-perf, groupId=lr36d-rust-1781638906] Connection to node 8 (54.213.232.68:9092) terminated during authentication. This may happen due to any of the following reasons: (1) Firewall blocking Kafka TLS traffic (eg it may only allow HTTPS traffic), (2) Transient network issue.
[2026-06-16T19:43:12.453Z WARN  confluent_kafka::network_client] [Consumer clientId=consumer-perf, groupId=lr36d-rust-1781638906] Connection to node 20 (54.213.232.68:9092) terminated during authentication. This may happen due to any of the following reasons: (1) Firewall blocking Kafka TLS traffic (eg it may only allow HTTPS traffic), (2) Transient network issue.
[2026-06-16T19:43:13.201Z WARN  confluent_kafka::network_client] [Consumer clientId=consumer-perf, groupId=lr36d-rust-1781638906] Connection to node 20 (54.213.232.68:9092) terminated during authentication. This may happen due to any of the following reasons: (1) Firewall blocking Kafka TLS traffic (eg it may only allow HTTPS traffic), (2) Transient network issue.
[2026-06-16T19:43:13.321Z WARN  confluent_kafka::network_client] [Consumer clientId=consumer-perf, groupId=lr36d-rust-1781638906] Connection to node 19 (54.213.232.68:9092) terminated during authentication. This may happen due to any of the following reasons: (1) Firewall blocking Kafka TLS traffic (eg it may only allow HTTPS traffic), (2) Transient network issue.
[2026-06-16T19:43:13.342Z WARN  confluent_kafka::network_client] [Consumer clientId=consumer-perf, groupId=lr36d-rust-1781638906] Connection to node 8 (54.213.232.68:9092) terminated during authentication. This may happen due to any of the following reasons: (1) Firewall blocking Kafka TLS traffic (eg it may only allow HTTPS traffic), (2) Transient network issue.
    warmup complete (36000000 msgs); measuring now
[interval 0] t=  30.0s msgs=4499432 thr=   149980 msg/s  avg= 14.91 p50=6 p99=141 p999=264 max=447 ms  cpu=  0.0% rss=  31.5MB
[interval 1] t=  60.0s msgs=4500538 thr=   150017 msg/s  avg= 10.22 p50=6 p99=76 p999=133 max=255 ms  cpu=  0.0% rss=  31.5MB
[interval 2] t=  90.0s msgs=4499621 thr=   149985 msg/s  avg= 13.22 p50=6 p99=123 p999=210 max=307 ms  cpu=  0.0% rss=  31.6MB
[interval 3] t= 120.0s msgs=4500867 thr=   150028 msg/s  avg=  8.96 p50=6 p99=55 p999=89 max=154 ms  cpu=  0.0% rss=  31.6MB
[interval 4] t= 150.0s msgs=4499922 thr=   149997 msg/s  avg= 10.49 p50=6 p99=68 p999=175 max=387 ms  cpu=  0.0% rss=  36.0MB
[interval 5] t= 180.0s msgs=4501091 thr=   150036 msg/s  avg= 10.43 p50=6 p99=71 p999=146 max=247 ms  cpu=  0.0% rss=  40.4MB
[interval 6] t= 210.0s msgs=4499131 thr=   149970 msg/s  avg= 11.37 p50=6 p99=73 p999=119 max=219 ms  cpu=  0.0% rss=  40.4MB
[interval 7] t= 240.0s msgs=4501154 thr=   150037 msg/s  avg= 15.73 p50=7 p99=158 p999=306 max=476 ms  cpu=  0.0% rss=  40.4MB
[interval 8] t= 270.0s msgs=4498361 thr=   149945 msg/s  avg= 17.21 p50=7 p99=221 p999=362 max=547 ms  cpu=  0.0% rss=  40.4MB
[interval 9] t= 300.0s msgs=4502204 thr=   150073 msg/s  avg= 14.69 p50=7 p99=170 p999=306 max=482 ms  cpu=  0.0% rss=  40.4MB
[interval 10] t= 330.0s msgs=4499530 thr=   149984 msg/s  avg=  9.81 p50=6 p99=66 p999=123 max=245 ms  cpu=  0.0% rss=  40.4MB
[interval 11] t= 360.0s msgs=4500629 thr=   150020 msg/s  avg= 10.43 p50=6 p99=86 p999=145 max=246 ms  cpu=  0.0% rss=  40.4MB
[interval 12] t= 390.0s msgs=4499362 thr=   149978 msg/s  avg=  8.24 p50=6 p99=46 p999=94 max=216 ms  cpu=  0.0% rss=  40.4MB
[interval 13] t= 420.0s msgs=4500846 thr=   150028 msg/s  avg= 16.05 p50=6 p99=231 p999=423 max=602 ms  cpu=  0.0% rss=  40.4MB
[interval 14] t= 450.0s msgs=4499334 thr=   149977 msg/s  avg=  8.76 p50=6 p99=50 p999=83 max=147 ms  cpu=  0.0% rss=  40.4MB
[interval 15] t= 480.0s msgs=4501287 thr=   150043 msg/s  avg= 12.21 p50=6 p99=116 p999=275 max=430 ms  cpu=  0.0% rss=  40.4MB
[interval 16] t= 510.0s msgs=4499873 thr=   149996 msg/s  avg=  8.42 p50=6 p99=46 p999=80 max=154 ms  cpu=  0.0% rss=  40.4MB
[interval 17] t= 540.0s msgs=4500629 thr=   150020 msg/s  avg=  8.42 p50=6 p99=49 p999=101 max=223 ms  cpu=  0.0% rss=  40.4MB
[interval 18] t= 570.0s msgs=4479307 thr=   149304 msg/s  avg= 10.86 p50=6 p99=104 p999=202 max=328 ms  cpu=  0.0% rss=  40.4MB
[interval 19] t= 600.0s msgs=4521279 thr=   150709 msg/s  avg= 18.11 p50=6 p99=185 p999=277 max=413 ms  cpu=  0.0% rss=  40.4MB
[interval 20] t= 630.0s msgs=4499866 thr=   149996 msg/s  avg=  9.29 p50=6 p99=63 p999=117 max=196 ms  cpu=  0.0% rss=  40.4MB
[interval 21] t= 660.0s msgs=4500097 thr=   150002 msg/s  avg= 15.26 p50=6 p99=164 p999=250 max=452 ms  cpu=  0.0% rss=  40.4MB
[interval 22] t= 690.0s msgs=4498984 thr=   149966 msg/s  avg=  9.01 p50=6 p99=51 p999=91 max=162 ms  cpu=  0.0% rss=  40.4MB
[interval 23] t= 720.0s msgs=4501784 thr=   150059 msg/s  avg= 14.58 p50=6 p99=148 p999=249 max=433 ms  cpu=  0.0% rss=  40.4MB
[interval 24] t= 750.0s msgs=4498340 thr=   149944 msg/s  avg=  8.84 p50=6 p99=51 p999=95 max=182 ms  cpu=  0.0% rss=  40.4MB
[interval 25] t= 780.0s msgs=4502393 thr=   150080 msg/s  avg= 14.17 p50=6 p99=144 p999=270 max=461 ms  cpu=  0.0% rss=  40.4MB
[interval 26] t= 810.0s msgs=4499537 thr=   149985 msg/s  avg=  9.39 p50=6 p99=66 p999=113 max=192 ms  cpu=  0.0% rss=  40.4MB
[interval 27] t= 840.0s msgs=4500888 thr=   150029 msg/s  avg= 18.91 p50=6 p99=282 p999=443 max=622 ms  cpu=  0.0% rss=  40.4MB
[interval 28] t= 870.0s msgs=4498354 thr=   149943 msg/s  avg=  9.27 p50=6 p99=55 p999=93 max=295 ms  cpu=  0.0% rss=  40.4MB
[interval 29] t= 900.1s msgs=4501875 thr=   150062 msg/s  avg=  8.82 p50=6 p99=52 p999=98 max=202 ms  cpu=  0.0% rss=  40.4MB
[interval 30] t= 930.1s msgs=4500335 thr=   150011 msg/s  avg=  9.36 p50=6 p99=56 p999=112 max=206 ms  cpu=  0.0% rss=  40.4MB
[interval 31] t= 960.1s msgs=4500020 thr=   149998 msg/s  avg= 18.85 p50=6 p99=287 p999=491 max=663 ms  cpu=  0.0% rss=  40.4MB
[interval 32] t= 990.1s msgs=4499054 thr=   149965 msg/s  avg=  9.39 p50=6 p99=62 p999=118 max=250 ms  cpu=  0.0% rss=  40.4MB
[interval 33] t=1020.1s msgs=4501686 thr=   150056 msg/s  avg=  8.97 p50=6 p99=60 p999=122 max=248 ms  cpu=  0.0% rss=  40.4MB
[interval 34] t=1050.1s msgs=4499516 thr=   149984 msg/s  avg= 17.59 p50=7 p99=244 p999=390 max=564 ms  cpu=  0.0% rss=  40.6MB
[interval 35] t=1080.1s msgs=4501287 thr=   150043 msg/s  avg=  9.04 p50=6 p99=59 p999=110 max=223 ms  cpu=  0.0% rss=  36.1MB
[interval 36] t=1110.1s msgs=4497850 thr=   149928 msg/s  avg=  9.31 p50=6 p99=60 p999=107 max=224 ms  cpu=  0.0% rss=  36.1MB
[interval 37] t=1140.1s msgs=4502974 thr=   150099 msg/s  avg=  8.49 p50=6 p99=46 p999=81 max=154 ms  cpu=  0.0% rss=  36.1MB
[interval 38] t=1170.1s msgs=4497157 thr=   149904 msg/s  avg=  9.20 p50=6 p99=57 p999=105 max=172 ms  cpu=  0.0% rss=  40.5MB
[interval 39] t=1200.1s msgs=4503737 thr=   150124 msg/s  avg= 11.90 p50=6 p99=120 p999=249 max=373 ms  cpu=  0.0% rss=  40.5MB
[interval 40] t=1230.1s msgs=4498627 thr=   149954 msg/s  avg=  8.96 p50=6 p99=55 p999=105 max=232 ms  cpu=  0.0% rss=  40.5MB
[interval 41] t=1260.1s msgs=4500727 thr=   150023 msg/s  avg=  8.53 p50=6 p99=51 p999=93 max=166 ms  cpu=  0.0% rss=  40.5MB
[interval 42] t=1290.1s msgs=4501154 thr=   150038 msg/s  avg=  9.10 p50=6 p99=54 p999=110 max=217 ms  cpu=  0.0% rss=  36.1MB
[interval 43] t=1320.1s msgs=4499425 thr=   149979 msg/s  avg=  9.44 p50=6 p99=59 p999=119 max=292 ms  cpu=  0.0% rss=  36.1MB
[interval 44] t=1350.1s msgs=4496226 thr=   149874 msg/s  avg= 10.63 p50=7 p99=67 p999=120 max=197 ms  cpu=  0.0% rss=  36.1MB
[interval 45] t=1380.1s msgs=4504031 thr=   150134 msg/s  avg=  8.52 p50=6 p99=52 p999=94 max=167 ms  cpu=  0.0% rss=  40.4MB
[interval 46] t=1410.1s msgs=4500713 thr=   150024 msg/s  avg=  9.30 p50=6 p99=61 p999=133 max=292 ms  cpu=  0.0% rss=  40.4MB
[interval 47] t=1440.1s msgs=4498697 thr=   149956 msg/s  avg=  8.27 p50=6 p99=44 p999=77 max=149 ms  cpu=  0.0% rss=  36.1MB
[interval 48] t=1470.1s msgs=4498788 thr=   149955 msg/s  avg=  9.11 p50=6 p99=54 p999=99 max=166 ms  cpu=  0.0% rss=  36.1MB
[interval 49] t=1500.1s msgs=4503737 thr=   150124 msg/s  avg=  8.38 p50=6 p99=47 p999=85 max=150 ms  cpu=  0.0% rss=  36.1MB
[interval 50] t=1530.1s msgs=4496583 thr=   149884 msg/s  avg=  9.03 p50=6 p99=56 p999=111 max=217 ms  cpu=  0.0% rss=  36.1MB
[interval 51] t=1560.1s msgs=4504220 thr=   150141 msg/s  avg= 12.46 p50=6 p99=126 p999=216 max=360 ms  cpu=  0.0% rss=  36.1MB
[interval 52] t=1590.1s msgs=4498543 thr=   149951 msg/s  avg=  8.90 p50=6 p99=56 p999=105 max=254 ms  cpu=  0.0% rss=  36.1MB
[interval 53] t=1620.1s msgs=4501889 thr=   150063 msg/s  avg= 11.79 p50=6 p99=110 p999=196 max=317 ms  cpu=  0.0% rss=  40.4MB
[interval 54] t=1650.1s msgs=4499404 thr=   149980 msg/s  avg=  8.54 p50=6 p99=48 p999=101 max=190 ms  cpu=  0.0% rss=  40.4MB
[interval 55] t=1680.1s msgs=4500769 thr=   150025 msg/s  avg= 16.28 p50=6 p99=216 p999=354 max=512 ms  cpu=  0.0% rss=  40.4MB
[interval 56] t=1710.1s msgs=4500475 thr=   150015 msg/s  avg=  8.98 p50=6 p99=52 p999=100 max=213 ms  cpu=  0.0% rss=  40.4MB
[interval 57] t=1740.1s msgs=4500531 thr=   150017 msg/s  avg= 16.38 p50=7 p99=151 p999=260 max=453 ms  cpu=  0.0% rss=  40.4MB
[interval 58] t=1770.1s msgs=4499901 thr=   149996 msg/s  avg=  9.01 p50=6 p99=55 p999=98 max=159 ms  cpu=  0.0% rss=  40.4MB

Loop breakdown over 13138031 polls: poll().await=99.9%  per-record processing=0.1%  (avg 21 records/poll)
Records/poll distribution (non-empty polls, post-warmup): n=12003093 min=4 mean=22.5 p50=14 p99=119 max=500

======================================================================
SUMMARY — Rust Kafka Consumer (warmup 36000000 excluded)
======================================================================
Measured messages: 269999905
Duration:          1800.00 s
Throughput:        150000 msg/s  (146.48 MiB/s)
E2E latency (ms):  min=1 avg=11.22 stddev=20.63 p50=6 p90=21 p95=34 p99=98 p99.9=270 max=663
RSS (MB, current): avg=38.8 min=31.5 max=40.6
======================================================================

Results written to: consumer-perf/results/lr36d-rust-1781638906
