======================================================================
Consumer E2E Latency Benchmark - librdkafka (native C)
======================================================================
Bootstrap:   pkc-devcg13mnr.us-west-2.aws.devel.cpdev.cloud:9092
Topic:       cmp-bench-36p
Group:       lr36d-repo-1781641000
Throughput:  300000 msg/s
Duration:    1800 s (after warmup)
Msg size:    1024 bytes
Warmup:      36000000 messages
Interval:    30 s
rdkafka ver: 2.13.0
======================================================================

>>> Subscribed; waiting for partition assignment (group.protocol=consumer)...
%6|1781641000.814|GETSUBSCRIPTIONS|librdkafka-perf-c#consumer-1| [thrd:main]: Telemetry client instance id changed from AAAAAAAAAAAAAAAAAAAAAA to X/FposNxTTuYRUMr1DEGSQ
    assigned 36 partition(s)
    assigned after 1.0s
>>> Settling to the live edge (polling until empty) before producer...
    at live edge; starting producer now.

>>> Measuring (warmup 36000000 msgs, then 1800 s)...

>>> first records arrived 44.8s after producer start
    warmup complete (36000000 msgs); measuring now
[interval 0] t=  30.0s msgs=4500483 thr=   150016 msg/s  avg=  4.26 p50=4 p99=18 p999=36 max=106 ms  cpu= 94.0% rss=  57.8MB
[interval 1] t=  60.0s msgs=4499529 thr=   149984 msg/s  avg=  4.70 p50=4 p99=24 p999=59 max=134 ms  cpu=109.5% rss=  62.2MB
[interval 2] t=  90.0s msgs=4500903 thr=   150029 msg/s  avg=  4.39 p50=4 p99=19 p999=37 max=91 ms  cpu=110.7% rss=  62.2MB
[interval 3] t= 120.0s msgs=4499873 thr=   149996 msg/s  avg=  4.59 p50=4 p99=23 p999=45 max=98 ms  cpu=109.8% rss=  62.2MB
[interval 4] t= 150.0s msgs=4500205 thr=   150007 msg/s  avg=  4.26 p50=4 p99=18 p999=33 max=62 ms  cpu=111.3% rss=  62.2MB
[interval 5] t= 180.0s msgs=4497644 thr=   149921 msg/s  avg=  5.12 p50=4 p99=26 p999=60 max=130 ms  cpu=106.1% rss=  62.2MB
[interval 6] t= 210.0s msgs=4502603 thr=   150086 msg/s  avg=  4.75 p50=4 p99=26 p999=89 max=170 ms  cpu=110.5% rss=  62.4MB
[interval 7] t= 240.0s msgs=4499082 thr=   149969 msg/s  avg=  4.41 p50=4 p99=19 p999=35 max=72 ms  cpu=110.3% rss=  62.4MB
[interval 8] t= 270.0s msgs=4501105 thr=   150035 msg/s  avg=  4.43 p50=4 p99=21 p999=50 max=117 ms  cpu=110.4% rss=  62.4MB
[interval 9] t= 300.0s msgs=4500020 thr=   150001 msg/s  avg=  4.61 p50=4 p99=21 p999=43 max=127 ms  cpu=109.4% rss=  62.4MB
[interval 10] t= 330.0s msgs=4500097 thr=   150003 msg/s  avg=  4.31 p50=4 p99=18 p999=34 max=65 ms  cpu=110.6% rss=  62.4MB
[interval 11] t= 360.0s msgs=4499985 thr=   149999 msg/s  avg=  4.52 p50=4 p99=21 p999=41 max=107 ms  cpu=109.8% rss=  62.4MB
[interval 12] t= 390.0s msgs=4500209 thr=   150007 msg/s  avg=  4.25 p50=4 p99=18 p999=33 max=61 ms  cpu=111.3% rss=  62.4MB
[interval 13] t= 420.0s msgs=4499145 thr=   149971 msg/s  avg=  4.52 p50=4 p99=22 p999=55 max=147 ms  cpu=110.4% rss=  62.4MB
[interval 14] t= 450.0s msgs=4501028 thr=   150033 msg/s  avg=  4.44 p50=4 p99=20 p999=36 max=64 ms  cpu=110.2% rss=  62.4MB
[interval 15] t= 480.0s msgs=4500223 thr=   150007 msg/s  avg=  4.45 p50=4 p99=20 p999=56 max=129 ms  cpu=110.7% rss=  62.4MB
[interval 16] t= 510.0s msgs=4500146 thr=   150005 msg/s  avg=  4.21 p50=4 p99=17 p999=33 max=222 ms  cpu=111.6% rss=  62.4MB
[interval 17] t= 540.0s msgs=4499971 thr=   149999 msg/s  avg=  4.71 p50=4 p99=24 p999=59 max=140 ms  cpu=109.2% rss=  62.4MB
[interval 18] t= 570.0s msgs=4499985 thr=   149999 msg/s  avg=  4.28 p50=4 p99=17 p999=32 max=68 ms  cpu=111.1% rss=  62.4MB
[interval 19] t= 600.0s msgs=4500373 thr=   150012 msg/s  avg=  4.55 p50=4 p99=22 p999=50 max=134 ms  cpu=110.4% rss=  62.4MB
[interval 20] t= 630.0s msgs=4500073 thr=   150002 msg/s  avg=  4.21 p50=4 p99=17 p999=31 max=63 ms  cpu=111.4% rss=  62.4MB
[interval 21] t= 660.0s msgs=4500055 thr=   150002 msg/s  avg=  4.31 p50=4 p99=18 p999=36 max=110 ms  cpu=111.5% rss=  62.4MB
[interval 22] t= 690.0s msgs=4500111 thr=   150003 msg/s  avg=  4.17 p50=4 p99=16 p999=32 max=93 ms  cpu=111.9% rss=  62.4MB
[interval 23] t= 720.0s msgs=4500055 thr=   150002 msg/s  avg=  4.50 p50=4 p99=21 p999=40 max=101 ms  cpu=110.7% rss=  62.4MB
[interval 24] t= 750.0s msgs=4500069 thr=   150002 msg/s  avg=  4.22 p50=4 p99=18 p999=33 max=101 ms  cpu=112.0% rss=  62.4MB
[interval 25] t= 780.0s msgs=4500020 thr=   150000 msg/s  avg=  4.73 p50=4 p99=23 p999=92 max=187 ms  cpu=110.4% rss=  63.5MB
[interval 26] t= 810.0s msgs=4499957 thr=   149998 msg/s  avg=  4.20 p50=4 p99=17 p999=32 max=59 ms  cpu=111.3% rss=  63.5MB
[interval 27] t= 840.0s msgs=4500363 thr=   150012 msg/s  avg=  4.52 p50=4 p99=21 p999=40 max=82 ms  cpu=110.3% rss=  63.5MB
[interval 28] t= 870.0s msgs=4500069 thr=   150002 msg/s  avg=  4.21 p50=4 p99=18 p999=33 max=108 ms  cpu=112.4% rss=  63.5MB
[interval 29] t= 900.0s msgs=4500082 thr=   150003 msg/s  avg=  4.66 p50=4 p99=24 p999=73 max=178 ms  cpu=109.9% rss=  63.5MB
[interval 30] t= 930.0s msgs=4500098 thr=   150003 msg/s  avg=  4.15 p50=4 p99=17 p999=33 max=120 ms  cpu=112.3% rss=  63.5MB
[interval 31] t= 960.0s msgs=4500013 thr=   150000 msg/s  avg=  4.50 p50=4 p99=22 p999=57 max=156 ms  cpu=110.7% rss=  63.7MB
[interval 32] t= 990.0s msgs=4500062 thr=   150002 msg/s  avg=  4.13 p50=4 p99=16 p999=31 max=89 ms  cpu=112.6% rss=  63.7MB
[interval 33] t=1020.0s msgs=4500062 thr=   150001 msg/s  avg=  4.55 p50=4 p99=22 p999=55 max=116 ms  cpu=110.1% rss=  63.7MB
[interval 34] t=1050.0s msgs=4500113 thr=   150004 msg/s  avg=  4.17 p50=4 p99=17 p999=33 max=104 ms  cpu=112.1% rss=  63.7MB
[interval 35] t=1080.0s msgs=4500153 thr=   150005 msg/s  avg=  4.63 p50=4 p99=23 p999=77 max=128 ms  cpu=110.2% rss=  63.7MB
[interval 36] t=1110.0s msgs=4499808 thr=   149994 msg/s  avg=  4.14 p50=4 p99=17 p999=32 max=68 ms  cpu=112.6% rss=  63.7MB
[interval 37] t=1140.0s msgs=4500349 thr=   150012 msg/s  avg=  4.61 p50=4 p99=22 p999=57 max=135 ms  cpu=109.7% rss=  64.5MB
[interval 38] t=1170.0s msgs=4500013 thr=   150000 msg/s  avg=  4.13 p50=4 p99=16 p999=30 max=79 ms  cpu=112.4% rss=  64.5MB
[interval 39] t=1200.0s msgs=4500251 thr=   150006 msg/s  avg=  4.53 p50=4 p99=22 p999=42 max=84 ms  cpu=110.7% rss=  64.5MB
[interval 40] t=1230.0s msgs=4500076 thr=   150003 msg/s  avg=  4.13 p50=4 p99=16 p999=30 max=105 ms  cpu=112.5% rss=  64.5MB
[interval 41] t=1260.0s msgs=4500025 thr=   150001 msg/s  avg=  4.40 p50=4 p99=19 p999=37 max=88 ms  cpu=110.4% rss=  64.5MB
[interval 42] t=1290.0s msgs=4500092 thr=   150003 msg/s  avg=  4.13 p50=4 p99=16 p999=32 max=128 ms  cpu=112.2% rss=  64.5MB
[interval 43] t=1320.0s msgs=4499957 thr=   149998 msg/s  avg=  4.51 p50=4 p99=20 p999=74 max=182 ms  cpu=110.5% rss=  64.7MB
[interval 44] t=1350.0s msgs=4500188 thr=   150006 msg/s  avg=  4.10 p50=4 p99=16 p999=31 max=122 ms  cpu=112.5% rss=  64.7MB
[interval 45] t=1380.0s msgs=4500090 thr=   150002 msg/s  avg=  4.62 p50=4 p99=23 p999=65 max=148 ms  cpu=109.8% rss=  64.7MB
[interval 46] t=1410.0s msgs=4499957 thr=   149999 msg/s  avg=  4.17 p50=4 p99=16 p999=32 max=214 ms  cpu=112.4% rss=  64.7MB
[interval 47] t=1440.0s msgs=4500279 thr=   150009 msg/s  avg=  4.65 p50=4 p99=23 p999=43 max=102 ms  cpu=109.7% rss=  64.7MB
[interval 48] t=1470.0s msgs=4500090 thr=   150002 msg/s  avg=  4.13 p50=4 p99=16 p999=32 max=61 ms  cpu=112.2% rss=  64.7MB
[interval 49] t=1500.0s msgs=4500076 thr=   150002 msg/s  avg=  4.52 p50=4 p99=21 p999=51 max=142 ms  cpu=110.8% rss=  64.7MB
[interval 50] t=1530.0s msgs=4499922 thr=   149997 msg/s  avg=  4.11 p50=4 p99=16 p999=32 max=86 ms  cpu=112.4% rss=  64.7MB
[interval 51] t=1560.0s msgs=4500251 thr=   150008 msg/s  avg=  4.48 p50=4 p99=19 p999=39 max=110 ms  cpu=109.7% rss=  64.7MB
[interval 52] t=1590.0s msgs=4500166 thr=   150006 msg/s  avg=  4.10 p50=4 p99=15 p999=31 max=91 ms  cpu=112.0% rss=  64.7MB
[interval 53] t=1620.0s msgs=4499972 thr=   149998 msg/s  avg=  4.22 p50=4 p99=16 p999=32 max=136 ms  cpu=111.5% rss=  64.7MB
[interval 54] t=1650.0s msgs=4500054 thr=   150002 msg/s  avg=  4.09 p50=4 p99=15 p999=28 max=68 ms  cpu=112.2% rss=  64.7MB
[interval 55] t=1680.0s msgs=4500196 thr=   150007 msg/s  avg=  4.36 p50=4 p99=18 p999=47 max=128 ms  cpu=111.3% rss=  64.7MB
[interval 56] t=1710.0s msgs=4500118 thr=   150004 msg/s  avg=  4.34 p50=4 p99=19 p999=41 max=88 ms  cpu=110.9% rss=  64.7MB
[interval 57] t=1740.0s msgs=4500083 thr=   150003 msg/s  avg=  4.28 p50=4 p99=16 p999=31 max=96 ms  cpu=111.5% rss=  64.7MB
[interval 58] t=1770.0s msgs=4499950 thr=   149998 msg/s  avg=  4.13 p50=4 p99=16 p999=29 max=57 ms  cpu=111.9% rss=  64.7MB

======================================================================
SUMMARY - librdkafka-c (warmup 36000000 excluded, group.protocol=consumer)
======================================================================
Measured messages: 270000249
Duration:          1800.00 s
Throughput:        150000 msg/s  (146.48 MiB/s)
Batch consume:     max_poll_records=500, 306000249 non-empty batches, 306000249 records, avg 1.0 records/batch
Records/batch dist (post-warmup): n=270000249 min=1 mean=1.0 p50=1 p99=1 max=1
E2E latency (ms):  min=1 avg=4.39 stddev=3.63 p50=4 p90=6 p95=9 p99=19 p99.9=43 max=222
RSS (MB, current):  avg=63.4 min=57.8 max=64.7 (59 samples)
======================================================================

Results written to: /home/ec2-user/bench/lr36d_repo/lr36d-repo-1781641000
