######## Python producer perf test (ASYNC=True, CLIENT_VERSION=2) ########
%6|1787438896.786|GETSUBSCRIPTIONS|rdkafka#producer-1| [thrd:main]: Telemetry client instance id changed from AAAAAAAAAAAAAAAAAAAAAA to uQCV4kuqT7aYkgZ6iBygZQ
Producing messages at max rate for 3600 seconds
Running async producer performance test v2 (confluent-kafka)...
Key size: 0 bytes
Value size: 102400 bytes
Verify: False
Producer configuration:
  bootstrap.servers: pkc-devcoz07r9.us-east-1.aws.devel.cpdev.cloud:9092
  security.protocol: SASL_SSL
  sasl.mechanism: PLAIN
  sasl.username: DXRNUMKGHXHAFOHV
  sasl.password: <hidden>
  acks: all
  batch.size: 1048576
  message.max.bytes: 8388608
  compression.type: none
  enable.idempotence: false
  max.in.flight.requests.per.connection: 1000
  queue.buffering.max.kbytes: 32768
  queue.buffering.max.messages: 2147483647
  linger.ms: 5
Warming up for 300 seconds ...
Starting measured interval at 1787439196781 ms: 2026-08-22 22:53:16.781545+00:00
Test duration reached, 3601.04 seconds. Interrupting...

QUEUE_FULL errors: 434650191 (subtracted from sent; measured_sent=17639809)
End time: 1787442798111 ms
Duration: 3601330.11051 ms
Average CPU: 123.68 %
Average RSS: 1568529.22 KiB
CPU Efficiency: 39.60 msg/(s * 1% CPU)
Memory Efficiency: 0.00 msg/(s * KB RSS)
Average time: 0.20 ms
Average rate msg/s: 4898.14 msg/s
Average rate MiB/s: 478.33 MiB/s
Average latency: 105.39 ms
Max latency: 510.00 ms
p50 latency: 94 ms
p90 latency: 161 ms
p99 latency: 246 ms
p999 latency: 304 ms
Results summary written to: results.json
Performing garbage collection...
Waiting for final metrics collection...
Final CPU: 0.00 %
Final RSS: 1092576.00 KiB
Done
Consumer verification skipped (VERIFY_CONSUMED=False)
######## Done: python-producer. Metrics under /home/ubuntu/perf-test/results ########
