======================================================================
Consumer E2E Latency Benchmark - librdkafka (native C)
======================================================================
Bootstrap:   pkc-devcozvdmy.us-east-1.aws.devel.cpdev.cloud:9092
Topic:       cmp-bench-10p
Group:       fmin16-1782286021
Throughput:  300000 msg/s
Duration:    300 s (after warmup)
Msg size:    1024 bytes
Warmup:      750000 messages
Interval:    30 s
rdkafka ver: 2.13.0
======================================================================

>>> Subscribed; waiting for partition assignment (group.protocol=consumer)...
%6|1782286021.711|GETSUBSCRIPTIONS|librdkafka-perf-c#consumer-1| [thrd:main]: Telemetry client instance id changed from AAAAAAAAAAAAAAAAAAAAAA to Dw/S2sA3QjqOp3iRYYwc/g
    assigned 10 partition(s)
    assigned after 1.0s
>>> Settling to the live edge (polling until empty) before producer...
    at live edge; starting producer now.

>>> Measuring (warmup 750000 msgs, then 300 s)...

>>> first records arrived 44.3s after producer start
    warmup complete (750000 msgs); measuring now
[interval 0] t=  30.0s msgs= 749975 thr=    24998 msg/s  avg=  4.05 p50=3 p99=19 p999=37 max=220 ms  cpu=  6.7% rss=  17.8MB
[interval 1] t=  60.0s msgs= 750036 thr=    25001 msg/s  avg=  3.92 p50=3 p99=17 p999=30 max=48 ms  cpu= 11.7% rss=  22.2MB
[interval 2] t=  90.0s msgs= 750036 thr=    25001 msg/s  avg=  3.95 p50=3 p99=17 p999=30 max=56 ms  cpu= 11.7% rss=  22.2MB
[interval 3] t= 120.0s msgs= 750008 thr=    25000 msg/s  avg=  3.93 p50=3 p99=17 p999=30 max=51 ms  cpu= 11.7% rss=  22.5MB
[interval 4] t= 150.0s msgs= 750001 thr=    25000 msg/s  avg=  3.91 p50=3 p99=18 p999=30 max=48 ms  cpu= 11.7% rss=  22.7MB
[interval 5] t= 180.0s msgs= 750022 thr=    25000 msg/s  avg=  4.04 p50=3 p99=18 p999=37 max=220 ms  cpu= 11.7% rss=  23.5MB
[interval 6] t= 210.0s msgs= 750015 thr=    25000 msg/s  avg=  3.91 p50=3 p99=17 p999=29 max=52 ms  cpu= 11.6% rss=  23.5MB
[interval 7] t= 240.0s msgs= 749973 thr=    24999 msg/s  avg=  3.89 p50=3 p99=17 p999=32 max=105 ms  cpu= 11.7% rss=  23.5MB
[interval 8] t= 270.0s msgs= 750050 thr=    25000 msg/s  avg=  3.85 p50=3 p99=17 p999=30 max=54 ms  cpu= 11.8% rss=  23.5MB

======================================================================
SUMMARY - librdkafka-c (warmup 750000 excluded, group.protocol=consumer)
======================================================================
Measured messages: 7499977
Duration:          300.00 s
Throughput:        25000 msg/s  (24.41 MiB/s)
Batch consume:     max_poll_records=500, 8249977 non-empty batches, 8249977 records, avg 1.0 records/batch
Records/batch dist (post-warmup): n=7499977 min=1 mean=1.0 p50=1 p99=1 max=1
E2E latency (ms):  min=1 avg=3.94 stddev=3.42 p50=3 p90=6 p95=9 p99=17 p99.9=31 max=220
RSS (MB, current):  avg=22.4 min=17.8 max=23.5 (9 samples)
======================================================================

Results written to: /home/ec2-user/bench/fmin16/rdk_res/fmin16-1782286021
