======================================================================
Consumer E2E Latency Benchmark — Rust Kafka Consumer
======================================================================
Bootstrap:   pkc-devcozvdmy.us-east-1.aws.devel.cpdev.cloud:9092
Topic:       cmp-bench-10p
Group:       consumer-perf-1782285684148
Throughput:  25000 msg/s
Duration:    300 s (after warmup)
Msg size:    2048 bytes
Warmup:      750000 messages
Interval:    30 s
======================================================================
Offset reset: latest
Client config: loaded /home/ec2-user/bench/cc_bench.properties (SASL/SSL etc.)
Fetch config: fetch.min.bytes=16384 fetch.max.wait.ms=default max.partition.fetch.bytes=default fetch.max.bytes=default max.poll.records=default

>>> Subscribed; waiting for partition assignment (KIP-848 join)...
    assigned 10 partition(s) after 1.0s
>>> Settling to the live edge (polling until empty) before starting producer...
    at live edge; starting producer now.
>>> Launching producer: throughput=25000 (fixed msg/s), 2048 bytes, ~9000000 records

>>> Measuring (warmup 750000 msgs, then 300 s)...

>>> first records arrived 1.1s after producer start (after 3 polls)
    warmup complete (750000 msgs); measuring now
[interval 0] t=  30.0s msgs= 750051 thr=    25000 msg/s  avg=  3.91 p50=3 p99=17 p999=30 max=57 ms  cpu=  0.0% rss=  10.2MB
[interval 1] t=  60.0s msgs= 750050 thr=    25001 msg/s  avg=  3.93 p50=3 p99=17 p999=30 max=54 ms  cpu=  0.0% rss=  10.2MB
[interval 2] t=  90.0s msgs= 750022 thr=    25000 msg/s  avg=  3.92 p50=3 p99=17 p999=29 max=61 ms  cpu=  0.0% rss=  10.2MB
[interval 3] t= 120.0s msgs= 750036 thr=    25001 msg/s  avg=  3.94 p50=3 p99=18 p999=32 max=54 ms  cpu=  0.0% rss=  10.2MB
[interval 4] t= 150.0s msgs= 750078 thr=    25002 msg/s  avg=  3.82 p50=3 p99=17 p999=29 max=61 ms  cpu=  0.0% rss=  14.6MB
[interval 5] t= 180.0s msgs= 750043 thr=    25001 msg/s  avg=  3.88 p50=3 p99=17 p999=32 max=59 ms  cpu=  0.0% rss=  19.3MB
[interval 6] t= 210.0s msgs= 750036 thr=    25001 msg/s  avg=  3.91 p50=3 p99=17 p999=29 max=57 ms  cpu=  0.0% rss=  19.3MB
[interval 7] t= 240.0s msgs= 750050 thr=    25001 msg/s  avg=  3.87 p50=3 p99=17 p999=30 max=58 ms  cpu=  0.0% rss=  19.5MB
[interval 8] t= 270.0s msgs= 750057 thr=    25001 msg/s  avg=  3.80 p50=3 p99=17 p999=29 max=51 ms  cpu=  0.0% rss=  19.5MB

Loop breakdown over 550340 polls: poll().await=100.0%  per-record processing=0.0%  (avg 14 records/poll)
Records/poll distribution (non-empty polls, post-warmup): n=500728 min=7 mean=15.0 p50=14 p99=28 max=364

======================================================================
SUMMARY — Rust Kafka Consumer (warmup 750000 excluded)
======================================================================
Measured messages: 7500032
Duration:          300.00 s
Throughput:        25000 msg/s  (48.83 MiB/s)
E2E latency (ms):  min=1 avg=3.89 stddev=3.01 p50=3 p90=6 p95=9 p99=17 p99.9=30 max=104
RSS (MB, current): avg=14.8 min=10.2 max=19.5
======================================================================

Results written to: /home/ec2-user/bench/fmin16/rust_res/consumer-perf-1782285684148
