######## Python producer perf test (ASYNC=True, CLIENT_VERSION=3) ########
Producing messages at max rate for 3600 seconds
Running async producer performance test v3 (confluent-kafka-rust)...
Key size: 0 bytes
Value size: 1024 bytes
Verify: False
Producer configuration:
  bootstrap.servers: pkc-devcoz07r9.us-east-1.aws.devel.cpdev.cloud:9092
  security.protocol: SASL_SSL
  sasl.mechanism: PLAIN
  sasl.jaas.config: <hidden>
  acks: all
  batch.size: 1048576
  max.request.size: 8388608
  compression.type: none
  enable.idempotence: false
  max.in.flight.requests.per.connection: 5
  buffer.memory: 33554432
  linger.ms: 5
Warming up for 300 seconds ...
Starting measured interval at 1787314291882 ms: 2026-08-21 12:11:31.882524+00:00
Test duration reached, 3601.02 seconds. Interrupting...

End time: 1787317892927 ms
Duration: 3601045.496934 ms
Average CPU: 153.49 %
Average RSS: 200331.02 KiB
CPU Efficiency: 1253.37 msg/(s * 1% CPU)
Memory Efficiency: 0.96 msg/(s * KB RSS)
Average time: 0.01 ms
Average rate msg/s: 192383.02 msg/s
Average rate MiB/s: 187.87 MiB/s
Average latency: 28.49 ms
Max latency: 447.00 ms
p50 latency: 27 ms
p90 latency: 35 ms
p99 latency: 48 ms
p999 latency: 111 ms
Results summary written to: results.json
Performing garbage collection...
Waiting for final metrics collection...
Final CPU: 0.00 %
Final RSS: 129476.00 KiB
Done
Consumer verification skipped (VERIFY_CONSUMED=False)
######## Done: python-producer. Metrics under /home/ubuntu/perf-test/results ########
