======================================================================
Consumer E2E Latency Benchmark — Rust Kafka Consumer
======================================================================
Bootstrap:   pkc-devcozvdmy.us-east-1.aws.devel.cpdev.cloud:9092
Topic:       cmp-bench-36p
Group:       consumer-perf-1782157843463
Throughput:  150000 msg/s
Duration:    1800 s (after warmup)
Msg size:    2048 bytes
Warmup:      36000000 messages
Interval:    30 s
======================================================================
Offset reset: latest
Client config: loaded /home/ec2-user/cc.properties (SASL/SSL etc.)
Fetch config: fetch.min.bytes=default fetch.max.wait.ms=default max.partition.fetch.bytes=default fetch.max.bytes=default max.poll.records=default

>>> Subscribed; waiting for partition assignment (KIP-848 join)...
    assigned 36 partition(s) after 0.5s
>>> Settling to the live edge (polling until empty) before starting producer...
    at live edge; starting producer now.
>>> Launching producer: throughput=150000 (fixed msg/s), 2048 bytes, ~310500000 records

>>> Measuring (warmup 36000000 msgs, then 1800 s)...

>>> first records arrived 1.1s after producer start (after 3 polls)
    warmup complete (36000000 msgs); measuring now
[interval 0] t=  30.0s msgs=4500369 thr=   150012 msg/s  avg=  7.42 p50=6 p99=27 p999=42 max=72 ms  cpu=  0.0% rss=  15.9MB
[interval 1] t=  60.0s msgs=4500076 thr=   150002 msg/s  avg=  7.32 p50=6 p99=26 p999=41 max=132 ms  cpu=  0.0% rss=  16.9MB
[interval 2] t=  90.0s msgs=4500188 thr=   150006 msg/s  avg=  7.46 p50=6 p99=27 p999=43 max=76 ms  cpu=  0.0% rss=  17.0MB
[interval 3] t= 120.0s msgs=4499740 thr=   149991 msg/s  avg=  7.39 p50=6 p99=27 p999=44 max=228 ms  cpu=  0.0% rss=  17.0MB
[interval 4] t= 150.0s msgs=4500692 thr=   150023 msg/s  avg=  7.55 p50=6 p99=29 p999=49 max=148 ms  cpu=  0.0% rss=  22.4MB
[interval 5] t= 180.0s msgs=4500566 thr=   150018 msg/s  avg=  7.19 p50=6 p99=26 p999=41 max=69 ms  cpu=  0.0% rss=  27.0MB
[interval 6] t= 210.0s msgs=4499922 thr=   149996 msg/s  avg=  7.55 p50=6 p99=28 p999=42 max=85 ms  cpu=  0.0% rss=  27.0MB
[interval 7] t= 240.0s msgs=4500230 thr=   150008 msg/s  avg=  7.29 p50=6 p99=27 p999=43 max=78 ms  cpu=  0.0% rss=  27.0MB
[interval 8] t= 270.0s msgs=4500209 thr=   150006 msg/s  avg=  7.57 p50=6 p99=27 p999=42 max=88 ms  cpu=  0.0% rss=  27.0MB
[interval 9] t= 300.0s msgs=4500237 thr=   150007 msg/s  avg=  7.22 p50=6 p99=26 p999=41 max=74 ms  cpu=  0.0% rss=  27.0MB
[interval 10] t= 330.0s msgs=4500531 thr=   150018 msg/s  avg=  7.63 p50=6 p99=28 p999=43 max=78 ms  cpu=  0.0% rss=  27.0MB
[interval 11] t= 360.0s msgs=4500167 thr=   150005 msg/s  avg=  7.44 p50=6 p99=27 p999=44 max=82 ms  cpu=  0.0% rss=  27.0MB
[interval 12] t= 390.0s msgs=4500258 thr=   150008 msg/s  avg=  7.56 p50=6 p99=27 p999=43 max=95 ms  cpu=  0.0% rss=  27.0MB
[interval 13] t= 420.0s msgs=4500363 thr=   150012 msg/s  avg=  7.49 p50=6 p99=27 p999=42 max=168 ms  cpu=  0.0% rss=  27.0MB
[interval 14] t= 450.0s msgs=4499978 thr=   149999 msg/s  avg=  7.68 p50=6 p99=29 p999=57 max=222 ms  cpu=  0.0% rss=  28.6MB
[interval 15] t= 480.0s msgs=4500097 thr=   150002 msg/s  avg=  7.52 p50=6 p99=26 p999=42 max=157 ms  cpu=  0.0% rss=  24.1MB
[interval 16] t= 510.0s msgs=4500118 thr=   150004 msg/s  avg=  7.66 p50=6 p99=28 p999=46 max=83 ms  cpu=  0.0% rss=  24.1MB
[interval 17] t= 540.0s msgs=4500328 thr=   150011 msg/s  avg=  7.54 p50=6 p99=27 p999=42 max=90 ms  cpu=  0.0% rss=  24.1MB
[interval 18] t= 570.0s msgs=4500251 thr=   150008 msg/s  avg=  7.60 p50=6 p99=28 p999=44 max=106 ms  cpu=  0.0% rss=  28.5MB
[interval 19] t= 600.0s msgs=4500132 thr=   150004 msg/s  avg=  7.76 p50=6 p99=28 p999=44 max=128 ms  cpu=  0.0% rss=  28.5MB
[interval 20] t= 630.0s msgs=4500293 thr=   150009 msg/s  avg=  8.25 p50=7 p99=31 p999=58 max=272 ms  cpu=  0.0% rss=  28.5MB
[interval 21] t= 660.0s msgs=4500419 thr=   150013 msg/s  avg=  8.07 p50=7 p99=30 p999=46 max=80 ms  cpu=  0.0% rss=  28.5MB
[interval 22] t= 690.0s msgs=4500356 thr=   150012 msg/s  avg=  7.88 p50=6 p99=29 p999=49 max=224 ms  cpu=  0.0% rss=  24.1MB
[interval 23] t= 720.0s msgs=4500167 thr=   150005 msg/s  avg=  7.54 p50=6 p99=27 p999=42 max=67 ms  cpu=  0.0% rss=  24.1MB
[interval 24] t= 750.0s msgs=4500132 thr=   150004 msg/s  avg=  7.86 p50=6 p99=29 p999=78 max=262 ms  cpu=  0.0% rss=  24.1MB
[interval 25] t= 780.0s msgs=4500776 thr=   150025 msg/s  avg=  5.41 p50=4 p99=21 p999=35 max=126 ms  cpu=  0.0% rss=  28.5MB
[interval 26] t= 810.0s msgs=4500538 thr=   150017 msg/s  avg=  4.68 p50=4 p99=16 p999=29 max=60 ms  cpu=  0.0% rss=  28.5MB
[interval 27] t= 840.0s msgs=4500125 thr=   150004 msg/s  avg=  4.75 p50=4 p99=17 p999=31 max=115 ms  cpu=  0.0% rss=  28.5MB
[interval 28] t= 870.0s msgs=4500181 thr=   150006 msg/s  avg=  4.81 p50=4 p99=18 p999=32 max=60 ms  cpu=  0.0% rss=  28.5MB
[interval 29] t= 900.0s msgs=4500195 thr=   150006 msg/s  avg=  4.73 p50=4 p99=17 p999=30 max=113 ms  cpu=  0.0% rss=  28.5MB
[interval 30] t= 930.0s msgs=4500286 thr=   150009 msg/s  avg=  4.77 p50=4 p99=17 p999=30 max=76 ms  cpu=  0.0% rss=  28.5MB
[interval 31] t= 960.1s msgs=4500223 thr=   150006 msg/s  avg=  4.71 p50=4 p99=17 p999=29 max=103 ms  cpu=  0.0% rss=  24.1MB
[interval 32] t= 990.1s msgs=4500041 thr=   150001 msg/s  avg=  4.76 p50=4 p99=18 p999=29 max=61 ms  cpu=  0.0% rss=  24.1MB
[interval 33] t=1020.1s msgs=4500118 thr=   150003 msg/s  avg=  4.70 p50=4 p99=17 p999=31 max=107 ms  cpu=  0.0% rss=  24.1MB
[interval 34] t=1050.1s msgs=4500510 thr=   150017 msg/s  avg=  4.81 p50=4 p99=18 p999=37 max=146 ms  cpu=  0.0% rss=  28.5MB
[interval 35] t=1080.1s msgs=4500174 thr=   150006 msg/s  avg=  4.69 p50=4 p99=17 p999=31 max=106 ms  cpu=  0.0% rss=  28.5MB
[interval 36] t=1110.1s msgs=4500251 thr=   150008 msg/s  avg=  4.71 p50=4 p99=17 p999=34 max=78 ms  cpu=  0.0% rss=  24.1MB
[interval 37] t=1140.1s msgs=4500342 thr=   150011 msg/s  avg=  4.66 p50=4 p99=18 p999=33 max=63 ms  cpu=  0.0% rss=  24.1MB
[interval 38] t=1170.1s msgs=4500104 thr=   150003 msg/s  avg=  4.72 p50=4 p99=18 p999=30 max=60 ms  cpu=  0.0% rss=  24.1MB
[interval 39] t=1200.1s msgs=4500412 thr=   150013 msg/s  avg=  4.64 p50=4 p99=17 p999=30 max=67 ms  cpu=  0.0% rss=  28.5MB
[interval 40] t=1230.1s msgs=4500265 thr=   150008 msg/s  avg=  4.72 p50=4 p99=17 p999=32 max=63 ms  cpu=  0.0% rss=  28.5MB
[interval 41] t=1260.1s msgs=4500258 thr=   150008 msg/s  avg=  4.73 p50=4 p99=18 p999=33 max=120 ms  cpu=  0.0% rss=  28.5MB
[interval 42] t=1290.1s msgs=4500377 thr=   150012 msg/s  avg=  4.68 p50=4 p99=17 p999=31 max=55 ms  cpu=  0.0% rss=  28.5MB
[interval 43] t=1320.1s msgs=4500139 thr=   150004 msg/s  avg=  4.68 p50=4 p99=17 p999=30 max=117 ms  cpu=  0.0% rss=  24.1MB
[interval 44] t=1350.1s msgs=4500237 thr=   150008 msg/s  avg=  4.81 p50=4 p99=18 p999=48 max=220 ms  cpu=  0.0% rss=  24.1MB
[interval 45] t=1380.1s msgs=4500195 thr=   150006 msg/s  avg=  4.69 p50=4 p99=17 p999=33 max=96 ms  cpu=  0.0% rss=  24.1MB
[interval 46] t=1410.1s msgs=4500538 thr=   150017 msg/s  avg=  4.70 p50=4 p99=17 p999=30 max=62 ms  cpu=  0.0% rss=  28.5MB
[interval 47] t=1440.1s msgs=4500027 thr=   150000 msg/s  avg=  4.67 p50=4 p99=17 p999=31 max=59 ms  cpu=  0.0% rss=  28.5MB
[interval 48] t=1470.1s msgs=4500209 thr=   150007 msg/s  avg=  4.66 p50=4 p99=17 p999=30 max=115 ms  cpu=  0.0% rss=  28.5MB
[interval 49] t=1500.1s msgs=4500202 thr=   150005 msg/s  avg=  4.68 p50=4 p99=17 p999=31 max=53 ms  cpu=  0.0% rss=  28.5MB
[interval 50] t=1530.1s msgs=4500461 thr=   150015 msg/s  avg=  4.71 p50=4 p99=17 p999=29 max=105 ms  cpu=  0.0% rss=  24.1MB
[interval 51] t=1560.1s msgs=4500146 thr=   150004 msg/s  avg=  4.61 p50=4 p99=17 p999=30 max=52 ms  cpu=  0.0% rss=  24.1MB
[interval 52] t=1590.1s msgs=4499943 thr=   149998 msg/s  avg=  4.67 p50=4 p99=17 p999=29 max=54 ms  cpu=  0.0% rss=  24.1MB
[interval 53] t=1620.1s msgs=4500489 thr=   150016 msg/s  avg=  4.65 p50=4 p99=17 p999=31 max=62 ms  cpu=  0.0% rss=  28.5MB
[interval 54] t=1650.1s msgs=4500146 thr=   150005 msg/s  avg=  4.75 p50=4 p99=18 p999=36 max=134 ms  cpu=  0.0% rss=  29.0MB
[interval 55] t=1680.1s msgs=4500307 thr=   150010 msg/s  avg=  4.65 p50=4 p99=17 p999=31 max=56 ms  cpu=  0.0% rss=  24.6MB
[interval 56] t=1710.1s msgs=4500139 thr=   150005 msg/s  avg=  4.69 p50=4 p99=17 p999=30 max=54 ms  cpu=  0.0% rss=  24.6MB
[interval 57] t=1740.1s msgs=4500440 thr=   150014 msg/s  avg=  4.62 p50=4 p99=16 p999=28 max=59 ms  cpu=  0.0% rss=  24.6MB
[interval 58] t=1770.1s msgs=4500328 thr=   150010 msg/s  avg=  4.74 p50=4 p99=18 p999=33 max=94 ms  cpu=  0.0% rss=  29.0MB

Loop breakdown over 14525804 polls: poll().await=99.9%  per-record processing=0.1%  (avg 19 records/poll)
Records/poll distribution (non-empty polls, post-warmup): n=12788850 min=4 mean=21.1 p50=14 p99=98 max=500

======================================================================
SUMMARY — Rust Kafka Consumer (warmup 36000000 excluded)
======================================================================
Measured messages: 270000352
Duration:          1800.00 s
Throughput:        150000 msg/s  (292.97 MiB/s)
E2E latency (ms):  min=1 avg=5.91 stddev=4.26 p50=5 p90=10 p95=13 p99=23 p99.9=39 max=272
RSS (MB, current): avg=25.9 min=15.9 max=29.0
======================================================================

Results written to: /home/ec2-user/bench/mbatch_intel/R-36p-metrics_res/consumer-perf-1782157843463
