======================================================================
Consumer E2E Latency Benchmark - librdkafka (native C)
======================================================================
Bootstrap:   pkc-devcozvdmy.us-east-1.aws.devel.cpdev.cloud:9092
Topic:       cmp-bench-200p
Group:       RDK-200p-stats-1782159890
Throughput:  300000 msg/s
Duration:    1800 s (after warmup)
Msg size:    1024 bytes
Warmup:      36000000 messages
Interval:    30 s
rdkafka ver: 2.13.0
======================================================================

>>> Subscribed; waiting for partition assignment (group.protocol=consumer)...
%6|1782159890.424|GETSUBSCRIPTIONS|librdkafka-perf-c#consumer-1| [thrd:main]: Telemetry client instance id changed from AAAAAAAAAAAAAAAAAAAAAA to 3w44fRq7QWKF68Kz2LPpyQ
    assigned 200 partition(s)
    assigned after 1.0s
>>> Settling to the live edge (polling until empty) before producer...
    at live edge; starting producer now.

>>> Measuring (warmup 36000000 msgs, then 1800 s)...

>>> first records arrived 44.2s after producer start
    warmup complete (36000000 msgs); measuring now
[interval 0] t=  30.0s msgs=4499589 thr=   149986 msg/s  avg=  4.58 p50=4 p99=18 p999=30 max=115 ms  cpu=127.1% rss=  35.4MB
[interval 1] t=  60.0s msgs=4500597 thr=   150020 msg/s  avg=  4.73 p50=4 p99=19 p999=33 max=57 ms  cpu=147.4% rss=  39.8MB
[interval 2] t=  90.0s msgs=4500290 thr=   150010 msg/s  avg=  4.56 p50=4 p99=18 p999=29 max=110 ms  cpu=149.0% rss=  39.8MB
[interval 3] t= 120.0s msgs=4499643 thr=   149988 msg/s  avg=  4.84 p50=4 p99=21 p999=40 max=267 ms  cpu=146.6% rss=  42.1MB
[interval 4] t= 150.0s msgs=4499773 thr=   149992 msg/s  avg=  4.66 p50=4 p99=19 p999=51 max=142 ms  cpu=147.7% rss=  45.0MB
[interval 5] t= 180.0s msgs=4500626 thr=   150021 msg/s  avg=  4.85 p50=4 p99=20 p999=39 max=231 ms  cpu=147.2% rss=  47.3MB
[interval 6] t= 210.0s msgs=4500181 thr=   150006 msg/s  avg=  4.49 p50=4 p99=17 p999=30 max=52 ms  cpu=148.7% rss=  47.3MB
[interval 7] t= 240.0s msgs=4500138 thr=   150005 msg/s  avg=  4.76 p50=4 p99=20 p999=35 max=78 ms  cpu=146.7% rss=  47.3MB
[interval 8] t= 270.0s msgs=4499882 thr=   149996 msg/s  avg=  4.57 p50=4 p99=18 p999=31 max=53 ms  cpu=147.0% rss=  47.3MB
[interval 9] t= 300.0s msgs=4499841 thr=   149995 msg/s  avg=  4.56 p50=4 p99=18 p999=30 max=61 ms  cpu=147.7% rss=  47.3MB
[interval 10] t= 330.0s msgs=4500413 thr=   150013 msg/s  avg=  4.78 p50=4 p99=20 p999=33 max=107 ms  cpu=147.0% rss=  47.3MB
[interval 11] t= 360.0s msgs=4500285 thr=   150009 msg/s  avg=  4.52 p50=4 p99=18 p999=29 max=54 ms  cpu=147.6% rss=  47.3MB
[interval 12] t= 390.0s msgs=4499667 thr=   149989 msg/s  avg=  4.77 p50=4 p99=20 p999=34 max=57 ms  cpu=147.4% rss=  47.3MB
[interval 13] t= 420.0s msgs=4500400 thr=   150013 msg/s  avg=  4.48 p50=4 p99=18 p999=29 max=106 ms  cpu=149.9% rss=  47.3MB
[interval 14] t= 450.0s msgs=4499923 thr=   149997 msg/s  avg=  4.97 p50=4 p99=22 p999=56 max=127 ms  cpu=146.6% rss=  51.9MB
[interval 15] t= 480.0s msgs=4500317 thr=   150010 msg/s  avg=  4.52 p50=4 p99=17 p999=28 max=132 ms  cpu=147.3% rss=  51.9MB
[interval 16] t= 510.0s msgs=4499741 thr=   149991 msg/s  avg=  4.70 p50=4 p99=19 p999=33 max=73 ms  cpu=147.4% rss=  52.2MB
[interval 17] t= 540.0s msgs=4500085 thr=   150002 msg/s  avg=  4.46 p50=4 p99=18 p999=28 max=66 ms  cpu=148.5% rss=  52.2MB
[interval 18] t= 570.0s msgs=4500283 thr=   150008 msg/s  avg=  4.59 p50=4 p99=19 p999=31 max=59 ms  cpu=148.2% rss=  52.2MB
[interval 19] t= 600.0s msgs=4500326 thr=   150009 msg/s  avg=  4.72 p50=4 p99=20 p999=35 max=214 ms  cpu=148.9% rss=  53.2MB
[interval 20] t= 630.0s msgs=4499967 thr=   149998 msg/s  avg=  4.56 p50=4 p99=18 p999=30 max=234 ms  cpu=149.2% rss=  55.3MB
[interval 21] t= 660.0s msgs=4498991 thr=   149966 msg/s  avg=  4.72 p50=4 p99=19 p999=32 max=106 ms  cpu=147.6% rss=  55.3MB
[interval 22] t= 690.0s msgs=4501001 thr=   150033 msg/s  avg=  4.53 p50=4 p99=18 p999=30 max=61 ms  cpu=148.7% rss=  55.3MB
[interval 23] t= 720.0s msgs=4499802 thr=   149993 msg/s  avg=  4.81 p50=4 p99=20 p999=36 max=230 ms  cpu=148.3% rss=  56.3MB
[interval 24] t= 750.0s msgs=4500581 thr=   150019 msg/s  avg=  4.61 p50=4 p99=19 p999=52 max=152 ms  cpu=148.9% rss=  58.9MB
[interval 25] t= 780.0s msgs=4500070 thr=   150002 msg/s  avg=  4.66 p50=4 p99=19 p999=33 max=143 ms  cpu=148.5% rss=  58.9MB
[interval 26] t= 810.0s msgs=4499736 thr=   149991 msg/s  avg=  4.55 p50=4 p99=18 p999=30 max=56 ms  cpu=149.3% rss=  58.9MB
[interval 27] t= 840.0s msgs=4500543 thr=   150018 msg/s  avg=  4.56 p50=4 p99=18 p999=31 max=56 ms  cpu=148.4% rss=  58.9MB
[interval 28] t= 870.0s msgs=4499876 thr=   149996 msg/s  avg=  4.66 p50=4 p99=19 p999=31 max=54 ms  cpu=147.9% rss=  58.9MB
[interval 29] t= 900.0s msgs=4500241 thr=   150008 msg/s  avg=  4.48 p50=4 p99=18 p999=32 max=123 ms  cpu=149.7% rss=  58.9MB
[interval 30] t= 930.0s msgs=4499952 thr=   149998 msg/s  avg=  4.78 p50=4 p99=20 p999=33 max=110 ms  cpu=147.5% rss=  58.9MB
[interval 31] t= 960.0s msgs=4500057 thr=   150002 msg/s  avg=  4.47 p50=4 p99=18 p999=29 max=59 ms  cpu=148.3% rss=  58.9MB
[interval 32] t= 990.0s msgs=4500172 thr=   150006 msg/s  avg=  4.75 p50=4 p99=20 p999=33 max=114 ms  cpu=147.4% rss=  59.4MB
[interval 33] t=1020.0s msgs=4500282 thr=   150009 msg/s  avg=  4.54 p50=4 p99=19 p999=34 max=108 ms  cpu=148.7% rss=  59.4MB
[interval 34] t=1050.0s msgs=4499799 thr=   149993 msg/s  avg=  4.68 p50=4 p99=19 p999=41 max=129 ms  cpu=148.3% rss=  59.9MB
[interval 35] t=1080.0s msgs=4500281 thr=   150009 msg/s  avg=  4.53 p50=4 p99=19 p999=32 max=108 ms  cpu=148.0% rss=  59.9MB
[interval 36] t=1110.0s msgs=4499973 thr=   149999 msg/s  avg=  4.60 p50=4 p99=19 p999=31 max=57 ms  cpu=148.2% rss=  59.9MB
[interval 37] t=1140.0s msgs=4500200 thr=   150006 msg/s  avg=  4.66 p50=4 p99=19 p999=33 max=110 ms  cpu=147.9% rss=  59.9MB
[interval 38] t=1170.0s msgs=4500127 thr=   149998 msg/s  avg=  4.42 p50=4 p99=17 p999=30 max=57 ms  cpu=148.7% rss=  59.9MB
[interval 39] t=1200.0s msgs=4499826 thr=   149993 msg/s  avg=  4.65 p50=4 p99=19 p999=31 max=58 ms  cpu=147.5% rss=  59.9MB
[interval 40] t=1230.0s msgs=4500504 thr=   150017 msg/s  avg=  4.58 p50=4 p99=18 p999=30 max=70 ms  cpu=149.6% rss=  60.2MB
[interval 41] t=1260.0s msgs=4499914 thr=   149997 msg/s  avg=  4.62 p50=4 p99=19 p999=30 max=47 ms  cpu=148.0% rss=  60.2MB
[interval 42] t=1290.0s msgs=4500146 thr=   150004 msg/s  avg=  4.58 p50=4 p99=19 p999=34 max=117 ms  cpu=147.3% rss=  60.2MB
[interval 43] t=1320.0s msgs=4500277 thr=   150009 msg/s  avg=  4.70 p50=4 p99=19 p999=35 max=224 ms  cpu=148.1% rss=  61.2MB
[interval 44] t=1350.0s msgs=4499950 thr=   149998 msg/s  avg=  4.64 p50=4 p99=19 p999=42 max=158 ms  cpu=148.7% rss=  62.3MB
[interval 45] t=1380.0s msgs=4500064 thr=   150001 msg/s  avg=  4.53 p50=4 p99=18 p999=31 max=113 ms  cpu=149.4% rss=  62.3MB
[interval 46] t=1410.0s msgs=4499993 thr=   149999 msg/s  avg=  4.62 p50=4 p99=19 p999=32 max=60 ms  cpu=148.2% rss=  62.3MB
[interval 47] t=1440.0s msgs=4500198 thr=   150007 msg/s  avg=  4.48 p50=4 p99=18 p999=30 max=110 ms  cpu=149.0% rss=  62.3MB
[interval 48] t=1470.0s msgs=4499763 thr=   149992 msg/s  avg=  4.68 p50=4 p99=19 p999=32 max=77 ms  cpu=147.3% rss=  62.3MB
[interval 49] t=1500.0s msgs=4500402 thr=   150013 msg/s  avg=  4.47 p50=4 p99=18 p999=30 max=115 ms  cpu=148.4% rss=  62.3MB
[interval 50] t=1530.0s msgs=4500215 thr=   150007 msg/s  avg=  4.68 p50=4 p99=19 p999=32 max=225 ms  cpu=147.9% rss=  62.3MB
[interval 51] t=1560.0s msgs=4500041 thr=   150001 msg/s  avg=  4.54 p50=4 p99=19 p999=33 max=115 ms  cpu=149.0% rss=  62.3MB
[interval 52] t=1590.0s msgs=4499577 thr=   149986 msg/s  avg=  4.64 p50=4 p99=19 p999=32 max=78 ms  cpu=147.6% rss=  62.3MB
[interval 53] t=1620.0s msgs=4500538 thr=   150017 msg/s  avg=  4.53 p50=4 p99=18 p999=33 max=104 ms  cpu=149.3% rss=  62.3MB
[interval 54] t=1650.0s msgs=4499963 thr=   149999 msg/s  avg=  4.64 p50=4 p99=19 p999=44 max=150 ms  cpu=148.0% rss=  62.5MB
[interval 55] t=1680.0s msgs=4500277 thr=   150009 msg/s  avg=  4.63 p50=4 p99=19 p999=33 max=71 ms  cpu=148.3% rss=  62.5MB
[interval 56] t=1710.0s msgs=4499943 thr=   149998 msg/s  avg=  4.52 p50=4 p99=18 p999=30 max=53 ms  cpu=148.2% rss=  62.5MB
[interval 57] t=1740.0s msgs=4497911 thr=   149930 msg/s  avg=  4.63 p50=4 p99=18 p999=31 max=94 ms  cpu=148.2% rss=  62.5MB
[interval 58] t=1770.0s msgs=4502491 thr=   150083 msg/s  avg=  4.58 p50=4 p99=19 p999=32 max=59 ms  cpu=149.0% rss=  62.5MB

======================================================================
SUMMARY - librdkafka-c (warmup 36000000 excluded, group.protocol=consumer)
======================================================================
Measured messages: 269999908
Duration:          1800.00 s
Throughput:        150000 msg/s  (146.48 MiB/s)
Batch consume:     max_poll_records=500, 305999908 non-empty batches, 305999908 records, avg 1.0 records/batch
Records/batch dist (post-warmup): n=269999908 min=1 mean=1.0 p50=1 p99=1 max=1
E2E latency (ms):  min=1 avg=4.62 stddev=3.30 p50=4 p90=7 p95=10 p99=19 p99.9=33 max=267
RSS (MB, current):  avg=55.8 min=35.4 max=62.5 (59 samples)
======================================================================

Results written to: /home/ec2-user/bench/mbatch_intel/RDK-200p-stats_res/RDK-200p-stats-1782159890
