======================================================================
Consumer E2E Latency Benchmark - librdkafka (native C)
======================================================================
Bootstrap:   pkc-devcozvdmy.us-east-1.aws.devel.cpdev.cloud:9092
Topic:       cmp-bench-36p
Group:       rdk1p-1782808827
Throughput:  300000 msg/s
Duration:    900 s (after warmup)
Msg size:    1024 bytes
Warmup:      18000000 messages
Interval:    30 s
rdkafka ver: 2.13.0
======================================================================

>>> Subscribed; waiting for partition assignment (group.protocol=consumer)...
%6|1782808828.144|GETSUBSCRIPTIONS|librdkafka-perf-c#consumer-1| [thrd:main]: Telemetry client instance id changed from AAAAAAAAAAAAAAAAAAAAAA to DdN1kRuQSdSOcQmQdFkbyg
    assigned 36 partition(s)
    assigned after 1.0s
>>> Settling to the live edge (polling until empty) before producer...
    at live edge; starting producer now.

>>> Measuring (warmup 18000000 msgs, then 900 s)...

>>> first records arrived 44.3s after producer start
    warmup complete (18000000 msgs); measuring now
[interval 0] t=  30.0s msgs=4489734 thr=   149658 msg/s  avg=  3.73 p50=3 p99=15 p999=49 max=140 ms  cpu= 65.8% rss=  36.4MB
[interval 1] t=  60.0s msgs=4518445 thr=   150615 msg/s  avg=  3.74 p50=3 p99=15 p999=30 max=91 ms  cpu= 85.9% rss=  41.3MB
[interval 2] t=  90.0s msgs=4507278 thr=   150242 msg/s  avg=  3.83 p50=3 p99=16 p999=36 max=62 ms  cpu= 86.0% rss=  41.6MB
[interval 3] t= 120.0s msgs=4498356 thr=   149945 msg/s  avg= 25.09 p50=3 p99=20 p999=5562 max=6623 ms  cpu= 85.3% rss=  42.9MB
[interval 4] t= 150.0s msgs=4497512 thr=   149916 msg/s  avg=  3.73 p50=3 p99=14 p999=29 max=70 ms  cpu= 85.9% rss=  43.1MB
[interval 5] t= 180.0s msgs=4503114 thr=   150103 msg/s  avg=  3.76 p50=3 p99=15 p999=30 max=72 ms  cpu= 85.5% rss=  43.4MB
[interval 6] t= 210.0s msgs=4501209 thr=   150040 msg/s  avg=  3.73 p50=3 p99=14 p999=25 max=62 ms  cpu= 85.6% rss=  43.4MB
[interval 7] t= 240.0s msgs=4500060 thr=   150002 msg/s  avg=  3.71 p50=3 p99=14 p999=25 max=55 ms  cpu= 86.1% rss=  43.6MB
[interval 8] t= 270.0s msgs=4472787 thr=   149093 msg/s  avg=  3.75 p50=3 p99=15 p999=27 max=59 ms  cpu= 85.4% rss=  43.9MB
[interval 9] t= 300.0s msgs=4527522 thr=   150917 msg/s  avg=  3.79 p50=3 p99=15 p999=29 max=112 ms  cpu= 86.4% rss=  44.4MB
[interval 10] t= 330.0s msgs=4499677 thr=   149989 msg/s  avg=  3.81 p50=3 p99=15 p999=37 max=128 ms  cpu= 86.7% rss=  48.5MB
[interval 11] t= 360.0s msgs=4477949 thr=   149265 msg/s  avg=  3.69 p50=3 p99=14 p999=24 max=54 ms  cpu= 86.0% rss=  48.5MB
[interval 12] t= 390.0s msgs=4522000 thr=   150733 msg/s  avg=  3.70 p50=3 p99=14 p999=26 max=60 ms  cpu= 86.5% rss=  48.5MB
[interval 13] t= 420.0s msgs=4500447 thr=   150014 msg/s  avg=  3.80 p50=3 p99=15 p999=30 max=55 ms  cpu= 86.7% rss=  48.5MB
[interval 14] t= 450.0s msgs=4500013 thr=   150000 msg/s  avg=  3.70 p50=3 p99=14 p999=26 max=62 ms  cpu= 86.7% rss=  48.5MB
[interval 15] t= 480.0s msgs=4500034 thr=   150000 msg/s  avg=  3.70 p50=3 p99=14 p999=24 max=63 ms  cpu= 86.7% rss=  48.5MB
[interval 16] t= 510.0s msgs=4500048 thr=   150002 msg/s  avg=  3.73 p50=3 p99=14 p999=27 max=61 ms  cpu= 86.8% rss=  48.8MB
[interval 17] t= 540.0s msgs=4495134 thr=   149837 msg/s  avg=  3.70 p50=3 p99=14 p999=26 max=55 ms  cpu= 85.7% rss=  48.8MB
[interval 18] t= 570.0s msgs=4505004 thr=   150164 msg/s  avg=  3.76 p50=3 p99=14 p999=26 max=278 ms  cpu= 86.8% rss=  48.8MB
[interval 19] t= 600.0s msgs=4496548 thr=   149885 msg/s  avg=  3.71 p50=3 p99=14 p999=26 max=53 ms  cpu= 86.5% rss=  48.8MB
[interval 20] t= 630.0s msgs=4498947 thr=   149965 msg/s  avg=  3.76 p50=3 p99=14 p999=30 max=134 ms  cpu= 86.3% rss=  51.1MB
[interval 21] t= 660.0s msgs=4504446 thr=   150148 msg/s  avg=  3.73 p50=3 p99=14 p999=27 max=46 ms  cpu= 86.2% rss=  51.1MB
[interval 22] t= 690.0s msgs=4500048 thr=   150001 msg/s  avg=  3.71 p50=3 p99=14 p999=26 max=47 ms  cpu= 86.6% rss=  51.1MB
[interval 23] t= 720.0s msgs=4499971 thr=   149999 msg/s  avg=  3.72 p50=3 p99=14 p999=25 max=75 ms  cpu= 87.0% rss=  51.1MB
[interval 24] t= 750.0s msgs=4499747 thr=   149991 msg/s  avg=  3.74 p50=3 p99=14 p999=26 max=71 ms  cpu= 86.4% rss=  51.1MB
[interval 25] t= 780.0s msgs=4500622 thr=   150020 msg/s  avg=  3.71 p50=3 p99=14 p999=26 max=57 ms  cpu= 86.6% rss=  51.1MB
[interval 26] t= 810.0s msgs=4487546 thr=   149585 msg/s  avg=  3.72 p50=3 p99=15 p999=27 max=56 ms  cpu= 85.6% rss=  51.1MB
[interval 27] t= 840.0s msgs=4510618 thr=   150354 msg/s  avg=  3.66 p50=3 p99=14 p999=24 max=107 ms  cpu= 86.1% rss=  51.1MB
[interval 28] t= 870.0s msgs=4501721 thr=   150057 msg/s  avg=  3.69 p50=3 p99=14 p999=25 max=75 ms  cpu= 86.6% rss=  51.1MB

======================================================================
SUMMARY - librdkafka-c (warmup 18000000 excluded, group.protocol=consumer)
======================================================================
Measured messages: 135005105
Duration:          900.00 s
Throughput:        150006 msg/s  (146.49 MiB/s)
Batch consume:     max_poll_records=500, 153005105 non-empty batches, 153005105 records, avg 1.0 records/batch
Records/batch dist (post-warmup): n=135005105 min=1 mean=1.0 p50=1 p99=1 max=1
E2E latency (ms):  min=1 avg=4.44 stddev=55.97 p50=3 p90=5 p95=7 p99=14 p99.9=29 max=6623
RSS (MB, current):  avg=47.2 min=36.4 max=51.1 (29 samples)
======================================================================

Results written to: /home/ec2-user/run30_3way/rdk_1prod/rdk1p-1782808827
