======================================================================
Consumer E2E Latency Benchmark — Rust Kafka Consumer
======================================================================
Bootstrap:   pkc-devcozvdmy.us-east-1.aws.devel.cpdev.cloud:9092
Topic:       cmp-bench-36p
Group:       rust_improved-1782806310
Throughput:  50000 msg/s
Duration:    1800 s (after warmup)
Msg size:    1024 bytes
Warmup:      36000000 messages
Interval:    30 s
======================================================================
>>> Ensuring topic 'cmp-bench-36p' (8 partitions)...
    WARN: could not run /home/ec2-user/dev/opensource/kafka/bin/kafka-topics.sh: No such file or directory (os error 2) (continuing)
Offset reset: latest
Client config: loaded /home/ec2-user/cc.properties (SASL/SSL etc.)
Fetch config: fetch.min.bytes=1 fetch.max.wait.ms=default max.partition.fetch.bytes=1048576 fetch.max.bytes=default max.poll.records=500

>>> Subscribed; waiting for partition assignment (KIP-848 join)...
    assigned 36 partition(s) after 0.5s
>>> --no-produce: drive the producer externally now.

>>> Measuring (warmup 36000000 msgs, then 1800 s)...

>>> first records arrived 45.8s after producer start (after 92 polls)
    warmup complete (36000000 msgs); measuring now
[interval 0] t=  30.0s msgs=4499976 thr=   149999 msg/s  avg=  4.43 p50=4 p99=17 p999=45 max=158 ms  cpu=  0.0% rss=  30.8MB
[interval 1] t=  60.0s msgs=4500335 thr=   150011 msg/s  avg=  4.35 p50=4 p99=17 p999=30 max=60 ms  cpu=  0.0% rss=  31.0MB
[interval 2] t=  90.0s msgs=4500185 thr=   150005 msg/s  avg=  4.33 p50=4 p99=16 p999=28 max=56 ms  cpu=  0.0% rss=  31.7MB
[interval 3] t= 120.0s msgs=4500230 thr=   150007 msg/s  avg=  4.42 p50=4 p99=17 p999=31 max=62 ms  cpu=  0.0% rss=  32.0MB
[interval 4] t= 150.0s msgs=4500300 thr=   150009 msg/s  avg=  4.34 p50=4 p99=16 p999=29 max=62 ms  cpu=  0.0% rss=  35.6MB
[interval 5] t= 180.0s msgs=4500237 thr=   150007 msg/s  avg=  4.35 p50=4 p99=16 p999=29 max=109 ms  cpu=  0.0% rss=  39.5MB
[interval 6] t= 210.0s msgs=4500202 thr=   150006 msg/s  avg=  4.38 p50=4 p99=17 p999=30 max=68 ms  cpu=  0.0% rss=  39.5MB
[interval 7] t= 240.0s msgs=4499901 thr=   149997 msg/s  avg=  4.36 p50=4 p99=16 p999=30 max=81 ms  cpu=  0.0% rss=  39.5MB
[interval 8] t= 270.0s msgs=4500468 thr=   150015 msg/s  avg=  4.33 p50=4 p99=16 p999=29 max=221 ms  cpu=  0.0% rss=  39.5MB
[interval 9] t= 300.0s msgs=4500104 thr=   150003 msg/s  avg=  4.32 p50=4 p99=16 p999=29 max=102 ms  cpu=  0.0% rss=  39.5MB
[interval 10] t= 330.0s msgs=4500237 thr=   150008 msg/s  avg=  4.41 p50=4 p99=17 p999=46 max=155 ms  cpu=  0.0% rss=  39.5MB
[interval 11] t= 360.0s msgs=4500181 thr=   150006 msg/s  avg=  4.36 p50=4 p99=16 p999=29 max=52 ms  cpu=  0.0% rss=  39.5MB
[interval 12] t= 390.0s msgs=4500111 thr=   150003 msg/s  avg=  4.32 p50=4 p99=16 p999=28 max=62 ms  cpu=  0.0% rss=  39.5MB
[interval 13] t= 420.0s msgs=4500244 thr=   150008 msg/s  avg=  4.33 p50=4 p99=16 p999=29 max=56 ms  cpu=  0.0% rss=  39.5MB
[interval 14] t= 450.0s msgs=4500188 thr=   150006 msg/s  avg=  4.35 p50=4 p99=16 p999=30 max=63 ms  cpu=  0.0% rss=  39.5MB
[interval 15] t= 480.0s msgs=4500083 thr=   150003 msg/s  avg=  4.38 p50=4 p99=17 p999=30 max=121 ms  cpu=  0.0% rss=  39.5MB
[interval 16] t= 510.0s msgs=4500188 thr=   150006 msg/s  avg=  4.36 p50=4 p99=16 p999=31 max=107 ms  cpu=  0.0% rss=  39.5MB
[interval 17] t= 540.0s msgs=4500209 thr=   150007 msg/s  avg=  4.35 p50=4 p99=16 p999=30 max=108 ms  cpu=  0.0% rss=  39.5MB
[interval 18] t= 570.0s msgs=4500146 thr=   150005 msg/s  avg=  4.32 p50=4 p99=16 p999=30 max=57 ms  cpu=  0.0% rss=  39.5MB
[interval 19] t= 600.0s msgs=4500237 thr=   150008 msg/s  avg=  4.36 p50=4 p99=16 p999=28 max=127 ms  cpu=  0.0% rss=  39.5MB
[interval 20] t= 630.0s msgs=4500167 thr=   150006 msg/s  avg=  4.44 p50=4 p99=17 p999=58 max=146 ms  cpu=  0.0% rss=  39.5MB
[interval 21] t= 660.0s msgs=4500048 thr=   150001 msg/s  avg=  4.40 p50=4 p99=17 p999=32 max=61 ms  cpu=  0.0% rss=  39.5MB
[interval 22] t= 690.0s msgs=4500321 thr=   150010 msg/s  avg=  4.31 p50=4 p99=16 p999=29 max=73 ms  cpu=  0.0% rss=  39.5MB
[interval 23] t= 720.0s msgs=4500139 thr=   150004 msg/s  avg=  4.38 p50=4 p99=16 p999=30 max=56 ms  cpu=  0.0% rss=  39.5MB
[interval 24] t= 750.0s msgs=4499908 thr=   149997 msg/s  avg=  4.34 p50=4 p99=16 p999=28 max=47 ms  cpu=  0.0% rss=  39.5MB
[interval 25] t= 780.0s msgs=4500461 thr=   150015 msg/s  avg=  4.36 p50=4 p99=16 p999=28 max=91 ms  cpu=  0.0% rss=  39.5MB
[interval 26] t= 810.0s msgs=4500181 thr=   150006 msg/s  avg=  4.32 p50=4 p99=16 p999=30 max=61 ms  cpu=  0.0% rss=  39.5MB
[interval 27] t= 840.0s msgs=4500111 thr=   150003 msg/s  avg=  4.35 p50=4 p99=16 p999=28 max=98 ms  cpu=  0.0% rss=  39.5MB
[interval 28] t= 870.0s msgs=4500223 thr=   150007 msg/s  avg=  4.34 p50=4 p99=16 p999=28 max=67 ms  cpu=  0.0% rss=  39.5MB
[interval 29] t= 900.0s msgs=4500195 thr=   150006 msg/s  avg=  4.39 p50=4 p99=17 p999=31 max=107 ms  cpu=  0.0% rss=  39.5MB
[interval 30] t= 930.0s msgs=4500181 thr=   150006 msg/s  avg=  4.44 p50=4 p99=17 p999=45 max=163 ms  cpu=  0.0% rss=  39.5MB
[interval 31] t= 960.0s msgs=4499957 thr=   149998 msg/s  avg=  4.31 p50=4 p99=16 p999=29 max=76 ms  cpu=  0.0% rss=  39.5MB
[interval 32] t= 990.0s msgs=4500353 thr=   150011 msg/s  avg=  4.36 p50=4 p99=16 p999=31 max=221 ms  cpu=  0.0% rss=  39.5MB
[interval 33] t=1020.0s msgs=4500209 thr=   150007 msg/s  avg=  4.37 p50=4 p99=16 p999=29 max=62 ms  cpu=  0.0% rss=  39.5MB
[interval 34] t=1050.0s msgs=4500082 thr=   150003 msg/s  avg=  4.30 p50=4 p99=16 p999=29 max=59 ms  cpu=  0.0% rss=  39.5MB
[interval 35] t=1080.0s msgs=4500209 thr=   150007 msg/s  avg=  4.31 p50=4 p99=16 p999=28 max=52 ms  cpu=  0.0% rss=  39.5MB
[interval 36] t=1110.0s msgs=4500202 thr=   150007 msg/s  avg=  4.31 p50=4 p99=16 p999=29 max=102 ms  cpu=  0.0% rss=  39.5MB
[interval 37] t=1140.0s msgs=4500167 thr=   150006 msg/s  avg=  4.32 p50=4 p99=16 p999=30 max=89 ms  cpu=  0.0% rss=  39.5MB
[interval 38] t=1170.0s msgs=4500098 thr=   150003 msg/s  avg=  4.33 p50=4 p99=17 p999=28 max=60 ms  cpu=  0.0% rss=  39.5MB
[interval 39] t=1200.0s msgs=4500321 thr=   150009 msg/s  avg=  4.29 p50=4 p99=16 p999=27 max=118 ms  cpu=  0.0% rss=  39.5MB
[interval 40] t=1230.1s msgs=4500202 thr=   150006 msg/s  avg=  4.45 p50=4 p99=17 p999=48 max=142 ms  cpu=  0.0% rss=  39.5MB
[interval 41] t=1260.1s msgs=4500097 thr=   150003 msg/s  avg=  4.32 p50=4 p99=16 p999=29 max=61 ms  cpu=  0.0% rss=  39.5MB
[interval 42] t=1290.1s msgs=4500155 thr=   150005 msg/s  avg=  4.29 p50=4 p99=16 p999=27 max=60 ms  cpu=  0.0% rss=  39.5MB
[interval 43] t=1320.1s msgs=4500335 thr=   150011 msg/s  avg=  4.37 p50=4 p99=17 p999=29 max=53 ms  cpu=  0.0% rss=  39.5MB
[interval 44] t=1350.1s msgs=4499894 thr=   149996 msg/s  avg=  4.30 p50=4 p99=16 p999=29 max=66 ms  cpu=  0.0% rss=  39.5MB
[interval 45] t=1380.1s msgs=4499887 thr=   149996 msg/s  avg=  4.37 p50=4 p99=16 p999=28 max=114 ms  cpu=  0.0% rss=  39.5MB
[interval 46] t=1410.1s msgs=4500559 thr=   150018 msg/s  avg=  4.33 p50=4 p99=17 p999=36 max=306 ms  cpu=  0.0% rss=  39.5MB
[interval 47] t=1440.1s msgs=4500335 thr=   150011 msg/s  avg=  4.29 p50=4 p99=16 p999=27 max=81 ms  cpu=  0.0% rss=  39.5MB
[interval 48] t=1470.1s msgs=4499514 thr=   149983 msg/s  avg=  4.33 p50=4 p99=17 p999=30 max=112 ms  cpu=  0.0% rss=  39.5MB
[interval 49] t=1500.1s msgs=4500503 thr=   150017 msg/s  avg=  4.30 p50=4 p99=16 p999=29 max=100 ms  cpu=  0.0% rss=  39.5MB
[interval 50] t=1530.1s msgs=4500291 thr=   150010 msg/s  avg=  4.30 p50=4 p99=16 p999=37 max=134 ms  cpu=  0.0% rss=  39.5MB
[interval 51] t=1560.1s msgs=4500314 thr=   150009 msg/s  avg=  4.30 p50=4 p99=16 p999=28 max=51 ms  cpu=  0.0% rss=  39.5MB
[interval 52] t=1590.1s msgs=4500209 thr=   150007 msg/s  avg=  4.26 p50=4 p99=15 p999=27 max=77 ms  cpu=  0.0% rss=  39.5MB
[interval 53] t=1620.1s msgs=4500118 thr=   150004 msg/s  avg=  4.31 p50=4 p99=16 p999=29 max=62 ms  cpu=  0.0% rss=  39.5MB
[interval 54] t=1650.1s msgs=4500237 thr=   150008 msg/s  avg=  4.25 p50=4 p99=15 p999=27 max=53 ms  cpu=  0.0% rss=  39.5MB
[interval 55] t=1680.1s msgs=4500188 thr=   150006 msg/s  avg=  4.32 p50=4 p99=16 p999=29 max=117 ms  cpu=  0.0% rss=  39.5MB
[interval 56] t=1710.1s msgs=4500188 thr=   150006 msg/s  avg=  4.32 p50=4 p99=16 p999=31 max=58 ms  cpu=  0.0% rss=  39.5MB
[interval 57] t=1740.1s msgs=4500118 thr=   150004 msg/s  avg=  4.31 p50=4 p99=16 p999=27 max=99 ms  cpu=  0.0% rss=  39.5MB
[interval 58] t=1770.1s msgs=4500285 thr=   150009 msg/s  avg=  4.31 p50=4 p99=17 p999=31 max=62 ms  cpu=  0.0% rss=  39.5MB

Loop breakdown over 16153025 polls: poll().await=99.9%  per-record processing=0.1%  (avg 17 records/poll)
Records/poll distribution (non-empty polls, post-warmup): n=14281014 min=2 mean=18.9 p50=14 p99=84 max=500

======================================================================
SUMMARY — Rust Kafka Consumer (warmup 36000000 excluded)
======================================================================
Measured messages: 270000146
Duration:          1800.00 s
Throughput:        150000 msg/s  (146.48 MiB/s)
E2E latency (ms):  min=1 avg=4.34 stddev=2.82 p50=4 p90=6 p95=8 p99=16 p99.9=30 max=306
RSS (MB, current): avg=38.8 min=30.8 max=39.5
======================================================================

Results written to: consumer-perf/results/rust_improved-1782806310
