======================================================================
Consumer E2E Latency Benchmark — Rust Kafka Consumer
======================================================================
Bootstrap:   pkc-devcozvdmy.us-east-1.aws.devel.cpdev.cloud:9092
Topic:       cmp-bench-36p
Group:       rust1p-1782809914
Throughput:  50000 msg/s
Duration:    1800 s (after warmup)
Msg size:    1024 bytes
Warmup:      36000000 messages
Interval:    30 s
======================================================================
>>> Ensuring topic 'cmp-bench-36p' (8 partitions)...
    WARN: could not run /home/ec2-user/dev/opensource/kafka/bin/kafka-topics.sh: No such file or directory (os error 2) (continuing)
Offset reset: latest
Client config: loaded /home/ec2-user/cc.properties (SASL/SSL etc.)
Fetch config: fetch.min.bytes=1 fetch.max.wait.ms=default max.partition.fetch.bytes=1048576 fetch.max.bytes=default max.poll.records=500

>>> Subscribed; waiting for partition assignment (KIP-848 join)...
    assigned 36 partition(s) after 0.5s
>>> --no-produce: drive the producer externally now.

>>> Measuring (warmup 36000000 msgs, then 1800 s)...

>>> first records arrived 45.7s after producer start (after 92 polls)
    warmup complete (36000000 msgs); measuring now
[interval 0] t=  30.0s msgs=4803707 thr=   160123 msg/s  avg=  4.55 p50=4 p99=17 p999=63 max=165 ms  cpu=  0.0% rss=  21.0MB
[interval 1] t=  60.0s msgs=4583068 thr=   152768 msg/s  avg=  4.30 p50=4 p99=15 p999=27 max=61 ms  cpu=  0.0% rss=  21.0MB
[interval 2] t=  90.0s msgs=4499887 thr=   149996 msg/s  avg=  4.37 p50=4 p99=16 p999=29 max=61 ms  cpu=  0.0% rss=  21.7MB
[interval 3] t= 120.0s msgs=4500538 thr=   150017 msg/s  avg=  4.41 p50=4 p99=16 p999=31 max=225 ms  cpu=  0.0% rss=  21.7MB
[interval 4] t= 150.0s msgs=4499957 thr=   149998 msg/s  avg=  4.32 p50=4 p99=15 p999=28 max=59 ms  cpu=  0.0% rss=  25.5MB
[interval 5] t= 180.0s msgs=4500342 thr=   150011 msg/s  avg=  4.30 p50=4 p99=16 p999=31 max=115 ms  cpu=  0.0% rss=  29.4MB
[interval 6] t= 210.0s msgs=4500370 thr=   150012 msg/s  avg=  4.28 p50=4 p99=15 p999=26 max=58 ms  cpu=  0.0% rss=  29.4MB
[interval 7] t= 240.0s msgs=4499859 thr=   149995 msg/s  avg=  4.35 p50=4 p99=15 p999=28 max=228 ms  cpu=  0.0% rss=  29.7MB
[interval 8] t= 270.0s msgs=4500202 thr=   150006 msg/s  avg=  4.22 p50=4 p99=15 p999=26 max=49 ms  cpu=  0.0% rss=  29.7MB
[interval 9] t= 300.0s msgs=4500461 thr=   150015 msg/s  avg=  4.22 p50=4 p99=15 p999=27 max=69 ms  cpu=  0.0% rss=  29.7MB
[interval 10] t= 330.0s msgs=4500244 thr=   150008 msg/s  avg=  4.32 p50=4 p99=16 p999=59 max=135 ms  cpu=  0.0% rss=  32.0MB
[interval 11] t= 360.0s msgs=4500223 thr=   150007 msg/s  avg=  4.34 p50=4 p99=15 p999=28 max=115 ms  cpu=  0.0% rss=  32.0MB
[interval 12] t= 390.0s msgs=4499894 thr=   149996 msg/s  avg=  4.23 p50=4 p99=15 p999=29 max=220 ms  cpu=  0.0% rss=  32.0MB
[interval 13] t= 420.0s msgs=4499957 thr=   149999 msg/s  avg=  4.30 p50=4 p99=15 p999=28 max=56 ms  cpu=  0.0% rss=  27.8MB
[interval 14] t= 450.0s msgs=4500412 thr=   150014 msg/s  avg=  4.34 p50=4 p99=15 p999=28 max=236 ms  cpu=  0.0% rss=  28.1MB
[interval 15] t= 480.0s msgs=4500454 thr=   150015 msg/s  avg=  4.27 p50=4 p99=15 p999=27 max=60 ms  cpu=  0.0% rss=  28.1MB
[interval 16] t= 510.0s msgs=4499936 thr=   149998 msg/s  avg=  4.31 p50=4 p99=15 p999=27 max=52 ms  cpu=  0.0% rss=  32.0MB
[interval 17] t= 540.0s msgs=4500412 thr=   150014 msg/s  avg=  4.29 p50=4 p99=15 p999=28 max=59 ms  cpu=  0.0% rss=  32.0MB
[interval 18] t= 570.0s msgs=4500034 thr=   150001 msg/s  avg=  4.29 p50=4 p99=15 p999=26 max=107 ms  cpu=  0.0% rss=  27.8MB
[interval 19] t= 600.0s msgs=4500111 thr=   150004 msg/s  avg=  4.26 p50=4 p99=16 p999=29 max=60 ms  cpu=  0.0% rss=  28.3MB
[interval 20] t= 630.0s msgs=4500545 thr=   150014 msg/s  avg=  4.28 p50=4 p99=15 p999=36 max=130 ms  cpu=  0.0% rss=  28.3MB
[interval 21] t= 660.0s msgs=4500076 thr=   150002 msg/s  avg=  4.30 p50=4 p99=15 p999=26 max=57 ms  cpu=  0.0% rss=  32.0MB
[interval 22] t= 690.0s msgs=4500251 thr=   150008 msg/s  avg=  4.33 p50=4 p99=16 p999=29 max=66 ms  cpu=  0.0% rss=  32.0MB
[interval 23] t= 720.0s msgs=4500006 thr=   150000 msg/s  avg=  4.28 p50=4 p99=15 p999=28 max=60 ms  cpu=  0.0% rss=  32.0MB
[interval 24] t= 750.0s msgs=4500342 thr=   150011 msg/s  avg=  4.26 p50=4 p99=15 p999=26 max=52 ms  cpu=  0.0% rss=  32.0MB
[interval 25] t= 780.0s msgs=4500384 thr=   150013 msg/s  avg=  4.29 p50=4 p99=16 p999=29 max=122 ms  cpu=  0.0% rss=  27.8MB
[interval 26] t= 810.0s msgs=4500286 thr=   150009 msg/s  avg=  4.29 p50=4 p99=15 p999=29 max=117 ms  cpu=  0.0% rss=  28.3MB
[interval 27] t= 840.0s msgs=4499845 thr=   149995 msg/s  avg=  4.33 p50=4 p99=15 p999=27 max=82 ms  cpu=  0.0% rss=  28.3MB
[interval 28] t= 870.0s msgs=4500237 thr=   150007 msg/s  avg=  4.28 p50=4 p99=15 p999=28 max=57 ms  cpu=  0.0% rss=  27.8MB
[interval 29] t= 900.0s msgs=4500167 thr=   150005 msg/s  avg=  4.32 p50=4 p99=15 p999=27 max=141 ms  cpu=  0.0% rss=  28.1MB
[interval 30] t= 930.0s msgs=4500160 thr=   150005 msg/s  avg=  4.38 p50=4 p99=16 p999=60 max=140 ms  cpu=  0.0% rss=  19.9MB
[interval 31] t= 960.0s msgs=4500230 thr=   150007 msg/s  avg=  4.34 p50=4 p99=15 p999=28 max=72 ms  cpu=  0.0% rss=  19.5MB
[interval 32] t= 990.0s msgs=4500237 thr=   150007 msg/s  avg=  4.30 p50=4 p99=15 p999=27 max=231 ms  cpu=  0.0% rss=  20.0MB
[interval 33] t=1020.0s msgs=4499565 thr=   149985 msg/s  avg=  4.28 p50=4 p99=15 p999=28 max=59 ms  cpu=  0.0% rss=  20.0MB
[interval 34] t=1050.0s msgs=4500713 thr=   150023 msg/s  avg=  4.22 p50=4 p99=15 p999=27 max=56 ms  cpu=  0.0% rss=  19.4MB
[interval 35] t=1080.0s msgs=4500104 thr=   150003 msg/s  avg=  4.30 p50=4 p99=16 p999=29 max=95 ms  cpu=  0.0% rss=  19.6MB
[interval 36] t=1110.0s msgs=4500097 thr=   150003 msg/s  avg=  4.24 p50=4 p99=15 p999=28 max=63 ms  cpu=  0.0% rss=  19.6MB
[interval 37] t=1140.1s msgs=4500363 thr=   150012 msg/s  avg=  4.35 p50=4 p99=16 p999=29 max=80 ms  cpu=  0.0% rss=  24.0MB
[interval 38] t=1170.1s msgs=4500384 thr=   150013 msg/s  avg=  4.31 p50=4 p99=15 p999=29 max=66 ms  cpu=  0.0% rss=  24.3MB
[interval 39] t=1200.1s msgs=4500251 thr=   150008 msg/s  avg=  4.34 p50=4 p99=16 p999=27 max=57 ms  cpu=  0.0% rss=  20.0MB
[interval 40] t=1230.1s msgs=4500181 thr=   150006 msg/s  avg=  4.33 p50=4 p99=16 p999=62 max=146 ms  cpu=  0.0% rss=  21.5MB
[interval 41] t=1260.1s msgs=4499789 thr=   149993 msg/s  avg=  4.27 p50=4 p99=15 p999=28 max=65 ms  cpu=  0.0% rss=  21.5MB
[interval 42] t=1290.1s msgs=4500398 thr=   150013 msg/s  avg=  4.31 p50=4 p99=16 p999=27 max=56 ms  cpu=  0.0% rss=  25.1MB
[interval 43] t=1320.1s msgs=4500356 thr=   150011 msg/s  avg=  4.21 p50=4 p99=15 p999=27 max=49 ms  cpu=  0.0% rss=  25.1MB
[interval 44] t=1350.1s msgs=4500174 thr=   150005 msg/s  avg=  4.30 p50=4 p99=15 p999=29 max=115 ms  cpu=  0.0% rss=  21.0MB
[interval 45] t=1380.1s msgs=4496219 thr=   149874 msg/s  avg=  4.28 p50=4 p99=15 p999=26 max=56 ms  cpu=  0.0% rss=  21.6MB
[interval 46] t=1410.1s msgs=4414928 thr=   147164 msg/s  avg=  4.12 p50=4 p99=15 p999=29 max=64 ms  cpu=  0.0% rss=  21.6MB
[interval 47] t=1440.1s msgs=4417287 thr=   147243 msg/s  avg=  4.13 p50=4 p99=15 p999=27 max=56 ms  cpu=  0.0% rss=  25.2MB
[interval 48] t=1470.1s msgs=4672374 thr=   155745 msg/s  avg=  4.29 p50=4 p99=16 p999=30 max=62 ms  cpu=  0.0% rss=  25.2MB
[interval 49] t=1500.1s msgs=4489051 thr=   149635 msg/s  avg=  4.29 p50=4 p99=15 p999=26 max=53 ms  cpu=  0.0% rss=  25.2MB
[interval 50] t=1530.1s msgs=4511171 thr=   150372 msg/s  avg=  4.35 p50=4 p99=15 p999=33 max=124 ms  cpu=  0.0% rss=  26.5MB
[interval 51] t=1560.1s msgs=4500174 thr=   150005 msg/s  avg=  4.33 p50=4 p99=15 p999=27 max=53 ms  cpu=  0.0% rss=  26.5MB
[interval 52] t=1590.1s msgs=4500174 thr=   150005 msg/s  avg=  4.31 p50=4 p99=15 p999=27 max=60 ms  cpu=  0.0% rss=  26.5MB
[interval 53] t=1620.1s msgs=4500199 thr=   150006 msg/s  avg=  4.27 p50=4 p99=15 p999=27 max=58 ms  cpu=  0.0% rss=  26.5MB
[interval 54] t=1650.1s msgs=4500475 thr=   150016 msg/s  avg=  4.21 p50=4 p99=15 p999=25 max=56 ms  cpu=  0.0% rss=  26.5MB
[interval 55] t=1680.1s msgs=4500048 thr=   150002 msg/s  avg=  4.30 p50=4 p99=15 p999=27 max=107 ms  cpu=  0.0% rss=  26.5MB
[interval 56] t=1710.1s msgs=4499999 thr=   150000 msg/s  avg=  4.32 p50=4 p99=15 p999=27 max=58 ms  cpu=  0.0% rss=  26.5MB
[interval 57] t=1740.1s msgs=4500104 thr=   150003 msg/s  avg=  4.28 p50=4 p99=15 p999=27 max=114 ms  cpu=  0.0% rss=  26.5MB
[interval 58] t=1770.1s msgs=4500181 thr=   150006 msg/s  avg=  4.29 p50=4 p99=15 p999=28 max=231 ms  cpu=  0.0% rss=  26.5MB

Loop breakdown over 16520755 polls: poll().await=99.9%  per-record processing=0.1%  (avg 16 records/poll)
Records/poll distribution (non-empty polls, post-warmup): n=14501736 min=4 mean=18.6 p50=14 p99=77 max=500

======================================================================
SUMMARY — Rust Kafka Consumer (warmup 36000000 excluded)
======================================================================
Measured messages: 270386350
Duration:          1800.00 s
Throughput:        150215 msg/s  (146.69 MiB/s)
E2E latency (ms):  min=1 avg=4.30 stddev=2.75 p50=4 p90=6 p95=8 p99=15 p99.9=28 max=236
RSS (MB, current): avg=26.0 min=19.4 max=32.0
======================================================================

Results written to: consumer-perf/results/rust1p-1782809914
