======================================================================
Consumer E2E Latency Benchmark — Rust Kafka Consumer
======================================================================
Bootstrap:   pkc-devcozvdmy.us-east-1.aws.devel.cpdev.cloud:9092
Topic:       cmp-bench-36p
Group:       rust_baseline-1782804214
Throughput:  50000 msg/s
Duration:    1800 s (after warmup)
Msg size:    1024 bytes
Warmup:      36000000 messages
Interval:    30 s
======================================================================
>>> Ensuring topic 'cmp-bench-36p' (8 partitions)...
    WARN: could not run /home/ec2-user/dev/opensource/kafka/bin/kafka-topics.sh: No such file or directory (os error 2) (continuing)
Offset reset: latest
Client config: loaded /home/ec2-user/cc.properties (SASL/SSL etc.)
Fetch config: fetch.min.bytes=1 fetch.max.wait.ms=default max.partition.fetch.bytes=1048576 fetch.max.bytes=default max.poll.records=500

>>> Subscribed; waiting for partition assignment (KIP-848 join)...
    assigned 36 partition(s) after 0.5s
>>> --no-produce: drive the producer externally now.

>>> Measuring (warmup 36000000 msgs, then 1800 s)...

>>> first records arrived 45.8s after producer start (after 92 polls)
    warmup complete (36000000 msgs); measuring now
[interval 0] t=  30.0s msgs=4500071 thr=   150001 msg/s  avg=  4.43 p50=4 p99=16 p999=49 max=154 ms  cpu=  0.0% rss=  33.8MB
[interval 1] t=  60.0s msgs=4500090 thr=   150003 msg/s  avg=  4.41 p50=4 p99=17 p999=32 max=81 ms  cpu=  0.0% rss=  33.8MB
[interval 2] t=  90.0s msgs=4500195 thr=   150006 msg/s  avg=  4.39 p50=4 p99=17 p999=34 max=77 ms  cpu=  0.0% rss=  33.9MB
[interval 3] t= 120.0s msgs=4500244 thr=   150008 msg/s  avg=  4.42 p50=4 p99=16 p999=32 max=73 ms  cpu=  0.0% rss=  33.9MB
[interval 4] t= 150.0s msgs=4500335 thr=   150011 msg/s  avg=  4.36 p50=4 p99=16 p999=29 max=54 ms  cpu=  0.0% rss=  38.3MB
[interval 5] t= 180.0s msgs=4500076 thr=   150002 msg/s  avg=  4.37 p50=4 p99=16 p999=29 max=61 ms  cpu=  0.0% rss=  42.6MB
[interval 6] t= 210.0s msgs=4500286 thr=   150010 msg/s  avg=  4.40 p50=4 p99=17 p999=33 max=98 ms  cpu=  0.0% rss=  42.6MB
[interval 7] t= 240.0s msgs=4500216 thr=   150007 msg/s  avg=  4.43 p50=4 p99=17 p999=31 max=115 ms  cpu=  0.0% rss=  42.6MB
[interval 8] t= 270.0s msgs=4499992 thr=   150000 msg/s  avg=  4.36 p50=4 p99=16 p999=29 max=58 ms  cpu=  0.0% rss=  42.6MB
[interval 9] t= 300.0s msgs=4500384 thr=   150012 msg/s  avg=  4.44 p50=4 p99=16 p999=30 max=106 ms  cpu=  0.0% rss=  42.6MB
[interval 10] t= 330.0s msgs=4500153 thr=   150005 msg/s  avg=  4.54 p50=4 p99=17 p999=54 max=137 ms  cpu=  0.0% rss=  42.6MB
[interval 11] t= 360.0s msgs=4500174 thr=   150006 msg/s  avg=  4.40 p50=4 p99=16 p999=29 max=64 ms  cpu=  0.0% rss=  42.6MB
[interval 12] t= 390.0s msgs=4500230 thr=   150007 msg/s  avg=  4.42 p50=4 p99=17 p999=32 max=78 ms  cpu=  0.0% rss=  42.6MB
[interval 13] t= 420.0s msgs=4500153 thr=   150005 msg/s  avg=  4.38 p50=4 p99=17 p999=30 max=117 ms  cpu=  0.0% rss=  42.6MB
[interval 14] t= 450.0s msgs=4500237 thr=   150007 msg/s  avg=  4.27 p50=4 p99=15 p999=28 max=54 ms  cpu=  0.0% rss=  42.6MB
[interval 15] t= 480.0s msgs=4500202 thr=   150006 msg/s  avg=  4.36 p50=4 p99=16 p999=28 max=119 ms  cpu=  0.0% rss=  42.6MB
[interval 16] t= 510.0s msgs=4499978 thr=   149999 msg/s  avg=  4.33 p50=4 p99=16 p999=31 max=108 ms  cpu=  0.0% rss=  42.6MB
[interval 17] t= 540.0s msgs=4500356 thr=   150012 msg/s  avg=  4.37 p50=4 p99=16 p999=28 max=63 ms  cpu=  0.0% rss=  42.6MB
[interval 18] t= 570.0s msgs=4500125 thr=   150004 msg/s  avg=  4.40 p50=4 p99=17 p999=32 max=98 ms  cpu=  0.0% rss=  42.6MB
[interval 19] t= 600.0s msgs=4500104 thr=   150003 msg/s  avg=  4.40 p50=4 p99=17 p999=31 max=67 ms  cpu=  0.0% rss=  42.6MB
[interval 20] t= 630.0s msgs=4500006 thr=   150000 msg/s  avg=  4.45 p50=4 p99=17 p999=50 max=140 ms  cpu=  0.0% rss=  42.6MB
[interval 21] t= 660.0s msgs=4500321 thr=   150010 msg/s  avg=  4.33 p50=4 p99=16 p999=28 max=67 ms  cpu=  0.0% rss=  42.6MB
[interval 22] t= 690.0s msgs=4500195 thr=   150006 msg/s  avg=  4.38 p50=4 p99=16 p999=29 max=61 ms  cpu=  0.0% rss=  42.6MB
[interval 23] t= 720.0s msgs=4499964 thr=   149999 msg/s  avg=  4.46 p50=4 p99=17 p999=30 max=64 ms  cpu=  0.0% rss=  42.6MB
[interval 24] t= 750.0s msgs=4500447 thr=   150014 msg/s  avg=  4.40 p50=4 p99=16 p999=31 max=109 ms  cpu=  0.0% rss=  42.6MB
[interval 25] t= 780.0s msgs=4500146 thr=   150004 msg/s  avg=  4.39 p50=4 p99=16 p999=29 max=102 ms  cpu=  0.0% rss=  42.6MB
[interval 26] t= 810.0s msgs=4500125 thr=   150004 msg/s  avg=  4.38 p50=4 p99=15 p999=27 max=84 ms  cpu=  0.0% rss=  42.6MB
[interval 27] t= 840.0s msgs=4500314 thr=   150010 msg/s  avg=  4.42 p50=4 p99=17 p999=33 max=111 ms  cpu=  0.0% rss=  42.6MB
[interval 28] t= 870.0s msgs=4500181 thr=   150006 msg/s  avg=  4.40 p50=4 p99=17 p999=32 max=57 ms  cpu=  0.0% rss=  42.6MB
[interval 29] t= 900.0s msgs=4500158 thr=   150005 msg/s  avg=  4.40 p50=4 p99=16 p999=28 max=78 ms  cpu=  0.0% rss=  42.6MB
[interval 30] t= 930.0s msgs=4500216 thr=   150007 msg/s  avg=  4.44 p50=4 p99=17 p999=45 max=154 ms  cpu=  0.0% rss=  42.6MB
[interval 31] t= 960.0s msgs=4500230 thr=   150007 msg/s  avg=  4.39 p50=4 p99=16 p999=29 max=60 ms  cpu=  0.0% rss=  42.6MB
[interval 32] t= 990.0s msgs=4500181 thr=   150005 msg/s  avg=  4.33 p50=4 p99=16 p999=29 max=58 ms  cpu=  0.0% rss=  42.6MB
[interval 33] t=1020.0s msgs=4500244 thr=   150008 msg/s  avg=  4.35 p50=4 p99=16 p999=28 max=64 ms  cpu=  0.0% rss=  42.6MB
[interval 34] t=1050.0s msgs=4500167 thr=   150005 msg/s  avg=  4.36 p50=4 p99=16 p999=31 max=134 ms  cpu=  0.0% rss=  42.9MB
[interval 35] t=1080.0s msgs=4500125 thr=   150004 msg/s  avg=  4.37 p50=4 p99=17 p999=30 max=59 ms  cpu=  0.0% rss=  42.9MB
[interval 36] t=1110.0s msgs=4500111 thr=   150004 msg/s  avg=  4.36 p50=4 p99=16 p999=30 max=107 ms  cpu=  0.0% rss=  47.3MB
[interval 37] t=1140.0s msgs=4500349 thr=   150011 msg/s  avg=  4.37 p50=4 p99=16 p999=30 max=63 ms  cpu=  0.0% rss=  47.3MB
[interval 38] t=1170.0s msgs=4500090 thr=   150003 msg/s  avg=  4.31 p50=4 p99=16 p999=29 max=61 ms  cpu=  0.0% rss=  47.3MB
[interval 39] t=1200.1s msgs=4500287 thr=   150009 msg/s  avg=  4.34 p50=4 p99=16 p999=30 max=93 ms  cpu=  0.0% rss=  47.3MB
[interval 40] t=1230.1s msgs=4500188 thr=   150006 msg/s  avg=  4.44 p50=4 p99=17 p999=51 max=164 ms  cpu=  0.0% rss=  47.3MB
[interval 41] t=1260.1s msgs=4500125 thr=   150004 msg/s  avg=  4.33 p50=4 p99=16 p999=29 max=66 ms  cpu=  0.0% rss=  47.3MB
[interval 42] t=1290.1s msgs=4500146 thr=   150005 msg/s  avg=  4.32 p50=4 p99=16 p999=31 max=58 ms  cpu=  0.0% rss=  47.3MB
[interval 43] t=1320.1s msgs=4500181 thr=   150006 msg/s  avg=  4.33 p50=4 p99=16 p999=29 max=65 ms  cpu=  0.0% rss=  47.3MB
[interval 44] t=1350.1s msgs=4500251 thr=   150008 msg/s  avg=  4.27 p50=4 p99=16 p999=28 max=65 ms  cpu=  0.0% rss=  47.3MB
[interval 45] t=1380.1s msgs=4500125 thr=   150004 msg/s  avg=  4.29 p50=4 p99=16 p999=29 max=60 ms  cpu=  0.0% rss=  47.3MB
[interval 46] t=1410.1s msgs=4500251 thr=   150008 msg/s  avg=  4.34 p50=4 p99=16 p999=30 max=114 ms  cpu=  0.0% rss=  47.3MB
[interval 47] t=1440.1s msgs=4500216 thr=   150006 msg/s  avg=  4.36 p50=4 p99=17 p999=32 max=108 ms  cpu=  0.0% rss=  47.3MB
[interval 48] t=1470.1s msgs=4500188 thr=   150006 msg/s  avg=  4.33 p50=4 p99=16 p999=31 max=118 ms  cpu=  0.0% rss=  47.3MB
[interval 49] t=1500.1s msgs=4500034 thr=   150001 msg/s  avg=  4.30 p50=4 p99=16 p999=28 max=55 ms  cpu=  0.0% rss=  47.3MB
[interval 50] t=1530.1s msgs=4500307 thr=   150010 msg/s  avg=  4.36 p50=4 p99=17 p999=42 max=130 ms  cpu=  0.0% rss=  47.3MB
[interval 51] t=1560.1s msgs=4499267 thr=   149975 msg/s  avg=  5.94 p50=4 p99=31 p999=85 max=294 ms  cpu=  0.0% rss=  47.3MB
[interval 52] t=1590.1s msgs=4500825 thr=   150026 msg/s  avg=  6.11 p50=5 p99=27 p999=48 max=237 ms  cpu=  0.0% rss=  47.3MB
[interval 53] t=1620.1s msgs=4500300 thr=   150009 msg/s  avg=  5.70 p50=5 p99=25 p999=48 max=233 ms  cpu=  0.0% rss=  47.3MB
[interval 54] t=1650.1s msgs=4500181 thr=   150006 msg/s  avg=  9.52 p50=5 p99=23 p999=2846 max=3543 ms  cpu=  0.0% rss=  47.3MB
[interval 55] t=1680.1s msgs=4500069 thr=   150002 msg/s  avg=  5.95 p50=5 p99=25 p999=42 max=105 ms  cpu=  0.0% rss=  47.3MB
[interval 56] t=1710.1s msgs=4500321 thr=   150010 msg/s  avg=  4.52 p50=4 p99=17 p999=30 max=147 ms  cpu=  0.0% rss=  47.3MB
[interval 57] t=1740.1s msgs=4500370 thr=   150012 msg/s  avg=  4.26 p50=4 p99=15 p999=27 max=59 ms  cpu=  0.0% rss=  47.3MB
[interval 58] t=1770.1s msgs=4500181 thr=   150006 msg/s  avg=  4.19 p50=4 p99=15 p999=26 max=60 ms  cpu=  0.0% rss=  47.3MB

Loop breakdown over 15582331 polls: poll().await=99.9%  per-record processing=0.1%  (avg 17 records/poll)
Records/poll distribution (non-empty polls, post-warmup): n=13764142 min=1 mean=19.6 p50=14 p99=84 max=500

======================================================================
SUMMARY — Rust Kafka Consumer (warmup 36000000 excluded)
======================================================================
Measured messages: 269999993
Duration:          1800.00 s
Throughput:        150000 msg/s  (146.48 MiB/s)
E2E latency (ms):  min=1 avg=4.56 stddev=14.34 p50=4 p90=7 p95=9 p99=17 p99.9=33 max=3543
RSS (MB, current): avg=43.8 min=33.8 max=47.3
======================================================================

Results written to: consumer-perf/results/rust_baseline-1782804214
