[2026-06-30T10:09:32Z] RUN rust none
[2026-06-30T10:22:26Z] OK   rust none
[2026-06-30T10:22:26Z] RUN rdk none
[2026-06-30T10:35:20Z] OK   rdk none
[2026-06-30T10:35:20Z] RUN java none
[2026-06-30T10:48:14Z] OK   java none
[2026-06-30T10:48:14Z] RUN rust zstd
[2026-06-30T11:01:09Z] OK   rust zstd
[2026-06-30T11:01:09Z] RUN rdk zstd
[2026-06-30T11:14:02Z] OK   rdk zstd
[2026-06-30T11:14:02Z] RUN java zstd
[2026-06-30T11:26:57Z] OK   java zstd
[2026-06-30T11:26:57Z] RUN rust lz4
[2026-06-30T11:39:51Z] OK   rust lz4
[2026-06-30T11:39:51Z] RUN rdk lz4
[2026-06-30T11:52:45Z] OK   rdk lz4
[2026-06-30T11:52:45Z] RUN java lz4
[2026-06-30T12:05:39Z] OK   java lz4
[2026-06-30T12:05:39Z] RUN rust snappy
[2026-06-30T12:06:46Z] OK   rust snappy
[2026-06-30T12:06:46Z] RUN rdk snappy
[2026-06-30T12:08:54Z] OK   rdk snappy
[2026-06-30T12:08:54Z] RUN java snappy
[2026-06-30T12:09:47Z] FAIL java snappy
[2026-06-30T12:09:47Z] RUN rust gzip
[2026-06-30T12:10:40Z] OK   rust gzip
[2026-06-30T12:10:40Z] RUN rdk gzip
[2026-06-30T12:12:48Z] OK   rdk gzip
[2026-06-30T12:12:48Z] RUN java gzip
[2026-06-30T12:13:41Z] FAIL java gzip
[2026-06-30T12:13:41Z] CCOMP DONE
