Java e2e: bootstrap=pkc-devcg1y1mn.us-east-2.aws.devel.cpdev.cloud:9092 topic=cmp-bench-200p proto=consumer maxPoll=500 fetch.min=4MiB partFetch=4MiB crc=off dur=600s warmup=18000000
subscribed; waiting for assignment/records...
warmup complete (18000000 msgs); measuring 600s now
[interval 0] t=  30.0s msgs=4500132 thr=   150004 msg/s avg= 13.48 p50=13 p99=28 p999=50 max=67 ms rss=1225.5MB
[interval 1] t=  60.0s msgs=4500073 thr=   150002 msg/s avg= 13.49 p50=13 p99=29 p999=59 max=118 ms rss=1225.9MB
[interval 2] t=  90.0s msgs=4500650 thr=   150022 msg/s avg= 13.43 p50=13 p99=28 p999=46 max=122 ms rss=1226.1MB
[interval 3] t= 120.0s msgs=4500255 thr=   149999 msg/s avg= 13.34 p50=13 p99=29 p999=40 max=58 ms rss=1226.4MB
[interval 4] t= 150.0s msgs=4500134 thr=   149999 msg/s avg= 13.43 p50=13 p99=28 p999=38 max=47 ms rss=1226.8MB
[interval 5] t= 180.0s msgs=4500132 thr=   150004 msg/s avg= 13.35 p50=13 p99=28 p999=40 max=73 ms rss=1227.0MB
[interval 6] t= 210.0s msgs=4498233 thr=   149941 msg/s avg= 13.50 p50=13 p99=29 p999=38 max=51 ms rss=1228.1MB
[interval 7] t= 240.0s msgs=4501997 thr=   150062 msg/s avg= 13.23 p50=13 p99=26 p999=35 max=46 ms rss=1228.4MB
[interval 8] t= 270.0s msgs=4500418 thr=   149999 msg/s avg= 13.38 p50=13 p99=27 p999=37 max=52 ms rss=1228.6MB
[interval 9] t= 300.0s msgs=4500494 thr=   150016 msg/s avg= 13.36 p50=13 p99=28 p999=41 max=64 ms rss=1228.8MB
[interval 10] t= 330.0s msgs=4500089 thr=   150003 msg/s avg= 13.44 p50=13 p99=28 p999=40 max=68 ms rss=1229.1MB
[interval 11] t= 360.0s msgs=4499676 thr=   149989 msg/s avg= 13.53 p50=13 p99=30 p999=85 max=127 ms rss=1229.4MB
[interval 12] t= 390.0s msgs=4500542 thr=   150008 msg/s avg= 13.44 p50=13 p99=29 p999=39 max=105 ms rss=1229.6MB
[interval 13] t= 420.0s msgs=4500197 thr=   150007 msg/s avg= 13.42 p50=13 p99=28 p999=38 max=48 ms rss=1229.8MB
[interval 14] t= 450.0s msgs=4500294 thr=   150005 msg/s avg= 13.55 p50=13 p99=29 p999=48 max=135 ms rss=1230.2MB
[interval 15] t= 480.0s msgs=4499425 thr=   149966 msg/s avg= 13.42 p50=13 p99=28 p999=39 max=50 ms rss=1230.5MB
[interval 16] t= 510.0s msgs=4501318 thr=   150044 msg/s avg= 13.39 p50=13 p99=28 p999=37 max=48 ms rss=1230.8MB
[interval 17] t= 540.0s msgs=4500423 thr=   150004 msg/s avg= 13.46 p50=13 p99=28 p999=39 max=241 ms rss=1231.0MB
[interval 18] t= 570.0s msgs=4500136 thr=   150005 msg/s avg= 13.36 p50=13 p99=27 p999=39 max=106 ms rss=1231.2MB
======================================================================
SUMMARY - Java kafka-clients (KIP-848=consumer, warmup 18000000 excluded)
Measured messages: 90000564
Duration:          600.41 s
Throughput:        149898 msg/s  (292.77 MiB/s)
E2E latency (ms):  min=3 avg=13.42 stddev=3.90 p50=13 p90=17 p95=19 p99=28 p99.9=41 max=241
RSS (MB, current): avg=1228.6 min=1225.5 max=1231.2 (19 samples)
{"client":"java","protocol":"consumer","messages":90000564,"duration_s":600.41,"throughput_msg_s":149897.51,"throughput_mib_s":292.77,"lat_min_ms":3,"lat_avg_ms":13.42,"lat_stddev_ms":3.90,"lat_p50_ms":13,"lat_p90_ms":17,"lat_p95_ms":19,"lat_p99_ms":28,"lat_p999_ms":41,"lat_max_ms":241,"rss_avg_mb":1228.6,"rss_min_mb":1225.5,"rss_max_mb":1231.2}
