Java e2e: bootstrap=pkc-devcg1y1mn.us-east-2.aws.devel.cpdev.cloud:9092 topic=cmp-bench-200p proto=consumer maxPoll=500 fetch.min=4MiB partFetch=4MiB crc=off dur=600s warmup=18000000
subscribed; waiting for assignment/records...
warmup complete (18000000 msgs); measuring 600s now
[interval 0] t=  30.0s msgs=4500335 thr=   150006 msg/s avg= 14.67 p50=13 p99=51 p999=229 max=259 ms rss=678.0MB
[interval 1] t=  60.0s msgs=4500136 thr=   150005 msg/s avg= 13.37 p50=13 p99=28 p999=41 max=59 ms rss=679.2MB
[interval 2] t=  90.0s msgs=4500623 thr=   150001 msg/s avg= 13.25 p50=13 p99=30 p999=40 max=56 ms rss=681.4MB
[interval 3] t= 120.0s msgs=4500310 thr=   150000 msg/s avg= 14.22 p50=13 p99=33 p999=225 max=251 ms rss=682.6MB
[interval 4] t= 150.0s msgs=4500651 thr=   150012 msg/s avg= 14.32 p50=13 p99=46 p999=222 max=308 ms rss=684.9MB
[interval 5] t= 180.0s msgs=4500269 thr=   150009 msg/s avg= 13.26 p50=13 p99=27 p999=38 max=101 ms rss=686.0MB
[interval 6] t= 210.0s msgs=4500444 thr=   150015 msg/s avg= 13.33 p50=13 p99=29 p999=48 max=245 ms rss=687.1MB
[interval 7] t= 240.0s msgs=4499805 thr=   149989 msg/s avg= 13.36 p50=13 p99=28 p999=61 max=125 ms rss=688.1MB
[interval 8] t= 270.0s msgs=4500356 thr=   150007 msg/s avg= 13.18 p50=13 p99=28 p999=40 max=77 ms rss=689.3MB
[interval 9] t= 300.0s msgs=4500108 thr=   150004 msg/s avg= 13.45 p50=13 p99=29 p999=39 max=53 ms rss=690.2MB
[interval 10] t= 330.0s msgs=4499717 thr=   149991 msg/s avg= 14.86 p50=13 p99=52 p999=227 max=326 ms rss=691.2MB
[interval 11] t= 360.0s msgs=4500329 thr=   150011 msg/s avg= 13.51 p50=13 p99=28 p999=47 max=132 ms rss=691.5MB
[interval 12] t= 390.0s msgs=4500649 thr=   150012 msg/s avg= 13.32 p50=13 p99=28 p999=41 max=85 ms rss=691.7MB
[interval 13] t= 420.0s msgs=4499739 thr=   149986 msg/s avg= 13.56 p50=13 p99=30 p999=42 max=62 ms rss=691.9MB
[interval 14] t= 450.0s msgs=4500677 thr=   150023 msg/s avg= 15.31 p50=13 p99=116 p999=221 max=250 ms rss=692.2MB
[interval 15] t= 480.0s msgs=4499338 thr=   149978 msg/s avg= 13.38 p50=13 p99=28 p999=40 max=116 ms rss=692.4MB
[interval 16] t= 510.0s msgs=4501209 thr=   150030 msg/s avg= 13.23 p50=13 p99=27 p999=37 max=57 ms rss=692.5MB
[interval 17] t= 540.0s msgs=4500208 thr=   150002 msg/s avg= 13.45 p50=13 p99=30 p999=56 max=117 ms rss=692.7MB
[interval 18] t= 570.0s msgs=4500205 thr=   150007 msg/s avg= 13.28 p50=13 p99=27 p999=39 max=304 ms rss=692.8MB
======================================================================
SUMMARY - Java kafka-clients (KIP-848=consumer, warmup 18000000 excluded)
Measured messages: 90000989
Duration:          600.35 s
Throughput:        149915 msg/s  (292.80 MiB/s)
E2E latency (ms):  min=3 avg=13.68 stddev=8.30 p50=13 p90=17 p95=19 p99=30 p99.9=151 max=326
RSS (MB, current): avg=688.2 min=678.0 max=692.8 (19 samples)
{"client":"java","protocol":"consumer","messages":90000989,"duration_s":600.35,"throughput_msg_s":149915.45,"throughput_mib_s":292.80,"lat_min_ms":3,"lat_avg_ms":13.68,"lat_stddev_ms":8.30,"lat_p50_ms":13,"lat_p90_ms":17,"lat_p95_ms":19,"lat_p99_ms":30,"lat_p999_ms":151,"lat_max_ms":326,"rss_avg_mb":688.2,"rss_min_mb":678.0,"rss_max_mb":692.8}
