======================================================================
Consumer E2E Latency Benchmark - librdkafka (native C)
======================================================================
Bootstrap:   pkc-devcg1y1mn.us-east-2.aws.devel.cpdev.cloud:9092
Topic:       cmp-bench-200p
Group:       rdk_none-1782814946
Throughput:  300000 msg/s
Duration:    600 s (after warmup)
Msg size:    1024 bytes
Warmup:      18000000 messages
Interval:    30 s
rdkafka ver: 2.13.0
======================================================================

>>> Subscribed; waiting for partition assignment (group.protocol=consumer)...
%6|1782814946.705|GETSUBSCRIPTIONS|librdkafka-perf-c#consumer-1| [thrd:main]: Telemetry client instance id changed from AAAAAAAAAAAAAAAAAAAAAA to 7jlkKhpGR2ihEQJD1JgQFQ
    assigned 200 partition(s)
    assigned after 1.0s
>>> Settling to the live edge (polling until empty) before producer...
    at live edge; starting producer now.

>>> Measuring (warmup 18000000 msgs, then 600 s)...

>>> first records arrived 44.2s after producer start
    warmup complete (18000000 msgs); measuring now
[interval 0] t=  30.0s msgs=4499668 thr=   149984 msg/s  avg= 11.66 p50=11 p99=20 p999=33 max=86 ms  cpu= 32.5% rss=  95.8MB
[interval 1] t=  60.0s msgs=4500378 thr=   149996 msg/s  avg= 11.66 p50=11 p99=21 p999=34 max=49 ms  cpu= 42.3% rss= 101.1MB
[interval 2] t=  90.0s msgs=4500834 thr=   150027 msg/s  avg= 11.66 p50=11 p99=21 p999=33 max=42 ms  cpu= 42.3% rss= 102.1MB
[interval 3] t= 120.0s msgs=4499842 thr=   149989 msg/s  avg= 11.70 p50=12 p99=22 p999=36 max=44 ms  cpu= 42.6% rss= 102.6MB
[interval 4] t= 150.0s msgs=4500554 thr=   150017 msg/s  avg= 11.66 p50=12 p99=20 p999=32 max=48 ms  cpu= 43.1% rss= 102.7MB
[interval 5] t= 180.0s msgs=4499860 thr=   149987 msg/s  avg= 11.72 p50=12 p99=24 p999=34 max=49 ms  cpu= 42.4% rss= 103.4MB
[interval 6] t= 210.0s msgs=4500145 thr=   150001 msg/s  avg= 11.70 p50=11 p99=22 p999=35 max=78 ms  cpu= 42.2% rss= 104.5MB
[interval 7] t= 240.0s msgs=4499887 thr=   149991 msg/s  avg= 11.78 p50=11 p99=23 p999=65 max=103 ms  cpu= 42.6% rss= 104.9MB
[interval 8] t= 270.0s msgs=4500167 thr=   150005 msg/s  avg= 11.73 p50=11 p99=23 p999=43 max=119 ms  cpu= 42.1% rss= 106.8MB
[interval 9] t= 300.0s msgs=4500755 thr=   150006 msg/s  avg= 11.72 p50=12 p99=22 p999=35 max=43 ms  cpu= 42.6% rss= 106.8MB
[interval 10] t= 330.0s msgs=4499892 thr=   149994 msg/s  avg= 11.71 p50=12 p99=21 p999=35 max=54 ms  cpu= 42.4% rss= 109.2MB
[interval 11] t= 360.0s msgs=4500164 thr=   150005 msg/s  avg= 11.67 p50=11 p99=21 p999=33 max=42 ms  cpu= 42.5% rss= 110.2MB
[interval 12] t= 390.0s msgs=4500087 thr=   149998 msg/s  avg= 11.76 p50=12 p99=21 p999=34 max=44 ms  cpu= 42.6% rss= 110.6MB
[interval 13] t= 420.0s msgs=4500074 thr=   149995 msg/s  avg= 11.74 p50=12 p99=22 p999=35 max=63 ms  cpu= 42.2% rss= 110.8MB
[interval 14] t= 450.0s msgs=4500120 thr=   149996 msg/s  avg= 11.72 p50=12 p99=20 p999=34 max=118 ms  cpu= 42.5% rss= 111.3MB
[interval 15] t= 480.0s msgs=4500866 thr=   150029 msg/s  avg= 11.78 p50=12 p99=24 p999=35 max=75 ms  cpu= 42.6% rss= 111.3MB
[interval 16] t= 510.0s msgs=4499976 thr=   149985 msg/s  avg= 11.75 p50=12 p99=22 p999=35 max=71 ms  cpu= 42.6% rss= 112.2MB
[interval 17] t= 540.0s msgs=4500448 thr=   150004 msg/s  avg= 11.80 p50=12 p99=24 p999=40 max=104 ms  cpu= 42.6% rss= 112.9MB
[interval 18] t= 570.0s msgs=4499549 thr=   149982 msg/s  avg= 11.68 p50=12 p99=21 p999=33 max=47 ms  cpu= 42.5% rss= 112.9MB

======================================================================
SUMMARY - librdkafka-c (warmup 18000000 excluded, group.protocol=consumer)
======================================================================
Measured messages: 89999586
Duration:          600.00 s
Throughput:        149999 msg/s  (146.48 MiB/s)
Batch consume:     max_poll_records=500, 107999586 non-empty batches, 107999586 records, avg 1.0 records/batch
Records/batch dist (post-warmup): n=89999586 min=1 mean=1.0 p50=1 p99=1 max=1
E2E latency (ms):  min=3 avg=11.72 stddev=3.16 p50=12 p90=15 p95=16 p99=22 p99.9=35 max=119
RSS (MB, current):  avg=107.0 min=95.8 max=112.9 (19 samples)
======================================================================

Results written to: /home/ec2-user/ccomp/rdk_none_d/rdk_none-1782814946
