======================================================================
Consumer E2E Latency Benchmark - librdkafka (native C)
======================================================================
Bootstrap:   pkc-devcg1y1mn.us-east-2.aws.devel.cpdev.cloud:9092
Topic:       cmp-bench-200p
Group:       rdk_lz4-1782819591
Throughput:  300000 msg/s
Duration:    600 s (after warmup)
Msg size:    1024 bytes
Warmup:      18000000 messages
Interval:    30 s
rdkafka ver: 2.13.0
======================================================================

>>> Subscribed; waiting for partition assignment (group.protocol=consumer)...
%6|1782819591.989|GETSUBSCRIPTIONS|librdkafka-perf-c#consumer-1| [thrd:main]: Telemetry client instance id changed from AAAAAAAAAAAAAAAAAAAAAA to GuneVEybRDeKd91kle66mQ
    assigned 200 partition(s)
    assigned after 1.0s
>>> Settling to the live edge (polling until empty) before producer...
    at live edge; starting producer now.

>>> Measuring (warmup 18000000 msgs, then 600 s)...

>>> first records arrived 44.2s after producer start
    warmup complete (18000000 msgs); measuring now
[interval 0] t=  30.0s msgs=4500015 thr=   149996 msg/s  avg= 11.36 p50=11 p99=21 p999=33 max=46 ms  cpu= 34.4% rss= 150.0MB
[interval 1] t=  60.0s msgs=4500061 thr=   150000 msg/s  avg= 11.43 p50=11 p99=23 p999=35 max=71 ms  cpu= 44.3% rss= 158.7MB
[interval 2] t=  90.0s msgs=4500115 thr=   150001 msg/s  avg= 11.33 p50=11 p99=21 p999=41 max=111 ms  cpu= 45.0% rss= 162.7MB
[interval 3] t= 120.0s msgs=4500211 thr=   149993 msg/s  avg= 11.42 p50=11 p99=22 p999=35 max=53 ms  cpu= 44.9% rss= 164.3MB
[interval 4] t= 150.0s msgs=4500582 thr=   150017 msg/s  avg= 11.33 p50=11 p99=22 p999=36 max=59 ms  cpu= 44.6% rss= 167.0MB
[interval 5] t= 180.0s msgs=4499862 thr=   149993 msg/s  avg= 11.38 p50=11 p99=21 p999=32 max=42 ms  cpu= 44.8% rss= 168.5MB
[interval 6] t= 210.0s msgs=4500147 thr=   149994 msg/s  avg= 11.35 p50=11 p99=21 p999=35 max=54 ms  cpu= 44.6% rss= 169.5MB
[interval 7] t= 240.0s msgs=4500205 thr=   150000 msg/s  avg= 11.37 p50=11 p99=21 p999=32 max=50 ms  cpu= 44.6% rss= 170.7MB
[interval 8] t= 270.0s msgs=4499964 thr=   149993 msg/s  avg= 11.36 p50=11 p99=21 p999=35 max=232 ms  cpu= 44.5% rss= 171.9MB
[interval 9] t= 300.0s msgs=4500714 thr=   150018 msg/s  avg= 11.47 p50=11 p99=24 p999=36 max=46 ms  cpu= 44.5% rss= 174.7MB
[interval 10] t= 330.0s msgs=4500422 thr=   150004 msg/s  avg= 11.36 p50=11 p99=21 p999=35 max=60 ms  cpu= 44.3% rss= 175.2MB
[interval 11] t= 360.0s msgs=4500046 thr=   149999 msg/s  avg= 11.43 p50=11 p99=22 p999=35 max=49 ms  cpu= 45.2% rss= 175.9MB
[interval 12] t= 390.0s msgs=4500289 thr=   150009 msg/s  avg= 11.40 p50=11 p99=23 p999=40 max=122 ms  cpu= 44.3% rss= 177.2MB
[interval 13] t= 420.0s msgs=4498776 thr=   149957 msg/s  avg= 11.37 p50=11 p99=21 p999=34 max=47 ms  cpu= 44.6% rss= 177.9MB
[interval 14] t= 450.0s msgs=4500950 thr=   150015 msg/s  avg= 11.34 p50=11 p99=21 p999=34 max=96 ms  cpu= 44.5% rss= 178.1MB
[interval 15] t= 480.0s msgs=4500976 thr=   150030 msg/s  avg= 11.39 p50=11 p99=21 p999=33 max=40 ms  cpu= 45.1% rss= 178.3MB
[interval 16] t= 510.0s msgs=4499962 thr=   149987 msg/s  avg= 11.36 p50=11 p99=21 p999=33 max=48 ms  cpu= 45.2% rss= 179.2MB
[interval 17] t= 540.0s msgs=4500543 thr=   149999 msg/s  avg= 11.45 p50=11 p99=22 p999=34 max=44 ms  cpu= 44.8% rss= 180.3MB
[interval 18] t= 570.0s msgs=4500207 thr=   150005 msg/s  avg= 11.29 p50=11 p99=19 p999=34 max=116 ms  cpu= 44.7% rss= 180.6MB

======================================================================
SUMMARY - librdkafka-c (warmup 18000000 excluded, group.protocol=consumer)
======================================================================
Measured messages: 89999533
Duration:          600.00 s
Throughput:        149999 msg/s  (146.48 MiB/s)
Batch consume:     max_poll_records=500, 107999533 non-empty batches, 107999533 records, avg 1.0 records/batch
Records/batch dist (post-warmup): n=89999533 min=1 mean=1.0 p50=1 p99=1 max=1
E2E latency (ms):  min=3 avg=11.38 stddev=3.29 p50=11 p90=15 p95=16 p99=21 p99.9=34 max=232
RSS (MB, current):  avg=171.6 min=150.0 max=180.6 (19 samples)
======================================================================

Results written to: /home/ec2-user/ccomp/rdk_lz4_d/rdk_lz4-1782819591
