======================================================================
Consumer E2E Latency Benchmark — Rust Kafka Consumer
======================================================================
Bootstrap:   pkc-devcg1y1mn.us-east-2.aws.devel.cpdev.cloud:9092
Topic:       cmp-bench-200p
Group:       rust_none-1782814172
Throughput:  50000 msg/s
Duration:    600 s (after warmup)
Msg size:    1024 bytes
Warmup:      18000000 messages
Interval:    30 s
======================================================================
>>> Ensuring topic 'cmp-bench-200p' (8 partitions)...
    WARN: could not run /home/ec2-user/dev/opensource/kafka/bin/kafka-topics.sh: No such file or directory (os error 2) (continuing)
Offset reset: latest
Client config: loaded /home/ec2-user/cc.properties (SASL/SSL etc.)
Fetch config: fetch.min.bytes=1 fetch.max.wait.ms=default max.partition.fetch.bytes=1048576 fetch.max.bytes=default max.poll.records=500

>>> Subscribed; waiting for partition assignment (KIP-848 join)...
    assigned 200 partition(s) after 0.5s
>>> --no-produce: drive the producer externally now.

>>> Measuring (warmup 18000000 msgs, then 600 s)...

>>> first records arrived 45.5s after producer start (after 91 polls)
    warmup complete (18000000 msgs); measuring now
[interval 0] t=  30.0s msgs=4499731 thr=   149985 msg/s  avg= 14.52 p50=14 p99=31 p999=47 max=94 ms  cpu=  0.0% rss=  65.2MB
[interval 1] t=  60.0s msgs=4500576 thr=   150018 msg/s  avg= 14.41 p50=14 p99=30 p999=47 max=114 ms  cpu=  0.0% rss=  65.2MB
[interval 2] t=  90.0s msgs=4500218 thr=   150001 msg/s  avg= 14.36 p50=14 p99=30 p999=47 max=231 ms  cpu=  0.0% rss=  65.4MB
[interval 3] t= 120.0s msgs=4500501 thr=   150013 msg/s  avg= 14.95 p50=14 p99=41 p999=114 max=188 ms  cpu=  0.0% rss=  65.5MB
[interval 4] t= 150.0s msgs=4499917 thr=   149992 msg/s  avg= 14.72 p50=14 p99=34 p999=83 max=144 ms  cpu=  0.0% rss=  52.7MB
[interval 5] t= 180.0s msgs=4499903 thr=   149993 msg/s  avg= 14.37 p50=14 p99=31 p999=44 max=62 ms  cpu=  0.0% rss=  57.1MB
[interval 6] t= 210.0s msgs=4501822 thr=   150037 msg/s  avg= 14.36 p50=14 p99=32 p999=55 max=75 ms  cpu=  0.0% rss=  57.2MB
[interval 7] t= 240.0s msgs=4499800 thr=   149990 msg/s  avg= 14.21 p50=14 p99=30 p999=44 max=79 ms  cpu=  0.0% rss=  57.2MB
[interval 8] t= 270.0s msgs=4500861 thr=   150024 msg/s  avg= 14.09 p50=14 p99=29 p999=43 max=154 ms  cpu=  0.0% rss=  57.2MB
[interval 9] t= 300.0s msgs=4500202 thr=   150006 msg/s  avg= 14.61 p50=14 p99=34 p999=60 max=115 ms  cpu=  0.0% rss=  57.2MB
[interval 10] t= 330.0s msgs=4500114 thr=   149999 msg/s  avg= 13.89 p50=14 p99=28 p999=46 max=93 ms  cpu=  0.0% rss=  57.2MB
[interval 11] t= 360.0s msgs=4500561 thr=   150010 msg/s  avg= 14.13 p50=14 p99=30 p999=43 max=61 ms  cpu=  0.0% rss=  57.3MB
[interval 12] t= 390.0s msgs=4499872 thr=   149988 msg/s  avg= 13.96 p50=14 p99=29 p999=43 max=90 ms  cpu=  0.0% rss=  57.3MB
[interval 13] t= 420.0s msgs=4501328 thr=   150044 msg/s  avg= 13.85 p50=13 p99=30 p999=78 max=132 ms  cpu=  0.0% rss=  57.3MB
[interval 14] t= 450.0s msgs=4499851 thr=   149992 msg/s  avg= 13.30 p50=13 p99=27 p999=38 max=59 ms  cpu=  0.0% rss=  57.3MB
[interval 15] t= 480.0s msgs=4500203 thr=   150005 msg/s  avg= 13.38 p50=13 p99=28 p999=43 max=56 ms  cpu=  0.0% rss=  57.3MB
[interval 16] t= 510.0s msgs=4499827 thr=   149993 msg/s  avg= 13.44 p50=13 p99=27 p999=41 max=64 ms  cpu=  0.0% rss=  57.3MB
[interval 17] t= 540.0s msgs=4500192 thr=   150003 msg/s  avg= 13.30 p50=13 p99=28 p999=41 max=72 ms  cpu=  0.0% rss=  57.3MB
[interval 18] t= 570.0s msgs=4501123 thr=   150016 msg/s  avg= 13.23 p50=13 p99=27 p999=38 max=89 ms  cpu=  0.0% rss=  57.3MB

Loop breakdown over 394258 polls: poll().await=99.9%  per-record processing=0.1%  (avg 228 records/poll)
Records/poll distribution (non-empty polls, post-warmup): n=328581 min=1 mean=273.9 p50=289 p99=500 max=500

======================================================================
SUMMARY — Rust Kafka Consumer (warmup 18000000 excluded)
======================================================================
Measured messages: 90000133
Duration:          600.00 s
Throughput:        150000 msg/s  (146.48 MiB/s)
E2E latency (ms):  min=3 avg=14.02 stddev=4.52 p50=14 p90=18 p95=20 p99=30 p99.9=51 max=231
RSS (MB, current): avg=58.7 min=52.7 max=65.5
======================================================================

Results written to: consumer-perf/results/rust_none-1782814172
