======================================================================
Consumer E2E Latency Benchmark — Rust Kafka Consumer
======================================================================
Bootstrap:   pkc-devcg1y1mn.us-east-2.aws.devel.cpdev.cloud:9092
Topic:       cmp-bench-200p
Group:       rust_lz4-1782818817
Throughput:  50000 msg/s
Duration:    600 s (after warmup)
Msg size:    1024 bytes
Warmup:      18000000 messages
Interval:    30 s
======================================================================
>>> Ensuring topic 'cmp-bench-200p' (8 partitions)...
    WARN: could not run /home/ec2-user/dev/opensource/kafka/bin/kafka-topics.sh: No such file or directory (os error 2) (continuing)
Offset reset: latest
Client config: loaded /home/ec2-user/cc.properties (SASL/SSL etc.)
Fetch config: fetch.min.bytes=1 fetch.max.wait.ms=default max.partition.fetch.bytes=1048576 fetch.max.bytes=default max.poll.records=500

>>> Subscribed; waiting for partition assignment (KIP-848 join)...
    assigned 200 partition(s) after 0.5s
>>> --no-produce: drive the producer externally now.

>>> Measuring (warmup 18000000 msgs, then 600 s)...

>>> first records arrived 45.5s after producer start (after 91 polls)
    warmup complete (18000000 msgs); measuring now
[interval 0] t=  30.0s msgs=4500084 thr=   150001 msg/s  avg= 13.43 p50=13 p99=29 p999=38 max=54 ms  cpu=  0.0% rss=  54.6MB
[interval 1] t=  60.0s msgs=4500537 thr=   150006 msg/s  avg= 13.45 p50=13 p99=29 p999=41 max=50 ms  cpu=  0.0% rss=  55.8MB
[interval 2] t=  90.0s msgs=4500156 thr=   149999 msg/s  avg= 13.61 p50=13 p99=29 p999=43 max=61 ms  cpu=  0.0% rss=  56.7MB
[interval 3] t= 120.0s msgs=4500570 thr=   150015 msg/s  avg= 13.50 p50=13 p99=29 p999=42 max=113 ms  cpu=  0.0% rss=  59.6MB
[interval 4] t= 150.0s msgs=4500309 thr=   150004 msg/s  avg= 13.44 p50=13 p99=28 p999=40 max=58 ms  cpu=  0.0% rss=  62.4MB
[interval 5] t= 180.0s msgs=4500555 thr=   150017 msg/s  avg= 13.45 p50=13 p99=28 p999=41 max=91 ms  cpu=  0.0% rss=  62.5MB
[interval 6] t= 210.0s msgs=4499922 thr=   149995 msg/s  avg= 13.46 p50=13 p99=29 p999=42 max=55 ms  cpu=  0.0% rss=  62.5MB
[interval 7] t= 240.0s msgs=4500417 thr=   150012 msg/s  avg= 13.38 p50=13 p99=29 p999=42 max=72 ms  cpu=  0.0% rss=  62.6MB
[interval 8] t= 270.0s msgs=4499693 thr=   149969 msg/s  avg= 13.47 p50=13 p99=29 p999=48 max=124 ms  cpu=  0.0% rss=  62.6MB
[interval 9] t= 300.0s msgs=4501138 thr=   150037 msg/s  avg= 13.36 p50=13 p99=28 p999=42 max=71 ms  cpu=  0.0% rss=  62.6MB
[interval 10] t= 330.0s msgs=4499642 thr=   149984 msg/s  avg= 13.42 p50=13 p99=28 p999=41 max=58 ms  cpu=  0.0% rss=  62.7MB
[interval 11] t= 360.0s msgs=4501098 thr=   150030 msg/s  avg= 13.33 p50=13 p99=28 p999=39 max=71 ms  cpu=  0.0% rss=  62.7MB
[interval 12] t= 390.0s msgs=4500133 thr=   150000 msg/s  avg= 13.35 p50=13 p99=27 p999=38 max=47 ms  cpu=  0.0% rss=  62.7MB
[interval 13] t= 420.0s msgs=4500094 thr=   149998 msg/s  avg= 13.25 p50=13 p99=27 p999=37 max=57 ms  cpu=  0.0% rss=  62.7MB
[interval 14] t= 450.0s msgs=4500428 thr=   150002 msg/s  avg= 13.37 p50=13 p99=29 p999=40 max=66 ms  cpu=  0.0% rss=  62.7MB
[interval 15] t= 480.0s msgs=4500384 thr=   150010 msg/s  avg= 13.34 p50=13 p99=29 p999=43 max=57 ms  cpu=  0.0% rss=  62.7MB
[interval 16] t= 510.0s msgs=4500696 thr=   150017 msg/s  avg= 13.40 p50=13 p99=29 p999=40 max=55 ms  cpu=  0.0% rss=  62.7MB
[interval 17] t= 540.0s msgs=4500135 thr=   150004 msg/s  avg= 13.48 p50=13 p99=30 p999=46 max=99 ms  cpu=  0.0% rss=  62.7MB
[interval 18] t= 570.0s msgs=4500315 thr=   150009 msg/s  avg= 13.40 p50=13 p99=29 p999=57 max=136 ms  cpu=  0.0% rss=  62.8MB

Loop breakdown over 411986 polls: poll().await=99.9%  per-record processing=0.1%  (avg 218 records/poll)
Records/poll distribution (non-empty polls, post-warmup): n=343637 min=1 mean=261.9 p50=257 p99=500 max=500

======================================================================
SUMMARY — Rust Kafka Consumer (warmup 18000000 excluded)
======================================================================
Measured messages: 90000305
Duration:          600.00 s
Throughput:        150000 msg/s  (146.48 MiB/s)
E2E latency (ms):  min=3 avg=13.41 stddev=4.05 p50=13 p90=17 p95=19 p99=28 p99.9=41 max=136
RSS (MB, current): avg=61.4 min=54.6 max=62.8
======================================================================

Results written to: consumer-perf/results/rust_lz4-1782818817
