======================================================================
Consumer E2E Latency Benchmark — Rust Kafka Consumer
======================================================================
Bootstrap:   pkc-devcg1y1mn.us-east-2.aws.devel.cpdev.cloud:9092
Topic:       cmp-bench-200p
Group:       rust_zstd-1782816494
Throughput:  50000 msg/s
Duration:    600 s (after warmup)
Msg size:    1024 bytes
Warmup:      18000000 messages
Interval:    30 s
======================================================================
>>> Ensuring topic 'cmp-bench-200p' (8 partitions)...
    WARN: could not run /home/ec2-user/dev/opensource/kafka/bin/kafka-topics.sh: No such file or directory (os error 2) (continuing)
Offset reset: latest
Client config: loaded /home/ec2-user/cc.properties (SASL/SSL etc.)
Fetch config: fetch.min.bytes=1 fetch.max.wait.ms=default max.partition.fetch.bytes=1048576 fetch.max.bytes=default max.poll.records=500

>>> Subscribed; waiting for partition assignment (KIP-848 join)...
    assigned 200 partition(s) after 0.5s
>>> --no-produce: drive the producer externally now.

>>> Measuring (warmup 18000000 msgs, then 600 s)...

>>> first records arrived 45.5s after producer start (after 91 polls)
    warmup complete (18000000 msgs); measuring now
[interval 0] t=  30.0s msgs=4499011 thr=   149959 msg/s  avg= 10.51 p50=10 p99=21 p999=32 max=45 ms  cpu=  0.0% rss=  50.5MB
[interval 1] t=  60.0s msgs=4501255 thr=   150042 msg/s  avg= 10.45 p50=10 p99=21 p999=39 max=245 ms  cpu=  0.0% rss=  53.8MB
[interval 2] t=  90.0s msgs=4500582 thr=   150009 msg/s  avg= 10.37 p50=10 p99=19 p999=34 max=50 ms  cpu=  0.0% rss=  55.5MB
[interval 3] t= 120.0s msgs=4500551 thr=   150014 msg/s  avg= 10.38 p50=10 p99=20 p999=34 max=246 ms  cpu=  0.0% rss=  55.5MB
[interval 4] t= 150.0s msgs=4500062 thr=   149997 msg/s  avg= 10.44 p50=10 p99=21 p999=34 max=51 ms  cpu=  0.0% rss=  56.7MB
[interval 5] t= 180.0s msgs=4499766 thr=   149991 msg/s  avg= 10.36 p50=10 p99=21 p999=33 max=64 ms  cpu=  0.0% rss=  56.7MB
[interval 6] t= 210.0s msgs=4500882 thr=   150026 msg/s  avg= 10.47 p50=10 p99=21 p999=37 max=107 ms  cpu=  0.0% rss=  56.8MB
[interval 7] t= 240.0s msgs=4500009 thr=   149986 msg/s  avg= 10.39 p50=10 p99=22 p999=36 max=53 ms  cpu=  0.0% rss=  57.1MB
[interval 8] t= 270.0s msgs=4500239 thr=   150008 msg/s  avg= 10.55 p50=10 p99=22 p999=34 max=251 ms  cpu=  0.0% rss=  54.0MB
[interval 9] t= 300.0s msgs=4500987 thr=   150013 msg/s  avg= 10.50 p50=10 p99=21 p999=33 max=41 ms  cpu=  0.0% rss=  55.7MB
[interval 10] t= 330.0s msgs=4500448 thr=   150005 msg/s  avg= 10.51 p50=10 p99=20 p999=33 max=49 ms  cpu=  0.0% rss=  55.7MB
[interval 11] t= 360.0s msgs=4500398 thr=   150003 msg/s  avg= 10.52 p50=10 p99=22 p999=40 max=73 ms  cpu=  0.0% rss=  56.0MB
[interval 12] t= 390.0s msgs=4500864 thr=   150022 msg/s  avg= 10.48 p50=10 p99=20 p999=34 max=48 ms  cpu=  0.0% rss=  56.0MB
[interval 13] t= 420.0s msgs=4500096 thr=   149998 msg/s  avg= 10.43 p50=10 p99=20 p999=35 max=46 ms  cpu=  0.0% rss=  56.1MB
[interval 14] t= 450.0s msgs=4500358 thr=   150006 msg/s  avg= 10.58 p50=10 p99=21 p999=36 max=64 ms  cpu=  0.0% rss=  56.1MB
[interval 15] t= 480.0s msgs=4500237 thr=   150000 msg/s  avg= 10.52 p50=10 p99=20 p999=31 max=45 ms  cpu=  0.0% rss=  56.1MB
[interval 16] t= 510.0s msgs=4500553 thr=   150003 msg/s  avg= 10.64 p50=10 p99=23 p999=83 max=139 ms  cpu=  0.0% rss=  56.1MB
[interval 17] t= 540.0s msgs=4500577 thr=   150006 msg/s  avg= 10.38 p50=10 p99=19 p999=32 max=40 ms  cpu=  0.0% rss=  56.1MB
[interval 18] t= 570.1s msgs=4500308 thr=   150005 msg/s  avg= 10.60 p50=10 p99=20 p999=34 max=48 ms  cpu=  0.0% rss=  56.2MB

Loop breakdown over 398441 polls: poll().await=99.9%  per-record processing=0.1%  (avg 226 records/poll)
Records/poll distribution (non-empty polls, post-warmup): n=332122 min=1 mean=271.0 p50=250 p99=500 max=500

======================================================================
SUMMARY — Rust Kafka Consumer (warmup 18000000 excluded)
======================================================================
Measured messages: 90000214
Duration:          600.00 s
Throughput:        150000 msg/s  (146.48 MiB/s)
E2E latency (ms):  min=2 avg=10.48 stddev=3.45 p50=10 p90=14 p95=15 p99=21 p99.9=35 max=251
RSS (MB, current): avg=55.6 min=50.5 max=57.1
======================================================================

Results written to: consumer-perf/results/rust_zstd-1782816494
