######## Python producer perf test (ASYNC=False, CLIENT_VERSION=2) ########
%6|1787310078.764|GETSUBSCRIPTIONS|rdkafka#producer-1| [thrd:main]: Telemetry client instance id changed from AAAAAAAAAAAAAAAAAAAAAA to MEdKBO0lTXO8gkCZz0dqQQ
Producing messages at max rate for 3600 seconds
Running sync producer performance test v2 (confluent-kafka)...
Key size: 0 bytes
Value size: 1024 bytes
Verify: False
Producer configuration:
  bootstrap.servers: pkc-devcoz07r9.us-east-1.aws.devel.cpdev.cloud:9092
  security.protocol: SASL_SSL
  sasl.mechanism: PLAIN
  sasl.username: DXRNUMKGHXHAFOHV
  sasl.password: <hidden>
  acks: all
  batch.size: 1048576
  message.max.bytes: 8388608
  compression.type: none
  enable.idempotence: false
  max.in.flight.requests.per.connection: 1000
  queue.buffering.max.kbytes: 32768
  queue.buffering.max.messages: 2147483647
  linger.ms: 5
  partitioner: murmur2_random
Warming up for 300 seconds ...
Starting measured interval at 1787310378485 ms: 2026-08-21 11:06:18.485551+00:00
Test duration reached, 3601.14 seconds. Interrupting...

End time: 1787313979888 ms
Duration: 3601403.137864 ms
Average CPU: 119.17 %
Average RSS: 263174.92 KiB
CPU Efficiency: 496.75 msg/(s * 1% CPU)
Memory Efficiency: 0.22 msg/(s * KB RSS)
Average time: 0.02 ms
Average rate msg/s: 59199.15 msg/s
Average rate MiB/s: 57.81 MiB/s
Average latency: 552.65 ms
Max latency: 968.00 ms
p50 latency: 551 ms
p90 latency: 612 ms
p99 latency: 718 ms
p999 latency: 805 ms
Results summary written to: results.json
Performing garbage collection...
Waiting for final metrics collection...
Final CPU: 0.00 %
Final RSS: 261188.00 KiB
Done
Consumer verification skipped (VERIFY_CONSUMED=False)
######## Done: python-producer. Metrics under /home/ubuntu/perf-test/results ########
