Java e2e: bootstrap=pkc-devcozvdmy.us-east-1.aws.devel.cpdev.cloud:9092 topic=cmp-bench-200p proto=consumer maxPoll=2500 fetch.min=4MiB partFetch=4MiB crc=off dur=1800s warmup=200000
subscribed; waiting for assignment/records...
warmup complete (200000 msgs); measuring 1800s now
[interval 0] t=  10.0s msgs=1704587 thr=   170288 msg/s avg=276.81 p50=274 p99=549 p999=594 max=637 ms
[interval 1] t=  20.0s msgs=1702770 thr=   170158 msg/s avg=275.82 p50=273 p99=543 p999=594 max=631 ms
[interval 2] t=  30.0s msgs=1696835 thr=   169616 msg/s avg=275.75 p50=273 p99=547 p999=590 max=635 ms
[interval 3] t=  40.0s msgs=1702906 thr=   170086 msg/s avg=273.14 p50=270 p99=542 p999=591 max=629 ms
[interval 4] t=  50.0s msgs=1696403 thr=   169623 msg/s avg=273.77 p50=271 p99=542 p999=593 max=631 ms
[interval 5] t=  60.1s msgs=1706783 thr=   169931 msg/s avg=264.82 p50=259 p99=542 p999=593 max=629 ms
[interval 6] t=  70.1s msgs=1700816 thr=   169725 msg/s avg=274.14 p50=271 p99=543 p999=596 max=627 ms
[interval 7] t=  80.1s msgs=1702921 thr=   170156 msg/s avg=273.65 p50=271 p99=539 p999=579 max=611 ms
[interval 8] t=  90.1s msgs=1702868 thr=   170236 msg/s avg=274.22 p50=271 p99=544 p999=590 max=626 ms
[interval 9] t= 100.1s msgs=1696599 thr=   169592 msg/s avg=274.35 p50=271 p99=543 p999=593 max=630 ms
[interval 10] t= 110.1s msgs=1702733 thr=   170256 msg/s avg=274.67 p50=272 p99=543 p999=594 max=631 ms
[interval 11] t= 120.1s msgs=1699694 thr=   169952 msg/s avg=264.57 p50=258 p99=540 p999=593 max=635 ms
[interval 12] t= 130.1s msgs=1695720 thr=   169250 msg/s avg=273.38 p50=270 p99=540 p999=588 max=624 ms
[interval 13] t= 140.1s msgs=1702717 thr=   170255 msg/s avg=275.04 p50=272 p99=544 p999=594 max=630 ms
[interval 14] t= 150.2s msgs=1693031 thr=   169066 msg/s avg=274.49 p50=272 p99=542 p999=589 max=626 ms
[interval 15] t= 160.2s msgs=1695477 thr=   169429 msg/s avg=274.83 p50=272 p99=545 p999=605 max=796 ms
[interval 16] t= 170.2s msgs=1698309 thr=   169171 msg/s avg=274.67 p50=272 p99=541 p999=590 max=623 ms
[interval 17] t= 180.2s msgs=1703963 thr=   170243 msg/s avg=265.65 p50=260 p99=540 p999=589 max=631 ms
[interval 18] t= 190.2s msgs=1694384 thr=   169066 msg/s avg=273.52 p50=270 p99=548 p999=593 max=640 ms
[interval 19] t= 200.3s msgs=1696191 thr=   169264 msg/s avg=274.76 p50=271 p99=546 p999=596 max=639 ms
[interval 20] t= 210.3s msgs=1690267 thr=   169027 msg/s avg=274.99 p50=272 p99=543 p999=589 max=627 ms
[interval 21] t= 220.3s msgs=1705060 thr=   169708 msg/s avg=274.00 p50=271 p99=539 p999=588 max=624 ms
[interval 22] t= 230.3s msgs=1700388 thr=   169666 msg/s avg=273.68 p50=270 p99=544 p999=593 max=636 ms
[interval 23] t= 240.3s msgs=1701301 thr=   169926 msg/s avg=265.34 p50=259 p99=542 p999=591 max=630 ms
[interval 24] t= 250.4s msgs=1694499 thr=   169298 msg/s avg=273.62 p50=270 p99=545 p999=591 max=625 ms
[interval 25] t= 260.4s msgs=1700387 thr=   169852 msg/s avg=274.19 p50=271 p99=541 p999=588 max=622 ms
[interval 26] t= 270.4s msgs=1697028 thr=   169686 msg/s avg=273.85 p50=272 p99=539 p999=587 max=632 ms
[interval 27] t= 280.4s msgs=1700448 thr=   169824 msg/s avg=274.06 p50=271 p99=545 p999=591 max=627 ms
[interval 28] t= 290.4s msgs=1700735 thr=   169751 msg/s avg=273.95 p50=271 p99=546 p999=597 max=626 ms
[interval 29] t= 300.4s msgs=1703380 thr=   169964 msg/s avg=263.95 p50=258 p99=540 p999=585 max=617 ms
[interval 30] t= 310.4s msgs=1694356 thr=   169436 msg/s avg=271.53 p50=268 p99=542 p999=587 max=626 ms
[interval 31] t= 320.4s msgs=1696660 thr=   169344 msg/s avg=273.29 p50=270 p99=542 p999=584 max=630 ms
[interval 32] t= 330.5s msgs=1698937 thr=   169741 msg/s avg=272.97 p50=269 p99=541 p999=592 max=633 ms
[interval 33] t= 340.5s msgs=1698530 thr=   169785 msg/s avg=272.48 p50=269 p99=544 p999=591 max=622 ms
[interval 34] t= 350.5s msgs=1692395 thr=   169087 msg/s avg=272.74 p50=269 p99=544 p999=596 max=622 ms
[interval 35] t= 360.5s msgs=1700251 thr=   170025 msg/s avg=265.21 p50=260 p99=540 p999=588 max=618 ms
[interval 36] t= 370.5s msgs=1698016 thr=   169632 msg/s avg=270.70 p50=268 p99=541 p999=588 max=625 ms
[interval 37] t= 380.5s msgs=1694262 thr=   169139 msg/s avg=272.83 p50=270 p99=542 p999=591 max=618 ms
[interval 38] t= 390.5s msgs=1700528 thr=   170002 msg/s avg=272.61 p50=270 p99=540 p999=592 max=629 ms
[interval 39] t= 400.5s msgs=1698682 thr=   169817 msg/s avg=272.39 p50=269 p99=540 p999=586 max=619 ms
[interval 40] t= 410.5s msgs=1703875 thr=   169912 msg/s avg=272.05 p50=269 p99=539 p999=587 max=617 ms
[interval 41] t= 420.5s msgs=1689176 thr=   168715 msg/s avg=263.61 p50=258 p99=539 p999=586 max=622 ms
[interval 42] t= 430.6s msgs=1703575 thr=   170136 msg/s avg=271.15 p50=268 p99=543 p999=594 max=623 ms
[interval 43] t= 440.6s msgs=1694519 thr=   169333 msg/s avg=271.92 p50=269 p99=543 p999=592 max=622 ms
[interval 44] t= 450.6s msgs=1697922 thr=   169775 msg/s avg=272.22 p50=269 p99=542 p999=588 max=619 ms
[interval 45] t= 460.6s msgs=1696074 thr=   169557 msg/s avg=272.40 p50=269 p99=545 p999=592 max=620 ms
[interval 46] t= 470.6s msgs=1693685 thr=   169115 msg/s avg=272.65 p50=270 p99=545 p999=593 max=626 ms
[interval 47] t= 480.6s msgs=1700253 thr=   169652 msg/s avg=265.82 p50=260 p99=542 p999=586 max=613 ms
[interval 48] t= 490.6s msgs=1694860 thr=   169486 msg/s avg=271.06 p50=267 p99=540 p999=591 max=695 ms
[interval 49] t= 500.6s msgs=1692481 thr=   169130 msg/s avg=272.87 p50=271 p99=541 p999=586 max=619 ms
[interval 50] t= 510.6s msgs=1694145 thr=   169381 msg/s avg=272.88 p50=270 p99=544 p999=591 max=624 ms
[interval 51] t= 520.6s msgs=1704058 thr=   170355 msg/s avg=272.68 p50=270 p99=541 p999=591 max=620 ms
[interval 52] t= 530.6s msgs=1695789 thr=   169122 msg/s avg=272.19 p50=269 p99=540 p999=586 max=621 ms
[interval 53] t= 540.7s msgs=1700639 thr=   169538 msg/s avg=264.37 p50=258 p99=540 p999=588 max=633 ms
[interval 54] t= 550.7s msgs=1705378 thr=   170436 msg/s avg=270.82 p50=267 p99=538 p999=583 max=624 ms
[interval 55] t= 560.7s msgs=1692910 thr=   168919 msg/s avg=272.43 p50=269 p99=539 p999=587 max=617 ms
[interval 56] t= 570.7s msgs=1702753 thr=   170054 msg/s avg=273.26 p50=270 p99=543 p999=586 max=621 ms
[interval 57] t= 580.7s msgs=1702881 thr=   170186 msg/s avg=272.48 p50=270 p99=544 p999=594 max=624 ms
[interval 58] t= 590.8s msgs=1693019 thr=   168476 msg/s avg=272.57 p50=269 p99=541 p999=586 max=621 ms
[interval 59] t= 600.8s msgs=1683417 thr=   168174 msg/s avg=266.51 p50=261 p99=543 p999=588 max=626 ms
[interval 60] t= 610.8s msgs=1666193 thr=   166386 msg/s avg=274.94 p50=271 p99=550 p999=598 max=632 ms
[interval 61] t= 620.8s msgs=1600702 thr=   159862 msg/s avg=286.34 p50=283 p99=571 p999=607 max=626 ms
[interval 62] t= 630.8s msgs=1588400 thr=   158634 msg/s avg=286.07 p50=283 p99=567 p999=604 max=634 ms
[interval 63] t= 640.9s msgs=1579038 thr=   157557 msg/s avg=286.66 p50=284 p99=568 p999=605 max=623 ms
[interval 64] t= 650.9s msgs=1580349 thr=   157893 msg/s avg=287.99 p50=285 p99=569 p999=606 max=639 ms
[interval 65] t= 660.9s msgs=1581870 thr=   158124 msg/s avg=279.04 p50=273 p99=567 p999=605 max=629 ms
[interval 66] t= 670.9s msgs=1574286 thr=   157429 msg/s avg=282.35 p50=277 p99=570 p999=607 max=632 ms
[interval 67] t= 680.9s msgs=1676816 thr=   167548 msg/s avg=275.56 p50=272 p99=549 p999=599 max=634 ms
[interval 68] t= 690.9s msgs=1688465 thr=   168728 msg/s avg=274.87 p50=272 p99=547 p999=592 max=622 ms
[interval 69] t= 700.9s msgs=1676224 thr=   167572 msg/s avg=274.78 p50=272 p99=545 p999=591 max=626 ms
[interval 70] t= 710.9s msgs=1672612 thr=   167228 msg/s avg=275.45 p50=273 p99=543 p999=590 max=618 ms
[interval 71] t= 720.9s msgs=1598863 thr=   159615 msg/s avg=281.44 p50=278 p99=563 p999=603 max=643 ms
[interval 72] t= 730.9s msgs=1573953 thr=   156956 msg/s avg=282.73 p50=278 p99=570 p999=604 max=629 ms
[interval 73] t= 740.9s msgs=1584219 thr=   158295 msg/s avg=288.39 p50=285 p99=573 p999=605 max=625 ms
[interval 74] t= 750.9s msgs=1564754 thr=   156366 msg/s avg=288.78 p50=286 p99=570 p999=605 max=628 ms
[interval 75] t= 761.0s msgs=1588240 thr=   158018 msg/s avg=288.44 p50=286 p99=570 p999=606 max=630 ms
[interval 76] t= 771.0s msgs=1587051 thr=   158515 msg/s avg=288.64 p50=286 p99=570 p999=605 max=627 ms
[interval 77] t= 781.0s msgs=1576887 thr=   157233 msg/s avg=286.55 p50=283 p99=570 p999=606 max=621 ms
[interval 78] t= 791.1s msgs=1574740 thr=   157207 msg/s avg=280.65 p50=275 p99=568 p999=607 max=648 ms
[interval 79] t= 801.1s msgs=1579161 thr=   157617 msg/s avg=286.18 p50=283 p99=570 p999=603 max=627 ms
[interval 80] t= 811.1s msgs=1592482 thr=   159216 msg/s avg=285.75 p50=282 p99=567 p999=603 max=625 ms
[interval 81] t= 821.1s msgs=1685943 thr=   168561 msg/s avg=273.82 p50=271 p99=547 p999=594 max=625 ms
[interval 82] t= 831.1s msgs=1657494 thr=   165419 msg/s avg=278.07 p50=275 p99=550 p999=595 max=632 ms
[interval 83] t= 841.1s msgs=1576749 thr=   157470 msg/s avg=287.97 p50=284 p99=573 p999=607 max=625 ms
[interval 84] t= 851.1s msgs=1575140 thr=   157451 msg/s avg=280.71 p50=275 p99=567 p999=606 max=629 ms
[interval 85] t= 861.1s msgs=1572885 thr=   157037 msg/s avg=285.16 p50=281 p99=571 p999=608 max=638 ms
[interval 86] t= 871.1s msgs=1570989 thr=   157067 msg/s avg=287.69 p50=285 p99=572 p999=606 max=629 ms
[interval 87] t= 881.1s msgs=1576439 thr=   157534 msg/s avg=288.88 p50=286 p99=572 p999=605 max=636 ms
[interval 88] t= 891.2s msgs=1577278 thr=   157680 msg/s avg=289.46 p50=287 p99=573 p999=607 max=627 ms
[interval 89] t= 901.2s msgs=1573826 thr=   157241 msg/s avg=287.28 p50=284 p99=570 p999=605 max=627 ms
[interval 90] t= 911.2s msgs=1571479 thr=   157069 msg/s avg=285.02 p50=281 p99=568 p999=603 max=629 ms
[interval 91] t= 921.2s msgs=1583001 thr=   158205 msg/s avg=281.54 p50=277 p99=568 p999=609 max=643 ms
[interval 92] t= 931.2s msgs=1618997 thr=   161641 msg/s avg=281.61 p50=278 p99=563 p999=606 max=635 ms
[interval 93] t= 941.2s msgs=1684323 thr=   168230 msg/s avg=273.46 p50=270 p99=543 p999=590 max=624 ms
[interval 94] t= 951.2s msgs=1686183 thr=   168248 msg/s avg=273.75 p50=270 p99=548 p999=595 max=623 ms
[interval 95] t= 961.2s msgs=1685722 thr=   168353 msg/s avg=273.87 p50=270 p99=544 p999=595 max=628 ms
[interval 96] t= 971.3s msgs=1690591 thr=   168806 msg/s avg=272.89 p50=269 p99=546 p999=590 max=632 ms
[interval 97] t= 981.3s msgs=1677770 thr=   167258 msg/s avg=268.27 p50=263 p99=537 p999=585 max=618 ms
[interval 98] t= 991.3s msgs=1690467 thr=   168861 msg/s avg=272.59 p50=269 p99=546 p999=592 max=623 ms
[interval 99] t=1001.3s msgs=1672477 thr=   167198 msg/s avg=274.35 p50=271 p99=544 p999=587 max=623 ms
[interval 100] t=1011.3s msgs=1688446 thr=   168777 msg/s avg=274.64 p50=272 p99=544 p999=590 max=626 ms
[interval 101] t=1021.3s msgs=1683918 thr=   168324 msg/s avg=273.96 p50=271 p99=542 p999=588 max=630 ms
[interval 102] t=1031.3s msgs=1675557 thr=   167338 msg/s avg=272.42 p50=268 p99=543 p999=590 max=630 ms
[interval 103] t=1041.3s msgs=1693222 thr=   169254 msg/s avg=267.69 p50=263 p99=544 p999=593 max=626 ms
[interval 104] t=1051.3s msgs=1688981 thr=   168898 msg/s avg=271.87 p50=268 p99=545 p999=598 max=623 ms
[interval 105] t=1061.3s msgs=1691193 thr=   168849 msg/s avg=273.27 p50=270 p99=544 p999=592 max=619 ms
[interval 106] t=1071.4s msgs=1684446 thr=   168092 msg/s avg=274.37 p50=272 p99=543 p999=592 max=624 ms
[interval 107] t=1081.4s msgs=1694699 thr=   169385 msg/s avg=274.53 p50=272 p99=542 p999=592 max=628 ms
[interval 108] t=1091.4s msgs=1682099 thr=   168143 msg/s avg=271.27 p50=268 p99=544 p999=593 max=652 ms
[interval 109] t=1101.4s msgs=1689549 thr=   168769 msg/s avg=267.26 p50=262 p99=540 p999=591 max=652 ms
[interval 110] t=1111.4s msgs=1686239 thr=   168556 msg/s avg=271.87 p50=269 p99=548 p999=594 max=623 ms
[interval 111] t=1121.4s msgs=1682282 thr=   168195 msg/s avg=274.76 p50=272 p99=546 p999=595 max=629 ms
[interval 112] t=1131.4s msgs=1688407 thr=   168655 msg/s avg=273.50 p50=270 p99=541 p999=589 max=621 ms
[interval 113] t=1141.4s msgs=1685959 thr=   168512 msg/s avg=273.53 p50=270 p99=545 p999=591 max=619 ms
[interval 114] t=1151.4s msgs=1690344 thr=   169001 msg/s avg=271.23 p50=268 p99=540 p999=584 max=614 ms
[interval 115] t=1161.4s msgs=1686603 thr=   168610 msg/s avg=268.32 p50=263 p99=541 p999=589 max=616 ms
[interval 116] t=1171.4s msgs=1685442 thr=   168359 msg/s avg=272.40 p50=269 p99=545 p999=591 max=619 ms
[interval 117] t=1181.4s msgs=1693372 thr=   168982 msg/s avg=273.70 p50=271 p99=546 p999=592 max=636 ms
[interval 118] t=1191.4s msgs=1682410 thr=   168191 msg/s avg=274.06 p50=271 p99=545 p999=592 max=623 ms
[interval 119] t=1201.5s msgs=1688272 thr=   168121 msg/s avg=274.06 p50=271 p99=546 p999=594 max=630 ms
[interval 120] t=1211.5s msgs=1699321 thr=   169678 msg/s avg=271.59 p50=268 p99=541 p999=585 max=620 ms
[interval 121] t=1221.5s msgs=1684093 thr=   168241 msg/s avg=267.10 p50=262 p99=544 p999=592 max=628 ms
[interval 122] t=1231.5s msgs=1690537 thr=   168733 msg/s avg=271.47 p50=267 p99=545 p999=592 max=633 ms
[interval 123] t=1241.5s msgs=1693201 thr=   169286 msg/s avg=272.96 p50=270 p99=543 p999=587 max=633 ms
[interval 124] t=1251.5s msgs=1690922 thr=   169092 msg/s avg=273.16 p50=270 p99=543 p999=588 max=625 ms
[interval 125] t=1261.5s msgs=1676923 thr=   167625 msg/s avg=273.38 p50=270 p99=541 p999=590 max=620 ms
[interval 126] t=1271.5s msgs=1690206 thr=   169004 msg/s avg=271.11 p50=267 p99=542 p999=584 max=629 ms
[interval 127] t=1281.6s msgs=1657844 thr=   165536 msg/s avg=272.19 p50=267 p99=553 p999=598 max=628 ms
[interval 128] t=1291.6s msgs=1581585 thr=   157985 msg/s avg=286.82 p50=284 p99=571 p999=606 max=630 ms
[interval 129] t=1301.6s msgs=1564459 thr=   156056 msg/s avg=286.99 p50=284 p99=569 p999=604 max=625 ms
[interval 130] t=1311.6s msgs=1586981 thr=   158397 msg/s avg=287.07 p50=284 p99=571 p999=605 max=629 ms
[interval 131] t=1321.6s msgs=1578736 thr=   157763 msg/s avg=288.20 p50=286 p99=572 p999=606 max=627 ms
[interval 132] t=1331.6s msgs=1577626 thr=   157700 msg/s avg=287.11 p50=284 p99=572 p999=607 max=628 ms
[interval 133] t=1341.6s msgs=1574007 thr=   157322 msg/s avg=282.66 p50=278 p99=567 p999=601 max=631 ms
[interval 134] t=1351.7s msgs=1576294 thr=   157425 msg/s avg=285.49 p50=282 p99=570 p999=605 max=633 ms
[interval 135] t=1361.7s msgs=1577695 thr=   157770 msg/s avg=287.07 p50=284 p99=569 p999=605 max=626 ms
[interval 136] t=1371.7s msgs=1572703 thr=   157207 msg/s avg=288.41 p50=286 p99=569 p999=606 max=629 ms
[interval 137] t=1381.7s msgs=1580665 thr=   157688 msg/s avg=288.33 p50=286 p99=571 p999=607 max=631 ms
[interval 138] t=1391.7s msgs=1577535 thr=   157360 msg/s avg=289.13 p50=286 p99=570 p999=606 max=631 ms
[interval 139] t=1401.7s msgs=1572184 thr=   156842 msg/s avg=285.66 p50=282 p99=569 p999=605 max=627 ms
[interval 140] t=1411.7s msgs=1580439 thr=   157949 msg/s avg=282.00 p50=277 p99=569 p999=604 max=642 ms
[interval 141] t=1421.7s msgs=1607438 thr=   160744 msg/s avg=282.76 p50=279 p99=567 p999=604 max=628 ms
[interval 142] t=1431.7s msgs=1687251 thr=   168691 msg/s avg=272.69 p50=270 p99=543 p999=592 max=620 ms
[interval 143] t=1441.7s msgs=1693970 thr=   169397 msg/s avg=272.82 p50=269 p99=543 p999=593 max=618 ms
[interval 144] t=1451.8s msgs=1680960 thr=   167744 msg/s avg=273.35 p50=270 p99=540 p999=584 max=624 ms
[interval 145] t=1461.8s msgs=1703483 thr=   169890 msg/s avg=271.32 p50=267 p99=544 p999=592 max=626 ms
[interval 146] t=1471.8s msgs=1683384 thr=   168305 msg/s avg=268.39 p50=264 p99=542 p999=591 max=626 ms
[interval 147] t=1481.8s msgs=1690885 thr=   169089 msg/s avg=272.28 p50=269 p99=545 p999=593 max=627 ms
[interval 148] t=1491.8s msgs=1691588 thr=   169024 msg/s avg=273.31 p50=270 p99=544 p999=596 max=631 ms
[interval 149] t=1501.8s msgs=1684699 thr=   168184 msg/s avg=273.28 p50=270 p99=541 p999=584 max=617 ms
[interval 150] t=1511.8s msgs=1682211 thr=   168187 msg/s avg=273.71 p50=271 p99=540 p999=581 max=618 ms
[interval 151] t=1521.8s msgs=1697268 thr=   169659 msg/s avg=271.24 p50=267 p99=541 p999=587 max=621 ms
[interval 152] t=1531.8s msgs=1679131 thr=   167846 msg/s avg=268.60 p50=264 p99=543 p999=589 max=622 ms
[interval 153] t=1541.8s msgs=1692118 thr=   169127 msg/s avg=272.22 p50=269 p99=541 p999=588 max=615 ms
[interval 154] t=1551.8s msgs=1688319 thr=   168663 msg/s avg=273.18 p50=270 p99=542 p999=591 max=625 ms
[interval 155] t=1561.9s msgs=1694949 thr=   169342 msg/s avg=273.02 p50=270 p99=540 p999=590 max=647 ms
[interval 156] t=1571.9s msgs=1694297 thr=   169328 msg/s avg=272.55 p50=269 p99=542 p999=590 max=635 ms
[interval 157] t=1581.9s msgs=1602087 thr=   160065 msg/s avg=282.36 p50=279 p99=561 p999=602 max=626 ms
[interval 158] t=1591.9s msgs=1599777 thr=   159866 msg/s avg=278.80 p50=273 p99=566 p999=605 max=632 ms
[interval 159] t=1601.9s msgs=1599865 thr=   159923 msg/s avg=282.75 p50=279 p99=562 p999=598 max=622 ms
[interval 160] t=1611.9s msgs=1607032 thr=   160671 msg/s avg=283.33 p50=279 p99=563 p999=602 max=625 ms
[interval 161] t=1621.9s msgs=1610751 thr=   161027 msg/s avg=283.67 p50=280 p99=564 p999=603 max=624 ms
[interval 162] t=1631.9s msgs=1611270 thr=   161079 msg/s avg=282.58 p50=279 p99=563 p999=603 max=629 ms
[interval 163] t=1641.9s msgs=1704511 thr=   170434 msg/s avg=271.18 p50=268 p99=538 p999=588 max=627 ms
[interval 164] t=1651.9s msgs=1692083 thr=   169124 msg/s avg=266.01 p50=261 p99=536 p999=587 max=621 ms
[interval 165] t=1661.9s msgs=1692233 thr=   169223 msg/s avg=270.54 p50=267 p99=540 p999=585 max=633 ms
[interval 166] t=1671.9s msgs=1702628 thr=   170093 msg/s avg=271.15 p50=268 p99=540 p999=590 max=629 ms
[interval 167] t=1681.9s msgs=1697529 thr=   169651 msg/s avg=273.15 p50=271 p99=540 p999=590 max=625 ms
[interval 168] t=1691.9s msgs=1699993 thr=   169914 msg/s avg=273.76 p50=271 p99=540 p999=587 max=618 ms
[interval 169] t=1701.9s msgs=1680483 thr=   167981 msg/s avg=271.88 p50=268 p99=543 p999=593 max=627 ms
[interval 170] t=1711.9s msgs=1690124 thr=   168979 msg/s avg=269.14 p50=264 p99=545 p999=593 max=624 ms
[interval 171] t=1721.9s msgs=1685031 thr=   168453 msg/s avg=272.12 p50=268 p99=545 p999=597 max=646 ms
[interval 172] t=1731.9s msgs=1688609 thr=   168743 msg/s avg=272.62 p50=269 p99=539 p999=585 max=627 ms
[interval 173] t=1741.9s msgs=1694789 thr=   169411 msg/s avg=273.98 p50=271 p99=545 p999=590 max=624 ms
[interval 174] t=1752.0s msgs=1685663 thr=   168230 msg/s avg=274.13 p50=271 p99=542 p999=590 max=626 ms
[interval 175] t=1762.0s msgs=1686702 thr=   168485 msg/s avg=273.04 p50=270 p99=542 p999=585 max=619 ms
[interval 176] t=1772.0s msgs=1695981 thr=   169479 msg/s avg=268.93 p50=265 p99=541 p999=590 max=634 ms
[interval 177] t=1782.0s msgs=1684976 thr=   168481 msg/s avg=271.50 p50=268 p99=544 p999=590 max=622 ms
[interval 178] t=1792.0s msgs=1684896 thr=   168490 msg/s avg=274.00 p50=271 p99=543 p999=589 max=625 ms
======================================================================
SUMMARY - Java kafka-clients (KIP-848=consumer, warmup 200000 excluded)
Measured messages: 299263311
Duration:          1800.50 s
Throughput:        166211 msg/s  (324.63 MiB/s)
E2E latency (ms):  min=5 avg=275.39 p50=272 p90=454 p95=491 p99=551 p99.9=597 max=796
{"client":"java","protocol":"consumer","messages":299263311,"duration_s":1800.50,"throughput_msg_s":166211.23,"throughput_mib_s":324.63,"lat_min_ms":5,"lat_avg_ms":275.39,"lat_p50_ms":272,"lat_p90_ms":454,"lat_p95_ms":491,"lat_p99_ms":551,"lat_p999_ms":597,"lat_max_ms":796}
