======================================================================
Consumer E2E Latency Benchmark — Rust Kafka Consumer
======================================================================
Bootstrap:   pkc-devcozvdmy.us-east-1.aws.devel.cpdev.cloud:9092
Topic:       cmp-librdkafka-bench
Group:       cmp-rust-20260615_065740
Throughput:  50000 msg/s
Duration:    600 s (after warmup)
Msg size:    1024 bytes
Warmup:      200000 messages
Interval:    10 s
======================================================================
>>> Ensuring topic 'cmp-librdkafka-bench' (8 partitions)...
    WARN: could not run /home/ec2-user/dev/opensource/kafka/bin/kafka-topics.sh: No such file or directory (os error 2) (continuing)
Offset reset: latest
Client config: loaded /home/ec2-user/bench/cc_rust.properties (SASL/SSL etc.)
Fetch config: fetch.min.bytes=4194304 fetch.max.wait.ms=default max.partition.fetch.bytes=4194304 fetch.max.bytes=default max.poll.records=2000

>>> Subscribed; waiting for partition assignment (KIP-848 join)...
    assigned 12 partition(s) after 0.5s
>>> --no-produce: drive the producer externally now.

>>> Measuring (warmup 200000 msgs, then 600 s)...

>>> first records arrived 40.6s after producer start (after 82 polls)
    warmup complete (200000 msgs); measuring now
[interval 0] t=  10.0s msgs=2028819 thr=   202626 msg/s  avg=184.42 p50=183 p99=340 p999=493 max=587 ms  cpu=  0.0% rss=  61.6MB
[interval 1] t=  20.0s msgs=2001825 thr=   199575 msg/s  avg=181.02 p50=180 p99=321 p999=352 max=380 ms  cpu=  0.0% rss=  61.6MB
[interval 2] t=  30.1s msgs=2005860 thr=   200141 msg/s  avg=182.85 p50=182 p99=329 p999=362 max=387 ms  cpu=  0.0% rss=  61.6MB
[interval 3] t=  40.1s msgs=2009670 thr=   200219 msg/s  avg=182.54 p50=181 p99=328 p999=363 max=392 ms  cpu=  0.0% rss=  61.6MB
[interval 4] t=  50.1s msgs=2005867 thr=   199947 msg/s  avg=182.69 p50=182 p99=321 p999=353 max=372 ms  cpu=  0.0% rss=  66.3MB
[interval 5] t=  60.2s msgs=1997790 thr=   199466 msg/s  avg=181.91 p50=181 p99=323 p999=364 max=399 ms  cpu=  0.0% rss=  70.6MB
[interval 6] t=  70.2s msgs=2001603 thr=   199991 msg/s  avg=181.60 p50=181 p99=322 p999=353 max=376 ms  cpu=  0.0% rss=  70.6MB
[interval 7] t=  80.2s msgs=2013930 thr=   200840 msg/s  avg=181.27 p50=181 p99=324 p999=363 max=397 ms  cpu=  0.0% rss=  70.6MB
[interval 8] t=  90.2s msgs=1997790 thr=   199744 msg/s  avg=183.93 p50=184 p99=332 p999=365 max=387 ms  cpu=  0.0% rss=  70.6MB
[interval 9] t= 100.2s msgs=2001825 thr=   200104 msg/s  avg=182.49 p50=181 p99=326 p999=376 max=441 ms  cpu=  0.0% rss=  70.6MB
[interval 10] t= 110.2s msgs=2001825 thr=   199566 msg/s  avg=184.00 p50=184 p99=326 p999=361 max=381 ms  cpu=  0.0% rss=  70.6MB
[interval 11] t= 120.2s msgs=2005860 thr=   200391 msg/s  avg=181.46 p50=181 p99=322 p999=354 max=392 ms  cpu=  0.0% rss=  70.6MB
[interval 12] t= 130.3s msgs=2005860 thr=   200057 msg/s  avg=182.92 p50=182 p99=326 p999=366 max=417 ms  cpu=  0.0% rss=  70.6MB
[interval 13] t= 140.3s msgs=2014155 thr=   199955 msg/s  avg=184.59 p50=184 p99=330 p999=367 max=391 ms  cpu=  0.0% rss=  70.6MB
[interval 14] t= 150.4s msgs=2001600 thr=   200049 msg/s  avg=183.01 p50=182 p99=326 p999=368 max=414 ms  cpu=  0.0% rss=  70.6MB
[interval 15] t= 160.4s msgs=2003860 thr=   200346 msg/s  avg=182.30 p50=181 p99=325 p999=358 max=382 ms  cpu=  0.0% rss=  70.6MB
[interval 16] t= 170.4s msgs=1999565 thr=   199749 msg/s  avg=183.02 p50=182 p99=323 p999=359 max=392 ms  cpu=  0.0% rss=  70.6MB
[interval 17] t= 180.4s msgs=2002050 thr=   200188 msg/s  avg=181.29 p50=181 p99=321 p999=350 max=383 ms  cpu=  0.0% rss=  70.6MB
[interval 18] t= 190.4s msgs=2001375 thr=   199883 msg/s  avg=182.16 p50=181 p99=322 p999=359 max=409 ms  cpu=  0.0% rss=  70.6MB
[interval 19] t= 200.4s msgs=2006085 thr=   200079 msg/s  avg=182.21 p50=181 p99=325 p999=361 max=397 ms  cpu=  0.0% rss=  70.6MB
[interval 20] t= 210.4s msgs=2001825 thr=   199858 msg/s  avg=181.91 p50=181 p99=323 p999=359 max=380 ms  cpu=  0.0% rss=  70.6MB
[interval 21] t= 220.5s msgs=2005410 thr=   200129 msg/s  avg=183.37 p50=182 p99=328 p999=428 max=529 ms  cpu=  0.0% rss=  70.6MB
[interval 22] t= 230.5s msgs=2002050 thr=   199779 msg/s  avg=181.45 p50=181 p99=323 p999=354 max=382 ms  cpu=  0.0% rss=  70.6MB
[interval 23] t= 240.5s msgs=2001825 thr=   200079 msg/s  avg=182.85 p50=182 p99=323 p999=363 max=403 ms  cpu=  0.0% rss=  70.6MB
[interval 24] t= 250.5s msgs=2005635 thr=   200479 msg/s  avg=183.87 p50=183 p99=332 p999=417 max=523 ms  cpu=  0.0% rss=  70.6MB
[interval 25] t= 260.5s msgs=1998015 thr=   199165 msg/s  avg=182.09 p50=181 p99=326 p999=366 max=391 ms  cpu=  0.0% rss=  70.6MB
[interval 26] t= 270.5s msgs=2009895 thr=   200957 msg/s  avg=181.73 p50=181 p99=323 p999=356 max=399 ms  cpu=  0.0% rss=  70.6MB
[interval 27] t= 280.5s msgs=2001593 thr=   199836 msg/s  avg=182.23 p50=182 p99=323 p999=352 max=380 ms  cpu=  0.0% rss=  70.6MB
[interval 28] t= 290.5s msgs=1998015 thr=   199702 msg/s  avg=182.96 p50=182 p99=325 p999=366 max=401 ms  cpu=  0.0% rss=  70.6MB
[interval 29] t= 300.6s msgs=2001600 thr=   199986 msg/s  avg=181.66 p50=180 p99=323 p999=355 max=394 ms  cpu=  0.0% rss=  70.6MB
[interval 30] t= 310.6s msgs=2005635 thr=   199942 msg/s  avg=184.90 p50=184 p99=333 p999=479 max=577 ms  cpu=  0.0% rss=  70.6MB
[interval 31] t= 320.6s msgs=2002050 thr=   199675 msg/s  avg=185.98 p50=184 p99=343 p999=527 max=591 ms  cpu=  0.0% rss=  70.6MB
[interval 32] t= 330.6s msgs=2005410 thr=   200207 msg/s  avg=188.11 p50=186 p99=346 p999=517 max=594 ms  cpu=  0.0% rss=  70.6MB
[interval 33] t= 340.6s msgs=2006085 thr=   200385 msg/s  avg=188.56 p50=187 p99=376 p999=551 max=598 ms  cpu=  0.0% rss=  70.6MB
[interval 34] t= 350.7s msgs=1997790 thr=   199403 msg/s  avg=189.44 p50=188 p99=355 p999=516 max=611 ms  cpu=  0.0% rss=  70.6MB
[interval 35] t= 360.7s msgs=2013705 thr=   200877 msg/s  avg=190.81 p50=187 p99=426 p999=581 max=641 ms  cpu=  0.0% rss=  70.6MB
[interval 36] t= 370.7s msgs=2002050 thr=   199557 msg/s  avg=186.73 p50=186 p99=340 p999=454 max=567 ms  cpu=  0.0% rss=  70.6MB
[interval 37] t= 380.7s msgs=2001825 thr=   200016 msg/s  avg=189.79 p50=187 p99=421 p999=576 max=645 ms  cpu=  0.0% rss=  70.6MB
[interval 38] t= 390.8s msgs=2009670 thr=   200043 msg/s  avg=186.80 p50=185 p99=341 p999=482 max=544 ms  cpu=  0.0% rss=  70.6MB
[interval 39] t= 400.8s msgs=1997790 thr=   199311 msg/s  avg=184.97 p50=184 p99=331 p999=418 max=514 ms  cpu=  0.0% rss=  70.6MB
[interval 40] t= 410.8s msgs=2006085 thr=   200592 msg/s  avg=187.59 p50=186 p99=345 p999=499 max=560 ms  cpu=  0.0% rss=  70.6MB
[interval 41] t= 420.8s msgs=2005410 thr=   199821 msg/s  avg=185.05 p50=184 p99=329 p999=412 max=528 ms  cpu=  0.0% rss=  70.6MB
[interval 42] t= 430.9s msgs=2001825 thr=   199947 msg/s  avg=185.82 p50=185 p99=341 p999=520 max=596 ms  cpu=  0.0% rss=  70.6MB
[interval 43] t= 440.9s msgs=2010345 thr=   200618 msg/s  avg=185.17 p50=184 p99=330 p999=487 max=571 ms  cpu=  0.0% rss=  70.6MB
[interval 44] t= 450.9s msgs=2001375 thr=   200060 msg/s  avg=185.34 p50=184 p99=331 p999=418 max=542 ms  cpu=  0.0% rss=  70.6MB
[interval 45] t= 460.9s msgs=1997790 thr=   199433 msg/s  avg=187.76 p50=186 p99=349 p999=476 max=527 ms  cpu=  0.0% rss=  70.6MB
[interval 46] t= 470.9s msgs=2014155 thr=   201276 msg/s  avg=184.67 p50=183 p99=328 p999=457 max=573 ms  cpu=  0.0% rss=  70.6MB
[interval 47] t= 480.9s msgs=1993530 thr=   199311 msg/s  avg=183.05 p50=182 p99=324 p999=353 max=370 ms  cpu=  0.0% rss=  70.6MB
[interval 48] t= 490.9s msgs=2001825 thr=   199863 msg/s  avg=185.00 p50=184 p99=328 p999=364 max=388 ms  cpu=  0.0% rss=  70.6MB
[interval 49] t= 501.0s msgs=2009670 thr=   200069 msg/s  avg=183.21 p50=182 p99=325 p999=362 max=414 ms  cpu=  0.0% rss=  70.6MB
[interval 50] t= 511.0s msgs=2001600 thr=   199561 msg/s  avg=183.96 p50=183 p99=326 p999=369 max=396 ms  cpu=  0.0% rss=  70.6MB
[interval 51] t= 521.0s msgs=2002050 thr=   199646 msg/s  avg=185.72 p50=185 p99=331 p999=386 max=478 ms  cpu=  0.0% rss=  70.6MB
[interval 52] t= 531.0s msgs=2013930 thr=   201369 msg/s  avg=194.29 p50=190 p99=458 p999=646 max=757 ms  cpu=  0.0% rss=  70.6MB
[interval 53] t= 541.0s msgs=2001600 thr=   200135 msg/s  avg=183.62 p50=183 p99=325 p999=363 max=393 ms  cpu=  0.0% rss=  70.6MB
[interval 54] t= 551.1s msgs=1993980 thr=   199243 msg/s  avg=184.66 p50=184 p99=325 p999=364 max=423 ms  cpu=  0.0% rss=  70.6MB
[interval 55] t= 561.1s msgs=2005410 thr=   200335 msg/s  avg=185.41 p50=185 p99=329 p999=378 max=460 ms  cpu=  0.0% rss=  70.6MB
[interval 56] t= 571.1s msgs=2005860 thr=   200057 msg/s  avg=183.84 p50=183 p99=327 p999=361 max=384 ms  cpu=  0.0% rss=  70.6MB
[interval 57] t= 581.1s msgs=2002050 thr=   199957 msg/s  avg=181.77 p50=181 p99=325 p999=366 max=400 ms  cpu=  0.0% rss=  70.6MB
[interval 58] t= 591.1s msgs=2001375 thr=   199764 msg/s  avg=181.27 p50=180 p99=322 p999=352 max=382 ms  cpu=  0.0% rss=  70.6MB

Loop breakdown over 89566 polls: poll().await=99.9%  per-record processing=0.1%  (avg 1340 records/poll)
Records/poll distribution (non-empty polls, post-warmup): n=89340 min=30 mean=1343.4 p50=2000 p99=2000 max=2000

======================================================================
SUMMARY — Rust Kafka Consumer (warmup 200000 excluded)
======================================================================
Measured messages: 120024852
Duration:          600.00 s
Throughput:        200040 msg/s  (195.35 MiB/s)
E2E latency (ms):  min=20 avg=184.21 p50=183 p90=282 p95=299 p99=331 p99.9=446 max=757
======================================================================

Results written to: consumer-perf/results/cmp-rust-20260615_065740
