======================================================================
Consumer E2E Latency Benchmark — Rust Kafka Consumer
======================================================================
Bootstrap:   pkc-devcozvdmy.us-east-1.aws.devel.cpdev.cloud:9092
Topic:       cmp-librdkafka-bench
Group:       cmp-rustpeak-20260615_080637
Throughput:  50000 msg/s
Duration:    300 s (after warmup)
Msg size:    1024 bytes
Warmup:      200000 messages
Interval:    10 s
======================================================================
>>> Ensuring topic 'cmp-librdkafka-bench' (8 partitions)...
    WARN: could not run /home/ec2-user/dev/opensource/kafka/bin/kafka-topics.sh: No such file or directory (os error 2) (continuing)
Offset reset: latest
Client config: loaded /home/ec2-user/bench/cc_rust.properties (SASL/SSL etc.)
Fetch config: fetch.min.bytes=4194304 fetch.max.wait.ms=default max.partition.fetch.bytes=4194304 fetch.max.bytes=default max.poll.records=2000

>>> Subscribed; waiting for partition assignment (KIP-848 join)...
    assigned 12 partition(s) after 0.5s
>>> --no-produce: drive the producer externally now.

>>> Measuring (warmup 200000 msgs, then 300 s)...

>>> first records arrived 40.6s after producer start (after 82 polls)
    warmup complete (200000 msgs); measuring now
[interval 0] t=  10.0s msgs=2879145 thr=   287641 msg/s  avg=147.68 p50=146 p99=270 p999=326 max=402 ms  cpu=  0.0% rss=  45.5MB
[interval 1] t=  20.0s msgs=2948265 thr=   294399 msg/s  avg=143.63 p50=142 p99=262 p999=302 max=348 ms  cpu=  0.0% rss=  49.5MB
[interval 2] t=  30.0s msgs=2944005 thr=   294209 msg/s  avg=145.01 p50=144 p99=260 p999=293 max=320 ms  cpu=  0.0% rss=  57.0MB
[interval 3] t=  40.0s msgs=2956560 thr=   295322 msg/s  avg=146.78 p50=146 p99=263 p999=297 max=333 ms  cpu=  0.0% rss=  41.6MB
[interval 4] t=  50.1s msgs=2968215 thr=   296512 msg/s  avg=144.43 p50=143 p99=259 p999=295 max=330 ms  cpu=  0.0% rss=  58.0MB
[interval 5] t=  60.1s msgs=2972475 thr=   296433 msg/s  avg=146.17 p50=145 p99=261 p999=291 max=328 ms  cpu=  0.0% rss=  53.7MB
[interval 6] t=  70.1s msgs=2976060 thr=   296726 msg/s  avg=145.98 p50=145 p99=262 p999=297 max=329 ms  cpu=  0.0% rss=  38.6MB
[interval 7] t=  80.1s msgs=2956560 thr=   295596 msg/s  avg=144.64 p50=143 p99=262 p999=307 max=327 ms  cpu=  0.0% rss=  53.0MB
[interval 8] t=  90.1s msgs=2951400 thr=   294595 msg/s  avg=145.70 p50=144 p99=264 p999=306 max=343 ms  cpu=  0.0% rss=  54.3MB
[interval 9] t= 100.2s msgs=2956785 thr=   295319 msg/s  avg=146.94 p50=145 p99=274 p999=336 max=451 ms  cpu=  0.0% rss=  48.6MB
[interval 10] t= 110.2s msgs=2939295 thr=   293644 msg/s  avg=147.01 p50=145 p99=274 p999=331 max=439 ms  cpu=  0.0% rss=  46.5MB
[interval 11] t= 120.2s msgs=2940645 thr=   293718 msg/s  avg=146.35 p50=145 p99=265 p999=305 max=359 ms  cpu=  0.0% rss=  55.6MB
[interval 12] t= 130.2s msgs=2952075 thr=   293888 msg/s  avg=145.15 p50=143 p99=264 p999=308 max=348 ms  cpu=  0.0% rss=  58.3MB
[interval 13] t= 140.2s msgs=2980320 thr=   297628 msg/s  avg=144.51 p50=143 p99=262 p999=312 max=348 ms  cpu=  0.0% rss=  48.8MB
[interval 14] t= 150.3s msgs=2956335 thr=   295186 msg/s  avg=144.75 p50=143 p99=261 p999=308 max=352 ms  cpu=  0.0% rss=  54.5MB
[interval 15] t= 160.3s msgs=2956110 thr=   295350 msg/s  avg=148.76 p50=146 p99=297 p999=380 max=445 ms  cpu=  0.0% rss=  51.5MB
[interval 16] t= 170.3s msgs=2952300 thr=   295191 msg/s  avg=146.62 p50=143 p99=290 p999=392 max=544 ms  cpu=  0.0% rss=  42.7MB
[interval 17] t= 180.3s msgs=2939970 thr=   293480 msg/s  avg=145.68 p50=143 p99=282 p999=384 max=462 ms  cpu=  0.0% rss=  48.7MB
[interval 18] t= 190.3s msgs=2931450 thr=   293110 msg/s  avg=145.67 p50=143 p99=283 p999=368 max=500 ms  cpu=  0.0% rss=  48.7MB
[interval 19] t= 200.3s msgs=2935935 thr=   293286 msg/s  avg=145.90 p50=143 p99=276 p999=330 max=405 ms  cpu=  0.0% rss=  54.5MB
[interval 20] t= 210.3s msgs=2925865 thr=   292569 msg/s  avg=145.69 p50=143 p99=280 p999=340 max=401 ms  cpu=  0.0% rss=  51.6MB
[interval 21] t= 220.3s msgs=2776310 thr=   276632 msg/s  avg=153.38 p50=150 p99=292 p999=416 max=492 ms  cpu=  0.0% rss=  46.5MB
[interval 22] t= 230.3s msgs=2976510 thr=   297390 msg/s  avg=150.66 p50=147 p99=296 p999=365 max=418 ms  cpu=  0.0% rss=  58.3MB
[interval 23] t= 240.4s msgs=2980095 thr=   297925 msg/s  avg=150.65 p50=147 p99=295 p999=356 max=411 ms  cpu=  0.0% rss=  58.5MB
[interval 24] t= 250.4s msgs=2978960 thr=   297892 msg/s  avg=148.48 p50=144 p99=298 p999=395 max=490 ms  cpu=  0.0% rss=  62.3MB
[interval 25] t= 260.4s msgs=2881255 thr=   287674 msg/s  avg=149.03 p50=146 p99=285 p999=340 max=401 ms  cpu=  0.0% rss=  46.6MB
[interval 26] t= 270.4s msgs=2765790 thr=   275995 msg/s  avg=151.22 p50=148 p99=287 p999=348 max=390 ms  cpu=  0.0% rss=  50.5MB
[interval 27] t= 280.4s msgs=2976510 thr=   297446 msg/s  avg=146.22 p50=144 p99=274 p999=326 max=360 ms  cpu=  0.0% rss=  58.4MB
[interval 28] t= 290.4s msgs=2960370 thr=   295897 msg/s  avg=148.88 p50=146 p99=283 p999=373 max=528 ms  cpu=  0.0% rss=  61.1MB

Loop breakdown over 65357 polls: poll().await=99.9%  per-record processing=0.1%  (avg 1347 records/poll)
Records/poll distribution (non-empty polls, post-warmup): n=65120 min=35 mean=1352.4 p50=2000 p99=2000 max=2000

======================================================================
SUMMARY — Rust Kafka Consumer (warmup 200000 excluded)
======================================================================
Measured messages: 88066320
Duration:          300.01 s
Throughput:        293541 msg/s  (286.66 MiB/s)
E2E latency (ms):  min=29 avg=147.05 p50=145 p90=215 p95=235 p99=276 p99.9=340 max=569
======================================================================

Results written to: consumer-perf/results/cmp-rustpeak-20260615_080637
