======================================================================
Consumer E2E Latency Benchmark - librdkafka (native C)
======================================================================
Bootstrap:   pkc-devcozvdmy.us-east-1.aws.devel.cpdev.cloud:9092
Topic:       cmp-bench-200p
Group:       d2-rdk-1781721349
Throughput:  300000 msg/s
Duration:    300 s (after warmup)
Msg size:    1024 bytes
Warmup:      600000 messages
Interval:    30 s
rdkafka ver: 2.13.0
======================================================================

>>> Subscribed; waiting for partition assignment (group.protocol=consumer)...
%6|1781721349.347|GETSUBSCRIPTIONS|librdkafka-perf-c#consumer-1| [thrd:main]: Telemetry client instance id changed from AAAAAAAAAAAAAAAAAAAAAA to O2K8cVIUQyeh5PbeOYwafA
    assigned 200 partition(s)
    assigned after 1.0s
>>> Settling to the live edge (polling until empty) before producer...
    at live edge; starting producer now.

>>> Measuring (warmup 600000 msgs, then 300 s)...

>>> first records arrived 44.8s after producer start
    warmup complete (600000 msgs); measuring now
[interval 0] t=  30.0s msgs=4499954 thr=   149998 msg/s  avg=  4.63 p50=4 p99=21 p999=56 max=159 ms  cpu= 61.5% rss= 137.2MB
[interval 1] t=  60.0s msgs=4500393 thr=   150013 msg/s  avg=  4.49 p50=4 p99=19 p999=33 max=59 ms  cpu=143.5% rss= 141.6MB
[interval 2] t=  90.0s msgs=4500060 thr=   150002 msg/s  avg=  4.37 p50=4 p99=18 p999=29 max=56 ms  cpu=144.0% rss= 141.6MB
[interval 3] t= 120.0s msgs=4500118 thr=   150004 msg/s  avg=  4.56 p50=4 p99=19 p999=34 max=59 ms  cpu=144.6% rss= 141.6MB
[interval 4] t= 150.0s msgs=4500100 thr=   150003 msg/s  avg=  4.38 p50=4 p99=18 p999=32 max=70 ms  cpu=145.0% rss= 141.6MB
[interval 5] t= 180.0s msgs=4500048 thr=   150001 msg/s  avg=  4.56 p50=4 p99=19 p999=34 max=110 ms  cpu=144.3% rss= 141.6MB
[interval 6] t= 210.0s msgs=4500058 thr=   150002 msg/s  avg=  4.38 p50=4 p99=18 p999=32 max=67 ms  cpu=145.4% rss= 141.6MB
[interval 7] t= 240.0s msgs=4500055 thr=   150002 msg/s  avg=  4.63 p50=4 p99=20 p999=34 max=112 ms  cpu=143.7% rss= 141.6MB
[interval 8] t= 270.0s msgs=4500057 thr=   150001 msg/s  avg=  4.35 p50=4 p99=17 p999=28 max=148 ms  cpu=144.3% rss= 141.6MB

======================================================================
SUMMARY - librdkafka-c (warmup 600000 excluded, group.protocol=consumer)
======================================================================
Measured messages: 44999832
Duration:          300.00 s
Throughput:        149999 msg/s  (146.48 MiB/s)
Batch consume:     max_poll_records=500, 45599832 non-empty batches, 45599832 records, avg 1.0 records/batch
Records/batch dist (post-warmup): n=44999832 min=1 mean=1.0 p50=1 p99=1 max=1
E2E latency (ms):  min=1 avg=4.48 stddev=3.24 p50=4 p90=7 p95=9 p99=19 p99.9=33 max=159
RSS (MB, current):  avg=141.1 min=137.2 max=141.6 (9 samples)
======================================================================

Results written to: /home/ec2-user/bench/d2_rdk/d2-rdk-1781721349
