======================================================================
Consumer E2E Latency Benchmark - librdkafka (native C)
======================================================================
Bootstrap:   pkc-devcozvdmy.us-east-1.aws.devel.cpdev.cloud:9092
Topic:       cmp-bench-36p
Group:       d36-rdk-1781722338
Throughput:  300000 msg/s
Duration:    300 s (after warmup)
Msg size:    1024 bytes
Warmup:      600000 messages
Interval:    30 s
rdkafka ver: 2.13.0
======================================================================

>>> Subscribed; waiting for partition assignment (group.protocol=consumer)...
%6|1781722338.662|GETSUBSCRIPTIONS|librdkafka-perf-c#consumer-1| [thrd:main]: Telemetry client instance id changed from AAAAAAAAAAAAAAAAAAAAAA to iIXZMtY/QDap7r/mlJkvKw
    assigned 36 partition(s)
    assigned after 1.0s
>>> Settling to the live edge (polling until empty) before producer...
    at live edge; starting producer now.

>>> Measuring (warmup 600000 msgs, then 300 s)...

>>> first records arrived 44.8s after producer start
    warmup complete (600000 msgs); measuring now
[interval 0] t=  30.0s msgs=4499928 thr=   149998 msg/s  avg=  4.20 p50=4 p99=18 p999=35 max=111 ms  cpu= 47.7% rss=  54.5MB
[interval 1] t=  60.0s msgs=4500342 thr=   150011 msg/s  avg=  4.18 p50=4 p99=17 p999=35 max=82 ms  cpu=110.6% rss=  58.9MB
[interval 2] t=  90.0s msgs=4500076 thr=   150002 msg/s  avg=  4.10 p50=3 p99=17 p999=31 max=106 ms  cpu=111.0% rss=  58.9MB
[interval 3] t= 120.0s msgs=4500109 thr=   150004 msg/s  avg=  4.17 p50=4 p99=17 p999=33 max=67 ms  cpu=110.7% rss=  58.9MB
[interval 4] t= 150.0s msgs=4500127 thr=   150004 msg/s  avg=  4.13 p50=4 p99=16 p999=31 max=102 ms  cpu=110.9% rss=  58.9MB
[interval 5] t= 180.0s msgs=4500006 thr=   150000 msg/s  avg=  4.12 p50=4 p99=16 p999=30 max=93 ms  cpu=110.8% rss=  58.9MB
[interval 6] t= 210.0s msgs=4499859 thr=   149995 msg/s  avg=  4.16 p50=4 p99=18 p999=34 max=107 ms  cpu=110.7% rss=  58.9MB
[interval 7] t= 240.0s msgs=4500307 thr=   150010 msg/s  avg=  4.22 p50=4 p99=18 p999=53 max=138 ms  cpu=110.5% rss=  58.9MB
[interval 8] t= 270.0s msgs=4500160 thr=   150005 msg/s  avg=  4.13 p50=4 p99=17 p999=33 max=69 ms  cpu=110.1% rss=  58.9MB

======================================================================
SUMMARY - librdkafka-c (warmup 600000 excluded, group.protocol=consumer)
======================================================================
Measured messages: 44999996
Duration:          300.00 s
Throughput:        150000 msg/s  (146.48 MiB/s)
Batch consume:     max_poll_records=500, 45599996 non-empty batches, 45599996 records, avg 1.0 records/batch
Records/batch dist (post-warmup): n=44999996 min=1 mean=1.0 p50=1 p99=1 max=1
E2E latency (ms):  min=1 avg=4.15 stddev=3.03 p50=4 p90=6 p95=8 p99=17 p99.9=34 max=138
RSS (MB, current):  avg=58.4 min=54.5 max=58.9 (9 samples)
======================================================================

Results written to: /home/ec2-user/bench/d36_rdk/d36-rdk-1781722338
