######## C v2 (librdkafka baseline) ########
%6|1787325726.037|GETSUBSCRIPTIONS|rdkafka#producer-1| [thrd:main]: Telemetry client instance id changed from AAAAAAAAAAAAAAAAAAAAAA to R6OD2J9fQqq8L5H/7T57ww
Verification disabled
SASL authentication enabled
Key size: 0 bytes
Value size: 1024 bytes
Bootstrap servers: pkc-devcoz07r9.us-east-1.aws.devel.cpdev.cloud:9092
Enable idempotence: false
Max in flight requests: 1000
Compression type: none
Buffer memory: 32 MB
Batch size: 1024 KB
Max request size: 8192 KB
Linger ms: 5
Using librdkafka producer (v2)
Using topic name: rust-perf-36p
Producing at max rate for 3600 seconds
Running C sync producer performance test ...
Warming up for 300 seconds ...
Warmup complete.
Starting measured interval at 1787326025863 ms
Test duration reached, 3601 seconds. Interrupting...
End time: 1787329626933 ms
Duration: 3601069.87 ms
Average CPU: 258.57 %
Average RSS: 1326135.57 KiB
CPU efficiency: 2069.36 msg/(s * 1% CPU)
Memory efficiency: 0.40 msg/(s * KB RSS)
Average future queue size: 55491.69
Max future queue size: 168710
Average time: 0.00 ms
Average rate msg/s: 535082.65 msg/s
Average rate MiB/s: 522.54 MiB/s
Average latency: 42.71 ms
Max latency: 401.80 ms
p99 latency: 143 ms
Results summary written to: results.json
Waiting for final metrics collection...
Final CPU: 0.00 %
Final RSS: 166408.00 KiB
Done
######## Done: c-v2. Metrics under /home/ubuntu/perf-test/results ########
