######## Python producer perf test (ASYNC=False, CLIENT_VERSION=2) ########
%6|1787486000.083|GETSUBSCRIPTIONS|rdkafka#producer-1| [thrd:main]: Telemetry client instance id changed from AAAAAAAAAAAAAAAAAAAAAA to mdXlcVxESJqgxftoqgwoHg
Producing messages at max rate for 3600 seconds
Running sync producer performance test v2 (confluent-kafka)...
Key size: 0 bytes
Value size: 1024 bytes
Verify: False
Producer configuration:
  bootstrap.servers: pkc-devcoz07r9.us-east-1.aws.devel.cpdev.cloud:9092
  security.protocol: SASL_SSL
  sasl.mechanism: PLAIN
  sasl.username: DXRNUMKGHXHAFOHV
  sasl.password: <hidden>
  acks: all
  batch.size: 1048576
  message.max.bytes: 8388608
  compression.type: none
  enable.idempotence: false
  max.in.flight.requests.per.connection: 1000
  queue.buffering.max.kbytes: 32768
  queue.buffering.max.messages: 2147483647
  linger.ms: 5
  partitioner: murmur2_random
Warming up for 300 seconds ...
Starting measured interval at 1787486299935 ms: 2026-08-23 11:58:19.935966+00:00
Test duration reached, 3601.01 seconds. Interrupting...

End time: 1787489901211 ms
Duration: 3601275.846337 ms
Average CPU: 119.84 %
Average RSS: 258486.05 KiB
CPU Efficiency: 447.55 msg/(s * 1% CPU)
Memory Efficiency: 0.21 msg/(s * KB RSS)
Average time: 0.02 ms
Average rate msg/s: 53636.55 msg/s
Average rate MiB/s: 52.38 MiB/s
Average latency: 610.08 ms
Max latency: 959.00 ms
p50 latency: 607 ms
p90 latency: 694 ms
p99 latency: 774 ms
p999 latency: 852 ms
Results summary written to: results.json
Performing garbage collection...
Waiting for final metrics collection...
Final CPU: 0.00 %
Final RSS: 266116.00 KiB
Done
Consumer verification skipped (VERIFY_CONSUMED=False)
######## Done: python-producer. Metrics under /home/ubuntu/perf-test/results ########
