######## Python producer perf test (ASYNC=True, CLIENT_VERSION=3) ########
Producing messages at max rate for 3600 seconds
Running async producer performance test v3 (confluent-kafka-rust)...
Key size: 0 bytes
Value size: 102400 bytes
Verify: False
Producer configuration:
  bootstrap.servers: pkc-devcoz07r9.us-east-1.aws.devel.cpdev.cloud:9092
  security.protocol: SASL_SSL
  sasl.mechanism: PLAIN
  sasl.jaas.config: <hidden>
  acks: all
  batch.size: 1048576
  max.request.size: 8388608
  compression.type: none
  enable.idempotence: false
  max.in.flight.requests.per.connection: 5
  buffer.memory: 33554432
  linger.ms: 5
Warming up for 300 seconds ...
Starting measured interval at 1787407882071 ms: 2026-08-22 14:11:22.071841+00:00
Test duration reached, 3601.79 seconds. Interrupting...

End time: 1787411484084 ms
Duration: 3602012.625245 ms
Average CPU: 83.99 %
Average RSS: 1146247.87 KiB
CPU Efficiency: 69.35 msg/(s * 1% CPU)
Memory Efficiency: 0.01 msg/(s * KB RSS)
Average time: 0.17 ms
Average rate msg/s: 5824.52 msg/s
Average rate MiB/s: 568.80 MiB/s
Average latency: 479.85 ms
Max latency: 977.00 ms
p50 latency: 472 ms
p90 latency: 536 ms
p99 latency: 602 ms
p999 latency: 671 ms
Results summary written to: results.json
Performing garbage collection...
Waiting for final metrics collection...
Final CPU: 0.00 %
Final RSS: 1052552.00 KiB
Done
Consumer verification skipped (VERIFY_CONSUMED=False)
######## Done: python-producer. Metrics under /home/ubuntu/perf-test/results ########
