======================================================================
Consumer E2E Latency Benchmark — Rust Kafka Consumer
======================================================================
Bootstrap:   pkc-devcozvdmy.us-east-1.aws.devel.cpdev.cloud:9092
Topic:       cmp-bench-36p
Group:       consumer-perf-1782112492564
Throughput:  150000 msg/s
Duration:    300 s (after warmup)
Msg size:    2048 bytes
Warmup:      36000000 messages
Interval:    30 s
======================================================================
Offset reset: latest
Client config: loaded /home/ec2-user/bench/cc_bench.properties (SASL/SSL etc.)
Fetch config: fetch.min.bytes=default fetch.max.wait.ms=default max.partition.fetch.bytes=default fetch.max.bytes=default max.poll.records=default

>>> Subscribed; waiting for partition assignment (KIP-848 join)...
    assigned 36 partition(s) after 0.5s
>>> Settling to the live edge (polling until empty) before starting producer...
    at live edge; starting producer now.
>>> Launching producer: throughput=150000 (fixed msg/s), 2048 bytes, ~85500000 records

>>> Measuring (warmup 36000000 msgs, then 300 s)...

>>> first records arrived 1.1s after producer start (after 3 polls)
    warmup complete (36000000 msgs); measuring now
[interval 0] t=  30.0s msgs=4500047 thr=   150001 msg/s  avg=  4.61 p50=4 p99=17 p999=31 max=62 ms  cpu=  0.0% rss=  13.0MB
[interval 1] t=  60.0s msgs=4500265 thr=   150008 msg/s  avg=  4.59 p50=4 p99=17 p999=32 max=63 ms  cpu=  0.0% rss=  13.3MB
[interval 2] t=  90.0s msgs=4499887 thr=   149996 msg/s  avg=  4.70 p50=4 p99=17 p999=32 max=72 ms  cpu=  0.0% rss=  13.4MB
[interval 3] t= 120.0s msgs=4500279 thr=   150009 msg/s  avg=  4.73 p50=4 p99=19 p999=37 max=89 ms  cpu=  0.0% rss=  13.4MB
[interval 4] t= 150.0s msgs=4500307 thr=   150010 msg/s  avg=  4.66 p50=4 p99=17 p999=31 max=119 ms  cpu=  0.0% rss=  17.8MB
[interval 5] t= 180.0s msgs=4500370 thr=   150011 msg/s  avg=  4.73 p50=4 p99=17 p999=47 max=151 ms  cpu=  0.0% rss=  28.3MB
[interval 6] t= 210.0s msgs=4487658 thr=   149587 msg/s  avg=  4.60 p50=4 p99=17 p999=31 max=67 ms  cpu=  0.0% rss=  28.6MB
[interval 7] t= 240.0s msgs=4469430 thr=   148981 msg/s  avg=  4.47 p50=4 p99=16 p999=30 max=72 ms  cpu=  0.0% rss=  24.0MB
[interval 8] t= 270.0s msgs=4456620 thr=   148554 msg/s  avg=  4.55 p50=4 p99=17 p999=32 max=61 ms  cpu=  0.0% rss=  24.0MB

Loop breakdown over 4321134 polls: poll().await=99.9%  per-record processing=0.1%  (avg 10 records/poll)
Records/poll distribution (non-empty polls, post-warmup): n=2436348 min=7 mean=18.5 p50=14 p99=77 max=500

======================================================================
SUMMARY — Rust Kafka Consumer (warmup 36000000 excluded)
======================================================================
Measured messages: 44999996
Duration:          300.00 s
Throughput:        150000 msg/s  (292.97 MiB/s)
E2E latency (ms):  min=1 avg=4.62 stddev=3.06 p50=4 p90=7 p95=9 p99=17 p99.9=33 max=151
RSS (MB, current): avg=19.5 min=13.0 max=28.6
======================================================================

Results written to: /home/ec2-user/bench/regr2/res/consumer-perf-1782112492564
