======================================================================
Consumer E2E Latency Benchmark - librdkafka (native C)
======================================================================
Bootstrap:   pkc-devcozvdmy.us-east-1.aws.devel.cpdev.cloud:9092
Topic:       cmp-bench-10p
Group:       lr10-50-1782207019
Throughput:  300000 msg/s
Duration:    300 s (after warmup)
Msg size:    1024 bytes
Warmup:      750000 messages
Interval:    30 s
rdkafka ver: 2.13.0
======================================================================

>>> Subscribed; waiting for partition assignment (group.protocol=consumer)...
%6|1782207020.185|GETSUBSCRIPTIONS|librdkafka-perf-c#consumer-1| [thrd:main]: Telemetry client instance id changed from AAAAAAAAAAAAAAAAAAAAAA to yldk2mSFTXGcgIC2rAFc8Q
    assigned 10 partition(s)
    assigned after 1.0s
>>> Settling to the live edge (polling until empty) before producer...
    at live edge; starting producer now.

>>> Measuring (warmup 750000 msgs, then 300 s)...

>>> first records arrived 44.2s after producer start
    warmup complete (750000 msgs); measuring now
[interval 0] t=  30.0s msgs= 750022 thr=    25001 msg/s  avg=  3.52 p50=3 p99=13 p999=65 max=227 ms  cpu=  9.0% rss=  17.4MB
[interval 1] t=  60.0s msgs= 750050 thr=    25001 msg/s  avg=  3.35 p50=3 p99=12 p999=25 max=44 ms  cpu= 15.6% rss=  22.0MB
[interval 2] t=  90.0s msgs= 750024 thr=    25001 msg/s  avg=  3.40 p50=3 p99=13 p999=26 max=41 ms  cpu= 15.4% rss=  22.5MB
[interval 3] t= 120.0s msgs= 749978 thr=    24999 msg/s  avg=  3.39 p50=3 p99=12 p999=23 max=44 ms  cpu= 15.6% rss=  22.5MB
[interval 4] t= 150.0s msgs= 750001 thr=    25000 msg/s  avg=  3.42 p50=3 p99=13 p999=30 max=104 ms  cpu= 15.6% rss=  22.8MB
[interval 5] t= 180.0s msgs= 750006 thr=    25000 msg/s  avg=  3.53 p50=3 p99=13 p999=66 max=236 ms  cpu= 15.5% rss=  23.3MB
[interval 6] t= 210.0s msgs= 750024 thr=    25001 msg/s  avg=  3.44 p50=3 p99=12 p999=31 max=243 ms  cpu= 15.6% rss=  24.0MB
[interval 7] t= 240.0s msgs= 750015 thr=    25000 msg/s  avg=  3.62 p50=3 p99=14 p999=54 max=271 ms  cpu= 15.5% rss=  24.0MB
[interval 8] t= 270.0s msgs= 750001 thr=    25000 msg/s  avg=  3.38 p50=3 p99=12 p999=24 max=47 ms  cpu= 15.5% rss=  24.0MB

======================================================================
SUMMARY - librdkafka-c (warmup 750000 excluded, group.protocol=consumer)
======================================================================
Measured messages: 7500045
Duration:          300.00 s
Throughput:        25000 msg/s  (24.41 MiB/s)
Batch consume:     max_poll_records=500, 8250045 non-empty batches, 8250045 records, avg 1.0 records/batch
Records/batch dist (post-warmup): n=7500045 min=1 mean=1.0 p50=1 p99=1 max=1
E2E latency (ms):  min=1 avg=3.45 stddev=3.91 p50=3 p90=5 p95=6 p99=13 p99.9=31 max=271
RSS (MB, current):  avg=22.5 min=17.4 max=24.0 (9 samples)
======================================================================

Results written to: /home/ec2-user/bench/lowrate10_sweep/rdk_50_res/lr10-50-1782207019
