======================================================================
Consumer E2E Latency Benchmark - librdkafka (native C)
======================================================================
Bootstrap:   pkc-devcozvdmy.us-east-1.aws.devel.cpdev.cloud:9092
Topic:       cmp-bench-10p
Group:       lr10-10-1782205586
Throughput:  300000 msg/s
Duration:    300 s (after warmup)
Msg size:    1024 bytes
Warmup:      150000 messages
Interval:    30 s
rdkafka ver: 2.13.0
======================================================================

>>> Subscribed; waiting for partition assignment (group.protocol=consumer)...
%6|1782205587.106|GETSUBSCRIPTIONS|librdkafka-perf-c#consumer-1| [thrd:main]: Telemetry client instance id changed from AAAAAAAAAAAAAAAAAAAAAA to siFBtTu6RJqdQYVRvNQnuQ
    assigned 10 partition(s)
    assigned after 1.0s
>>> Settling to the live edge (polling until empty) before producer...
    at live edge; starting producer now.

>>> Measuring (warmup 150000 msgs, then 300 s)...

>>> first records arrived 44.1s after producer start
    warmup complete (150000 msgs); measuring now
[interval 0] t=  30.0s msgs= 149986 thr=     4999 msg/s  avg=  3.41 p50=3 p99=11 p999=22 max=35 ms  cpu=  2.0% rss=  15.3MB
[interval 1] t=  60.0s msgs= 150024 thr=     5001 msg/s  avg=  3.38 p50=3 p99=10 p999=23 max=40 ms  cpu=  3.5% rss=  19.6MB
[interval 2] t=  90.0s msgs= 150003 thr=     5000 msg/s  avg=  3.38 p50=3 p99=10 p999=20 max=34 ms  cpu=  3.5% rss=  19.6MB
[interval 3] t= 120.0s msgs= 150010 thr=     5000 msg/s  avg=  3.39 p50=3 p99=10 p999=23 max=41 ms  cpu=  3.5% rss=  19.6MB
[interval 4] t= 150.0s msgs= 149989 thr=     5000 msg/s  avg=  3.45 p50=3 p99=11 p999=25 max=94 ms  cpu=  3.5% rss=  19.6MB
[interval 5] t= 180.0s msgs= 150024 thr=     5001 msg/s  avg=  3.37 p50=3 p99=10 p999=22 max=38 ms  cpu=  3.4% rss=  19.6MB
[interval 6] t= 210.0s msgs= 149989 thr=     5000 msg/s  avg=  3.44 p50=3 p99=11 p999=27 max=39 ms  cpu=  3.4% rss=  19.6MB
[interval 7] t= 240.0s msgs= 150010 thr=     5000 msg/s  avg=  3.35 p50=3 p99=10 p999=22 max=34 ms  cpu=  3.5% rss=  19.6MB
[interval 8] t= 270.0s msgs= 150010 thr=     5000 msg/s  avg=  3.56 p50=3 p99=12 p999=70 max=144 ms  cpu=  3.5% rss=  20.3MB

======================================================================
SUMMARY - librdkafka-c (warmup 150000 excluded, group.protocol=consumer)
======================================================================
Measured messages: 1499992
Duration:          300.00 s
Throughput:        5000 msg/s  (4.88 MiB/s)
Batch consume:     max_poll_records=500, 1649992 non-empty batches, 1649992 records, avg 1.0 records/batch
Records/batch dist (post-warmup): n=1499992 min=1 mean=1.0 p50=1 p99=1 max=1
E2E latency (ms):  min=1 avg=3.41 stddev=2.13 p50=3 p90=5 p95=5 p99=11 p99.9=24 max=144
RSS (MB, current):  avg=19.2 min=15.3 max=20.3 (9 samples)
======================================================================

Results written to: /home/ec2-user/bench/lowrate10_sweep/rdk_10_res/lr10-10-1782205586
