======================================================================
Consumer E2E Latency Benchmark — Rust Kafka Consumer
======================================================================
Bootstrap:   pkc-devcozvdmy.us-east-1.aws.devel.cpdev.cloud:9092
Topic:       cmp-bench-10p
Group:       consumer-perf-1782205966601
Throughput:  10000 msg/s
Duration:    300 s (after warmup)
Msg size:    2048 bytes
Warmup:      300000 messages
Interval:    30 s
======================================================================
Offset reset: latest
Client config: loaded /home/ec2-user/bench/cc_bench.properties (SASL/SSL etc.)
Fetch config: fetch.min.bytes=default fetch.max.wait.ms=default max.partition.fetch.bytes=default fetch.max.bytes=default max.poll.records=default

>>> Subscribed; waiting for partition assignment (KIP-848 join)...
    assigned 10 partition(s) after 0.5s
>>> Settling to the live edge (polling until empty) before starting producer...
    at live edge; starting producer now.
>>> Launching producer: throughput=10000 (fixed msg/s), 2048 bytes, ~3600000 records

>>> Measuring (warmup 300000 msgs, then 300 s)...

>>> first records arrived 1.0s after producer start (after 3 polls)
    warmup complete (300000 msgs); measuring now
[interval 0] t=  30.0s msgs= 300005 thr=    10000 msg/s  avg=  3.31 p50=3 p99=11 p999=24 max=45 ms  cpu=  0.0% rss=   9.9MB
[interval 1] t=  60.0s msgs= 300013 thr=    10000 msg/s  avg=  3.31 p50=3 p99=11 p999=25 max=40 ms  cpu=  0.0% rss=   9.9MB
[interval 2] t=  90.0s msgs= 300013 thr=    10000 msg/s  avg=  3.22 p50=3 p99=10 p999=23 max=48 ms  cpu=  0.0% rss=  10.0MB
[interval 3] t= 120.0s msgs= 300027 thr=    10001 msg/s  avg=  3.30 p50=3 p99=11 p999=24 max=107 ms  cpu=  0.0% rss=  10.0MB
[interval 4] t= 150.0s msgs= 300020 thr=    10000 msg/s  avg=  3.25 p50=3 p99=10 p999=22 max=42 ms  cpu=  0.0% rss=  14.3MB
[interval 5] t= 180.0s msgs= 300034 thr=    10001 msg/s  avg=  3.29 p50=3 p99=11 p999=25 max=40 ms  cpu=  0.0% rss=  19.0MB
[interval 6] t= 210.0s msgs= 299999 thr=    10000 msg/s  avg=  3.34 p50=3 p99=12 p999=29 max=52 ms  cpu=  0.0% rss=  19.0MB
[interval 7] t= 240.0s msgs= 300027 thr=    10001 msg/s  avg=  3.33 p50=3 p99=11 p999=32 max=99 ms  cpu=  0.0% rss=  19.0MB
[interval 8] t= 270.0s msgs= 300020 thr=    10001 msg/s  avg=  3.29 p50=3 p99=11 p999=25 max=44 ms  cpu=  0.0% rss=  19.0MB

Loop breakdown over 449342 polls: poll().await=100.0%  per-record processing=0.0%  (avg 7 records/poll)
Records/poll distribution (non-empty polls, post-warmup): n=408769 min=7 mean=7.3 p50=7 p99=14 max=133

======================================================================
SUMMARY — Rust Kafka Consumer (warmup 300000 excluded)
======================================================================
Measured messages: 3000017
Duration:          300.00 s
Throughput:        10000 msg/s  (19.53 MiB/s)
E2E latency (ms):  min=1 avg=3.30 stddev=2.03 p50=3 p90=5 p95=5 p99=11 p99.9=25 max=108
RSS (MB, current): avg=14.4 min=9.9 max=19.0
======================================================================

Results written to: /home/ec2-user/bench/lowrate10_sweep/rust_20_res/consumer-perf-1782205966601
