======================================================================
Consumer E2E Latency Benchmark — Rust Kafka Consumer
======================================================================
Bootstrap:   pkc-devcozvdmy.us-east-1.aws.devel.cpdev.cloud:9092
Topic:       cmp-bench-10p
Group:       consumer-perf-1782205250051
Throughput:  5000 msg/s
Duration:    300 s (after warmup)
Msg size:    2048 bytes
Warmup:      150000 messages
Interval:    30 s
======================================================================
Offset reset: latest
Client config: loaded /home/ec2-user/bench/cc_bench.properties (SASL/SSL etc.)
Fetch config: fetch.min.bytes=default fetch.max.wait.ms=default max.partition.fetch.bytes=default fetch.max.bytes=default max.poll.records=default

>>> Subscribed; waiting for partition assignment (KIP-848 join)...
    assigned 10 partition(s) after 0.5s
>>> Settling to the live edge (polling until empty) before starting producer...
    at live edge; starting producer now.
>>> Launching producer: throughput=5000 (fixed msg/s), 2048 bytes, ~1800000 records

>>> Measuring (warmup 150000 msgs, then 300 s)...

>>> first records arrived 1.0s after producer start (after 3 polls)
    warmup complete (150000 msgs); measuring now
[interval 0] t=  30.0s msgs= 150013 thr=     5000 msg/s  avg=  3.42 p50=3 p99=11 p999=23 max=41 ms  cpu=  0.0% rss=   9.8MB
[interval 1] t=  60.0s msgs= 150010 thr=     5000 msg/s  avg=  3.49 p50=3 p99=11 p999=32 max=100 ms  cpu=  0.0% rss=   9.8MB
[interval 2] t=  90.0s msgs= 150010 thr=     5000 msg/s  avg=  3.37 p50=3 p99=10 p999=21 max=31 ms  cpu=  0.0% rss=   9.8MB
[interval 3] t= 120.0s msgs= 150003 thr=     5000 msg/s  avg=  3.44 p50=3 p99=11 p999=24 max=38 ms  cpu=  0.0% rss=   9.8MB
[interval 4] t= 150.0s msgs= 150024 thr=     5001 msg/s  avg=  3.42 p50=3 p99=10 p999=17 max=36 ms  cpu=  0.0% rss=  14.2MB
[interval 5] t= 180.0s msgs= 150003 thr=     5000 msg/s  avg=  3.47 p50=3 p99=11 p999=22 max=40 ms  cpu=  0.0% rss=  18.9MB
[interval 6] t= 210.0s msgs= 150010 thr=     5000 msg/s  avg=  3.42 p50=3 p99=10 p999=21 max=28 ms  cpu=  0.0% rss=  18.9MB
[interval 7] t= 240.0s msgs= 150017 thr=     5000 msg/s  avg=  3.47 p50=3 p99=11 p999=22 max=41 ms  cpu=  0.0% rss=  18.9MB
[interval 8] t= 270.0s msgs= 149989 thr=     4999 msg/s  avg=  3.43 p50=3 p99=11 p999=22 max=34 ms  cpu=  0.0% rss=  18.9MB

Loop breakdown over 232312 polls: poll().await=100.0%  per-record processing=0.0%  (avg 6 records/poll)
Records/poll distribution (non-empty polls, post-warmup): n=211206 min=7 mean=7.1 p50=7 p99=14 max=49

======================================================================
SUMMARY — Rust Kafka Consumer (warmup 150000 excluded)
======================================================================
Measured messages: 1500012
Duration:          300.00 s
Throughput:        5000 msg/s  (9.77 MiB/s)
E2E latency (ms):  min=1 avg=3.44 stddev=1.90 p50=3 p90=5 p95=5 p99=11 p99.9=23 max=100
RSS (MB, current): avg=14.3 min=9.8 max=18.9
======================================================================

Results written to: /home/ec2-user/bench/lowrate10_sweep/rust_10_res/consumer-perf-1782205250051
