======================================================================
Consumer E2E Latency Benchmark — Rust Kafka Consumer
======================================================================
Bootstrap:   pkc-devcozvdmy.us-east-1.aws.devel.cpdev.cloud:9092
Topic:       cmp-bench-10p
Group:       consumer-perf-1782206683135
Throughput:  25000 msg/s
Duration:    300 s (after warmup)
Msg size:    2048 bytes
Warmup:      750000 messages
Interval:    30 s
======================================================================
Offset reset: latest
Client config: loaded /home/ec2-user/bench/cc_bench.properties (SASL/SSL etc.)
Fetch config: fetch.min.bytes=default fetch.max.wait.ms=default max.partition.fetch.bytes=default fetch.max.bytes=default max.poll.records=default

>>> Subscribed; waiting for partition assignment (KIP-848 join)...
    assigned 10 partition(s) after 0.5s
>>> Settling to the live edge (polling until empty) before starting producer...
    at live edge; starting producer now.
>>> Launching producer: throughput=25000 (fixed msg/s), 2048 bytes, ~9000000 records

>>> Measuring (warmup 750000 msgs, then 300 s)...

>>> first records arrived 1.0s after producer start (after 3 polls)
    warmup complete (750000 msgs); measuring now
[interval 0] t=  30.0s msgs= 750016 thr=    25000 msg/s  avg=  3.42 p50=3 p99=12 p999=25 max=41 ms  cpu=  0.0% rss=  10.5MB
[interval 1] t=  60.0s msgs= 750022 thr=    25001 msg/s  avg=  3.42 p50=3 p99=13 p999=25 max=45 ms  cpu=  0.0% rss=  10.5MB
[interval 2] t=  90.0s msgs= 750043 thr=    25001 msg/s  avg=  3.37 p50=3 p99=12 p999=22 max=46 ms  cpu=  0.0% rss=  10.5MB
[interval 3] t= 120.0s msgs= 750029 thr=    25000 msg/s  avg=  3.63 p50=3 p99=14 p999=82 max=219 ms  cpu=  0.0% rss=  12.8MB
[interval 4] t= 150.0s msgs= 750043 thr=    25001 msg/s  avg=  3.44 p50=3 p99=13 p999=26 max=44 ms  cpu=  0.0% rss=  13.1MB
[interval 5] t= 180.0s msgs= 750057 thr=    25002 msg/s  avg=  3.48 p50=3 p99=13 p999=25 max=47 ms  cpu=  0.0% rss=  17.5MB
[interval 6] t= 210.0s msgs= 750008 thr=    25000 msg/s  avg=  3.37 p50=3 p99=12 p999=22 max=50 ms  cpu=  0.0% rss=  17.5MB
[interval 7] t= 240.0s msgs= 750043 thr=    25001 msg/s  avg=  3.43 p50=3 p99=13 p999=29 max=47 ms  cpu=  0.0% rss=  17.5MB
[interval 8] t= 270.0s msgs= 750050 thr=    25002 msg/s  avg=  3.44 p50=3 p99=13 p999=24 max=45 ms  cpu=  0.0% rss=  21.8MB

Loop breakdown over 958800 polls: poll().await=100.0%  per-record processing=0.0%  (avg 8 records/poll)
Records/poll distribution (non-empty polls, post-warmup): n=872443 min=7 mean=8.6 p50=7 p99=21 max=500

======================================================================
SUMMARY — Rust Kafka Consumer (warmup 750000 excluded)
======================================================================
Measured messages: 7499997
Duration:          300.00 s
Throughput:        25000 msg/s  (48.83 MiB/s)
E2E latency (ms):  min=1 avg=3.45 stddev=2.80 p50=3 p90=5 p95=6 p99=13 p99.9=28 max=238
RSS (MB, current): avg=14.6 min=10.5 max=21.8
======================================================================

Results written to: /home/ec2-user/bench/lowrate10_sweep/rust_50_res/consumer-perf-1782206683135
