Java e2e: bootstrap=pkc-devcozvdmy.us-east-1.aws.devel.cpdev.cloud:9092 topic=cmp-bench-200p proto=consumer maxPoll=500 fetch.min=4MiB partFetch=4MiB crc=off dur=600s warmup=18000000
subscribed; waiting for assignment/records...
warmup complete (18000000 msgs); measuring 600s now
[interval 0] t=  30.0s msgs=4499165 thr=   149972 msg/s avg= 17.20 p50=16 p99=39 p999=53 max=67 ms rss=1556.5MB
[interval 1] t=  60.0s msgs=4501449 thr=   150043 msg/s avg= 17.25 p50=16 p99=41 p999=63 max=82 ms rss=1557.0MB
[interval 2] t=  90.0s msgs=4499161 thr=   149972 msg/s avg= 17.17 p50=16 p99=38 p999=53 max=72 ms rss=1557.3MB
[interval 3] t= 120.0s msgs=4500450 thr=   149995 msg/s avg= 17.19 p50=16 p99=41 p999=56 max=69 ms rss=1557.3MB
[interval 4] t= 150.0s msgs=4501229 thr=   150016 msg/s avg= 17.16 p50=16 p99=39 p999=57 max=77 ms rss=1557.4MB
[interval 5] t= 180.0s msgs=4499651 thr=   149988 msg/s avg= 17.20 p50=16 p99=38 p999=59 max=84 ms rss=1557.4MB
[interval 6] t= 210.0s msgs=4501873 thr=   150062 msg/s avg= 17.17 p50=16 p99=39 p999=54 max=70 ms rss=1557.9MB
[interval 7] t= 240.0s msgs=4499276 thr=   149976 msg/s avg= 17.48 p50=16 p99=41 p999=82 max=132 ms rss=1558.2MB
[interval 8] t= 270.0s msgs=4500866 thr=   150014 msg/s avg= 17.33 p50=16 p99=39 p999=56 max=74 ms rss=1558.2MB
[interval 9] t= 300.0s msgs=4499666 thr=   149989 msg/s avg= 17.29 p50=16 p99=40 p999=59 max=82 ms rss=1558.2MB
[interval 10] t= 330.0s msgs=4500682 thr=   150013 msg/s avg= 17.34 p50=16 p99=40 p999=59 max=85 ms rss=1558.2MB
[interval 11] t= 360.0s msgs=4499916 thr=   149997 msg/s avg= 17.20 p50=16 p99=39 p999=60 max=84 ms rss=1558.4MB
[interval 12] t= 390.0s msgs=4499741 thr=   149986 msg/s avg= 17.46 p50=16 p99=42 p999=58 max=87 ms rss=1558.4MB
[interval 13] t= 420.0s msgs=4500661 thr=   150022 msg/s avg= 17.52 p50=16 p99=41 p999=59 max=81 ms rss=1558.6MB
[interval 14] t= 450.0s msgs=4500176 thr=   150006 msg/s avg= 17.35 p50=16 p99=41 p999=63 max=87 ms rss=1559.1MB
[interval 15] t= 480.0s msgs=4500611 thr=   149995 msg/s avg= 17.23 p50=16 p99=39 p999=56 max=83 ms rss=1559.4MB
[interval 16] t= 510.0s msgs=4499521 thr=   149974 msg/s avg= 17.27 p50=16 p99=39 p999=54 max=99 ms rss=1559.4MB
[interval 17] t= 540.0s msgs=4500990 thr=   150013 msg/s avg= 17.34 p50=16 p99=41 p999=89 max=134 ms rss=1559.9MB
[interval 18] t= 570.0s msgs=4500851 thr=   150028 msg/s avg= 17.38 p50=16 p99=41 p999=62 max=84 ms rss=1560.5MB
======================================================================
SUMMARY - Java kafka-clients (KIP-848=consumer, warmup 18000000 excluded)
Measured messages: 89999705
Duration:          600.43 s
Throughput:        149892 msg/s  (292.76 MiB/s)
E2E latency (ms):  min=4 avg=17.29 stddev=5.83 p50=16 p90=23 p95=28 p99=40 p99.9=59 max=134
RSS (MB, current): avg=1558.3 min=1556.5 max=1560.5 (19 samples)
{"client":"java","protocol":"consumer","messages":89999705,"duration_s":600.43,"throughput_msg_s":149891.59,"throughput_mib_s":292.76,"lat_min_ms":4,"lat_avg_ms":17.29,"lat_stddev_ms":5.83,"lat_p50_ms":16,"lat_p90_ms":23,"lat_p95_ms":28,"lat_p99_ms":40,"lat_p999_ms":59,"lat_max_ms":134,"rss_avg_mb":1558.3,"rss_min_mb":1556.5,"rss_max_mb":1560.5}
