======================================================================
Consumer E2E Latency Benchmark - librdkafka (native C)
======================================================================
Bootstrap:   pkc-devcozvdmy.us-east-1.aws.devel.cpdev.cloud:9092
Topic:       cmp-bench-200p
Group:       rdk_none-1782823539
Throughput:  300000 msg/s
Duration:    600 s (after warmup)
Msg size:    1024 bytes
Warmup:      18000000 messages
Interval:    30 s
rdkafka ver: 2.13.0
======================================================================

>>> Subscribed; waiting for partition assignment (group.protocol=consumer)...
%6|1782823539.816|GETSUBSCRIPTIONS|librdkafka-perf-c#consumer-1| [thrd:main]: Telemetry client instance id changed from AAAAAAAAAAAAAAAAAAAAAA to owbIRNnQSFajUlGBTnuP/g
    assigned 200 partition(s)
    assigned after 1.0s
>>> Settling to the live edge (polling until empty) before producer...
    at live edge; starting producer now.

>>> Measuring (warmup 18000000 msgs, then 600 s)...

>>> first records arrived 44.3s after producer start
    warmup complete (18000000 msgs); measuring now
[interval 0] t=  30.0s msgs=4498086 thr=   149929 msg/s  avg= 12.25 p50=12 p99=31 p999=74 max=249 ms  cpu= 32.8% rss=  92.7MB
[interval 1] t=  60.0s msgs=4502638 thr=   150088 msg/s  avg= 15.31 p50=12 p99=30 p999=228 max=6643 ms  cpu= 43.3% rss=  97.6MB
[interval 2] t=  90.0s msgs=4499434 thr=   149980 msg/s  avg= 12.08 p50=12 p99=29 p999=45 max=249 ms  cpu= 42.6% rss=  98.4MB
[interval 3] t= 120.0s msgs=4500887 thr=   150010 msg/s  avg= 12.09 p50=12 p99=27 p999=41 max=54 ms  cpu= 42.8% rss=  98.4MB
[interval 4] t= 150.0s msgs=4500317 thr=   149999 msg/s  avg= 11.93 p50=12 p99=27 p999=40 max=60 ms  cpu= 42.7% rss=  98.6MB
[interval 5] t= 180.0s msgs=4500329 thr=   150000 msg/s  avg= 12.03 p50=12 p99=27 p999=40 max=61 ms  cpu= 42.9% rss=  99.4MB
[interval 6] t= 210.0s msgs=4500599 thr=   150006 msg/s  avg= 12.03 p50=12 p99=27 p999=40 max=100 ms  cpu= 42.7% rss=  99.4MB
[interval 7] t= 240.0s msgs=4500071 thr=   149998 msg/s  avg= 12.07 p50=12 p99=28 p999=42 max=79 ms  cpu= 43.2% rss= 100.2MB
[interval 8] t= 270.0s msgs=4500308 thr=   149999 msg/s  avg= 12.11 p50=12 p99=28 p999=40 max=52 ms  cpu= 42.8% rss= 100.7MB
[interval 9] t= 300.0s msgs=4500842 thr=   150014 msg/s  avg= 12.24 p50=12 p99=28 p999=43 max=66 ms  cpu= 42.5% rss= 101.0MB
[interval 10] t= 330.0s msgs=4500059 thr=   149992 msg/s  avg= 12.22 p50=12 p99=29 p999=57 max=112 ms  cpu= 42.7% rss= 101.5MB
[interval 11] t= 360.0s msgs=4500604 thr=   150018 msg/s  avg= 12.14 p50=12 p99=28 p999=47 max=69 ms  cpu= 42.7% rss= 103.0MB
[interval 12] t= 390.0s msgs=4499995 thr=   149992 msg/s  avg= 12.12 p50=12 p99=29 p999=43 max=64 ms  cpu= 42.8% rss= 104.1MB
[interval 13] t= 420.0s msgs=4500054 thr=   149994 msg/s  avg= 12.16 p50=12 p99=28 p999=40 max=53 ms  cpu= 42.6% rss= 104.8MB
[interval 14] t= 450.0s msgs=4500472 thr=   150009 msg/s  avg= 12.14 p50=12 p99=28 p999=40 max=57 ms  cpu= 42.8% rss= 105.3MB
[interval 15] t= 480.0s msgs=4500202 thr=   149995 msg/s  avg= 12.14 p50=12 p99=28 p999=39 max=51 ms  cpu= 42.7% rss= 105.3MB
[interval 16] t= 510.0s msgs=4500033 thr=   149998 msg/s  avg= 12.13 p50=12 p99=28 p999=43 max=66 ms  cpu= 42.7% rss= 105.3MB
[interval 17] t= 540.0s msgs=4499736 thr=   149983 msg/s  avg= 12.09 p50=12 p99=28 p999=41 max=59 ms  cpu= 42.7% rss= 105.6MB
[interval 18] t= 570.0s msgs=4500887 thr=   150028 msg/s  avg= 12.08 p50=12 p99=28 p999=44 max=63 ms  cpu= 42.7% rss= 105.6MB

======================================================================
SUMMARY - librdkafka-c (warmup 18000000 excluded, group.protocol=consumer)
======================================================================
Measured messages: 90000489
Duration:          600.00 s
Throughput:        150001 msg/s  (146.49 MiB/s)
Batch consume:     max_poll_records=500, 108000489 non-empty batches, 108000489 records, avg 1.0 records/batch
Records/batch dist (post-warmup): n=90000489 min=1 mean=1.0 p50=1 p99=1 max=1
E2E latency (ms):  min=3 avg=12.27 stddev=29.89 p50=12 p90=15 p95=17 p99=28 p99.9=43 max=6643
RSS (MB, current):  avg=101.4 min=92.7 max=105.6 (19 samples)
======================================================================

Results written to: /home/ec2-user/ccomp1/rdk_none_d/rdk_none-1782823539
