======================================================================
Consumer E2E Latency Benchmark - librdkafka (native C)
======================================================================
Bootstrap:   pkc-devcozvdmy.us-east-1.aws.devel.cpdev.cloud:9092
Topic:       cmp-bench-200p
Group:       rdk_snappy-1782825862
Throughput:  300000 msg/s
Duration:    600 s (after warmup)
Msg size:    1024 bytes
Warmup:      18000000 messages
Interval:    30 s
rdkafka ver: 2.13.0
======================================================================

>>> Subscribed; waiting for partition assignment (group.protocol=consumer)...
%6|1782825862.705|GETSUBSCRIPTIONS|librdkafka-perf-c#consumer-1| [thrd:main]: Telemetry client instance id changed from AAAAAAAAAAAAAAAAAAAAAA to l0qPfsgwS7qAFKSRT960XA
    assigned 200 partition(s)
    assigned after 1.0s
>>> Settling to the live edge (polling until empty) before producer...
    at live edge; starting producer now.

>>> Measuring (warmup 18000000 msgs, then 600 s)...

>>> first records arrived 44.3s after producer start
    warmup complete (18000000 msgs); measuring now
[interval 0] t=  30.0s msgs=4501159 thr=   150032 msg/s  avg= 12.36 p50=12 p99=28 p999=44 max=53 ms  cpu= 34.5% rss= 119.4MB
[interval 1] t=  60.0s msgs=4500268 thr=   150009 msg/s  avg= 12.30 p50=12 p99=28 p999=40 max=57 ms  cpu= 44.6% rss= 124.3MB
[interval 2] t=  90.0s msgs=4500239 thr=   150006 msg/s  avg= 12.27 p50=12 p99=27 p999=42 max=62 ms  cpu= 44.3% rss= 124.6MB
[interval 3] t= 120.0s msgs=4499377 thr=   149959 msg/s  avg= 12.43 p50=12 p99=30 p999=45 max=112 ms  cpu= 44.7% rss= 126.4MB
[interval 4] t= 150.0s msgs=4501372 thr=   150032 msg/s  avg= 12.31 p50=12 p99=28 p999=40 max=48 ms  cpu= 44.5% rss= 127.7MB
[interval 5] t= 180.0s msgs=4500625 thr=   150019 msg/s  avg= 12.25 p50=12 p99=27 p999=39 max=53 ms  cpu= 44.6% rss= 128.2MB
[interval 6] t= 210.0s msgs=4498942 thr=   149958 msg/s  avg= 12.43 p50=12 p99=28 p999=45 max=259 ms  cpu= 44.7% rss= 130.5MB
[interval 7] t= 240.0s msgs=4501314 thr=   150038 msg/s  avg= 12.33 p50=12 p99=27 p999=42 max=57 ms  cpu= 44.9% rss= 130.8MB
[interval 8] t= 270.0s msgs=4499929 thr=   149997 msg/s  avg= 12.54 p50=12 p99=29 p999=47 max=62 ms  cpu= 44.6% rss= 137.2MB
[interval 9] t= 300.0s msgs=4500401 thr=   150001 msg/s  avg= 12.57 p50=12 p99=31 p999=44 max=70 ms  cpu= 44.5% rss= 138.2MB
[interval 10] t= 330.0s msgs=4499989 thr=   149996 msg/s  avg= 12.44 p50=12 p99=29 p999=46 max=54 ms  cpu= 44.5% rss= 139.0MB
[interval 11] t= 360.0s msgs=4499953 thr=   149997 msg/s  avg= 12.43 p50=12 p99=29 p999=41 max=52 ms  cpu= 44.6% rss= 140.3MB
[interval 12] t= 390.0s msgs=4500227 thr=   150007 msg/s  avg= 12.43 p50=12 p99=28 p999=38 max=54 ms  cpu= 44.5% rss= 140.8MB
[interval 13] t= 420.0s msgs=4500335 thr=   150007 msg/s  avg= 12.46 p50=12 p99=30 p999=72 max=117 ms  cpu= 44.2% rss= 141.6MB
[interval 14] t= 450.0s msgs=4499974 thr=   149993 msg/s  avg= 12.31 p50=12 p99=27 p999=36 max=51 ms  cpu= 44.3% rss= 142.1MB
[interval 15] t= 480.0s msgs=4499944 thr=   149984 msg/s  avg= 12.36 p50=12 p99=28 p999=41 max=69 ms  cpu= 44.6% rss= 143.4MB
[interval 16] t= 510.0s msgs=4501089 thr=   150036 msg/s  avg= 12.45 p50=12 p99=29 p999=45 max=65 ms  cpu= 44.4% rss= 143.4MB
[interval 17] t= 540.0s msgs=4499427 thr=   149977 msg/s  avg= 12.38 p50=12 p99=28 p999=40 max=54 ms  cpu= 44.6% rss= 143.6MB
[interval 18] t= 570.0s msgs=4500431 thr=   149995 msg/s  avg= 12.31 p50=12 p99=28 p999=41 max=52 ms  cpu= 44.6% rss= 143.6MB

======================================================================
SUMMARY - librdkafka-c (warmup 18000000 excluded, group.protocol=consumer)
======================================================================
Measured messages: 90001535
Duration:          600.00 s
Throughput:        150002 msg/s  (146.49 MiB/s)
Batch consume:     max_poll_records=500, 108001535 non-empty batches, 108001535 records, avg 1.0 records/batch
Records/batch dist (post-warmup): n=90001535 min=1 mean=1.0 p50=1 p99=1 max=1
E2E latency (ms):  min=3 avg=12.39 stddev=4.06 p50=12 p90=16 p95=18 p99=28 p99.9=42 max=259
RSS (MB, current):  avg=135.0 min=119.4 max=143.6 (19 samples)
======================================================================

Results written to: /home/ec2-user/ccomp1/rdk_snappy_d/rdk_snappy-1782825862
