======================================================================
Consumer E2E Latency Benchmark - librdkafka (native C)
======================================================================
Bootstrap:   pkc-devcozvdmy.us-east-1.aws.devel.cpdev.cloud:9092
Topic:       cmp-bench-200p
Group:       rdk_gzip-1782828290
Throughput:  300000 msg/s
Duration:    600 s (after warmup)
Msg size:    1024 bytes
Warmup:      18000000 messages
Interval:    30 s
rdkafka ver: 2.13.0
======================================================================

>>> Subscribed; waiting for partition assignment (group.protocol=consumer)...
%6|1782828290.382|GETSUBSCRIPTIONS|librdkafka-perf-c#consumer-1| [thrd:main]: Telemetry client instance id changed from AAAAAAAAAAAAAAAAAAAAAA to GGq6ZsFYQjeePshs/kfFWg
    assigned 200 partition(s)
    assigned after 1.0s
>>> Settling to the live edge (polling until empty) before producer...
    at live edge; starting producer now.

>>> Measuring (warmup 18000000 msgs, then 600 s)...

>>> first records arrived 44.3s after producer start
    warmup complete (18000000 msgs); measuring now
[interval 0] t=  30.0s msgs=2408044 thr=    80264 msg/s  avg= 12.76 p50=12 p99=31 p999=50 max=76 ms  cpu=175.6% rss=  97.9MB
[interval 1] t=  60.0s msgs=2407240 thr=    80239 msg/s  avg= 12.66 p50=12 p99=31 p999=48 max=67 ms  cpu=206.7% rss= 102.7MB
[interval 2] t=  90.0s msgs=2407364 thr=    80245 msg/s  avg= 12.75 p50=12 p99=31 p999=45 max=61 ms  cpu=206.6% rss= 104.5MB
[interval 3] t= 120.0s msgs=2405756 thr=    80186 msg/s  avg= 12.83 p50=12 p99=31 p999=44 max=77 ms  cpu=206.7% rss= 107.1MB
[interval 4] t= 150.0s msgs=2402905 thr=    80096 msg/s  avg= 12.73 p50=12 p99=30 p999=44 max=58 ms  cpu=206.0% rss= 107.3MB
[interval 5] t= 180.0s msgs=2410035 thr=    80331 msg/s  avg= 13.13 p50=12 p99=34 p999=255 max=328 ms  cpu=207.1% rss= 106.2MB
[interval 6] t= 210.0s msgs=2412775 thr=    80421 msg/s  avg= 13.03 p50=12 p99=35 p999=86 max=121 ms  cpu=207.1% rss= 109.3MB
[interval 7] t= 240.0s msgs=2412662 thr=    80419 msg/s  avg= 13.11 p50=12 p99=34 p999=128 max=245 ms  cpu=207.2% rss= 111.1MB
[interval 8] t= 270.0s msgs=2421860 thr=    80728 msg/s  avg= 13.08 p50=12 p99=36 p999=70 max=104 ms  cpu=208.0% rss= 110.9MB
[interval 9] t= 300.0s msgs=2407522 thr=    80244 msg/s  avg= 13.10 p50=12 p99=37 p999=74 max=119 ms  cpu=206.2% rss= 110.6MB
[interval 10] t= 330.0s msgs=2416345 thr=    80544 msg/s  avg= 13.15 p50=12 p99=36 p999=62 max=283 ms  cpu=207.5% rss= 109.1MB
[interval 11] t= 360.0s msgs=2412559 thr=    80418 msg/s  avg= 13.59 p50=12 p99=39 p999=151 max=306 ms  cpu=207.0% rss= 110.7MB
[interval 12] t= 390.0s msgs=2410692 thr=    80354 msg/s  avg= 12.82 p50=12 p99=32 p999=46 max=61 ms  cpu=206.8% rss= 111.2MB
[interval 13] t= 420.0s msgs=2413345 thr=    80445 msg/s  avg= 12.95 p50=12 p99=32 p999=49 max=75 ms  cpu=207.1% rss= 111.7MB
[interval 14] t= 450.0s msgs=2415079 thr=    80497 msg/s  avg= 12.90 p50=12 p99=32 p999=54 max=114 ms  cpu=207.6% rss= 112.5MB
[interval 15] t= 480.0s msgs=2414356 thr=    80479 msg/s  avg= 12.94 p50=12 p99=32 p999=49 max=63 ms  cpu=207.0% rss= 113.3MB
[interval 16] t= 510.0s msgs=2414879 thr=    80485 msg/s  avg= 12.97 p50=12 p99=33 p999=51 max=66 ms  cpu=207.1% rss= 113.8MB
[interval 17] t= 540.0s msgs=2416192 thr=    80539 msg/s  avg= 13.39 p50=12 p99=38 p999=120 max=193 ms  cpu=207.6% rss= 112.6MB
%6|1782829114.698|FAIL|librdkafka-perf-c#consumer-1| [thrd:sasl_ssl://b15-pkc-devcozvdmy.us-east-1.aws.devel.cpdev.cloud:9]: sasl_ssl://b15-pkc-devcozvdmy.us-east-1.aws.devel.cpdev.cloud:9092/15: Disconnected: SSL connection closed by peer (after 823689ms in state UP)
%6|1782829114.744|FAIL|librdkafka-perf-c#consumer-1| [thrd:sasl_ssl://b25-pkc-devcozvdmy.us-east-1.aws.devel.cpdev.cloud:9]: sasl_ssl://b25-pkc-devcozvdmy.us-east-1.aws.devel.cpdev.cloud:9092/25: Disconnected: SSL connection closed by peer (after 823756ms in state UP)
[interval 18] t= 570.0s msgs=2407055 thr=    80232 msg/s  avg= 14.68 p50=12 p99=93 p999=187 max=271 ms  cpu=206.5% rss= 112.8MB

======================================================================
SUMMARY - librdkafka-c (warmup 18000000 excluded, group.protocol=consumer)
======================================================================
Measured messages: 48206220
Duration:          600.00 s
Throughput:        80343 msg/s  (78.46 MiB/s)
Batch consume:     max_poll_records=500, 66206220 non-empty batches, 66206220 records, avg 1.0 records/batch
Records/batch dist (post-warmup): n=48206220 min=1 mean=1.0 p50=1 p99=1 max=1
E2E latency (ms):  min=3 avg=13.08 stddev=6.78 p50=12 p90=17 p95=22 p99=34 p99.9=87 max=328
RSS (MB, current):  avg=109.2 min=97.9 max=113.8 (19 samples)
======================================================================

Results written to: /home/ec2-user/ccomp1/rdk_gzip_d/rdk_gzip-1782828290
