======================================================================
Consumer E2E Latency Benchmark — Rust Kafka Consumer
======================================================================
Bootstrap:   pkc-devcozvdmy.us-east-1.aws.devel.cpdev.cloud:9092
Topic:       cmp-bench-200p
Group:       rust_gzip-1782827410
Throughput:  50000 msg/s
Duration:    600 s (after warmup)
Msg size:    1024 bytes
Warmup:      18000000 messages
Interval:    30 s
======================================================================
>>> Ensuring topic 'cmp-bench-200p' (8 partitions)...
    WARN: could not run /home/ec2-user/dev/opensource/kafka/bin/kafka-topics.sh: No such file or directory (os error 2) (continuing)
Offset reset: latest
Client config: loaded /home/ec2-user/cc.properties (SASL/SSL etc.)
Fetch config: fetch.min.bytes=1 fetch.max.wait.ms=default max.partition.fetch.bytes=1048576 fetch.max.bytes=default max.poll.records=500

>>> Subscribed; waiting for partition assignment (KIP-848 join)...
    assigned 200 partition(s) after 0.5s
>>> --no-produce: drive the producer externally now.

>>> Measuring (warmup 18000000 msgs, then 600 s)...

>>> first records arrived 45.6s after producer start (after 91 polls)
    warmup complete (18000000 msgs); measuring now
[interval 0] t=  30.0s msgs=2406332 thr=    80200 msg/s  avg= 15.45 p50=15 p99=32 p999=46 max=59 ms  cpu=  0.0% rss=  23.4MB
[interval 1] t=  60.0s msgs=2405160 thr=    80168 msg/s  avg= 15.10 p50=14 p99=32 p999=46 max=66 ms  cpu=  0.0% rss=  23.6MB
[interval 2] t=  90.0s msgs=2404683 thr=    80146 msg/s  avg= 15.12 p50=15 p99=31 p999=53 max=107 ms  cpu=  0.0% rss=  26.2MB
[interval 3] t= 120.0s msgs=2392159 thr=    79727 msg/s  avg= 14.73 p50=14 p99=28 p999=41 max=61 ms  cpu=  0.0% rss=  26.4MB
[interval 4] t= 150.0s msgs=2395669 thr=    79844 msg/s  avg= 15.12 p50=15 p99=31 p999=48 max=67 ms  cpu=  0.0% rss=  28.0MB
[interval 5] t= 180.0s msgs=2397926 thr=    79917 msg/s  avg= 14.98 p50=14 p99=30 p999=43 max=62 ms  cpu=  0.0% rss=  31.8MB
[interval 6] t= 210.0s msgs=2399474 thr=    79967 msg/s  avg= 15.20 p50=15 p99=31 p999=48 max=71 ms  cpu=  0.0% rss=  32.1MB
[interval 7] t= 240.0s msgs=2407568 thr=    80245 msg/s  avg= 15.09 p50=14 p99=32 p999=53 max=139 ms  cpu=  0.0% rss=  28.3MB
[interval 8] t= 270.0s msgs=2400003 thr=    79982 msg/s  avg= 15.05 p50=14 p99=30 p999=42 max=58 ms  cpu=  0.0% rss=  28.3MB
[interval 9] t= 300.1s msgs=2395827 thr=    79850 msg/s  avg= 14.89 p50=14 p99=29 p999=41 max=60 ms  cpu=  0.0% rss=  28.3MB
[interval 10] t= 330.1s msgs=2392892 thr=    79756 msg/s  avg= 15.11 p50=14 p99=31 p999=43 max=53 ms  cpu=  0.0% rss=  32.4MB
[interval 11] t= 360.1s msgs=2393026 thr=    79760 msg/s  avg= 15.19 p50=15 p99=32 p999=49 max=79 ms  cpu=  0.0% rss=  32.4MB
[interval 12] t= 390.1s msgs=2393335 thr=    79765 msg/s  avg= 15.26 p50=15 p99=31 p999=45 max=71 ms  cpu=  0.0% rss=  32.4MB
[interval 13] t= 420.1s msgs=2406855 thr=    80214 msg/s  avg= 15.54 p50=15 p99=32 p999=49 max=67 ms  cpu=  0.0% rss=  32.4MB
[interval 14] t= 450.1s msgs=2406855 thr=    80224 msg/s  avg= 15.31 p50=15 p99=31 p999=62 max=116 ms  cpu=  0.0% rss=  32.4MB
[interval 15] t= 480.1s msgs=2406183 thr=    80196 msg/s  avg= 15.14 p50=15 p99=30 p999=41 max=94 ms  cpu=  0.0% rss=  32.4MB
[interval 16] t= 510.1s msgs=2407751 thr=    80258 msg/s  avg= 15.14 p50=15 p99=30 p999=42 max=61 ms  cpu=  0.0% rss=  32.4MB
[interval 17] t= 540.1s msgs=2409261 thr=    80306 msg/s  avg= 15.32 p50=15 p99=33 p999=73 max=120 ms  cpu=  0.0% rss=  35.0MB
[interval 18] t= 570.1s msgs=2406203 thr=    80197 msg/s  avg= 15.83 p50=15 p99=33 p999=50 max=68 ms  cpu=  0.0% rss=  35.0MB

Loop breakdown over 221863 polls: poll().await=100.0%  per-record processing=0.0%  (avg 216 records/poll)
Records/poll distribution (non-empty polls, post-warmup): n=161482 min=1 mean=297.5 p50=330 p99=500 max=500

======================================================================
SUMMARY — Rust Kafka Consumer (warmup 18000000 excluded)
======================================================================
Measured messages: 48033030
Duration:          600.00 s
Throughput:        80055 msg/s  (78.18 MiB/s)
E2E latency (ms):  min=3 avg=15.23 stddev=4.62 p50=15 p90=20 p95=23 p99=31 p99.9=47 max=251
RSS (MB, current): avg=30.2 min=23.4 max=35.0
======================================================================

Results written to: consumer-perf/results/rust_gzip-1782827410
