======================================================================
Consumer E2E Latency Benchmark — Rust Kafka Consumer
======================================================================
Bootstrap:   pkc-devcozvdmy.us-east-1.aws.devel.cpdev.cloud:9092
Topic:       cmp-bench-200p
Group:       rust_none-1782822765
Throughput:  50000 msg/s
Duration:    600 s (after warmup)
Msg size:    1024 bytes
Warmup:      18000000 messages
Interval:    30 s
======================================================================
>>> Ensuring topic 'cmp-bench-200p' (8 partitions)...
    WARN: could not run /home/ec2-user/dev/opensource/kafka/bin/kafka-topics.sh: No such file or directory (os error 2) (continuing)
Offset reset: latest
Client config: loaded /home/ec2-user/cc.properties (SASL/SSL etc.)
Fetch config: fetch.min.bytes=1 fetch.max.wait.ms=default max.partition.fetch.bytes=1048576 fetch.max.bytes=default max.poll.records=500

>>> Subscribed; waiting for partition assignment (KIP-848 join)...
    assigned 200 partition(s) after 0.5s
>>> --no-produce: drive the producer externally now.

>>> Measuring (warmup 18000000 msgs, then 600 s)...

>>> first records arrived 45.5s after producer start (after 91 polls)
    warmup complete (18000000 msgs); measuring now
[interval 0] t=  30.0s msgs=4500441 thr=   150012 msg/s  avg= 16.54 p50=16 p99=40 p999=62 max=89 ms  cpu=  0.0% rss=  51.7MB
[interval 1] t=  60.0s msgs=4500895 thr=   150016 msg/s  avg= 16.67 p50=15 p99=43 p999=89 max=263 ms  cpu=  0.0% rss=  51.8MB
[interval 2] t=  90.0s msgs=4499688 thr=   149987 msg/s  avg= 16.83 p50=16 p99=40 p999=54 max=79 ms  cpu=  0.0% rss=  51.8MB
[interval 3] t= 120.0s msgs=4500748 thr=   150002 msg/s  avg= 16.78 p50=16 p99=42 p999=61 max=93 ms  cpu=  0.0% rss=  51.8MB
[interval 4] t= 150.0s msgs=4501120 thr=   150033 msg/s  avg= 16.77 p50=16 p99=41 p999=56 max=111 ms  cpu=  0.0% rss=  56.2MB
[interval 5] t= 180.0s msgs=4499459 thr=   149980 msg/s  avg= 17.00 p50=16 p99=42 p999=61 max=120 ms  cpu=  0.0% rss=  60.6MB
[interval 6] t= 210.0s msgs=4500157 thr=   149994 msg/s  avg= 17.52 p50=16 p99=45 p999=245 max=316 ms  cpu=  0.0% rss=  60.6MB
[interval 7] t= 240.0s msgs=4501374 thr=   150042 msg/s  avg= 17.04 p50=16 p99=42 p999=64 max=246 ms  cpu=  0.0% rss=  60.6MB
[interval 8] t= 270.0s msgs=4500368 thr=   150001 msg/s  avg= 16.63 p50=16 p99=39 p999=57 max=80 ms  cpu=  0.0% rss=  60.6MB
[interval 9] t= 300.0s msgs=4500491 thr=   150008 msg/s  avg= 16.96 p50=16 p99=42 p999=66 max=98 ms  cpu=  0.0% rss=  60.6MB
[interval 10] t= 330.0s msgs=4500337 thr=   149999 msg/s  avg= 16.70 p50=16 p99=41 p999=59 max=103 ms  cpu=  0.0% rss=  60.8MB
[interval 11] t= 360.0s msgs=4499964 thr=   149993 msg/s  avg= 17.04 p50=16 p99=43 p999=65 max=79 ms  cpu=  0.0% rss=  56.4MB
[interval 12] t= 390.0s msgs=4500798 thr=   150021 msg/s  avg= 16.76 p50=16 p99=40 p999=59 max=94 ms  cpu=  0.0% rss=  56.4MB
[interval 13] t= 420.0s msgs=4500480 thr=   150014 msg/s  avg= 16.87 p50=16 p99=42 p999=67 max=105 ms  cpu=  0.0% rss=  56.4MB
[interval 14] t= 450.0s msgs=4500530 thr=   150011 msg/s  avg= 16.72 p50=16 p99=42 p999=68 max=95 ms  cpu=  0.0% rss=  60.8MB
[interval 15] t= 480.0s msgs=4500587 thr=   150015 msg/s  avg= 16.48 p50=15 p99=40 p999=63 max=80 ms  cpu=  0.0% rss=  60.8MB
[interval 16] t= 510.0s msgs=4499879 thr=   149996 msg/s  avg= 16.80 p50=16 p99=43 p999=72 max=148 ms  cpu=  0.0% rss=  60.8MB
[interval 17] t= 540.0s msgs=4500186 thr=   150001 msg/s  avg= 16.69 p50=16 p99=40 p999=56 max=87 ms  cpu=  0.0% rss=  60.8MB
[interval 18] t= 570.0s msgs=4500789 thr=   150025 msg/s  avg= 16.73 p50=16 p99=39 p999=54 max=74 ms  cpu=  0.0% rss=  60.8MB

Loop breakdown over 391221 polls: poll().await=99.9%  per-record processing=0.1%  (avg 230 records/poll)
Records/poll distribution (non-empty polls, post-warmup): n=325806 min=1 mean=276.2 p50=290 p99=500 max=500

======================================================================
SUMMARY — Rust Kafka Consumer (warmup 18000000 excluded)
======================================================================
Measured messages: 90000417
Duration:          600.00 s
Throughput:        150000 msg/s  (146.48 MiB/s)
E2E latency (ms):  min=4 avg=16.82 stddev=6.73 p50=16 p90=23 p95=29 p99=41 p99.9=65 max=316
RSS (MB, current): avg=57.9 min=51.7 max=60.8
======================================================================

Results written to: consumer-perf/results/rust_none-1782822765
