======================================================================
Consumer E2E Latency Benchmark — Rust Kafka Consumer
======================================================================
Bootstrap:   pkc-devcozvdmy.us-east-1.aws.devel.cpdev.cloud:9092
Topic:       cmp-bench-200p
Group:       rust_snappy-1782825088
Throughput:  50000 msg/s
Duration:    600 s (after warmup)
Msg size:    1024 bytes
Warmup:      18000000 messages
Interval:    30 s
======================================================================
>>> Ensuring topic 'cmp-bench-200p' (8 partitions)...
    WARN: could not run /home/ec2-user/dev/opensource/kafka/bin/kafka-topics.sh: No such file or directory (os error 2) (continuing)
Offset reset: latest
Client config: loaded /home/ec2-user/cc.properties (SASL/SSL etc.)
Fetch config: fetch.min.bytes=1 fetch.max.wait.ms=default max.partition.fetch.bytes=1048576 fetch.max.bytes=default max.poll.records=500

>>> Subscribed; waiting for partition assignment (KIP-848 join)...
    assigned 200 partition(s) after 0.5s
>>> --no-produce: drive the producer externally now.

>>> Measuring (warmup 18000000 msgs, then 600 s)...

>>> first records arrived 45.6s after producer start (after 91 polls)
    warmup complete (18000000 msgs); measuring now
[interval 0] t=  30.0s msgs=4500061 thr=   150000 msg/s  avg= 16.89 p50=16 p99=41 p999=58 max=107 ms  cpu=  0.0% rss=  48.5MB
[interval 1] t=  60.0s msgs=4500878 thr=   150024 msg/s  avg= 17.04 p50=16 p99=41 p999=61 max=88 ms  cpu=  0.0% rss=  48.8MB
[interval 2] t=  90.0s msgs=4500254 thr=   150008 msg/s  avg= 17.11 p50=16 p99=42 p999=58 max=90 ms  cpu=  0.0% rss=  50.4MB
[interval 3] t= 120.0s msgs=4500055 thr=   149997 msg/s  avg= 16.95 p50=16 p99=40 p999=62 max=122 ms  cpu=  0.0% rss=  50.4MB
[interval 4] t= 150.0s msgs=4500348 thr=   150009 msg/s  avg= 17.10 p50=16 p99=43 p999=71 max=153 ms  cpu=  0.0% rss=  53.3MB
[interval 5] t= 180.0s msgs=4500610 thr=   149997 msg/s  avg= 17.16 p50=16 p99=42 p999=82 max=142 ms  cpu=  0.0% rss=  56.1MB
[interval 6] t= 210.0s msgs=4500729 thr=   150024 msg/s  avg= 17.19 p50=16 p99=44 p999=66 max=90 ms  cpu=  0.0% rss=  56.1MB
[interval 7] t= 240.0s msgs=4500221 thr=   149988 msg/s  avg= 16.96 p50=16 p99=41 p999=61 max=78 ms  cpu=  0.0% rss=  56.1MB
[interval 8] t= 270.0s msgs=4500634 thr=   150003 msg/s  avg= 17.28 p50=16 p99=42 p999=78 max=117 ms  cpu=  0.0% rss=  56.1MB
[interval 9] t= 300.0s msgs=4500683 thr=   150022 msg/s  avg= 16.99 p50=16 p99=42 p999=62 max=91 ms  cpu=  0.0% rss=  56.1MB
[interval 10] t= 330.0s msgs=4500010 thr=   149997 msg/s  avg= 17.11 p50=16 p99=42 p999=64 max=99 ms  cpu=  0.0% rss=  56.1MB
[interval 11] t= 360.0s msgs=4500462 thr=   150015 msg/s  avg= 17.03 p50=16 p99=41 p999=65 max=110 ms  cpu=  0.0% rss=  56.1MB
[interval 12] t= 390.0s msgs=4500042 thr=   149992 msg/s  avg= 17.19 p50=16 p99=43 p999=64 max=110 ms  cpu=  0.0% rss=  56.1MB
[interval 13] t= 420.0s msgs=4501073 thr=   150033 msg/s  avg= 17.26 p50=16 p99=43 p999=69 max=115 ms  cpu=  0.0% rss=  56.1MB
[interval 14] t= 450.0s msgs=4499799 thr=   149989 msg/s  avg= 17.01 p50=16 p99=40 p999=57 max=123 ms  cpu=  0.0% rss=  56.1MB
[interval 15] t= 480.0s msgs=4500255 thr=   150002 msg/s  avg= 17.08 p50=16 p99=42 p999=65 max=158 ms  cpu=  0.0% rss=  56.1MB
[interval 16] t= 510.0s msgs=4500372 thr=   150002 msg/s  avg= 17.10 p50=16 p99=42 p999=56 max=84 ms  cpu=  0.0% rss=  56.1MB
[interval 17] t= 540.0s msgs=4496722 thr=   149881 msg/s  avg= 18.43 p50=16 p99=45 p999=522 max=1280 ms  cpu=  0.0% rss=  56.1MB
[interval 18] t= 570.1s msgs=4504301 thr=   150126 msg/s  avg= 26.08 p50=16 p99=59 p999=2119 max=4044 ms  cpu=  0.0% rss=  56.3MB

Loop breakdown over 385895 polls: poll().await=99.9%  per-record processing=0.1%  (avg 233 records/poll)
Records/poll distribution (non-empty polls, post-warmup): n=321871 min=1 mean=279.6 p50=289 p99=500 max=500

======================================================================
SUMMARY — Rust Kafka Consumer (warmup 18000000 excluded)
======================================================================
Measured messages: 89999491
Duration:          600.00 s
Throughput:        149999 msg/s  (146.48 MiB/s)
E2E latency (ms):  min=3 avg=17.61 stddev=30.17 p50=16 p90=24 p95=30 p99=42 p99.9=72 max=4044
RSS (MB, current): avg=54.6 min=48.5 max=56.3
======================================================================

Results written to: consumer-perf/results/rust_snappy-1782825088
