======================================================================
Consumer E2E Latency Benchmark - librdkafka (native C)
======================================================================
Bootstrap:   pkc-devcozvdmy.us-east-1.aws.devel.cpdev.cloud:9092
Topic:       cmp-bench-36p
Group:       AA-36p-rdk-1781806293
Throughput:  300000 msg/s
Duration:    1800 s (after warmup)
Msg size:    1024 bytes
Warmup:      36000000 messages
Interval:    30 s
rdkafka ver: 2.13.0
======================================================================

>>> Subscribed; waiting for partition assignment (group.protocol=consumer)...
%6|1781806294.303|GETSUBSCRIPTIONS|librdkafka-perf-c#consumer-1| [thrd:main]: Telemetry client instance id changed from AAAAAAAAAAAAAAAAAAAAAA to hi4Wskm6TCqarfvOLk0YFA
    assigned 36 partition(s)
    assigned after 1.0s
>>> Settling to the live edge (polling until empty) before producer...
    at live edge; starting producer now.

>>> Measuring (warmup 36000000 msgs, then 1800 s)...

>>> first records arrived 44.3s after producer start
    warmup complete (36000000 msgs); measuring now
[interval 0] t=  30.0s msgs=4500237 thr=   150007 msg/s  avg=  4.13 p50=4 p99=16 p999=29 max=71 ms  cpu= 71.7% rss=  34.3MB
[interval 1] t=  60.0s msgs=4499845 thr=   149995 msg/s  avg=  4.20 p50=4 p99=16 p999=34 max=143 ms  cpu= 84.2% rss=  40.5MB
[interval 2] t=  90.0s msgs=4500335 thr=   150011 msg/s  avg=  4.13 p50=4 p99=16 p999=30 max=219 ms  cpu= 84.2% rss=  41.5MB
[interval 3] t= 120.0s msgs=4499992 thr=   149999 msg/s  avg=  4.16 p50=4 p99=17 p999=31 max=57 ms  cpu= 83.6% rss=  41.5MB
[interval 4] t= 150.0s msgs=4499817 thr=   149992 msg/s  avg=  4.13 p50=4 p99=16 p999=29 max=55 ms  cpu= 83.5% rss=  41.5MB
[interval 5] t= 180.0s msgs=4499845 thr=   149995 msg/s  avg=  4.16 p50=4 p99=16 p999=29 max=110 ms  cpu= 84.2% rss=  42.0MB
[interval 6] t= 210.0s msgs=4500223 thr=   150007 msg/s  avg=  4.11 p50=4 p99=16 p999=29 max=55 ms  cpu= 84.0% rss=  42.0MB
[interval 7] t= 240.0s msgs=4500132 thr=   150003 msg/s  avg=  4.11 p50=4 p99=16 p999=28 max=65 ms  cpu= 83.8% rss=  42.0MB
[interval 8] t= 270.0s msgs=4490570 thr=   149684 msg/s  avg=  4.09 p50=4 p99=16 p999=28 max=59 ms  cpu= 83.8% rss=  42.3MB
[interval 9] t= 300.0s msgs=4500489 thr=   150016 msg/s  avg=  4.15 p50=4 p99=17 p999=31 max=55 ms  cpu= 83.4% rss=  42.3MB
[interval 10] t= 330.0s msgs=4500286 thr=   150009 msg/s  avg=  4.08 p50=4 p99=16 p999=28 max=59 ms  cpu= 83.6% rss=  42.3MB
[interval 11] t= 360.0s msgs=4486860 thr=   149562 msg/s  avg=  4.20 p50=4 p99=17 p999=57 max=139 ms  cpu= 83.1% rss=  45.1MB
[interval 12] t= 390.0s msgs=4515455 thr=   150514 msg/s  avg=  4.05 p50=4 p99=16 p999=27 max=53 ms  cpu= 84.1% rss=  45.1MB
[interval 13] t= 420.0s msgs=4506726 thr=   150223 msg/s  avg=  4.21 p50=4 p99=17 p999=36 max=317 ms  cpu= 83.6% rss=  46.9MB
[interval 14] t= 450.0s msgs=4499901 thr=   149996 msg/s  avg=  4.13 p50=4 p99=16 p999=28 max=66 ms  cpu= 84.2% rss=  47.2MB
[interval 15] t= 480.0s msgs=4500241 thr=   150008 msg/s  avg=  4.12 p50=4 p99=16 p999=29 max=69 ms  cpu= 83.5% rss=  47.4MB
[interval 16] t= 510.0s msgs=4499728 thr=   149991 msg/s  avg=  4.07 p50=4 p99=16 p999=27 max=74 ms  cpu= 84.3% rss=  47.7MB
[interval 17] t= 540.0s msgs=4500259 thr=   150008 msg/s  avg=  4.18 p50=4 p99=17 p999=31 max=109 ms  cpu= 84.1% rss=  48.0MB
[interval 18] t= 570.0s msgs=4499747 thr=   149991 msg/s  avg=  4.16 p50=4 p99=17 p999=33 max=56 ms  cpu= 84.1% rss=  48.2MB
[interval 19] t= 600.0s msgs=4500300 thr=   150010 msg/s  avg=  4.23 p50=4 p99=17 p999=32 max=59 ms  cpu= 83.3% rss=  48.2MB
[interval 20] t= 630.0s msgs=4499971 thr=   149999 msg/s  avg=  4.27 p50=4 p99=17 p999=32 max=65 ms  cpu= 83.3% rss=  48.2MB
[interval 21] t= 660.0s msgs=4499929 thr=   149998 msg/s  avg=  4.36 p50=4 p99=18 p999=42 max=190 ms  cpu= 83.5% rss=  50.8MB
[interval 22] t= 690.0s msgs=4493811 thr=   149793 msg/s  avg=  4.09 p50=4 p99=16 p999=28 max=65 ms  cpu= 84.3% rss=  51.1MB
[interval 23] t= 720.0s msgs=4504458 thr=   150149 msg/s  avg=  4.12 p50=4 p99=16 p999=29 max=103 ms  cpu= 83.8% rss=  51.1MB
[interval 24] t= 750.0s msgs=4502106 thr=   150069 msg/s  avg=  4.12 p50=4 p99=17 p999=32 max=57 ms  cpu= 84.6% rss=  51.1MB
[interval 25] t= 780.0s msgs=4499712 thr=   149990 msg/s  avg=  4.14 p50=4 p99=16 p999=29 max=102 ms  cpu= 84.6% rss=  51.1MB
[interval 26] t= 810.0s msgs=4499943 thr=   149997 msg/s  avg=  4.11 p50=4 p99=16 p999=29 max=55 ms  cpu= 84.4% rss=  51.1MB
[interval 27] t= 840.0s msgs=4500153 thr=   150004 msg/s  avg=  4.16 p50=4 p99=16 p999=29 max=53 ms  cpu= 84.6% rss=  51.1MB
[interval 28] t= 870.0s msgs=4500104 thr=   150003 msg/s  avg=  5.31 p50=4 p99=18 p999=611 max=1131 ms  cpu= 84.2% rss=  51.3MB
[interval 29] t= 900.0s msgs=4500069 thr=   150002 msg/s  avg=  4.19 p50=4 p99=16 p999=30 max=218 ms  cpu= 84.5% rss=  51.3MB
[interval 30] t= 930.0s msgs=4500062 thr=   150002 msg/s  avg=  4.14 p50=4 p99=16 p999=29 max=65 ms  cpu= 84.4% rss=  51.3MB
[interval 31] t= 960.0s msgs=4498949 thr=   149965 msg/s  avg=  4.21 p50=4 p99=17 p999=50 max=142 ms  cpu= 84.0% rss=  52.9MB
[interval 32] t= 990.0s msgs=4499705 thr=   149990 msg/s  avg=  4.09 p50=4 p99=16 p999=30 max=232 ms  cpu= 83.9% rss=  52.9MB
[interval 33] t=1020.0s msgs=4501357 thr=   150044 msg/s  avg=  4.12 p50=4 p99=16 p999=30 max=60 ms  cpu= 84.2% rss=  52.9MB
[interval 34] t=1050.0s msgs=4497864 thr=   149929 msg/s  avg=  4.13 p50=4 p99=16 p999=29 max=56 ms  cpu= 84.5% rss=  52.9MB
[interval 35] t=1080.0s msgs=4502435 thr=   150081 msg/s  avg=  4.10 p50=4 p99=16 p999=29 max=60 ms  cpu= 83.6% rss=  52.9MB
[interval 36] t=1110.0s msgs=4484130 thr=   149471 msg/s  avg=  4.10 p50=4 p99=16 p999=33 max=231 ms  cpu= 83.4% rss=  53.4MB
[interval 37] t=1140.0s msgs=4515791 thr=   150526 msg/s  avg=  4.17 p50=4 p99=17 p999=29 max=58 ms  cpu= 84.0% rss=  53.4MB
[interval 38] t=1170.0s msgs=4499845 thr=   149995 msg/s  avg=  4.12 p50=4 p99=16 p999=30 max=57 ms  cpu= 84.2% rss=  53.4MB
[interval 39] t=1200.0s msgs=4500069 thr=   150002 msg/s  avg=  4.33 p50=4 p99=17 p999=31 max=113 ms  cpu= 82.5% rss=  53.4MB
[interval 40] t=1230.0s msgs=4495715 thr=   149857 msg/s  avg=  4.26 p50=4 p99=16 p999=29 max=66 ms  cpu= 82.0% rss=  53.4MB
[interval 41] t=1260.0s msgs=4485831 thr=   149528 msg/s  avg=  4.38 p50=4 p99=17 p999=54 max=227 ms  cpu= 81.9% rss=  55.4MB
[interval 42] t=1290.0s msgs=4518822 thr=   150626 msg/s  avg=  4.32 p50=4 p99=17 p999=29 max=63 ms  cpu= 82.9% rss=  55.4MB
[interval 43] t=1320.0s msgs=4499852 thr=   149995 msg/s  avg=  4.15 p50=4 p99=17 p999=31 max=119 ms  cpu= 84.4% rss=  55.4MB
[interval 44] t=1350.0s msgs=4499985 thr=   149999 msg/s  avg=  4.08 p50=4 p99=16 p999=29 max=70 ms  cpu= 84.2% rss=  55.4MB
[interval 45] t=1380.0s msgs=4500202 thr=   150006 msg/s  avg=  4.08 p50=4 p99=16 p999=30 max=54 ms  cpu= 83.4% rss=  55.4MB
[interval 46] t=1410.0s msgs=4499901 thr=   149997 msg/s  avg=  4.07 p50=4 p99=16 p999=27 max=140 ms  cpu= 84.0% rss=  55.4MB
[interval 47] t=1440.0s msgs=4498913 thr=   149964 msg/s  avg=  4.16 p50=4 p99=17 p999=31 max=120 ms  cpu= 83.8% rss=  55.4MB
[interval 48] t=1470.0s msgs=4501106 thr=   150036 msg/s  avg=  4.07 p50=4 p99=16 p999=29 max=77 ms  cpu= 83.7% rss=  55.4MB
[interval 49] t=1500.0s msgs=4500237 thr=   150008 msg/s  avg=  4.13 p50=4 p99=16 p999=28 max=56 ms  cpu= 84.4% rss=  55.4MB
[interval 50] t=1530.0s msgs=4499740 thr=   149991 msg/s  avg=  4.29 p50=4 p99=17 p999=31 max=113 ms  cpu= 82.1% rss=  55.4MB
[interval 51] t=1560.0s msgs=4500216 thr=   150007 msg/s  avg=  4.20 p50=4 p99=17 p999=49 max=235 ms  cpu= 84.2% rss=  56.0MB
[interval 52] t=1590.0s msgs=4500013 thr=   150000 msg/s  avg=  4.03 p50=4 p99=16 p999=27 max=68 ms  cpu= 84.0% rss=  56.0MB
[interval 53] t=1620.0s msgs=4499922 thr=   149997 msg/s  avg=  4.11 p50=4 p99=17 p999=30 max=104 ms  cpu= 83.6% rss=  56.0MB
[interval 54] t=1650.0s msgs=4499859 thr=   149995 msg/s  avg=  4.05 p50=4 p99=16 p999=27 max=72 ms  cpu= 84.2% rss=  56.0MB
[interval 55] t=1680.0s msgs=4500397 thr=   150013 msg/s  avg=  4.07 p50=4 p99=16 p999=29 max=107 ms  cpu= 84.0% rss=  56.0MB
[interval 56] t=1710.0s msgs=4499678 thr=   149989 msg/s  avg=  4.06 p50=4 p99=16 p999=29 max=74 ms  cpu= 84.2% rss=  56.0MB
[interval 57] t=1740.0s msgs=4488785 thr=   149626 msg/s  avg=  4.15 p50=4 p99=16 p999=30 max=107 ms  cpu= 83.9% rss=  56.5MB
[interval 58] t=1770.0s msgs=4483542 thr=   149451 msg/s  avg=  4.09 p50=4 p99=16 p999=29 max=55 ms  cpu= 84.2% rss=  56.5MB

======================================================================
SUMMARY - librdkafka-c (warmup 36000000 excluded, group.protocol=consumer)
======================================================================
Measured messages: 270000089
Duration:          1800.00 s
Throughput:        150000 msg/s  (146.48 MiB/s)
Batch consume:     max_poll_records=500, 306000089 non-empty batches, 306000089 records, avg 1.0 records/batch
Records/batch dist (post-warmup): n=270000089 min=1 mean=1.0 p50=1 p99=1 max=1
E2E latency (ms):  min=1 avg=4.17 stddev=4.67 p50=4 p90=6 p95=8 p99=16 p99.9=31 max=1131
RSS (MB, current):  avg=50.3 min=34.3 max=56.5 (59 samples)
======================================================================

Results written to: /home/ec2-user/bench/armbatch/AA-36p_rdk_res/AA-36p-rdk-1781806293
