Java e2e: bootstrap=pkc-devcozvdmy.us-east-1.aws.devel.cpdev.cloud:9092 topic=cmp-bench-36p proto=consumer maxPoll=500 fetch.min=4MiB partFetch=4MiB crc=off dur=1800s warmup=36000000
subscribed; waiting for assignment/records...
warmup complete (36000000 msgs); measuring 1800s now
[interval 0] t=  30.0s msgs=4500243 thr=   150008 msg/s avg=  4.40 p50=4 p99=17 p999=30 max=66 ms rss=648.7MB
[interval 1] t=  60.0s msgs=4499978 thr=   149999 msg/s avg=  4.50 p50=4 p99=17 p999=47 max=152 ms rss=654.2MB
[interval 2] t=  90.0s msgs=4500391 thr=   150013 msg/s avg=  4.38 p50=4 p99=17 p999=30 max=58 ms rss=654.6MB
[interval 3] t= 120.0s msgs=4499901 thr=   149997 msg/s avg=  4.48 p50=4 p99=17 p999=30 max=106 ms rss=655.0MB
[interval 4] t= 150.0s msgs=4499691 thr=   149990 msg/s avg=  4.36 p50=4 p99=16 p999=29 max=52 ms rss=655.3MB
[interval 5] t= 180.0s msgs=4499439 thr=   149981 msg/s avg=  4.37 p50=4 p99=17 p999=34 max=130 ms rss=655.9MB
[interval 6] t= 210.0s msgs=4500741 thr=   150025 msg/s avg=  4.26 p50=4 p99=16 p999=28 max=55 ms rss=655.9MB
[interval 7] t= 240.0s msgs=4500167 thr=   150006 msg/s avg=  4.37 p50=4 p99=17 p999=30 max=103 ms rss=655.9MB
[interval 8] t= 270.0s msgs=4499915 thr=   149997 msg/s avg=  4.35 p50=4 p99=16 p999=30 max=64 ms rss=656.2MB
[interval 9] t= 300.0s msgs=4499684 thr=   149989 msg/s avg=  4.46 p50=4 p99=17 p999=32 max=222 ms rss=656.6MB
[interval 10] t= 330.0s msgs=4500083 thr=   150003 msg/s avg=  4.36 p50=4 p99=16 p999=29 max=61 ms rss=657.3MB
[interval 11] t= 360.0s msgs=4500111 thr=   150004 msg/s avg=  4.50 p50=4 p99=17 p999=63 max=146 ms rss=658.1MB
[interval 12] t= 390.0s msgs=4500020 thr=   150001 msg/s avg=  4.26 p50=4 p99=16 p999=28 max=52 ms rss=658.3MB
[interval 13] t= 420.0s msgs=4493125 thr=   149771 msg/s avg=  4.35 p50=4 p99=17 p999=29 max=102 ms rss=658.5MB
[interval 14] t= 450.0s msgs=4461737 thr=   148725 msg/s avg=  4.29 p50=4 p99=16 p999=29 max=59 ms rss=658.5MB
[interval 15] t= 480.0s msgs=4457460 thr=   148582 msg/s avg=  4.26 p50=4 p99=16 p999=31 max=115 ms rss=658.5MB
[interval 16] t= 510.0s msgs=4453183 thr=   148439 msg/s avg=  4.20 p50=4 p99=16 p999=30 max=62 ms rss=659.0MB
[interval 17] t= 540.0s msgs=4634378 thr=   154479 msg/s avg=  4.36 p50=4 p99=17 p999=29 max=67 ms rss=659.8MB
[interval 18] t= 570.0s msgs=4499922 thr=   149997 msg/s avg=  4.37 p50=4 p99=16 p999=29 max=65 ms rss=660.0MB
[interval 19] t= 600.0s msgs=4500160 thr=   150005 msg/s avg=  4.49 p50=4 p99=17 p999=31 max=127 ms rss=660.0MB
[interval 20] t= 630.0s msgs=4499985 thr=   150000 msg/s avg=  4.37 p50=4 p99=17 p999=29 max=53 ms rss=660.6MB
[interval 21] t= 660.0s msgs=4500020 thr=   150001 msg/s avg=  4.52 p50=4 p99=18 p999=69 max=159 ms rss=660.6MB
[interval 22] t= 690.0s msgs=4494987 thr=   149833 msg/s avg=  4.30 p50=4 p99=16 p999=29 max=56 ms rss=660.6MB
[interval 23] t= 720.0s msgs=4498858 thr=   149962 msg/s avg=  4.36 p50=4 p99=17 p999=29 max=53 ms rss=661.1MB
[interval 24] t= 750.0s msgs=4506068 thr=   150202 msg/s avg=  4.38 p50=4 p99=17 p999=30 max=63 ms rss=661.4MB
[interval 25] t= 780.0s msgs=4500286 thr=   150010 msg/s avg=  4.45 p50=4 p99=17 p999=30 max=125 ms rss=661.4MB
[interval 26] t= 810.0s msgs=4499922 thr=   149997 msg/s avg=  4.49 p50=4 p99=18 p999=32 max=60 ms rss=661.7MB
[interval 27] t= 840.0s msgs=4499894 thr=   149996 msg/s avg=  4.51 p50=4 p99=17 p999=30 max=52 ms rss=662.5MB
[interval 28] t= 870.0s msgs=4499775 thr=   149993 msg/s avg=  4.41 p50=4 p99=17 p999=31 max=74 ms rss=663.0MB
[interval 29] t= 900.0s msgs=4500209 thr=   150007 msg/s avg=  4.50 p50=4 p99=17 p999=30 max=53 ms rss=663.0MB
[interval 30] t= 930.0s msgs=4499852 thr=   149995 msg/s avg=  4.42 p50=4 p99=17 p999=30 max=113 ms rss=663.1MB
[interval 31] t= 960.0s msgs=4500139 thr=   150005 msg/s avg=  4.58 p50=4 p99=18 p999=77 max=222 ms rss=663.8MB
[interval 32] t= 990.0s msgs=4499873 thr=   149996 msg/s avg=  4.45 p50=4 p99=17 p999=31 max=88 ms rss=664.2MB
[interval 33] t=1020.0s msgs=4500405 thr=   150014 msg/s avg=  4.42 p50=4 p99=17 p999=28 max=52 ms rss=664.8MB
[interval 34] t=1050.0s msgs=4499726 thr=   149991 msg/s avg=  4.52 p50=4 p99=17 p999=32 max=58 ms rss=664.8MB
[interval 35] t=1080.0s msgs=4500027 thr=   150001 msg/s avg=  4.50 p50=4 p99=17 p999=29 max=105 ms rss=665.1MB
[interval 36] t=1110.0s msgs=4500209 thr=   150007 msg/s avg=  4.42 p50=4 p99=17 p999=29 max=105 ms rss=665.3MB
[interval 37] t=1140.0s msgs=4499635 thr=   149988 msg/s avg=  4.49 p50=4 p99=17 p999=31 max=60 ms rss=665.6MB
[interval 38] t=1170.0s msgs=4500027 thr=   150001 msg/s avg=  4.48 p50=4 p99=17 p999=32 max=62 ms rss=665.6MB
[interval 39] t=1200.0s msgs=4500139 thr=   150005 msg/s avg=  4.42 p50=4 p99=17 p999=31 max=134 ms rss=665.6MB
[interval 40] t=1230.0s msgs=4499838 thr=   149995 msg/s avg=  4.37 p50=4 p99=17 p999=30 max=56 ms rss=665.9MB
[interval 41] t=1260.0s msgs=4499992 thr=   150000 msg/s avg=  4.45 p50=4 p99=17 p999=34 max=153 ms rss=665.9MB
[interval 42] t=1290.0s msgs=4500230 thr=   150008 msg/s avg=  4.45 p50=4 p99=17 p999=30 max=63 ms rss=665.9MB
[interval 43] t=1320.0s msgs=4500090 thr=   150003 msg/s avg=  4.50 p50=4 p99=17 p999=31 max=70 ms rss=666.2MB
[interval 44] t=1350.0s msgs=4499922 thr=   149997 msg/s avg=  4.41 p50=4 p99=17 p999=31 max=61 ms rss=666.4MB
[interval 45] t=1380.0s msgs=4499705 thr=   149990 msg/s avg=  4.46 p50=4 p99=17 p999=31 max=133 ms rss=666.7MB
[interval 46] t=1410.0s msgs=4500104 thr=   150003 msg/s avg=  4.45 p50=4 p99=17 p999=31 max=57 ms rss=667.2MB
[interval 47] t=1440.0s msgs=4499985 thr=   150000 msg/s avg=  4.42 p50=4 p99=17 p999=30 max=118 ms rss=667.5MB
[interval 48] t=1470.0s msgs=4500314 thr=   150010 msg/s avg=  4.45 p50=4 p99=17 p999=31 max=59 ms rss=667.7MB
[interval 49] t=1500.0s msgs=4499642 thr=   149988 msg/s avg=  4.40 p50=4 p99=17 p999=30 max=117 ms rss=667.7MB
[interval 50] t=1530.0s msgs=4500118 thr=   150004 msg/s avg=  4.34 p50=4 p99=16 p999=29 max=59 ms rss=668.0MB
[interval 51] t=1560.0s msgs=4499866 thr=   149996 msg/s avg=  4.59 p50=4 p99=18 p999=62 max=142 ms rss=668.3MB
[interval 52] t=1590.0s msgs=4499908 thr=   149997 msg/s avg=  4.39 p50=4 p99=17 p999=30 max=62 ms rss=668.3MB
[interval 53] t=1620.0s msgs=4500286 thr=   150010 msg/s avg=  4.40 p50=4 p99=17 p999=30 max=60 ms rss=668.3MB
[interval 54] t=1650.0s msgs=4499957 thr=   149999 msg/s avg=  4.50 p50=4 p99=17 p999=30 max=61 ms rss=668.4MB
[interval 55] t=1680.0s msgs=4499838 thr=   149995 msg/s avg=  4.48 p50=4 p99=17 p999=31 max=60 ms rss=668.4MB
[interval 56] t=1710.0s msgs=4500034 thr=   150001 msg/s avg=  4.37 p50=4 p99=16 p999=28 max=62 ms rss=668.4MB
[interval 57] t=1740.0s msgs=4500048 thr=   150002 msg/s avg=  4.39 p50=4 p99=17 p999=31 max=134 ms rss=668.4MB
[interval 58] t=1770.0s msgs=4499943 thr=   149998 msg/s avg=  4.49 p50=4 p99=17 p999=33 max=60 ms rss=668.4MB
======================================================================
SUMMARY - Java kafka-clients (KIP-848=consumer, warmup 36000000 excluded)
Measured messages: 269999911
Duration:          1800.04 s
Throughput:        149997 msg/s  (292.96 MiB/s)
E2E latency (ms):  min=1 avg=4.42 stddev=2.95 p50=4 p90=6 p95=9 p99=17 p99.9=31 max=222
RSS (MB, current): avg=662.4 min=648.7 max=668.4 (59 samples)
{"client":"java","protocol":"consumer","messages":269999911,"duration_s":1800.04,"throughput_msg_s":149996.95,"throughput_mib_s":292.96,"lat_min_ms":1,"lat_avg_ms":4.42,"lat_stddev_ms":2.95,"lat_p50_ms":4,"lat_p90_ms":6,"lat_p95_ms":9,"lat_p99_ms":17,"lat_p999_ms":31,"lat_max_ms":222,"rss_avg_mb":662.4,"rss_min_mb":648.7,"rss_max_mb":668.4}
