Java e2e: bootstrap=pkc-devcozvdmy.us-east-1.aws.devel.cpdev.cloud:9092 topic=cmp-bench-36p proto=consumer maxPoll=500 fetch.min=4MiB partFetch=4MiB crc=off dur=900s warmup=12000000
subscribed; waiting for assignment/records...
warmup complete (12000000 msgs); measuring 900s now
[interval 0] t=  30.0s msgs=1499934 thr=    49998 msg/s avg=  3.47 p50=3 p99=13 p999=29 max=53 ms rss=653.0MB
[interval 1] t=  60.0s msgs=1499981 thr=    49999 msg/s avg=  3.41 p50=3 p99=12 p999=25 max=48 ms rss=654.9MB
[interval 2] t=  90.0s msgs=1500058 thr=    50002 msg/s avg=  3.55 p50=3 p99=13 p999=32 max=230 ms rss=655.2MB
[interval 3] t= 120.0s msgs=1500023 thr=    50001 msg/s avg=  3.47 p50=3 p99=13 p999=29 max=111 ms rss=655.2MB
[interval 4] t= 150.0s msgs=1500002 thr=    50000 msg/s avg=  3.39 p50=3 p99=12 p999=26 max=98 ms rss=655.3MB
[interval 5] t= 180.0s msgs=1499995 thr=    50000 msg/s avg=  3.43 p50=3 p99=12 p999=26 max=226 ms rss=655.3MB
[interval 6] t= 210.0s msgs=1499988 thr=    50000 msg/s avg=  3.43 p50=3 p99=13 p999=27 max=48 ms rss=655.3MB
[interval 7] t= 240.0s msgs=1500044 thr=    50001 msg/s avg=  3.52 p50=3 p99=13 p999=28 max=48 ms rss=655.5MB
[interval 8] t= 270.0s msgs=1499953 thr=    49998 msg/s avg=  3.48 p50=3 p99=13 p999=26 max=111 ms rss=655.7MB
[interval 9] t= 300.0s msgs=1500044 thr=    50001 msg/s avg=  3.46 p50=3 p99=12 p999=26 max=48 ms rss=656.0MB
[interval 10] t= 330.0s msgs=1500009 thr=    50000 msg/s avg=  3.50 p50=3 p99=13 p999=30 max=224 ms rss=656.1MB
[interval 11] t= 360.0s msgs=1499960 thr=    49999 msg/s avg=  3.48 p50=3 p99=13 p999=28 max=59 ms rss=656.1MB
[interval 12] t= 390.0s msgs=1500023 thr=    50001 msg/s avg=  3.43 p50=3 p99=13 p999=27 max=100 ms rss=656.1MB
[interval 13] t= 420.0s msgs=1500037 thr=    50001 msg/s avg=  3.47 p50=3 p99=12 p999=34 max=118 ms rss=656.2MB
[interval 14] t= 450.0s msgs=1500009 thr=    50000 msg/s avg=  3.43 p50=3 p99=13 p999=26 max=84 ms rss=656.2MB
[interval 15] t= 480.0s msgs=1499967 thr=    49999 msg/s avg=  3.43 p50=3 p99=12 p999=26 max=44 ms rss=656.4MB
[interval 16] t= 510.0s msgs=1499988 thr=    50000 msg/s avg=  3.44 p50=3 p99=13 p999=29 max=105 ms rss=656.6MB
[interval 17] t= 540.0s msgs=1500051 thr=    50002 msg/s avg=  3.41 p50=3 p99=12 p999=24 max=42 ms rss=656.7MB
[interval 18] t= 570.0s msgs=1500037 thr=    50001 msg/s avg=  3.40 p50=3 p99=12 p999=26 max=44 ms rss=656.9MB
[interval 19] t= 600.0s msgs=1499988 thr=    50000 msg/s avg=  3.46 p50=3 p99=13 p999=28 max=47 ms rss=657.1MB
[interval 20] t= 630.0s msgs=1500058 thr=    50002 msg/s avg=  3.42 p50=3 p99=13 p999=27 max=105 ms rss=657.1MB
[interval 21] t= 660.0s msgs=1499974 thr=    49999 msg/s avg=  3.44 p50=3 p99=12 p999=26 max=214 ms rss=657.1MB
[interval 22] t= 690.0s msgs=1499974 thr=    49999 msg/s avg=  3.42 p50=3 p99=12 p999=25 max=52 ms rss=657.1MB
[interval 23] t= 720.0s msgs=1500051 thr=    50002 msg/s avg=  3.53 p50=3 p99=13 p999=44 max=118 ms rss=657.5MB
[interval 24] t= 750.0s msgs=1499981 thr=    49999 msg/s avg=  3.38 p50=3 p99=12 p999=23 max=53 ms rss=657.8MB
[interval 25] t= 780.0s msgs=1499974 thr=    49999 msg/s avg=  3.41 p50=3 p99=12 p999=26 max=45 ms rss=657.8MB
[interval 26] t= 810.0s msgs=1500016 thr=    50001 msg/s avg=  3.44 p50=3 p99=13 p999=28 max=105 ms rss=657.9MB
[interval 27] t= 840.0s msgs=1500037 thr=    50001 msg/s avg=  3.43 p50=3 p99=13 p999=27 max=56 ms rss=657.9MB
[interval 28] t= 870.0s msgs=1499946 thr=    49998 msg/s avg=  3.41 p50=3 p99=12 p999=26 max=60 ms rss=657.9MB
======================================================================
SUMMARY - Java kafka-clients (KIP-848=consumer, warmup 12000000 excluded)
Measured messages: 44999866
Duration:          900.07 s
Throughput:        49996 msg/s  (97.65 MiB/s)
E2E latency (ms):  min=1 avg=3.45 stddev=2.43 p50=3 p90=5 p95=6 p99=13 p99.9=27 max=230
RSS (MB, current): avg=656.3 min=653.0 max=657.9 (29 samples)
{"client":"java","protocol":"consumer","messages":44999866,"duration_s":900.07,"throughput_msg_s":49996.18,"throughput_mib_s":97.65,"lat_min_ms":1,"lat_avg_ms":3.45,"lat_stddev_ms":2.43,"lat_p50_ms":3,"lat_p90_ms":5,"lat_p95_ms":6,"lat_p99_ms":13,"lat_p999_ms":27,"lat_max_ms":230,"rss_avg_mb":656.3,"rss_min_mb":653.0,"rss_max_mb":657.9}
