======================================================================
Consumer E2E Latency Benchmark — Rust Kafka Consumer
======================================================================
Bootstrap:   pkc-devcozvdmy.us-east-1.aws.devel.cpdev.cloud:9092
Topic:       cmp-bench-36p
Group:       BB-100mbs-rust-1781814043
Throughput:  50000 msg/s
Duration:    900 s (after warmup)
Msg size:    1024 bytes
Warmup:      12000000 messages
Interval:    30 s
======================================================================
Offset reset: latest
Client config: loaded /home/ec2-user/bench/cc_bench.properties (SASL/SSL etc.)
Fetch config: fetch.min.bytes=1 fetch.max.wait.ms=default max.partition.fetch.bytes=1048576 fetch.max.bytes=default max.poll.records=500

>>> Subscribed; waiting for partition assignment (KIP-848 join)...
    assigned 36 partition(s) after 0.5s
>>> --no-produce: drive the producer externally now.

>>> Measuring (warmup 12000000 msgs, then 900 s)...

>>> first records arrived 45.6s after producer start (after 91 polls)
    warmup complete (12000000 msgs); measuring now
[interval 0] t=  30.0s msgs=1500011 thr=    50000 msg/s  avg=  3.52 p50=3 p99=13 p999=28 max=48 ms  cpu=  0.0% rss=  11.9MB
[interval 1] t=  60.0s msgs=1500016 thr=    50000 msg/s  avg=  3.57 p50=3 p99=14 p999=33 max=62 ms  cpu=  0.0% rss=  11.9MB
[interval 2] t=  90.0s msgs=1500093 thr=    50003 msg/s  avg=  3.54 p50=3 p99=13 p999=33 max=123 ms  cpu=  0.0% rss=  13.0MB
[interval 3] t= 120.0s msgs=1500044 thr=    50001 msg/s  avg=  3.42 p50=3 p99=12 p999=25 max=45 ms  cpu=  0.0% rss=  13.0MB
[interval 4] t= 150.0s msgs=1500107 thr=    50003 msg/s  avg=  3.42 p50=3 p99=12 p999=25 max=52 ms  cpu=  0.0% rss=  17.4MB
[interval 5] t= 180.0s msgs=1500065 thr=    50002 msg/s  avg=  3.42 p50=3 p99=12 p999=25 max=43 ms  cpu=  0.0% rss=  22.0MB
[interval 6] t= 210.0s msgs=1500086 thr=    50003 msg/s  avg=  3.41 p50=3 p99=12 p999=26 max=44 ms  cpu=  0.0% rss=  22.0MB
[interval 7] t= 240.0s msgs=1500037 thr=    50001 msg/s  avg=  3.41 p50=3 p99=12 p999=25 max=102 ms  cpu=  0.0% rss=  22.0MB
[interval 8] t= 270.0s msgs=1500072 thr=    50002 msg/s  avg=  3.43 p50=3 p99=13 p999=27 max=56 ms  cpu=  0.0% rss=  22.0MB
[interval 9] t= 300.0s msgs=1500037 thr=    50001 msg/s  avg=  3.47 p50=3 p99=13 p999=30 max=109 ms  cpu=  0.0% rss=  22.0MB
[interval 10] t= 330.0s msgs=1500016 thr=    50000 msg/s  avg=  3.42 p50=3 p99=12 p999=26 max=60 ms  cpu=  0.0% rss=  22.0MB
[interval 11] t= 360.0s msgs=1500128 thr=    50004 msg/s  avg=  3.45 p50=3 p99=13 p999=26 max=72 ms  cpu=  0.0% rss=  22.0MB
[interval 12] t= 390.0s msgs=1500009 thr=    50000 msg/s  avg=  3.49 p50=3 p99=12 p999=42 max=149 ms  cpu=  0.0% rss=  22.0MB
[interval 13] t= 420.0s msgs=1500044 thr=    50001 msg/s  avg=  3.46 p50=3 p99=13 p999=28 max=46 ms  cpu=  0.0% rss=  22.0MB
[interval 14] t= 450.0s msgs=1500086 thr=    50003 msg/s  avg=  3.41 p50=3 p99=11 p999=23 max=43 ms  cpu=  0.0% rss=  22.0MB
[interval 15] t= 480.0s msgs=1500037 thr=    50001 msg/s  avg=  3.47 p50=3 p99=13 p999=27 max=51 ms  cpu=  0.0% rss=  22.0MB
[interval 16] t= 510.0s msgs=1499981 thr=    49999 msg/s  avg=  3.41 p50=3 p99=12 p999=25 max=45 ms  cpu=  0.0% rss=  22.0MB
[interval 17] t= 540.0s msgs=1500128 thr=    50004 msg/s  avg=  3.45 p50=3 p99=13 p999=29 max=91 ms  cpu=  0.0% rss=  22.0MB
[interval 18] t= 570.0s msgs=1499953 thr=    49998 msg/s  avg=  3.40 p50=3 p99=12 p999=26 max=48 ms  cpu=  0.0% rss=  22.0MB
[interval 19] t= 600.0s msgs=1500135 thr=    50004 msg/s  avg=  3.46 p50=3 p99=13 p999=28 max=104 ms  cpu=  0.0% rss=  22.0MB
[interval 20] t= 630.0s msgs=1500044 thr=    50001 msg/s  avg=  3.44 p50=3 p99=13 p999=28 max=108 ms  cpu=  0.0% rss=  22.0MB
[interval 21] t= 660.0s msgs=1500058 thr=    50002 msg/s  avg=  3.41 p50=3 p99=12 p999=25 max=45 ms  cpu=  0.0% rss=  22.0MB
[interval 22] t= 690.0s msgs=1500079 thr=    50002 msg/s  avg=  3.51 p50=3 p99=13 p999=48 max=124 ms  cpu=  0.0% rss=  22.3MB
[interval 23] t= 720.0s msgs=1500065 thr=    50002 msg/s  avg=  3.42 p50=3 p99=12 p999=25 max=49 ms  cpu=  0.0% rss=  22.3MB
[interval 24] t= 750.0s msgs=1500086 thr=    50002 msg/s  avg=  3.44 p50=3 p99=13 p999=25 max=49 ms  cpu=  0.0% rss=  22.3MB
[interval 25] t= 780.0s msgs=1500037 thr=    50001 msg/s  avg=  3.44 p50=3 p99=12 p999=25 max=99 ms  cpu=  0.0% rss=  22.3MB
[interval 26] t= 810.0s msgs=1500086 thr=    50002 msg/s  avg=  3.40 p50=3 p99=12 p999=25 max=46 ms  cpu=  0.0% rss=  22.3MB
[interval 27] t= 840.0s msgs=1500030 thr=    50001 msg/s  avg=  3.43 p50=3 p99=12 p999=27 max=108 ms  cpu=  0.0% rss=  22.3MB
[interval 28] t= 870.0s msgs=1500072 thr=    50002 msg/s  avg=  3.42 p50=3 p99=12 p999=26 max=44 ms  cpu=  0.0% rss=  22.3MB

Loop breakdown over 6615843 polls: poll().await=99.9%  per-record processing=0.1%  (avg 7 records/poll)
Records/poll distribution (non-empty polls, post-warmup): n=5227317 min=7 mean=8.6 p50=7 p99=28 max=266

======================================================================
SUMMARY — Rust Kafka Consumer (warmup 12000000 excluded)
======================================================================
Measured messages: 45000006
Duration:          900.00 s
Throughput:        50000 msg/s  (48.83 MiB/s)
E2E latency (ms):  min=1 avg=3.45 stddev=2.25 p50=3 p90=5 p95=6 p99=12 p99.9=27 max=149
RSS (MB, current): avg=20.6 min=11.9 max=22.3
======================================================================

Results written to: consumer-perf/results/BB-100mbs-rust-1781814043
