======================================================================
Consumer E2E Latency Benchmark - librdkafka (native C)
======================================================================
Bootstrap:   pkc-devcozvdmy.us-east-1.aws.devel.cpdev.cloud:9092
Topic:       cmp-bench-36p
Group:       BB-100mbs-rdk-1781815232
Throughput:  300000 msg/s
Duration:    900 s (after warmup)
Msg size:    1024 bytes
Warmup:      12000000 messages
Interval:    30 s
rdkafka ver: 2.13.0
======================================================================

>>> Subscribed; waiting for partition assignment (group.protocol=consumer)...
%6|1781815233.247|GETSUBSCRIPTIONS|librdkafka-perf-c#consumer-1| [thrd:main]: Telemetry client instance id changed from AAAAAAAAAAAAAAAAAAAAAA to oYdlZIHxRSyhYMWo4qGsWw
    assigned 36 partition(s)
    assigned after 1.0s
>>> Settling to the live edge (polling until empty) before producer...
    at live edge; starting producer now.

>>> Measuring (warmup 12000000 msgs, then 900 s)...

>>> first records arrived 44.3s after producer start
    warmup complete (12000000 msgs); measuring now
[interval 0] t=  30.0s msgs=1499977 thr=    49999 msg/s  avg=  3.31 p50=3 p99=12 p999=27 max=102 ms  cpu= 27.4% rss=  26.3MB
[interval 1] t=  60.0s msgs=1500030 thr=    50000 msg/s  avg=  3.34 p50=3 p99=12 p999=26 max=104 ms  cpu= 32.4% rss=  30.6MB
[interval 2] t=  90.0s msgs=1500023 thr=    50000 msg/s  avg=  3.30 p50=3 p99=12 p999=26 max=43 ms  cpu= 32.3% rss=  30.9MB
[interval 3] t= 120.0s msgs=1500023 thr=    50001 msg/s  avg=  3.44 p50=3 p99=13 p999=47 max=133 ms  cpu= 32.2% rss=  31.4MB
[interval 4] t= 150.0s msgs=1500051 thr=    50002 msg/s  avg=  3.31 p50=3 p99=12 p999=26 max=42 ms  cpu= 32.4% rss=  31.4MB
[interval 5] t= 180.0s msgs=1500023 thr=    50001 msg/s  avg=  3.33 p50=3 p99=12 p999=26 max=51 ms  cpu= 32.4% rss=  31.4MB
[interval 6] t= 210.0s msgs=1499960 thr=    49998 msg/s  avg=  3.29 p50=3 p99=12 p999=27 max=46 ms  cpu= 32.3% rss=  31.4MB
[interval 7] t= 240.0s msgs=1500030 thr=    50001 msg/s  avg=  3.35 p50=3 p99=13 p999=28 max=65 ms  cpu= 32.4% rss=  31.4MB
[interval 8] t= 270.0s msgs=1500009 thr=    50000 msg/s  avg=  3.55 p50=3 p99=13 p999=98 max=238 ms  cpu= 32.2% rss=  32.4MB
[interval 9] t= 300.0s msgs=1500044 thr=    50001 msg/s  avg=  3.34 p50=3 p99=12 p999=25 max=42 ms  cpu= 32.3% rss=  32.4MB
[interval 10] t= 330.0s msgs=1500009 thr=    50000 msg/s  avg=  3.33 p50=3 p99=12 p999=25 max=219 ms  cpu= 32.2% rss=  32.7MB
[interval 11] t= 360.0s msgs=1500029 thr=    50001 msg/s  avg=  3.41 p50=3 p99=12 p999=31 max=236 ms  cpu= 32.2% rss=  34.0MB
[interval 12] t= 390.0s msgs=1500024 thr=    50001 msg/s  avg=  3.38 p50=3 p99=12 p999=31 max=236 ms  cpu= 32.3% rss=  34.2MB
[interval 13] t= 420.0s msgs=1499988 thr=    49999 msg/s  avg=  3.48 p50=3 p99=14 p999=52 max=212 ms  cpu= 32.1% rss=  34.5MB
[interval 14] t= 450.0s msgs=1500009 thr=    50000 msg/s  avg=  3.29 p50=3 p99=12 p999=24 max=48 ms  cpu= 32.2% rss=  34.5MB
[interval 15] t= 480.0s msgs=1499988 thr=    49999 msg/s  avg=  3.32 p50=3 p99=12 p999=27 max=95 ms  cpu= 32.2% rss=  34.5MB
[interval 16] t= 510.0s msgs=1500016 thr=    50001 msg/s  avg=  3.30 p50=3 p99=12 p999=26 max=43 ms  cpu= 32.3% rss=  34.5MB
[interval 17] t= 540.0s msgs=1500065 thr=    50002 msg/s  avg=  3.32 p50=3 p99=12 p999=27 max=45 ms  cpu= 32.3% rss=  34.5MB
[interval 18] t= 570.0s msgs=1500002 thr=    50000 msg/s  avg=  3.30 p50=3 p99=12 p999=25 max=41 ms  cpu= 32.2% rss=  34.5MB
[interval 19] t= 600.0s msgs=1499981 thr=    49999 msg/s  avg=  3.58 p50=3 p99=13 p999=142 max=240 ms  cpu= 32.3% rss=  36.6MB
[interval 20] t= 630.0s msgs=1499988 thr=    49999 msg/s  avg=  3.29 p50=3 p99=12 p999=26 max=43 ms  cpu= 32.3% rss=  36.6MB
[interval 21] t= 660.0s msgs=1499988 thr=    49999 msg/s  avg=  3.32 p50=3 p99=12 p999=26 max=120 ms  cpu= 32.3% rss=  36.8MB
[interval 22] t= 690.0s msgs=1500044 thr=    50001 msg/s  avg=  3.29 p50=3 p99=12 p999=26 max=41 ms  cpu= 32.2% rss=  36.8MB
[interval 23] t= 720.0s msgs=1500009 thr=    50000 msg/s  avg=  3.37 p50=3 p99=13 p999=48 max=121 ms  cpu= 32.3% rss=  36.8MB
[interval 24] t= 750.0s msgs=1500065 thr=    50002 msg/s  avg=  3.28 p50=3 p99=12 p999=26 max=39 ms  cpu= 32.4% rss=  36.8MB
[interval 25] t= 780.0s msgs=1500037 thr=    50001 msg/s  avg=  3.30 p50=3 p99=12 p999=25 max=42 ms  cpu= 32.1% rss=  36.8MB
[interval 26] t= 810.0s msgs=1499988 thr=    50000 msg/s  avg=  3.32 p50=3 p99=12 p999=28 max=105 ms  cpu= 32.3% rss=  36.8MB
[interval 27] t= 840.0s msgs=1499988 thr=    50000 msg/s  avg=  3.35 p50=3 p99=12 p999=30 max=217 ms  cpu= 32.2% rss=  36.8MB
[interval 28] t= 870.0s msgs=1500044 thr=    50001 msg/s  avg=  3.31 p50=3 p99=12 p999=25 max=234 ms  cpu= 32.2% rss=  37.1MB

======================================================================
SUMMARY - librdkafka-c (warmup 12000000 excluded, group.protocol=consumer)
======================================================================
Measured messages: 44999979
Duration:          900.00 s
Throughput:        50000 msg/s  (48.83 MiB/s)
Batch consume:     max_poll_records=500, 56999979 non-empty batches, 56999979 records, avg 1.0 records/batch
Records/batch dist (post-warmup): n=44999979 min=1 mean=1.0 p50=1 p99=1 max=1
E2E latency (ms):  min=1 avg=3.35 stddev=2.91 p50=3 p90=4 p95=5 p99=12 p99.9=28 max=240
RSS (MB, current):  avg=34.0 min=26.3 max=37.1 (29 samples)
======================================================================

Results written to: /home/ec2-user/bench/armbatch/BB-100mbs_rdk_res/BB-100mbs-rdk-1781815232
