======================================================================
Consumer E2E Latency Benchmark - librdkafka (native C)
======================================================================
Bootstrap:   pkc-devcozvdmy.us-east-1.aws.devel.cpdev.cloud:9092
Topic:       cmp-bench-36p
Group:       BB-200mbs-rdk-1781811663
Throughput:  300000 msg/s
Duration:    900 s (after warmup)
Msg size:    1024 bytes
Warmup:      24000000 messages
Interval:    30 s
rdkafka ver: 2.13.0
======================================================================

>>> Subscribed; waiting for partition assignment (group.protocol=consumer)...
%6|1781811663.767|GETSUBSCRIPTIONS|librdkafka-perf-c#consumer-1| [thrd:main]: Telemetry client instance id changed from AAAAAAAAAAAAAAAAAAAAAA to /VOctqXSTt2InaE4m97qag
    assigned 36 partition(s)
    assigned after 1.0s
>>> Settling to the live edge (polling until empty) before producer...
    at live edge; starting producer now.

>>> Measuring (warmup 24000000 msgs, then 900 s)...

>>> first records arrived 44.3s after producer start
    warmup complete (24000000 msgs); measuring now
[interval 0] t=  30.0s msgs=2999988 thr=   100000 msg/s  avg=  3.75 p50=3 p99=14 p999=27 max=108 ms  cpu= 50.7% rss=  28.5MB
[interval 1] t=  60.0s msgs=3000067 thr=   100002 msg/s  avg=  3.73 p50=3 p99=14 p999=29 max=105 ms  cpu= 59.1% rss=  33.7MB
[interval 2] t=  90.0s msgs=3000128 thr=   100004 msg/s  avg=  3.82 p50=3 p99=15 p999=42 max=156 ms  cpu= 59.3% rss=  35.4MB
[interval 3] t= 120.0s msgs=3000020 thr=   100000 msg/s  avg=  3.72 p50=3 p99=14 p999=26 max=54 ms  cpu= 59.7% rss=  35.4MB
[interval 4] t= 150.0s msgs=3000039 thr=   100001 msg/s  avg=  3.84 p50=3 p99=16 p999=38 max=238 ms  cpu= 59.3% rss=  36.4MB
[interval 5] t= 180.0s msgs=3000004 thr=   100000 msg/s  avg=  3.69 p50=3 p99=14 p999=27 max=52 ms  cpu= 59.6% rss=  36.4MB
[interval 6] t= 210.0s msgs=3000102 thr=   100003 msg/s  avg=  3.75 p50=3 p99=15 p999=28 max=52 ms  cpu= 59.2% rss=  36.4MB
[interval 7] t= 240.0s msgs=2999997 thr=   100000 msg/s  avg=  3.73 p50=3 p99=14 p999=28 max=113 ms  cpu= 59.1% rss=  36.9MB
[interval 8] t= 270.0s msgs=2999913 thr=    99997 msg/s  avg=  3.76 p50=3 p99=15 p999=27 max=118 ms  cpu= 59.6% rss=  36.9MB
[interval 9] t= 300.0s msgs=3000032 thr=   100001 msg/s  avg=  3.72 p50=3 p99=14 p999=28 max=60 ms  cpu= 59.7% rss=  37.2MB
[interval 10] t= 330.0s msgs=3000033 thr=   100001 msg/s  avg=  3.72 p50=3 p99=14 p999=28 max=109 ms  cpu= 59.3% rss=  38.0MB
[interval 11] t= 360.0s msgs=3000094 thr=   100003 msg/s  avg=  3.74 p50=3 p99=15 p999=29 max=125 ms  cpu= 59.4% rss=  38.0MB
[interval 12] t= 390.0s msgs=3000011 thr=   100000 msg/s  avg=  3.81 p50=3 p99=15 p999=36 max=142 ms  cpu= 59.2% rss=  40.3MB
[interval 13] t= 420.0s msgs=2999996 thr=   100000 msg/s  avg=  3.77 p50=3 p99=14 p999=26 max=47 ms  cpu= 58.7% rss=  40.3MB
[interval 14] t= 450.0s msgs=2999991 thr=   100000 msg/s  avg=  3.82 p50=3 p99=15 p999=27 max=48 ms  cpu= 58.8% rss=  40.3MB
[interval 15] t= 480.0s msgs=3000039 thr=   100001 msg/s  avg=  3.71 p50=3 p99=14 p999=26 max=52 ms  cpu= 59.5% rss=  40.5MB
[interval 16] t= 510.0s msgs=2999913 thr=    99996 msg/s  avg=  3.76 p50=3 p99=14 p999=28 max=109 ms  cpu= 59.3% rss=  40.5MB
[interval 17] t= 540.0s msgs=3000277 thr=   100009 msg/s  avg=  3.71 p50=3 p99=14 p999=29 max=65 ms  cpu= 59.3% rss=  40.5MB
[interval 18] t= 570.0s msgs=2999899 thr=    99997 msg/s  avg=  3.78 p50=3 p99=15 p999=30 max=232 ms  cpu= 59.6% rss=  41.1MB
[interval 19] t= 600.0s msgs=3000088 thr=   100003 msg/s  avg=  3.69 p50=3 p99=14 p999=26 max=47 ms  cpu= 59.8% rss=  41.1MB
[interval 20] t= 630.0s msgs=2999955 thr=    99998 msg/s  avg=  3.68 p50=3 p99=14 p999=25 max=108 ms  cpu= 59.6% rss=  41.1MB
[interval 21] t= 660.0s msgs=3000088 thr=   100003 msg/s  avg=  3.66 p50=3 p99=14 p999=26 max=74 ms  cpu= 59.7% rss=  41.1MB
[interval 22] t= 690.0s msgs=2999962 thr=    99998 msg/s  avg=  3.79 p50=3 p99=15 p999=41 max=148 ms  cpu= 59.4% rss=  43.9MB
[interval 23] t= 720.0s msgs=3000074 thr=   100002 msg/s  avg=  3.69 p50=3 p99=14 p999=28 max=52 ms  cpu= 59.5% rss=  43.9MB
[interval 24] t= 750.0s msgs=3000109 thr=   100004 msg/s  avg=  3.68 p50=3 p99=14 p999=26 max=106 ms  cpu= 59.6% rss=  43.9MB
[interval 25] t= 780.0s msgs=2999927 thr=    99997 msg/s  avg=  3.68 p50=3 p99=14 p999=27 max=59 ms  cpu= 59.6% rss=  43.9MB
[interval 26] t= 810.0s msgs=2999892 thr=    99996 msg/s  avg=  3.71 p50=3 p99=14 p999=26 max=44 ms  cpu= 59.6% rss=  43.9MB
[interval 27] t= 840.0s msgs=3000165 thr=   100005 msg/s  avg=  3.69 p50=3 p99=14 p999=26 max=104 ms  cpu= 59.6% rss=  43.9MB
[interval 28] t= 870.0s msgs=2999920 thr=    99997 msg/s  avg=  3.79 p50=3 p99=15 p999=30 max=55 ms  cpu= 59.6% rss=  43.9MB

======================================================================
SUMMARY - librdkafka-c (warmup 24000000 excluded, group.protocol=consumer)
======================================================================
Measured messages: 89999992
Duration:          900.00 s
Throughput:        100000 msg/s  (97.66 MiB/s)
Batch consume:     max_poll_records=500, 113999992 non-empty batches, 113999992 records, avg 1.0 records/batch
Records/batch dist (post-warmup): n=89999992 min=1 mean=1.0 p50=1 p99=1 max=1
E2E latency (ms):  min=1 avg=3.74 stddev=2.56 p50=3 p90=5 p95=7 p99=14 p99.9=28 max=238
RSS (MB, current):  avg=39.4 min=28.5 max=43.9 (29 samples)
======================================================================

Results written to: /home/ec2-user/bench/armbatch/BB-200mbs_rdk_res/BB-200mbs-rdk-1781811663
