======================================================================
Consumer E2E Latency Benchmark — Rust Kafka Consumer
======================================================================
Bootstrap:   pkc-devcozvdmy.us-east-1.aws.devel.cpdev.cloud:9092
Topic:       cmp-bench-36p
Group:       BB-200mbs-rust-1781810473
Throughput:  50000 msg/s
Duration:    900 s (after warmup)
Msg size:    1024 bytes
Warmup:      24000000 messages
Interval:    30 s
======================================================================
Offset reset: latest
Client config: loaded /home/ec2-user/bench/cc_bench.properties (SASL/SSL etc.)
Fetch config: fetch.min.bytes=1 fetch.max.wait.ms=default max.partition.fetch.bytes=1048576 fetch.max.bytes=default max.poll.records=500

>>> Subscribed; waiting for partition assignment (KIP-848 join)...
    assigned 36 partition(s) after 0.5s
>>> --no-produce: drive the producer externally now.

>>> Measuring (warmup 24000000 msgs, then 900 s)...

>>> first records arrived 45.6s after producer start (after 92 polls)
    warmup complete (24000000 msgs); measuring now
[interval 0] t=  30.0s msgs=3000092 thr=   100003 msg/s  avg=  3.99 p50=4 p99=15 p999=29 max=105 ms  cpu=  0.0% rss=  12.2MB
[interval 1] t=  60.0s msgs=3000116 thr=   100004 msg/s  avg=  4.07 p50=4 p99=16 p999=40 max=124 ms  cpu=  0.0% rss=  15.3MB
[interval 2] t=  90.0s msgs=3000158 thr=   100005 msg/s  avg=  4.00 p50=4 p99=15 p999=31 max=102 ms  cpu=  0.0% rss=  15.3MB
[interval 3] t= 120.0s msgs=3000025 thr=   100001 msg/s  avg=  3.97 p50=4 p99=15 p999=27 max=60 ms  cpu=  0.0% rss=  15.3MB
[interval 4] t= 150.0s msgs=3000291 thr=   100010 msg/s  avg=  4.01 p50=4 p99=15 p999=28 max=107 ms  cpu=  0.0% rss=  19.7MB
[interval 5] t= 180.0s msgs=3000179 thr=   100006 msg/s  avg=  3.99 p50=4 p99=15 p999=28 max=66 ms  cpu=  0.0% rss=  24.4MB
[interval 6] t= 210.0s msgs=3000109 thr=   100004 msg/s  avg=  4.00 p50=4 p99=15 p999=29 max=103 ms  cpu=  0.0% rss=  24.4MB
[interval 7] t= 240.0s msgs=3000053 thr=   100002 msg/s  avg=  3.94 p50=4 p99=14 p999=26 max=75 ms  cpu=  0.0% rss=  24.4MB
[interval 8] t= 270.0s msgs=3000088 thr=   100003 msg/s  avg=  4.03 p50=4 p99=15 p999=28 max=92 ms  cpu=  0.0% rss=  24.4MB
[interval 9] t= 300.0s msgs=3000102 thr=   100003 msg/s  avg=  4.01 p50=4 p99=15 p999=29 max=62 ms  cpu=  0.0% rss=  24.4MB
[interval 10] t= 330.0s msgs=3000130 thr=   100004 msg/s  avg=  4.03 p50=4 p99=15 p999=30 max=105 ms  cpu=  0.0% rss=  24.4MB
[interval 11] t= 360.0s msgs=3000102 thr=   100003 msg/s  avg=  4.09 p50=4 p99=15 p999=35 max=125 ms  cpu=  0.0% rss=  24.4MB
[interval 12] t= 390.0s msgs=2999969 thr=    99999 msg/s  avg=  4.01 p50=4 p99=15 p999=28 max=103 ms  cpu=  0.0% rss=  24.4MB
[interval 13] t= 420.0s msgs=3000242 thr=   100008 msg/s  avg=  3.99 p50=4 p99=15 p999=27 max=52 ms  cpu=  0.0% rss=  24.4MB
[interval 14] t= 450.0s msgs=2999913 thr=    99997 msg/s  avg=  4.03 p50=4 p99=15 p999=28 max=54 ms  cpu=  0.0% rss=  24.4MB
[interval 15] t= 480.0s msgs=3000249 thr=   100008 msg/s  avg=  4.00 p50=4 p99=15 p999=28 max=58 ms  cpu=  0.0% rss=  24.4MB
[interval 16] t= 510.0s msgs=3000214 thr=   100007 msg/s  avg=  4.02 p50=4 p99=15 p999=28 max=54 ms  cpu=  0.0% rss=  24.4MB
[interval 17] t= 540.0s msgs=2999927 thr=    99997 msg/s  avg=  3.98 p50=4 p99=15 p999=27 max=50 ms  cpu=  0.0% rss=  24.4MB
[interval 18] t= 570.0s msgs=3000130 thr=   100004 msg/s  avg=  4.05 p50=4 p99=15 p999=29 max=109 ms  cpu=  0.0% rss=  24.4MB
[interval 19] t= 600.0s msgs=3000277 thr=   100009 msg/s  avg=  4.03 p50=4 p99=15 p999=29 max=112 ms  cpu=  0.0% rss=  24.4MB
[interval 20] t= 630.0s msgs=3000018 thr=   100000 msg/s  avg=  4.00 p50=4 p99=15 p999=29 max=105 ms  cpu=  0.0% rss=  24.4MB
[interval 21] t= 660.0s msgs=3000214 thr=   100006 msg/s  avg=  4.06 p50=4 p99=15 p999=41 max=118 ms  cpu=  0.0% rss=  25.6MB
[interval 22] t= 690.0s msgs=3000018 thr=   100001 msg/s  avg=  4.02 p50=4 p99=15 p999=29 max=62 ms  cpu=  0.0% rss=  25.6MB
[interval 23] t= 720.0s msgs=3000095 thr=   100003 msg/s  avg=  3.95 p50=4 p99=15 p999=28 max=53 ms  cpu=  0.0% rss=  25.6MB
[interval 24] t= 750.0s msgs=3000137 thr=   100004 msg/s  avg=  4.01 p50=4 p99=15 p999=29 max=121 ms  cpu=  0.0% rss=  25.6MB
[interval 25] t= 780.0s msgs=3000060 thr=   100002 msg/s  avg=  3.99 p50=4 p99=15 p999=29 max=56 ms  cpu=  0.0% rss=  25.6MB
[interval 26] t= 810.0s msgs=3000130 thr=   100004 msg/s  avg=  3.98 p50=4 p99=15 p999=28 max=100 ms  cpu=  0.0% rss=  25.6MB
[interval 27] t= 840.0s msgs=3000130 thr=   100004 msg/s  avg=  4.08 p50=4 p99=16 p999=33 max=64 ms  cpu=  0.0% rss=  25.6MB
[interval 28] t= 870.0s msgs=3000039 thr=   100001 msg/s  avg=  4.19 p50=4 p99=17 p999=32 max=230 ms  cpu=  0.0% rss=  25.6MB

Loop breakdown over 9151255 polls: poll().await=99.9%  per-record processing=0.1%  (avg 10 records/poll)
Records/poll distribution (non-empty polls, post-warmup): n=7236608 min=7 mean=12.4 p50=7 p99=49 max=500

======================================================================
SUMMARY — Rust Kafka Consumer (warmup 24000000 excluded)
======================================================================
Measured messages: 89999900
Duration:          900.00 s
Throughput:        100000 msg/s  (97.66 MiB/s)
E2E latency (ms):  min=1 avg=4.02 stddev=2.65 p50=4 p90=6 p95=7 p99=15 p99.9=29 max=230
RSS (MB, current): avg=23.2 min=12.2 max=25.6
======================================================================

Results written to: consumer-perf/results/BB-200mbs-rust-1781810473
