Java e2e: bootstrap=pkc-devcozvdmy.us-east-1.aws.devel.cpdev.cloud:9092 topic=cmp-bench-36p proto=consumer maxPoll=500 fetch.min=4MiB partFetch=4MiB crc=off dur=900s warmup=24000000
subscribed; waiting for assignment/records...
warmup complete (24000000 msgs); measuring 900s now
[interval 0] t=  30.0s msgs=2999959 thr=    99999 msg/s avg=  3.92 p50=4 p99=15 p999=28 max=51 ms rss=619.5MB
[interval 1] t=  60.0s msgs=3000088 thr=   100003 msg/s avg=  3.90 p50=4 p99=14 p999=28 max=113 ms rss=624.4MB
[interval 2] t=  90.0s msgs=2999976 thr=    99999 msg/s avg=  3.97 p50=4 p99=15 p999=37 max=139 ms rss=624.4MB
[interval 3] t= 120.0s msgs=3000025 thr=   100001 msg/s avg=  3.89 p50=4 p99=15 p999=26 max=56 ms rss=625.4MB
[interval 4] t= 150.0s msgs=3000018 thr=   100001 msg/s avg=  3.92 p50=4 p99=15 p999=27 max=102 ms rss=625.8MB
[interval 5] t= 180.0s msgs=3000039 thr=   100001 msg/s avg=  3.86 p50=3 p99=15 p999=28 max=53 ms rss=626.1MB
[interval 6] t= 210.0s msgs=3000067 thr=   100002 msg/s avg=  3.93 p50=3 p99=16 p999=31 max=55 ms rss=626.1MB
[interval 7] t= 240.0s msgs=2999906 thr=    99997 msg/s avg=  3.89 p50=3 p99=15 p999=26 max=49 ms rss=626.3MB
[interval 8] t= 270.0s msgs=2999990 thr=   100000 msg/s avg=  3.93 p50=4 p99=15 p999=28 max=109 ms rss=626.7MB
[interval 9] t= 300.0s msgs=3000011 thr=   100000 msg/s avg=  3.85 p50=3 p99=14 p999=25 max=62 ms rss=626.7MB
[interval 10] t= 330.0s msgs=2999948 thr=    99998 msg/s avg=  3.95 p50=4 p99=15 p999=30 max=117 ms rss=627.8MB
[interval 11] t= 360.0s msgs=2999955 thr=    99999 msg/s avg=  3.91 p50=4 p99=15 p999=29 max=54 ms rss=628.3MB
[interval 12] t= 390.0s msgs=3000109 thr=   100004 msg/s avg=  3.95 p50=4 p99=15 p999=34 max=114 ms rss=628.6MB
[interval 13] t= 420.0s msgs=3000025 thr=   100001 msg/s avg=  3.91 p50=4 p99=15 p999=29 max=55 ms rss=628.7MB
[interval 14] t= 450.0s msgs=2999969 thr=    99999 msg/s avg=  3.91 p50=4 p99=15 p999=29 max=56 ms rss=628.7MB
[interval 15] t= 480.0s msgs=2999976 thr=    99999 msg/s avg=  3.86 p50=3 p99=14 p999=26 max=111 ms rss=628.7MB
[interval 16] t= 510.0s msgs=3000067 thr=   100002 msg/s avg=  3.92 p50=4 p99=15 p999=27 max=62 ms rss=629.0MB
[interval 17] t= 540.0s msgs=2999927 thr=    99998 msg/s avg=  3.91 p50=4 p99=15 p999=29 max=51 ms rss=629.3MB
[interval 18] t= 570.0s msgs=2999990 thr=   100000 msg/s avg=  3.91 p50=4 p99=15 p999=27 max=70 ms rss=629.3MB
[interval 19] t= 600.0s msgs=3000046 thr=   100002 msg/s avg=  3.92 p50=4 p99=15 p999=29 max=128 ms rss=629.3MB
[interval 20] t= 630.0s msgs=2999955 thr=    99999 msg/s avg=  3.90 p50=4 p99=15 p999=28 max=102 ms rss=629.3MB
[interval 21] t= 660.0s msgs=3000074 thr=   100002 msg/s avg=  3.87 p50=3 p99=14 p999=27 max=53 ms rss=629.3MB
[interval 22] t= 690.0s msgs=2999948 thr=    99998 msg/s avg=  3.95 p50=4 p99=15 p999=37 max=133 ms rss=629.5MB
[interval 23] t= 720.0s msgs=2999990 thr=   100000 msg/s avg=  3.88 p50=3 p99=15 p999=28 max=99 ms rss=629.9MB
[interval 24] t= 750.0s msgs=3000011 thr=   100000 msg/s avg=  3.89 p50=3 p99=15 p999=29 max=55 ms rss=629.9MB
[interval 25] t= 780.0s msgs=3000004 thr=   100000 msg/s avg=  3.85 p50=3 p99=14 p999=25 max=42 ms rss=630.1MB
[interval 26] t= 810.0s msgs=3000004 thr=   100000 msg/s avg=  3.88 p50=3 p99=15 p999=29 max=63 ms rss=630.2MB
[interval 27] t= 840.0s msgs=2999983 thr=    99999 msg/s avg=  3.88 p50=3 p99=15 p999=27 max=107 ms rss=630.4MB
[interval 28] t= 870.0s msgs=2999976 thr=    99999 msg/s avg=  3.95 p50=4 p99=15 p999=30 max=51 ms rss=630.9MB
======================================================================
SUMMARY - Java kafka-clients (KIP-848=consumer, warmup 24000000 excluded)
Measured messages: 90000005
Duration:          900.04 s
Throughput:        99995 msg/s  (195.30 MiB/s)
E2E latency (ms):  min=1 avg=3.91 stddev=2.52 p50=4 p90=5 p95=7 p99=15 p99.9=28 max=139
RSS (MB, current): avg=627.9 min=619.5 max=630.9 (29 samples)
{"client":"java","protocol":"consumer","messages":90000005,"duration_s":900.04,"throughput_msg_s":99995.12,"throughput_mib_s":195.30,"lat_min_ms":1,"lat_avg_ms":3.91,"lat_stddev_ms":2.52,"lat_p50_ms":4,"lat_p90_ms":5,"lat_p95_ms":7,"lat_p99_ms":15,"lat_p999_ms":28,"lat_max_ms":139,"rss_avg_mb":627.9,"rss_min_mb":619.5,"rss_max_mb":630.9}
