Java e2e: bootstrap=pkc-devcozvdmy.us-east-1.aws.devel.cpdev.cloud:9092 topic=cmp-bench-36p proto=consumer maxPoll=500 fetch.min=4MiB partFetch=4MiB crc=off dur=900s warmup=6000000
subscribed; waiting for assignment/records...
warmup complete (6000000 msgs); measuring 900s now
[interval 0] t=  30.0s msgs= 750023 thr=    25001 msg/s avg=  3.34 p50=3 p99=12 p999=27 max=51 ms rss=622.0MB
[interval 1] t=  60.0s msgs= 750050 thr=    25002 msg/s avg=  3.31 p50=3 p99=11 p999=26 max=49 ms rss=627.1MB
[interval 2] t=  90.0s msgs= 750015 thr=    25001 msg/s avg=  3.28 p50=3 p99=11 p999=26 max=46 ms rss=627.1MB
[interval 3] t= 120.0s msgs= 750036 thr=    25001 msg/s avg=  3.31 p50=3 p99=11 p999=25 max=101 ms rss=627.1MB
[interval 4] t= 150.0s msgs= 750001 thr=    25000 msg/s avg=  3.42 p50=3 p99=13 p999=49 max=115 ms rss=627.6MB
[interval 5] t= 180.0s msgs= 750008 thr=    25000 msg/s avg=  3.31 p50=3 p99=11 p999=28 max=102 ms rss=627.8MB
[interval 6] t= 210.0s msgs= 749987 thr=    25000 msg/s avg=  3.29 p50=3 p99=11 p999=26 max=49 ms rss=627.8MB
[interval 7] t= 240.0s msgs= 750022 thr=    25001 msg/s avg=  3.27 p50=3 p99=11 p999=26 max=66 ms rss=627.8MB
[interval 8] t= 270.0s msgs= 750001 thr=    25000 msg/s avg=  3.32 p50=3 p99=12 p999=30 max=55 ms rss=627.9MB
[interval 9] t= 300.0s msgs= 750008 thr=    25000 msg/s avg=  3.27 p50=3 p99=11 p999=24 max=42 ms rss=628.0MB
[interval 10] t= 330.0s msgs= 750001 thr=    25000 msg/s avg=  3.30 p50=3 p99=11 p999=25 max=54 ms rss=628.1MB
[interval 11] t= 360.0s msgs= 750001 thr=    25000 msg/s avg=  3.28 p50=3 p99=11 p999=24 max=47 ms rss=628.3MB
[interval 12] t= 390.0s msgs= 749952 thr=    24998 msg/s avg=  3.30 p50=3 p99=11 p999=28 max=42 ms rss=628.3MB
[interval 13] t= 420.0s msgs= 750050 thr=    25002 msg/s avg=  3.26 p50=3 p99=11 p999=25 max=44 ms rss=628.4MB
[interval 14] t= 450.0s msgs= 750001 thr=    25000 msg/s avg=  3.34 p50=3 p99=12 p999=39 max=123 ms rss=628.4MB
[interval 15] t= 480.0s msgs= 750008 thr=    25000 msg/s avg=  3.28 p50=3 p99=11 p999=25 max=72 ms rss=628.6MB
[interval 16] t= 510.0s msgs= 750022 thr=    25001 msg/s avg=  3.29 p50=3 p99=11 p999=24 max=41 ms rss=628.7MB
[interval 17] t= 540.0s msgs= 750008 thr=    25000 msg/s avg=  3.29 p50=3 p99=11 p999=28 max=108 ms rss=628.7MB
[interval 18] t= 570.0s msgs= 750022 thr=    25001 msg/s avg=  3.28 p50=3 p99=11 p999=27 max=102 ms rss=628.7MB
[interval 19] t= 600.0s msgs= 749980 thr=    24999 msg/s avg=  3.26 p50=3 p99=11 p999=26 max=50 ms rss=628.9MB
[interval 20] t= 630.0s msgs= 750008 thr=    25000 msg/s avg=  3.30 p50=3 p99=11 p999=26 max=43 ms rss=629.0MB
[interval 21] t= 660.0s msgs= 750022 thr=    25001 msg/s avg=  3.28 p50=3 p99=11 p999=27 max=104 ms rss=629.0MB
[interval 22] t= 690.0s msgs= 750008 thr=    25000 msg/s avg=  3.32 p50=3 p99=12 p999=28 max=40 ms rss=629.0MB
[interval 23] t= 720.0s msgs= 750015 thr=    25001 msg/s avg=  3.30 p50=3 p99=11 p999=27 max=217 ms rss=629.1MB
[interval 24] t= 750.0s msgs= 749987 thr=    25000 msg/s avg=  3.36 p50=3 p99=12 p999=33 max=133 ms rss=629.3MB
[interval 25] t= 780.0s msgs= 749966 thr=    24999 msg/s avg=  3.26 p50=3 p99=11 p999=26 max=99 ms rss=629.3MB
[interval 26] t= 810.0s msgs= 750043 thr=    25001 msg/s avg=  3.26 p50=3 p99=11 p999=24 max=38 ms rss=629.6MB
[interval 27] t= 840.0s msgs= 749973 thr=    24999 msg/s avg=  3.26 p50=3 p99=11 p999=24 max=51 ms rss=629.6MB
[interval 28] t= 870.0s msgs= 750029 thr=    25001 msg/s avg=  3.27 p50=3 p99=11 p999=25 max=41 ms rss=629.6MB
======================================================================
SUMMARY - Java kafka-clients (KIP-848=consumer, warmup 6000000 excluded)
Measured messages: 22500010
Duration:          900.08 s
Throughput:        24998 msg/s  (48.82 MiB/s)
E2E latency (ms):  min=1 avg=3.30 stddev=2.13 p50=3 p90=4 p95=5 p99=11 p99.9=27 max=217
RSS (MB, current): avg=628.2 min=622.0 max=629.6 (29 samples)
{"client":"java","protocol":"consumer","messages":22500010,"duration_s":900.08,"throughput_msg_s":24997.79,"throughput_mib_s":48.82,"lat_min_ms":1,"lat_avg_ms":3.30,"lat_stddev_ms":2.13,"lat_p50_ms":3,"lat_p90_ms":4,"lat_p95_ms":5,"lat_p99_ms":11,"lat_p999_ms":27,"lat_max_ms":217,"rss_avg_mb":628.2,"rss_min_mb":622.0,"rss_max_mb":629.6}
