[17:36:44] ARMBATCH START
[17:36:44] START AA-36p client=rust topic=cmp-bench-36p rate=150000 dur=1800s warmup=36000000(~240s) nprod=1
[18:11:33] END   AA-36p client=rust
[18:11:33] START AA-36p client=rdk topic=cmp-bench-36p rate=150000 dur=1800s warmup=36000000(~240s) nprod=1
[18:46:23] END   AA-36p client=rdk
[18:46:23] START AA-36p client=java topic=cmp-bench-36p rate=150000 dur=1800s warmup=36000000(~240s) nprod=1
[19:21:13] END   AA-36p client=java
[19:21:13] START BB-200mbs client=rust topic=cmp-bench-36p rate=100000 dur=900s warmup=24000000(~240s) nprod=1
[19:41:03] END   BB-200mbs client=rust
[19:41:03] START BB-200mbs client=rdk topic=cmp-bench-36p rate=100000 dur=900s warmup=24000000(~240s) nprod=1
[20:00:53] END   BB-200mbs client=rdk
[20:00:53] START BB-200mbs client=java topic=cmp-bench-36p rate=100000 dur=900s warmup=24000000(~240s) nprod=1
[20:20:43] END   BB-200mbs client=java
[20:20:43] START BB-100mbs client=rust topic=cmp-bench-36p rate=50000 dur=900s warmup=12000000(~240s) nprod=1
[20:40:32] END   BB-100mbs client=rust
[20:40:32] START BB-100mbs client=rdk topic=cmp-bench-36p rate=50000 dur=900s warmup=12000000(~240s) nprod=1
[21:00:22] END   BB-100mbs client=rdk
[21:00:22] START BB-100mbs client=java topic=cmp-bench-36p rate=50000 dur=900s warmup=12000000(~240s) nprod=1
[21:20:12] END   BB-100mbs client=java
[21:20:12] START BB-50mbs client=rust topic=cmp-bench-36p rate=25000 dur=900s warmup=6000000(~240s) nprod=1
[21:40:02] END   BB-50mbs client=rust
[21:40:02] START BB-50mbs client=rdk topic=cmp-bench-36p rate=25000 dur=900s warmup=6000000(~240s) nprod=1
[21:59:52] END   BB-50mbs client=rdk
[21:59:52] START BB-50mbs client=java topic=cmp-bench-36p rate=25000 dur=900s warmup=6000000(~240s) nprod=1
[22:19:42] END   BB-50mbs client=java
[22:19:42] ARMBATCH DONE
