######## Python producer perf test (ASYNC=True, CLIENT_VERSION=3) ########
Producing messages at max rate for 3600 seconds
Running async producer performance test v3 (confluent-kafka-rust)...
Key size: 0 bytes
Value size: 1024 bytes
Verify: False
Producer configuration:
  bootstrap.servers: pkc-devcoz07r9.us-east-1.aws.devel.cpdev.cloud:9092
  security.protocol: SASL_SSL
  sasl.mechanism: PLAIN
  sasl.jaas.config: <hidden>
  acks: all
  batch.size: 16384
  max.request.size: 1048576
  compression.type: none
  enable.idempotence: false
  max.in.flight.requests.per.connection: 5
  buffer.memory: 33554432
  linger.ms: 5
Warming up for 300 seconds ...
Starting measured interval at 1787490212947 ms: 2026-08-23 13:03:32.947162+00:00
Test duration reached, 3601.04 seconds. Interrupting...

End time: 1787493813997 ms
Duration: 3601049.976156 ms
Average CPU: 198.72 %
Average RSS: 164363.03 KiB
CPU Efficiency: 967.68 msg/(s * 1% CPU)
Memory Efficiency: 1.17 msg/(s * KB RSS)
Average time: 0.01 ms
Average rate msg/s: 192299.47 msg/s
Average rate MiB/s: 187.79 MiB/s
Average latency: 19.64 ms
Max latency: 427.00 ms
p50 latency: 16 ms
p90 latency: 31 ms
p99 latency: 50 ms
p999 latency: 251 ms
Results summary written to: results.json
Performing garbage collection...
Waiting for final metrics collection...
Final CPU: 0.00 %
Final RSS: 139456.00 KiB
Done
Consumer verification skipped (VERIFY_CONSUMED=False)
######## Done: python-producer. Metrics under /home/ubuntu/perf-test/results ########
