######## Python producer perf test (ASYNC=False, CLIENT_VERSION=2) ########
%6|1787403668.429|GETSUBSCRIPTIONS|rdkafka#producer-1| [thrd:main]: Telemetry client instance id changed from AAAAAAAAAAAAAAAAAAAAAA to rJYcfANiQNCgySCqWvnHcQ
Producing messages at max rate for 3600 seconds
Running sync producer performance test v2 (confluent-kafka)...
Key size: 0 bytes
Value size: 102400 bytes
Verify: False
Producer configuration:
  bootstrap.servers: pkc-devcoz07r9.us-east-1.aws.devel.cpdev.cloud:9092
  security.protocol: SASL_SSL
  sasl.mechanism: PLAIN
  sasl.username: DXRNUMKGHXHAFOHV
  sasl.password: <hidden>
  acks: all
  batch.size: 1048576
  message.max.bytes: 8388608
  compression.type: none
  enable.idempotence: false
  max.in.flight.requests.per.connection: 1000
  queue.buffering.max.kbytes: 32768
  queue.buffering.max.messages: 2147483647
  linger.ms: 5
  partitioner: murmur2_random
Warming up for 300 seconds ...
Starting measured interval at 1787403968238 ms: 2026-08-22 13:06:08.238474+00:00
Test duration reached, 3601.55 seconds. Interrupting...

End time: 1787407569847 ms
Duration: 3601609.016277 ms
Average CPU: 69.71 %
Average RSS: 1170757.16 KiB
CPU Efficiency: 83.56 msg/(s * 1% CPU)
Memory Efficiency: 0.00 msg/(s * KB RSS)
Average time: 0.17 ms
Average rate msg/s: 5825.17 msg/s
Average rate MiB/s: 568.86 MiB/s
Average latency: 112.53 ms
Max latency: 832.00 ms
p50 latency: 106 ms
p90 latency: 157 ms
p99 latency: 221 ms
p999 latency: 283 ms
Results summary written to: results.json
Performing garbage collection...
Waiting for final metrics collection...
Final CPU: 0.00 %
Final RSS: 1108476.00 KiB
Done
Consumer verification skipped (VERIFY_CONSUMED=False)
######## Done: python-producer. Metrics under /home/ubuntu/perf-test/results ########
