======================================================================
Consumer E2E Latency Benchmark — Rust Kafka Consumer
======================================================================
Bootstrap:   pkc-devcozvdmy.us-east-1.aws.devel.cpdev.cloud:9092
Topic:       cmp-bench-200p
Group:       A-200p-rust-1781725479
Throughput:  50000 msg/s
Duration:    1800 s (after warmup)
Msg size:    1024 bytes
Warmup:      36000000 messages
Interval:    30 s
======================================================================
Offset reset: latest
Client config: loaded /home/ec2-user/cc.properties (SASL/SSL etc.)
Fetch config: fetch.min.bytes=1 fetch.max.wait.ms=default max.partition.fetch.bytes=1048576 fetch.max.bytes=default max.poll.records=500

>>> Subscribed; waiting for partition assignment (KIP-848 join)...
    assigned 200 partition(s) after 0.5s
>>> --no-produce: drive the producer externally now.

>>> Measuring (warmup 36000000 msgs, then 1800 s)...

>>> first records arrived 46.0s after producer start (after 92 polls)
    warmup complete (36000000 msgs); measuring now
[interval 0] t=  30.0s msgs=4500003 thr=   150000 msg/s  avg=  4.93 p50=4 p99=18 p999=33 max=238 ms  cpu=  0.0% rss= 119.3MB
[interval 1] t=  60.0s msgs=4500106 thr=   150002 msg/s  avg=  5.14 p50=4 p99=20 p999=38 max=307 ms  cpu=  0.0% rss= 119.5MB
[interval 2] t=  90.0s msgs=4500490 thr=   150015 msg/s  avg=  4.87 p50=4 p99=19 p999=37 max=247 ms  cpu=  0.0% rss= 119.5MB
[interval 3] t= 120.0s msgs=4500195 thr=   150006 msg/s  avg=  5.08 p50=4 p99=21 p999=35 max=132 ms  cpu=  0.0% rss= 123.8MB
[interval 4] t= 150.0s msgs=4500455 thr=   150015 msg/s  avg=  4.91 p50=4 p99=19 p999=58 max=147 ms  cpu=  0.0% rss= 128.2MB
[interval 5] t= 180.0s msgs=4500279 thr=   150008 msg/s  avg=  5.16 p50=4 p99=21 p999=39 max=236 ms  cpu=  0.0% rss= 128.2MB
[interval 6] t= 210.0s msgs=4500313 thr=   150010 msg/s  avg=  4.78 p50=4 p99=18 p999=32 max=54 ms  cpu=  0.0% rss= 128.2MB
[interval 7] t= 240.0s msgs=4500164 thr=   150005 msg/s  avg=  5.06 p50=4 p99=21 p999=35 max=122 ms  cpu=  0.0% rss= 128.2MB
[interval 8] t= 270.0s msgs=4500303 thr=   150010 msg/s  avg=  4.74 p50=4 p99=18 p999=31 max=61 ms  cpu=  0.0% rss= 128.2MB
[interval 9] t= 300.0s msgs=4500145 thr=   150005 msg/s  avg=  4.84 p50=4 p99=18 p999=32 max=246 ms  cpu=  0.0% rss= 128.2MB
[interval 10] t= 330.0s msgs=4500035 thr=   150001 msg/s  avg=  4.93 p50=4 p99=20 p999=35 max=91 ms  cpu=  0.0% rss= 128.2MB
[interval 11] t= 360.0s msgs=4500518 thr=   150016 msg/s  avg=  4.83 p50=4 p99=18 p999=31 max=94 ms  cpu=  0.0% rss= 128.2MB
[interval 12] t= 390.0s msgs=4500239 thr=   150007 msg/s  avg=  5.01 p50=4 p99=21 p999=36 max=112 ms  cpu=  0.0% rss= 128.2MB
[interval 13] t= 420.0s msgs=4499931 thr=   149998 msg/s  avg=  4.83 p50=4 p99=18 p999=31 max=107 ms  cpu=  0.0% rss= 128.2MB
[interval 14] t= 450.0s msgs=4500466 thr=   150015 msg/s  avg=  5.17 p50=4 p99=22 p999=57 max=150 ms  cpu=  0.0% rss= 128.2MB
[interval 15] t= 480.0s msgs=4500224 thr=   150007 msg/s  avg=  4.79 p50=4 p99=18 p999=30 max=99 ms  cpu=  0.0% rss= 128.2MB
[interval 16] t= 510.0s msgs=4500000 thr=   150000 msg/s  avg=  4.93 p50=4 p99=20 p999=34 max=60 ms  cpu=  0.0% rss= 128.2MB
[interval 17] t= 540.0s msgs=4500465 thr=   150015 msg/s  avg=  4.81 p50=4 p99=19 p999=32 max=131 ms  cpu=  0.0% rss= 128.5MB
[interval 18] t= 570.0s msgs=4500067 thr=   150002 msg/s  avg=  4.86 p50=4 p99=19 p999=32 max=65 ms  cpu=  0.0% rss= 128.5MB
[interval 19] t= 600.0s msgs=4500679 thr=   150022 msg/s  avg=  4.99 p50=4 p99=20 p999=34 max=93 ms  cpu=  0.0% rss= 132.9MB
[interval 20] t= 630.0s msgs=4500224 thr=   150007 msg/s  avg=  4.74 p50=4 p99=18 p999=32 max=154 ms  cpu=  0.0% rss= 132.9MB
[interval 21] t= 660.0s msgs=4500245 thr=   150008 msg/s  avg=  5.05 p50=4 p99=21 p999=36 max=113 ms  cpu=  0.0% rss= 132.9MB
[interval 22] t= 690.0s msgs=4500190 thr=   150006 msg/s  avg=  4.89 p50=4 p99=19 p999=36 max=244 ms  cpu=  0.0% rss= 132.9MB
[interval 23] t= 720.0s msgs=4500014 thr=   150000 msg/s  avg=  5.19 p50=4 p99=21 p999=39 max=245 ms  cpu=  0.0% rss= 132.9MB
[interval 24] t= 750.0s msgs=4500401 thr=   150013 msg/s  avg=  4.91 p50=4 p99=19 p999=52 max=143 ms  cpu=  0.0% rss= 132.9MB
[interval 25] t= 780.0s msgs=4500258 thr=   150008 msg/s  avg=  4.95 p50=4 p99=20 p999=33 max=112 ms  cpu=  0.0% rss= 132.9MB
[interval 26] t= 810.0s msgs=4500308 thr=   150010 msg/s  avg=  4.79 p50=4 p99=18 p999=30 max=59 ms  cpu=  0.0% rss= 132.9MB
[interval 27] t= 840.0s msgs=4499871 thr=   149995 msg/s  avg=  4.93 p50=4 p99=20 p999=35 max=106 ms  cpu=  0.0% rss= 132.9MB
[interval 28] t= 870.0s msgs=4500627 thr=   150021 msg/s  avg=  4.98 p50=4 p99=20 p999=34 max=67 ms  cpu=  0.0% rss= 132.9MB
[interval 29] t= 900.0s msgs=4500191 thr=   150006 msg/s  avg=  4.84 p50=4 p99=19 p999=33 max=114 ms  cpu=  0.0% rss= 132.9MB
[interval 30] t= 930.1s msgs=4500328 thr=   150011 msg/s  avg=  5.14 p50=4 p99=21 p999=37 max=133 ms  cpu=  0.0% rss= 132.9MB
[interval 31] t= 960.1s msgs=4499894 thr=   149996 msg/s  avg=  4.87 p50=4 p99=18 p999=32 max=118 ms  cpu=  0.0% rss= 132.9MB
[interval 32] t= 990.1s msgs=4500348 thr=   150011 msg/s  avg=  5.07 p50=4 p99=21 p999=36 max=69 ms  cpu=  0.0% rss= 132.9MB
[interval 33] t=1020.1s msgs=4500327 thr=   150011 msg/s  avg=  4.83 p50=4 p99=18 p999=29 max=102 ms  cpu=  0.0% rss= 132.9MB
[interval 34] t=1050.1s msgs=4500143 thr=   150003 msg/s  avg=  5.17 p50=4 p99=21 p999=75 max=150 ms  cpu=  0.0% rss= 132.9MB
[interval 35] t=1080.1s msgs=4500316 thr=   150010 msg/s  avg=  4.92 p50=4 p99=19 p999=34 max=227 ms  cpu=  0.0% rss= 132.9MB
[interval 36] t=1110.1s msgs=4500107 thr=   150003 msg/s  avg=  4.81 p50=4 p99=19 p999=32 max=69 ms  cpu=  0.0% rss= 132.9MB
[interval 37] t=1140.1s msgs=4500331 thr=   150011 msg/s  avg=  5.01 p50=4 p99=21 p999=36 max=135 ms  cpu=  0.0% rss= 132.9MB
[interval 38] t=1170.1s msgs=4500183 thr=   150006 msg/s  avg=  4.82 p50=4 p99=19 p999=32 max=254 ms  cpu=  0.0% rss= 132.9MB
[interval 39] t=1200.1s msgs=4500299 thr=   150009 msg/s  avg=  5.10 p50=4 p99=21 p999=35 max=105 ms  cpu=  0.0% rss= 132.9MB
[interval 40] t=1230.1s msgs=4500241 thr=   150007 msg/s  avg=  4.78 p50=4 p99=18 p999=32 max=64 ms  cpu=  0.0% rss= 132.9MB
[interval 41] t=1260.1s msgs=4500302 thr=   150010 msg/s  avg=  5.13 p50=4 p99=20 p999=35 max=241 ms  cpu=  0.0% rss= 132.9MB
[interval 42] t=1290.1s msgs=4500034 thr=   150001 msg/s  avg=  4.86 p50=4 p99=19 p999=32 max=236 ms  cpu=  0.0% rss= 132.9MB
[interval 43] t=1320.1s msgs=4500202 thr=   150006 msg/s  avg=  5.07 p50=4 p99=21 p999=37 max=245 ms  cpu=  0.0% rss= 132.9MB
[interval 44] t=1350.1s msgs=4500463 thr=   150014 msg/s  avg=  5.00 p50=4 p99=20 p999=66 max=238 ms  cpu=  0.0% rss= 132.9MB
[interval 45] t=1380.1s msgs=4500342 thr=   150011 msg/s  avg=  4.91 p50=4 p99=19 p999=33 max=103 ms  cpu=  0.0% rss= 132.9MB
[interval 46] t=1410.1s msgs=4500223 thr=   150007 msg/s  avg=  5.02 p50=4 p99=20 p999=35 max=253 ms  cpu=  0.0% rss= 132.9MB
[interval 47] t=1440.1s msgs=4500287 thr=   150009 msg/s  avg=  4.91 p50=4 p99=19 p999=33 max=94 ms  cpu=  0.0% rss= 132.9MB
[interval 48] t=1470.1s msgs=4500287 thr=   150009 msg/s  avg=  5.09 p50=4 p99=21 p999=35 max=78 ms  cpu=  0.0% rss= 132.9MB
[interval 49] t=1500.1s msgs=4500158 thr=   150005 msg/s  avg=  4.86 p50=4 p99=18 p999=32 max=244 ms  cpu=  0.0% rss= 132.9MB
[interval 50] t=1530.1s msgs=4499903 thr=   149996 msg/s  avg=  5.09 p50=4 p99=21 p999=36 max=240 ms  cpu=  0.0% rss= 132.9MB
[interval 51] t=1560.1s msgs=4500566 thr=   150019 msg/s  avg=  4.89 p50=4 p99=19 p999=30 max=100 ms  cpu=  0.0% rss= 132.9MB
[interval 52] t=1590.1s msgs=4500154 thr=   150005 msg/s  avg=  4.99 p50=4 p99=20 p999=34 max=245 ms  cpu=  0.0% rss= 132.9MB
[interval 53] t=1620.1s msgs=4500341 thr=   150011 msg/s  avg=  4.97 p50=4 p99=20 p999=36 max=231 ms  cpu=  0.0% rss= 132.9MB
[interval 54] t=1650.1s msgs=4500047 thr=   150002 msg/s  avg=  5.01 p50=4 p99=20 p999=43 max=136 ms  cpu=  0.0% rss= 132.9MB
[interval 55] t=1680.1s msgs=4500343 thr=   150011 msg/s  avg=  5.11 p50=4 p99=20 p999=40 max=251 ms  cpu=  0.0% rss= 132.9MB
[interval 56] t=1710.1s msgs=4500196 thr=   150006 msg/s  avg=  4.86 p50=4 p99=19 p999=34 max=287 ms  cpu=  0.0% rss= 132.9MB
[interval 57] t=1740.1s msgs=4500342 thr=   150011 msg/s  avg=  5.07 p50=4 p99=21 p999=38 max=114 ms  cpu=  0.0% rss= 132.9MB
[interval 58] t=1770.1s msgs=4500090 thr=   150003 msg/s  avg=  4.81 p50=4 p99=18 p999=30 max=250 ms  cpu=  0.0% rss= 132.9MB

Loop breakdown over 12788236 polls: poll().await=99.9%  per-record processing=0.1%  (avg 21 records/poll)
Records/poll distribution (non-empty polls, post-warmup): n=11285886 min=1 mean=23.9 p50=14 p99=112 max=500

======================================================================
SUMMARY — Rust Kafka Consumer (warmup 36000000 excluded)
======================================================================
Measured messages: 270000048
Duration:          1800.00 s
Throughput:        150000 msg/s  (146.48 MiB/s)
E2E latency (ms):  min=1 avg=4.95 stddev=3.68 p50=4 p90=7 p95=10 p99=20 p99.9=35 max=307
RSS (MB, current): avg=130.9 min=119.3 max=132.9
======================================================================

Results written to: consumer-perf/results/A-200p-rust-1781725479
