Java e2e: bootstrap=pkc-devcozvdmy.us-east-1.aws.devel.cpdev.cloud:9092 topic=cmp-bench-36p proto=consumer maxPoll=500 fetch.min=4MiB partFetch=4MiB crc=off dur=1800s warmup=36000000
subscribed; waiting for assignment/records...
warmup complete (36000000 msgs); measuring 1800s now
[interval 0] t=  30.0s msgs=4499860 thr=   149995 msg/s avg=  4.35 p50=4 p99=17 p999=29 max=54 ms rss=834.6MB
[interval 1] t=  60.0s msgs=4500181 thr=   150006 msg/s avg=  4.36 p50=4 p99=18 p999=32 max=121 ms rss=835.0MB
[interval 2] t=  90.0s msgs=4500048 thr=   150002 msg/s avg=  4.39 p50=4 p99=17 p999=31 max=99 ms rss=835.0MB
[interval 3] t= 120.0s msgs=4500363 thr=   150012 msg/s avg=  4.39 p50=4 p99=18 p999=32 max=120 ms rss=835.5MB
[interval 4] t= 150.0s msgs=4500048 thr=   150002 msg/s avg=  4.43 p50=4 p99=18 p999=32 max=118 ms rss=835.7MB
[interval 5] t= 180.0s msgs=4500202 thr=   150007 msg/s avg=  4.42 p50=4 p99=18 p999=33 max=127 ms rss=836.2MB
[interval 6] t= 210.0s msgs=4500013 thr=   150000 msg/s avg=  4.48 p50=4 p99=18 p999=49 max=181 ms rss=836.2MB
[interval 7] t= 240.0s msgs=4500167 thr=   150006 msg/s avg=  4.34 p50=4 p99=17 p999=29 max=98 ms rss=836.2MB
[interval 8] t= 270.0s msgs=4500006 thr=   150000 msg/s avg=  4.40 p50=4 p99=18 p999=34 max=69 ms rss=836.3MB
[interval 9] t= 300.0s msgs=4500181 thr=   150006 msg/s avg=  4.41 p50=4 p99=18 p999=31 max=103 ms rss=836.4MB
[interval 10] t= 330.0s msgs=4500286 thr=   150010 msg/s avg=  4.40 p50=4 p99=18 p999=32 max=99 ms rss=836.5MB
[interval 11] t= 360.0s msgs=4499922 thr=   149997 msg/s avg=  4.40 p50=4 p99=18 p999=34 max=133 ms rss=836.5MB
[interval 12] t= 390.0s msgs=4500356 thr=   150012 msg/s avg=  4.38 p50=4 p99=17 p999=29 max=59 ms rss=837.5MB
[interval 13] t= 420.0s msgs=4500132 thr=   150004 msg/s avg=  4.35 p50=4 p99=17 p999=30 max=96 ms rss=838.4MB
[interval 14] t= 450.0s msgs=4499957 thr=   149999 msg/s avg=  4.48 p50=4 p99=18 p999=32 max=79 ms rss=838.6MB
[interval 15] t= 480.0s msgs=4500195 thr=   150007 msg/s avg=  4.36 p50=4 p99=17 p999=29 max=123 ms rss=838.6MB
[interval 16] t= 510.0s msgs=4500097 thr=   150003 msg/s avg=  4.46 p50=4 p99=18 p999=41 max=151 ms rss=838.7MB
[interval 17] t= 540.0s msgs=4500069 thr=   150002 msg/s avg=  4.39 p50=4 p99=18 p999=33 max=108 ms rss=838.9MB
[interval 18] t= 570.0s msgs=4500307 thr=   150010 msg/s avg=  4.40 p50=4 p99=18 p999=30 max=60 ms rss=839.0MB
[interval 19] t= 600.0s msgs=4499880 thr=   149996 msg/s avg=  4.35 p50=4 p99=17 p999=30 max=132 ms rss=839.3MB
[interval 20] t= 630.0s msgs=4500062 thr=   150002 msg/s avg=  4.34 p50=4 p99=17 p999=29 max=60 ms rss=839.6MB
[interval 21] t= 660.0s msgs=4499894 thr=   149996 msg/s avg=  4.38 p50=4 p99=17 p999=31 max=103 ms rss=840.1MB
[interval 22] t= 690.0s msgs=4500223 thr=   150007 msg/s avg=  4.37 p50=4 p99=17 p999=29 max=143 ms rss=840.1MB
[interval 23] t= 720.0s msgs=4500321 thr=   150011 msg/s avg=  4.39 p50=4 p99=18 p999=33 max=63 ms rss=840.1MB
[interval 24] t= 750.0s msgs=4499873 thr=   149996 msg/s avg=  4.39 p50=4 p99=17 p999=32 max=73 ms rss=840.1MB
[interval 25] t= 780.0s msgs=4500153 thr=   150005 msg/s avg=  4.34 p50=4 p99=17 p999=31 max=112 ms rss=840.3MB
[interval 26] t= 810.0s msgs=4499782 thr=   149993 msg/s avg=  4.47 p50=4 p99=18 p999=47 max=165 ms rss=840.5MB
[interval 27] t= 840.0s msgs=4500377 thr=   150013 msg/s avg=  4.40 p50=4 p99=18 p999=31 max=101 ms rss=840.7MB
[interval 28] t= 870.0s msgs=4500034 thr=   150001 msg/s avg=  4.39 p50=4 p99=18 p999=30 max=59 ms rss=841.5MB
[interval 29] t= 900.0s msgs=4500048 thr=   150002 msg/s avg=  4.39 p50=4 p99=18 p999=31 max=98 ms rss=841.8MB
[interval 30] t= 930.0s msgs=4499985 thr=   150000 msg/s avg=  4.36 p50=4 p99=17 p999=30 max=63 ms rss=841.8MB
[interval 31] t= 960.0s msgs=4499978 thr=   149999 msg/s avg=  4.39 p50=4 p99=18 p999=32 max=117 ms rss=842.0MB
[interval 32] t= 990.0s msgs=4500272 thr=   150009 msg/s avg=  4.37 p50=4 p99=17 p999=32 max=113 ms rss=842.4MB
[interval 33] t=1020.0s msgs=4499663 thr=   149989 msg/s avg=  4.37 p50=4 p99=17 p999=31 max=95 ms rss=842.5MB
[interval 34] t=1050.0s msgs=4500370 thr=   150012 msg/s avg=  4.40 p50=4 p99=18 p999=32 max=79 ms rss=842.8MB
[interval 35] t=1080.0s msgs=4500125 thr=   150004 msg/s avg=  4.45 p50=4 p99=18 p999=33 max=117 ms rss=842.8MB
[interval 36] t=1110.0s msgs=4500174 thr=   150006 msg/s avg=  4.50 p50=4 p99=18 p999=50 max=151 ms rss=842.8MB
[interval 37] t=1140.0s msgs=4500027 thr=   150001 msg/s avg=  4.39 p50=4 p99=17 p999=31 max=59 ms rss=843.1MB
[interval 38] t=1170.0s msgs=4500300 thr=   150010 msg/s avg=  4.44 p50=4 p99=18 p999=31 max=59 ms rss=843.1MB
[interval 39] t=1200.0s msgs=4499677 thr=   149989 msg/s avg=  4.44 p50=4 p99=18 p999=31 max=99 ms rss=843.1MB
[interval 40] t=1230.0s msgs=4500370 thr=   150012 msg/s avg=  4.45 p50=4 p99=17 p999=30 max=107 ms rss=843.1MB
[interval 41] t=1260.0s msgs=4499999 thr=   150000 msg/s avg=  4.40 p50=4 p99=17 p999=30 max=97 ms rss=843.1MB
[interval 42] t=1290.0s msgs=4500006 thr=   150000 msg/s avg=  4.44 p50=4 p99=17 p999=31 max=109 ms rss=843.2MB
[interval 43] t=1320.0s msgs=4500230 thr=   150008 msg/s avg=  4.43 p50=4 p99=18 p999=31 max=110 ms rss=843.2MB
[interval 44] t=1350.0s msgs=4500069 thr=   150002 msg/s avg=  4.44 p50=4 p99=18 p999=31 max=111 ms rss=843.4MB
[interval 45] t=1380.0s msgs=4500384 thr=   150013 msg/s avg=  4.35 p50=4 p99=17 p999=30 max=120 ms rss=843.4MB
[interval 46] t=1410.0s msgs=4499985 thr=   150000 msg/s avg=  4.50 p50=4 p99=18 p999=52 max=158 ms rss=843.7MB
[interval 47] t=1440.0s msgs=4500139 thr=   150005 msg/s avg=  4.38 p50=4 p99=17 p999=29 max=103 ms rss=843.7MB
[interval 48] t=1470.0s msgs=4500104 thr=   150003 msg/s avg=  4.37 p50=4 p99=17 p999=34 max=58 ms rss=843.7MB
[interval 49] t=1500.0s msgs=4499964 thr=   149999 msg/s avg=  4.38 p50=4 p99=17 p999=32 max=112 ms rss=843.7MB
[interval 50] t=1530.0s msgs=4500356 thr=   150012 msg/s avg=  4.35 p50=4 p99=17 p999=28 max=49 ms rss=843.9MB
[interval 51] t=1560.0s msgs=4500020 thr=   150001 msg/s avg=  4.39 p50=4 p99=17 p999=30 max=107 ms rss=843.9MB
[interval 52] t=1590.0s msgs=4500013 thr=   150000 msg/s avg=  4.44 p50=4 p99=18 p999=33 max=111 ms rss=844.0MB
[interval 53] t=1620.0s msgs=4500314 thr=   150010 msg/s avg=  4.42 p50=4 p99=18 p999=31 max=130 ms rss=844.0MB
[interval 54] t=1650.0s msgs=4499957 thr=   149999 msg/s avg=  4.38 p50=4 p99=17 p999=30 max=137 ms rss=844.2MB
[interval 55] t=1680.0s msgs=4500076 thr=   150003 msg/s avg=  4.42 p50=4 p99=18 p999=30 max=103 ms rss=844.2MB
[interval 56] t=1710.0s msgs=4500034 thr=   150001 msg/s avg=  4.49 p50=4 p99=18 p999=39 max=154 ms rss=844.5MB
[interval 57] t=1740.0s msgs=4500104 thr=   150003 msg/s avg=  4.36 p50=4 p99=17 p999=33 max=104 ms rss=844.5MB
[interval 58] t=1770.0s msgs=4499950 thr=   149998 msg/s avg=  4.37 p50=4 p99=17 p999=32 max=68 ms rss=844.5MB
======================================================================
SUMMARY - Java kafka-clients (KIP-848=consumer, warmup 36000000 excluded)
Measured messages: 270000004
Duration:          1800.04 s
Throughput:        149997 msg/s  (292.96 MiB/s)
E2E latency (ms):  min=1 avg=4.40 stddev=3.02 p50=4 p90=6 p95=9 p99=17 p99.9=32 max=181
RSS (MB, current): avg=840.7 min=834.6 max=844.5 (59 samples)
{"client":"java","protocol":"consumer","messages":270000004,"duration_s":1800.04,"throughput_msg_s":149997.00,"throughput_mib_s":292.96,"lat_min_ms":1,"lat_avg_ms":4.40,"lat_stddev_ms":3.02,"lat_p50_ms":4,"lat_p90_ms":6,"lat_p95_ms":9,"lat_p99_ms":17,"lat_p999_ms":32,"lat_max_ms":181,"rss_avg_mb":840.7,"rss_min_mb":834.6,"rss_max_mb":844.5}
