======================================================================
Consumer E2E Latency Benchmark - librdkafka (native C)
======================================================================
Bootstrap:   pkc-devcozvdmy.us-east-1.aws.devel.cpdev.cloud:9092
Topic:       cmp-bench-36p
Group:       A-36p-rdk-1781733838
Throughput:  300000 msg/s
Duration:    1800 s (after warmup)
Msg size:    1024 bytes
Warmup:      36000000 messages
Interval:    30 s
rdkafka ver: 2.13.0
======================================================================

>>> Subscribed; waiting for partition assignment (group.protocol=consumer)...
%6|1781733839.145|GETSUBSCRIPTIONS|librdkafka-perf-c#consumer-1| [thrd:main]: Telemetry client instance id changed from AAAAAAAAAAAAAAAAAAAAAA to TYTHWZtGQLKXODQSFEYNGA
    assigned 36 partition(s)
    assigned after 1.0s
>>> Settling to the live edge (polling until empty) before producer...
    at live edge; starting producer now.

>>> Measuring (warmup 36000000 msgs, then 1800 s)...

>>> first records arrived 44.7s after producer start
    warmup complete (36000000 msgs); measuring now
[interval 0] t=  30.0s msgs=4499897 thr=   149997 msg/s  avg=  4.17 p50=4 p99=16 p999=30 max=66 ms  cpu= 96.5% rss=  51.8MB
[interval 1] t=  60.0s msgs=4500284 thr=   150009 msg/s  avg=  4.15 p50=4 p99=16 p999=29 max=111 ms  cpu=113.2% rss=  56.2MB
[interval 2] t=  90.0s msgs=4500244 thr=   150008 msg/s  avg=  4.21 p50=4 p99=17 p999=31 max=55 ms  cpu=112.8% rss=  56.2MB
[interval 3] t= 120.0s msgs=4500069 thr=   150002 msg/s  avg=  4.12 p50=4 p99=16 p999=28 max=141 ms  cpu=113.2% rss=  56.2MB
[interval 4] t= 150.0s msgs=4500076 thr=   150002 msg/s  avg=  4.25 p50=4 p99=18 p999=33 max=67 ms  cpu=113.3% rss=  56.2MB
[interval 5] t= 180.0s msgs=4499985 thr=   149999 msg/s  avg=  4.14 p50=4 p99=16 p999=30 max=131 ms  cpu=113.1% rss=  56.2MB
[interval 6] t= 210.0s msgs=4500272 thr=   150009 msg/s  avg=  4.27 p50=4 p99=18 p999=46 max=156 ms  cpu=113.0% rss=  56.4MB
[interval 7] t= 240.0s msgs=4500013 thr=   150000 msg/s  avg=  4.13 p50=4 p99=17 p999=30 max=131 ms  cpu=113.1% rss=  56.4MB
[interval 8] t= 270.0s msgs=4499915 thr=   149997 msg/s  avg=  4.18 p50=4 p99=17 p999=31 max=60 ms  cpu=113.1% rss=  56.4MB
[interval 9] t= 300.0s msgs=4500216 thr=   150007 msg/s  avg=  4.11 p50=4 p99=16 p999=29 max=107 ms  cpu=113.2% rss=  56.4MB
[interval 10] t= 330.0s msgs=4500125 thr=   150004 msg/s  avg=  4.21 p50=4 p99=17 p999=33 max=106 ms  cpu=113.2% rss=  56.4MB
[interval 11] t= 360.0s msgs=4500094 thr=   150003 msg/s  avg=  4.10 p50=4 p99=16 p999=29 max=102 ms  cpu=113.2% rss=  56.4MB
[interval 12] t= 390.0s msgs=4500044 thr=   150001 msg/s  avg=  4.15 p50=4 p99=17 p999=29 max=53 ms  cpu=113.5% rss=  56.4MB
[interval 13] t= 420.0s msgs=4499958 thr=   149999 msg/s  avg=  4.16 p50=4 p99=17 p999=30 max=111 ms  cpu=113.5% rss=  56.4MB
[interval 14] t= 450.0s msgs=4500012 thr=   150000 msg/s  avg=  4.22 p50=4 p99=18 p999=33 max=68 ms  cpu=112.7% rss=  56.4MB
[interval 15] t= 480.0s msgs=4500202 thr=   150007 msg/s  avg=  4.15 p50=4 p99=17 p999=32 max=107 ms  cpu=113.6% rss=  56.4MB
[interval 16] t= 510.0s msgs=4500195 thr=   150005 msg/s  avg=  4.23 p50=4 p99=17 p999=42 max=154 ms  cpu=113.1% rss=  56.7MB
[interval 17] t= 540.0s msgs=4500020 thr=   150000 msg/s  avg=  4.13 p50=4 p99=16 p999=30 max=106 ms  cpu=113.5% rss=  56.7MB
[interval 18] t= 570.0s msgs=4500188 thr=   150006 msg/s  avg=  4.17 p50=4 p99=17 p999=32 max=66 ms  cpu=113.0% rss=  56.7MB
[interval 19] t= 600.0s msgs=4499929 thr=   149998 msg/s  avg=  4.12 p50=4 p99=17 p999=30 max=93 ms  cpu=112.7% rss=  56.7MB
[interval 20] t= 630.0s msgs=4500097 thr=   150003 msg/s  avg=  4.15 p50=4 p99=17 p999=29 max=74 ms  cpu=113.4% rss=  56.7MB
[interval 21] t= 660.0s msgs=4499789 thr=   149993 msg/s  avg=  4.15 p50=4 p99=17 p999=30 max=119 ms  cpu=113.2% rss=  56.7MB
[interval 22] t= 690.0s msgs=4500475 thr=   150016 msg/s  avg=  4.19 p50=4 p99=17 p999=32 max=60 ms  cpu=113.1% rss=  56.7MB
[interval 23] t= 720.0s msgs=4499789 thr=   149993 msg/s  avg=  4.14 p50=4 p99=17 p999=31 max=110 ms  cpu=113.9% rss=  57.0MB
[interval 24] t= 750.0s msgs=4500209 thr=   150007 msg/s  avg=  4.13 p50=4 p99=17 p999=30 max=66 ms  cpu=113.2% rss=  57.0MB
[interval 25] t= 780.0s msgs=4500195 thr=   150006 msg/s  avg=  4.14 p50=4 p99=17 p999=29 max=110 ms  cpu=113.4% rss=  57.2MB
[interval 26] t= 810.0s msgs=4499999 thr=   150000 msg/s  avg=  4.26 p50=4 p99=17 p999=49 max=152 ms  cpu=112.4% rss=  57.5MB
[interval 27] t= 840.0s msgs=4500251 thr=   150008 msg/s  avg=  4.15 p50=4 p99=17 p999=31 max=104 ms  cpu=113.1% rss=  57.5MB
[interval 28] t= 870.0s msgs=4499943 thr=   149998 msg/s  avg=  4.14 p50=4 p99=17 p999=32 max=62 ms  cpu=113.3% rss=  57.5MB
[interval 29] t= 900.0s msgs=4500216 thr=   150007 msg/s  avg=  4.11 p50=4 p99=17 p999=30 max=99 ms  cpu=113.9% rss=  57.5MB
[interval 30] t= 930.0s msgs=4500041 thr=   150001 msg/s  avg=  4.12 p50=4 p99=16 p999=29 max=113 ms  cpu=113.2% rss=  57.5MB
[interval 31] t= 960.0s msgs=4499957 thr=   149998 msg/s  avg=  4.09 p50=4 p99=17 p999=30 max=103 ms  cpu=113.2% rss=  57.5MB
[interval 32] t= 990.0s msgs=4500160 thr=   150005 msg/s  avg=  4.13 p50=4 p99=16 p999=31 max=110 ms  cpu=113.2% rss=  57.5MB
[interval 33] t=1020.0s msgs=4500174 thr=   150005 msg/s  avg=  4.10 p50=4 p99=16 p999=31 max=108 ms  cpu=113.7% rss=  57.5MB
[interval 34] t=1050.0s msgs=4499978 thr=   149999 msg/s  avg=  4.17 p50=4 p99=17 p999=31 max=65 ms  cpu=113.3% rss=  57.5MB
[interval 35] t=1080.0s msgs=4500321 thr=   150010 msg/s  avg=  4.18 p50=4 p99=17 p999=33 max=114 ms  cpu=112.9% rss=  57.5MB
[interval 36] t=1110.0s msgs=4499719 thr=   149990 msg/s  avg=  4.28 p50=4 p99=17 p999=50 max=157 ms  cpu=113.1% rss=  57.7MB
[interval 37] t=1140.0s msgs=4500307 thr=   150009 msg/s  avg=  4.17 p50=4 p99=17 p999=29 max=109 ms  cpu=113.6% rss=  57.7MB
[interval 38] t=1170.0s msgs=4500174 thr=   150006 msg/s  avg=  4.19 p50=4 p99=17 p999=31 max=60 ms  cpu=113.0% rss=  57.7MB
[interval 39] t=1200.0s msgs=4499931 thr=   149998 msg/s  avg=  4.12 p50=4 p99=17 p999=30 max=97 ms  cpu=113.5% rss=  57.7MB
[interval 40] t=1230.0s msgs=4500221 thr=   150007 msg/s  avg=  4.10 p50=4 p99=16 p999=29 max=112 ms  cpu=113.6% rss=  57.7MB
[interval 41] t=1260.0s msgs=4500209 thr=   150007 msg/s  avg=  4.12 p50=4 p99=17 p999=32 max=100 ms  cpu=113.4% rss=  57.7MB
[interval 42] t=1290.0s msgs=4500097 thr=   150002 msg/s  avg=  4.12 p50=4 p99=16 p999=28 max=146 ms  cpu=113.4% rss=  57.7MB
[interval 43] t=1320.0s msgs=4500097 thr=   150003 msg/s  avg=  4.14 p50=4 p99=17 p999=31 max=105 ms  cpu=113.3% rss=  57.7MB
[interval 44] t=1350.0s msgs=4500118 thr=   150004 msg/s  avg=  4.15 p50=4 p99=17 p999=30 max=87 ms  cpu=113.5% rss=  57.7MB
[interval 45] t=1380.0s msgs=4500055 thr=   150002 msg/s  avg=  4.12 p50=4 p99=17 p999=29 max=109 ms  cpu=113.1% rss=  57.7MB
[interval 46] t=1410.0s msgs=4500027 thr=   150000 msg/s  avg=  4.27 p50=4 p99=18 p999=46 max=216 ms  cpu=113.7% rss=  58.5MB
[interval 47] t=1440.0s msgs=4500174 thr=   150005 msg/s  avg=  4.18 p50=4 p99=17 p999=31 max=226 ms  cpu=113.5% rss=  58.5MB
[interval 48] t=1470.0s msgs=4500160 thr=   150005 msg/s  avg=  4.14 p50=4 p99=17 p999=29 max=60 ms  cpu=113.4% rss=  58.5MB
[interval 49] t=1500.0s msgs=4500079 thr=   150003 msg/s  avg=  4.12 p50=4 p99=17 p999=33 max=76 ms  cpu=113.8% rss=  58.5MB
[interval 50] t=1530.0s msgs=4500017 thr=   149999 msg/s  avg=  4.16 p50=4 p99=17 p999=32 max=77 ms  cpu=113.2% rss=  58.5MB
[interval 51] t=1560.0s msgs=4500090 thr=   150003 msg/s  avg=  4.19 p50=4 p99=17 p999=32 max=133 ms  cpu=113.0% rss=  58.5MB
[interval 52] t=1590.0s msgs=4500156 thr=   150005 msg/s  avg=  4.22 p50=4 p99=17 p999=33 max=69 ms  cpu=112.8% rss=  58.5MB
[interval 53] t=1620.0s msgs=4500010 thr=   150000 msg/s  avg=  4.19 p50=4 p99=17 p999=33 max=110 ms  cpu=112.8% rss=  58.5MB
[interval 54] t=1650.0s msgs=4500209 thr=   150007 msg/s  avg=  4.14 p50=4 p99=17 p999=29 max=52 ms  cpu=113.7% rss=  58.5MB
[interval 55] t=1680.0s msgs=4499824 thr=   149994 msg/s  avg=  4.13 p50=4 p99=17 p999=33 max=115 ms  cpu=113.3% rss=  58.5MB
[interval 56] t=1710.0s msgs=4500349 thr=   150011 msg/s  avg=  4.21 p50=4 p99=18 p999=45 max=138 ms  cpu=113.1% rss=  58.8MB
[interval 57] t=1740.0s msgs=4499859 thr=   149995 msg/s  avg=  4.12 p50=4 p99=17 p999=33 max=84 ms  cpu=113.3% rss=  58.8MB
[interval 58] t=1770.0s msgs=4500384 thr=   150013 msg/s  avg=  4.12 p50=4 p99=17 p999=29 max=56 ms  cpu=113.6% rss=  58.8MB

======================================================================
SUMMARY - librdkafka-c (warmup 36000000 excluded, group.protocol=consumer)
======================================================================
Measured messages: 269999990
Duration:          1800.00 s
Throughput:        150000 msg/s  (146.48 MiB/s)
Batch consume:     max_poll_records=500, 305999990 non-empty batches, 305999990 records, avg 1.0 records/batch
Records/batch dist (post-warmup): n=269999990 min=1 mean=1.0 p50=1 p99=1 max=1
E2E latency (ms):  min=1 avg=4.16 stddev=2.95 p50=4 p90=6 p95=8 p99=17 p99.9=31 max=226
RSS (MB, current):  avg=57.3 min=51.8 max=58.8 (59 samples)
======================================================================

Results written to: /home/ec2-user/bench/batch/A-36p_rdk_res/A-36p-rdk-1781733838
