Java e2e: bootstrap=pkc-devcozvdmy.us-east-1.aws.devel.cpdev.cloud:9092 topic=cmp-bench-36p proto=consumer maxPoll=500 fetch.min=4MiB partFetch=4MiB crc=off dur=900s warmup=12000000
subscribed; waiting for assignment/records...
warmup complete (12000000 msgs); measuring 900s now
[interval 0] t=  30.0s msgs=1499990 thr=    50000 msg/s avg=  3.99 p50=3 p99=18 p999=137 max=268 ms rss=642.7MB
[interval 1] t=  60.0s msgs=1500142 thr=    50005 msg/s avg=  3.88 p50=3 p99=18 p999=92 max=284 ms rss=647.6MB
[interval 2] t=  90.0s msgs=1499988 thr=    50000 msg/s avg=  3.43 p50=3 p99=13 p999=25 max=46 ms rss=647.6MB
[interval 3] t= 120.0s msgs=1500051 thr=    50002 msg/s avg=  3.48 p50=3 p99=14 p999=28 max=100 ms rss=647.7MB
[interval 4] t= 150.0s msgs=1500114 thr=    50004 msg/s avg=  3.50 p50=3 p99=14 p999=30 max=93 ms rss=647.8MB
[interval 5] t= 180.0s msgs=1500037 thr=    50001 msg/s avg=  3.47 p50=3 p99=13 p999=25 max=53 ms rss=647.8MB
[interval 6] t= 210.0s msgs=1500044 thr=    50001 msg/s avg=  3.45 p50=3 p99=13 p999=25 max=47 ms rss=648.0MB
[interval 7] t= 240.0s msgs=1500058 thr=    50002 msg/s avg=  3.47 p50=3 p99=13 p999=26 max=44 ms rss=648.0MB
[interval 8] t= 270.0s msgs=1499932 thr=    49998 msg/s avg=  3.54 p50=3 p99=14 p999=34 max=106 ms rss=648.0MB
[interval 9] t= 300.0s msgs=1500170 thr=    50006 msg/s avg=  3.43 p50=3 p99=12 p999=25 max=44 ms rss=648.2MB
[interval 10] t= 330.0s msgs=1500058 thr=    50002 msg/s avg=  3.48 p50=3 p99=13 p999=26 max=78 ms rss=648.2MB
[interval 11] t= 360.0s msgs=1500065 thr=    50002 msg/s avg=  3.48 p50=3 p99=13 p999=27 max=43 ms rss=648.4MB
[interval 12] t= 390.0s msgs=1500044 thr=    50001 msg/s avg=  3.47 p50=3 p99=13 p999=26 max=44 ms rss=648.4MB
[interval 13] t= 420.0s msgs=1500058 thr=    50002 msg/s avg=  3.49 p50=3 p99=13 p999=27 max=47 ms rss=648.5MB
[interval 14] t= 450.0s msgs=1500030 thr=    50001 msg/s avg=  3.54 p50=3 p99=13 p999=29 max=93 ms rss=648.5MB
[interval 15] t= 480.0s msgs=1500009 thr=    50000 msg/s avg=  3.49 p50=3 p99=13 p999=27 max=45 ms rss=648.5MB
[interval 16] t= 510.0s msgs=1499995 thr=    50000 msg/s avg=  3.53 p50=3 p99=13 p999=30 max=245 ms rss=649.2MB
[interval 17] t= 540.0s msgs=1500051 thr=    50002 msg/s avg=  3.45 p50=3 p99=13 p999=25 max=100 ms rss=649.5MB
[interval 18] t= 570.0s msgs=1499890 thr=    49996 msg/s avg=  3.53 p50=3 p99=13 p999=41 max=116 ms rss=649.5MB
[interval 19] t= 600.0s msgs=1500177 thr=    50006 msg/s avg=  3.45 p50=3 p99=13 p999=26 max=48 ms rss=649.5MB
[interval 20] t= 630.0s msgs=1500009 thr=    50000 msg/s avg=  3.45 p50=3 p99=12 p999=26 max=101 ms rss=649.7MB
[interval 21] t= 660.0s msgs=1500009 thr=    50000 msg/s avg=  3.45 p50=3 p99=13 p999=25 max=99 ms rss=649.7MB
[interval 22] t= 690.0s msgs=1500093 thr=    50003 msg/s avg=  3.47 p50=3 p99=13 p999=28 max=87 ms rss=649.8MB
[interval 23] t= 720.0s msgs=1500016 thr=    50001 msg/s avg=  3.44 p50=3 p99=13 p999=26 max=47 ms rss=650.0MB
[interval 24] t= 750.0s msgs=1500037 thr=    50001 msg/s avg=  3.45 p50=3 p99=12 p999=25 max=113 ms rss=650.0MB
[interval 25] t= 780.0s msgs=1499974 thr=    49999 msg/s avg=  3.48 p50=3 p99=13 p999=27 max=43 ms rss=650.0MB
[interval 26] t= 810.0s msgs=1500121 thr=    50004 msg/s avg=  3.57 p50=3 p99=13 p999=31 max=242 ms rss=650.5MB
[interval 27] t= 840.0s msgs=1500058 thr=    50002 msg/s avg=  3.47 p50=3 p99=13 p999=27 max=53 ms rss=650.5MB
[interval 28] t= 870.0s msgs=1499981 thr=    49999 msg/s avg=  3.57 p50=3 p99=14 p999=46 max=125 ms rss=650.5MB
======================================================================
SUMMARY - Java kafka-clients (KIP-848=consumer, warmup 12000000 excluded)
Measured messages: 44999950
Duration:          900.05 s
Throughput:        49997 msg/s  (97.65 MiB/s)
E2E latency (ms):  min=1 avg=3.51 stddev=2.94 p50=3 p90=5 p95=6 p99=13 p99.9=29 max=284
RSS (MB, current): avg=648.7 min=642.7 max=650.5 (29 samples)
{"client":"java","protocol":"consumer","messages":44999950,"duration_s":900.05,"throughput_msg_s":49997.44,"throughput_mib_s":97.65,"lat_min_ms":1,"lat_avg_ms":3.51,"lat_stddev_ms":2.94,"lat_p50_ms":3,"lat_p90_ms":5,"lat_p95_ms":6,"lat_p99_ms":13,"lat_p999_ms":29,"lat_max_ms":284,"rss_avg_mb":648.7,"rss_min_mb":642.7,"rss_max_mb":650.5}
