======================================================================
Consumer E2E Latency Benchmark - librdkafka (native C)
======================================================================
Bootstrap:   pkc-devcozvdmy.us-east-1.aws.devel.cpdev.cloud:9092
Topic:       cmp-bench-36p
Group:       B-100mbs-rdk-1781742778
Throughput:  300000 msg/s
Duration:    900 s (after warmup)
Msg size:    1024 bytes
Warmup:      12000000 messages
Interval:    30 s
rdkafka ver: 2.13.0
======================================================================

>>> Subscribed; waiting for partition assignment (group.protocol=consumer)...
%6|1781742778.467|GETSUBSCRIPTIONS|librdkafka-perf-c#consumer-1| [thrd:main]: Telemetry client instance id changed from AAAAAAAAAAAAAAAAAAAAAA to /8IGeopYQAeZQvYtrFqXJQ
    assigned 36 partition(s)
    assigned after 1.0s
>>> Settling to the live edge (polling until empty) before producer...
    at live edge; starting producer now.

>>> Measuring (warmup 12000000 msgs, then 900 s)...

>>> first records arrived 44.3s after producer start
    warmup complete (12000000 msgs); measuring now
[interval 0] t=  30.0s msgs=1499970 thr=    49999 msg/s  avg=  3.36 p50=3 p99=13 p999=28 max=54 ms  cpu= 38.0% rss=  25.3MB
[interval 1] t=  60.0s msgs=1500114 thr=    50003 msg/s  avg=  3.35 p50=3 p99=13 p999=27 max=53 ms  cpu= 44.6% rss=  29.7MB
[interval 2] t=  90.0s msgs=1500030 thr=    50001 msg/s  avg=  3.34 p50=3 p99=12 p999=25 max=42 ms  cpu= 44.6% rss=  30.0MB
[interval 3] t= 120.0s msgs=1500002 thr=    50000 msg/s  avg=  3.29 p50=3 p99=12 p999=23 max=38 ms  cpu= 44.5% rss=  30.0MB
[interval 4] t= 150.0s msgs=1500058 thr=    50002 msg/s  avg=  3.36 p50=3 p99=12 p999=26 max=41 ms  cpu= 44.5% rss=  30.0MB
[interval 5] t= 180.0s msgs=1500051 thr=    50002 msg/s  avg=  3.41 p50=3 p99=13 p999=33 max=106 ms  cpu= 44.5% rss=  30.0MB
[interval 6] t= 210.0s msgs=1500044 thr=    50001 msg/s  avg=  3.39 p50=3 p99=13 p999=25 max=43 ms  cpu= 44.4% rss=  30.0MB
[interval 7] t= 240.0s msgs=1500009 thr=    50000 msg/s  avg=  3.35 p50=3 p99=12 p999=26 max=96 ms  cpu= 44.4% rss=  30.0MB
[interval 8] t= 270.0s msgs=1500030 thr=    50001 msg/s  avg=  3.42 p50=3 p99=13 p999=33 max=118 ms  cpu= 44.7% rss=  30.5MB
[interval 9] t= 300.0s msgs=1500086 thr=    50002 msg/s  avg=  3.34 p50=3 p99=13 p999=26 max=49 ms  cpu= 44.6% rss=  30.5MB
[interval 10] t= 330.0s msgs=1499966 thr=    49999 msg/s  avg=  3.37 p50=3 p99=12 p999=26 max=59 ms  cpu= 44.7% rss=  30.5MB
[interval 11] t= 360.0s msgs=1500045 thr=    50001 msg/s  avg=  3.36 p50=3 p99=13 p999=27 max=105 ms  cpu= 44.6% rss=  30.5MB
[interval 12] t= 390.0s msgs=1500010 thr=    50000 msg/s  avg=  3.38 p50=3 p99=13 p999=27 max=51 ms  cpu= 44.6% rss=  30.5MB
[interval 13] t= 420.0s msgs=1500085 thr=    50003 msg/s  avg=  3.34 p50=3 p99=12 p999=26 max=104 ms  cpu= 44.3% rss=  30.8MB
[interval 14] t= 450.0s msgs=1500001 thr=    50000 msg/s  avg=  3.39 p50=3 p99=13 p999=26 max=60 ms  cpu= 44.5% rss=  30.8MB
[interval 15] t= 480.0s msgs=1500003 thr=    50000 msg/s  avg=  3.36 p50=3 p99=13 p999=25 max=105 ms  cpu= 44.2% rss=  30.8MB
[interval 16] t= 510.0s msgs=1500072 thr=    50002 msg/s  avg=  3.37 p50=3 p99=13 p999=27 max=44 ms  cpu= 44.5% rss=  30.8MB
[interval 17] t= 540.0s msgs=1500002 thr=    49999 msg/s  avg=  3.35 p50=3 p99=13 p999=27 max=106 ms  cpu= 44.3% rss=  30.8MB
[interval 18] t= 570.0s msgs=1500058 thr=    50002 msg/s  avg=  3.46 p50=3 p99=14 p999=47 max=128 ms  cpu= 44.5% rss=  30.8MB
[interval 19] t= 600.0s msgs=1500037 thr=    50001 msg/s  avg=  3.35 p50=3 p99=12 p999=25 max=94 ms  cpu= 44.6% rss=  30.8MB
[interval 20] t= 630.0s msgs=1500009 thr=    50000 msg/s  avg=  3.35 p50=3 p99=12 p999=24 max=50 ms  cpu= 44.3% rss=  30.8MB
[interval 21] t= 660.0s msgs=1500072 thr=    50002 msg/s  avg=  3.36 p50=3 p99=13 p999=26 max=49 ms  cpu= 44.6% rss=  30.8MB
[interval 22] t= 690.0s msgs=1499995 thr=    50000 msg/s  avg=  3.38 p50=3 p99=13 p999=26 max=44 ms  cpu= 44.5% rss=  30.8MB
[interval 23] t= 720.0s msgs=1500072 thr=    50002 msg/s  avg=  3.33 p50=3 p99=12 p999=24 max=103 ms  cpu= 44.5% rss=  30.8MB
[interval 24] t= 750.0s msgs=1500030 thr=    50000 msg/s  avg=  3.39 p50=3 p99=13 p999=27 max=220 ms  cpu= 44.4% rss=  31.0MB
[interval 25] t= 780.0s msgs=1500030 thr=    50001 msg/s  avg=  3.36 p50=3 p99=13 p999=27 max=54 ms  cpu= 44.4% rss=  31.0MB
[interval 26] t= 810.0s msgs=1499975 thr=    49999 msg/s  avg=  3.39 p50=3 p99=13 p999=28 max=104 ms  cpu= 44.6% rss=  31.0MB
[interval 27] t= 840.0s msgs=1500106 thr=    50003 msg/s  avg=  3.33 p50=3 p99=12 p999=25 max=105 ms  cpu= 44.2% rss=  31.0MB
[interval 28] t= 870.0s msgs=1500037 thr=    50001 msg/s  avg=  3.45 p50=3 p99=13 p999=39 max=231 ms  cpu= 44.7% rss=  31.8MB

======================================================================
SUMMARY - librdkafka-c (warmup 12000000 excluded, group.protocol=consumer)
======================================================================
Measured messages: 44999986
Duration:          900.00 s
Throughput:        50000 msg/s  (48.83 MiB/s)
Batch consume:     max_poll_records=500, 56999986 non-empty batches, 56999986 records, avg 1.0 records/batch
Records/batch dist (post-warmup): n=44999986 min=1 mean=1.0 p50=1 p99=1 max=1
E2E latency (ms):  min=1 avg=3.37 stddev=2.29 p50=3 p90=5 p95=6 p99=13 p99.9=27 max=231
RSS (MB, current):  avg=30.4 min=25.3 max=31.8 (29 samples)
======================================================================

Results written to: /home/ec2-user/bench/batch/B-100mbs_rdk_res/B-100mbs-rdk-1781742778
