Java e2e: bootstrap=pkc-devcozvdmy.us-east-1.aws.devel.cpdev.cloud:9092 topic=cmp-bench-36p proto=consumer maxPoll=500 fetch.min=4MiB partFetch=4MiB crc=off dur=900s warmup=24000000
subscribed; waiting for assignment/records...
warmup complete (24000000 msgs); measuring 900s now
[interval 0] t=  30.0s msgs=3000001 thr=   100000 msg/s avg=  3.86 p50=3 p99=15 p999=27 max=117 ms rss=758.1MB
[interval 1] t=  60.0s msgs=3000102 thr=   100003 msg/s avg=  3.84 p50=3 p99=14 p999=27 max=98 ms rss=758.3MB
[interval 2] t=  90.0s msgs=3000004 thr=   100000 msg/s avg=  3.82 p50=3 p99=15 p999=30 max=121 ms rss=758.3MB
[interval 3] t= 120.0s msgs=3000095 thr=   100003 msg/s avg=  3.90 p50=3 p99=15 p999=32 max=80 ms rss=758.8MB
[interval 4] t= 150.0s msgs=3000102 thr=   100003 msg/s avg=  3.88 p50=3 p99=15 p999=28 max=102 ms rss=759.5MB
[interval 5] t= 180.0s msgs=3000123 thr=   100004 msg/s avg=  3.93 p50=3 p99=15 p999=30 max=105 ms rss=759.5MB
[interval 6] t= 210.0s msgs=2999997 thr=   100000 msg/s avg=  3.91 p50=3 p99=15 p999=30 max=107 ms rss=759.5MB
[interval 7] t= 240.0s msgs=3000081 thr=   100003 msg/s avg=  4.02 p50=3 p99=16 p999=50 max=135 ms rss=759.5MB
[interval 8] t= 270.0s msgs=3000039 thr=   100001 msg/s avg=  3.90 p50=3 p99=15 p999=29 max=82 ms rss=759.8MB
[interval 9] t= 300.0s msgs=3000137 thr=   100005 msg/s avg=  3.91 p50=3 p99=15 p999=27 max=53 ms rss=760.0MB
[interval 10] t= 330.0s msgs=3000130 thr=   100004 msg/s avg=  3.92 p50=3 p99=15 p999=29 max=102 ms rss=760.0MB
[interval 11] t= 360.0s msgs=2999990 thr=   100000 msg/s avg=  3.99 p50=3 p99=16 p999=33 max=67 ms rss=760.3MB
[interval 12] t= 390.0s msgs=3000123 thr=   100004 msg/s avg=  3.95 p50=3 p99=15 p999=30 max=113 ms rss=760.3MB
[interval 13] t= 420.0s msgs=3000046 thr=   100002 msg/s avg=  3.92 p50=3 p99=16 p999=29 max=106 ms rss=760.3MB
[interval 14] t= 450.0s msgs=3000067 thr=   100002 msg/s avg=  3.90 p50=3 p99=15 p999=30 max=106 ms rss=760.3MB
[interval 15] t= 480.0s msgs=2999948 thr=    99998 msg/s avg=  3.89 p50=3 p99=15 p999=27 max=127 ms rss=760.3MB
[interval 16] t= 510.0s msgs=3000088 thr=   100003 msg/s avg=  3.92 p50=3 p99=15 p999=29 max=113 ms rss=760.4MB
[interval 17] t= 540.0s msgs=3000032 thr=   100001 msg/s avg=  3.99 p50=3 p99=16 p999=39 max=138 ms rss=760.4MB
[interval 18] t= 570.0s msgs=3000046 thr=   100002 msg/s avg=  3.89 p50=3 p99=15 p999=30 max=107 ms rss=760.4MB
[interval 19] t= 600.0s msgs=2999885 thr=    99996 msg/s avg=  3.91 p50=3 p99=15 p999=29 max=59 ms rss=760.4MB
[interval 20] t= 630.0s msgs=3000151 thr=   100005 msg/s avg=  3.91 p50=3 p99=16 p999=30 max=243 ms rss=760.8MB
[interval 21] t= 660.0s msgs=2999948 thr=    99998 msg/s avg=  3.85 p50=3 p99=14 p999=28 max=123 ms rss=760.8MB
[interval 22] t= 690.0s msgs=2999962 thr=    99999 msg/s avg=  3.85 p50=3 p99=15 p999=28 max=83 ms rss=761.0MB
[interval 23] t= 720.0s msgs=3000053 thr=   100002 msg/s avg=  3.89 p50=3 p99=15 p999=29 max=55 ms rss=761.8MB
[interval 24] t= 750.0s msgs=3000095 thr=   100003 msg/s avg=  3.90 p50=3 p99=15 p999=31 max=109 ms rss=761.8MB
[interval 25] t= 780.0s msgs=2999962 thr=    99999 msg/s avg=  3.90 p50=3 p99=15 p999=28 max=59 ms rss=761.8MB
[interval 26] t= 810.0s msgs=3000011 thr=   100000 msg/s avg=  3.89 p50=3 p99=15 p999=31 max=107 ms rss=762.2MB
[interval 27] t= 840.0s msgs=3000130 thr=   100004 msg/s avg=  3.97 p50=3 p99=15 p999=46 max=138 ms rss=762.2MB
[interval 28] t= 870.0s msgs=2999878 thr=    99996 msg/s avg=  3.91 p50=3 p99=16 p999=32 max=63 ms rss=762.4MB
======================================================================
SUMMARY - Java kafka-clients (KIP-848=consumer, warmup 24000000 excluded)
Measured messages: 89999144
Duration:          900.04 s
Throughput:        99994 msg/s  (195.30 MiB/s)
E2E latency (ms):  min=1 avg=3.91 stddev=2.69 p50=3 p90=6 p95=7 p99=15 p99.9=30 max=243
RSS (MB, current): avg=760.3 min=758.1 max=762.4 (29 samples)
{"client":"java","protocol":"consumer","messages":89999144,"duration_s":900.04,"throughput_msg_s":99994.16,"throughput_mib_s":195.30,"lat_min_ms":1,"lat_avg_ms":3.91,"lat_stddev_ms":2.69,"lat_p50_ms":3,"lat_p90_ms":6,"lat_p95_ms":7,"lat_p99_ms":15,"lat_p999_ms":30,"lat_max_ms":243,"rss_avg_mb":760.3,"rss_min_mb":758.1,"rss_max_mb":762.4}
