======================================================================
Consumer E2E Latency Benchmark — Rust Kafka Consumer
======================================================================
Bootstrap:   pkc-devcozvdmy.us-east-1.aws.devel.cpdev.cloud:9092
Topic:       cmp-bench-36p
Group:       B-200mbs-rust-1781738018
Throughput:  50000 msg/s
Duration:    900 s (after warmup)
Msg size:    1024 bytes
Warmup:      24000000 messages
Interval:    30 s
======================================================================
Offset reset: latest
Client config: loaded /home/ec2-user/cc.properties (SASL/SSL etc.)
Fetch config: fetch.min.bytes=1 fetch.max.wait.ms=default max.partition.fetch.bytes=1048576 fetch.max.bytes=default max.poll.records=500

>>> Subscribed; waiting for partition assignment (KIP-848 join)...
    assigned 36 partition(s) after 0.5s
>>> --no-produce: drive the producer externally now.

>>> Measuring (warmup 24000000 msgs, then 900 s)...

>>> first records arrived 45.8s after producer start (after 92 polls)
    warmup complete (24000000 msgs); measuring now
[interval 0] t=  30.0s msgs=3000022 thr=   100000 msg/s  avg=  3.91 p50=3 p99=15 p999=28 max=133 ms  cpu=  0.0% rss=  18.2MB
[interval 1] t=  60.0s msgs=3000109 thr=   100003 msg/s  avg=  3.94 p50=3 p99=15 p999=29 max=86 ms  cpu=  0.0% rss=  18.2MB
[interval 2] t=  90.0s msgs=3000109 thr=   100004 msg/s  avg=  3.88 p50=3 p99=15 p999=26 max=104 ms  cpu=  0.0% rss=  18.3MB
[interval 3] t= 120.0s msgs=2999955 thr=    99998 msg/s  avg=  3.96 p50=3 p99=15 p999=29 max=61 ms  cpu=  0.0% rss=  18.3MB
[interval 4] t= 150.0s msgs=3000389 thr=   100013 msg/s  avg=  3.91 p50=3 p99=15 p999=28 max=97 ms  cpu=  0.0% rss=  22.7MB
[interval 5] t= 180.0s msgs=3000207 thr=   100007 msg/s  avg=  3.96 p50=3 p99=15 p999=29 max=111 ms  cpu=  0.0% rss=  27.1MB
[interval 6] t= 210.0s msgs=3000207 thr=   100006 msg/s  avg=  4.01 p50=3 p99=16 p999=49 max=150 ms  cpu=  0.0% rss=  28.1MB
[interval 7] t= 240.0s msgs=3000158 thr=   100005 msg/s  avg=  3.92 p50=3 p99=15 p999=30 max=57 ms  cpu=  0.0% rss=  28.1MB
[interval 8] t= 270.0s msgs=3000060 thr=   100002 msg/s  avg=  3.89 p50=3 p99=15 p999=27 max=109 ms  cpu=  0.0% rss=  28.1MB
[interval 9] t= 300.0s msgs=2999983 thr=    99999 msg/s  avg=  3.94 p50=3 p99=15 p999=29 max=60 ms  cpu=  0.0% rss=  28.1MB
[interval 10] t= 330.0s msgs=3000235 thr=   100007 msg/s  avg=  3.95 p50=3 p99=16 p999=30 max=127 ms  cpu=  0.0% rss=  28.3MB
[interval 11] t= 360.0s msgs=3000179 thr=   100006 msg/s  avg=  3.90 p50=3 p99=15 p999=29 max=102 ms  cpu=  0.0% rss=  23.8MB
[interval 12] t= 390.0s msgs=3000116 thr=   100002 msg/s  avg=  3.87 p50=3 p99=15 p999=28 max=101 ms  cpu=  0.0% rss=  23.8MB
[interval 13] t= 420.0s msgs=3000088 thr=   100003 msg/s  avg=  3.93 p50=3 p99=15 p999=29 max=64 ms  cpu=  0.0% rss=  23.8MB
[interval 14] t= 450.0s msgs=3000263 thr=   100008 msg/s  avg=  3.87 p50=3 p99=14 p999=27 max=104 ms  cpu=  0.0% rss=  28.2MB
[interval 15] t= 480.0s msgs=3000039 thr=   100000 msg/s  avg=  3.94 p50=3 p99=16 p999=29 max=63 ms  cpu=  0.0% rss=  28.2MB
[interval 16] t= 510.0s msgs=3000158 thr=   100005 msg/s  avg=  3.95 p50=3 p99=15 p999=42 max=136 ms  cpu=  0.0% rss=  28.2MB
[interval 17] t= 540.0s msgs=3000130 thr=   100004 msg/s  avg=  3.89 p50=3 p99=15 p999=26 max=51 ms  cpu=  0.0% rss=  28.2MB
[interval 18] t= 570.0s msgs=3000102 thr=   100003 msg/s  avg=  3.88 p50=3 p99=15 p999=28 max=51 ms  cpu=  0.0% rss=  28.2MB
[interval 19] t= 600.0s msgs=3000158 thr=   100005 msg/s  avg=  3.91 p50=3 p99=15 p999=29 max=53 ms  cpu=  0.0% rss=  28.2MB
[interval 20] t= 630.0s msgs=3000151 thr=   100004 msg/s  avg=  3.89 p50=3 p99=15 p999=28 max=98 ms  cpu=  0.0% rss=  28.2MB
[interval 21] t= 660.0s msgs=3000109 thr=   100003 msg/s  avg=  3.93 p50=3 p99=16 p999=30 max=102 ms  cpu=  0.0% rss=  28.2MB
[interval 22] t= 690.0s msgs=2999976 thr=    99999 msg/s  avg=  3.89 p50=3 p99=14 p999=28 max=104 ms  cpu=  0.0% rss=  28.2MB
[interval 23] t= 720.0s msgs=3000277 thr=   100009 msg/s  avg=  3.95 p50=3 p99=16 p999=30 max=56 ms  cpu=  0.0% rss=  28.2MB
[interval 24] t= 750.0s msgs=2999997 thr=   100000 msg/s  avg=  3.91 p50=3 p99=15 p999=29 max=110 ms  cpu=  0.0% rss=  28.2MB
[interval 25] t= 780.0s msgs=3000305 thr=   100010 msg/s  avg=  3.95 p50=3 p99=15 p999=28 max=111 ms  cpu=  0.0% rss=  28.2MB
[interval 26] t= 810.0s msgs=3000109 thr=   100003 msg/s  avg=  4.10 p50=4 p99=16 p999=51 max=132 ms  cpu=  0.0% rss=  28.2MB
[interval 27] t= 840.0s msgs=3000081 thr=   100002 msg/s  avg=  4.01 p50=4 p99=15 p999=30 max=56 ms  cpu=  0.0% rss=  28.2MB
[interval 28] t= 870.0s msgs=3000158 thr=   100005 msg/s  avg=  3.90 p50=3 p99=15 p999=29 max=98 ms  cpu=  0.0% rss=  28.2MB

Loop breakdown over 8461776 polls: poll().await=99.9%  per-record processing=0.1%  (avg 11 records/poll)
Records/poll distribution (non-empty polls, post-warmup): n=6696233 min=7 mean=13.4 p50=7 p99=56 max=500

======================================================================
SUMMARY — Rust Kafka Consumer (warmup 24000000 excluded)
======================================================================
Measured messages: 89999074
Duration:          900.00 s
Throughput:        99999 msg/s  (97.66 MiB/s)
E2E latency (ms):  min=1 avg=3.93 stddev=2.65 p50=3 p90=6 p95=7 p99=15 p99.9=29 max=150
RSS (MB, current): avg=26.1 min=18.2 max=28.3
======================================================================

Results written to: consumer-perf/results/B-200mbs-rust-1781738018
