======================================================================
Consumer E2E Latency Benchmark - librdkafka (native C)
======================================================================
Bootstrap:   pkc-devcozvdmy.us-east-1.aws.devel.cpdev.cloud:9092
Topic:       cmp-bench-36p
Group:       B-200mbs-rdk-1781739208
Throughput:  300000 msg/s
Duration:    900 s (after warmup)
Msg size:    1024 bytes
Warmup:      24000000 messages
Interval:    30 s
rdkafka ver: 2.13.0
======================================================================

>>> Subscribed; waiting for partition assignment (group.protocol=consumer)...
%6|1781739208.877|GETSUBSCRIPTIONS|librdkafka-perf-c#consumer-1| [thrd:main]: Telemetry client instance id changed from AAAAAAAAAAAAAAAAAAAAAA to LRRaH92VQHi6zmpCqBFETQ
    assigned 36 partition(s)
    assigned after 1.0s
>>> Settling to the live edge (polling until empty) before producer...
    at live edge; starting producer now.

>>> Measuring (warmup 24000000 msgs, then 900 s)...

>>> first records arrived 44.6s after producer start
    warmup complete (24000000 msgs); measuring now
[interval 0] t=  30.0s msgs=2999966 thr=    99998 msg/s  avg=  3.72 p50=3 p99=15 p999=29 max=107 ms  cpu= 69.7% rss=  41.7MB
[interval 1] t=  60.0s msgs=3000123 thr=   100003 msg/s  avg=  3.71 p50=3 p99=14 p999=29 max=91 ms  cpu= 81.5% rss=  46.1MB
[interval 2] t=  90.0s msgs=3000081 thr=   100003 msg/s  avg=  3.70 p50=3 p99=14 p999=29 max=109 ms  cpu= 81.4% rss=  47.1MB
[interval 3] t= 120.0s msgs=3000081 thr=   100002 msg/s  avg=  3.80 p50=3 p99=15 p999=31 max=73 ms  cpu= 81.1% rss=  47.1MB
[interval 4] t= 150.0s msgs=3000011 thr=   100000 msg/s  avg=  3.72 p50=3 p99=14 p999=27 max=108 ms  cpu= 81.0% rss=  47.1MB
[interval 5] t= 180.0s msgs=3000049 thr=   100002 msg/s  avg=  3.77 p50=3 p99=15 p999=28 max=103 ms  cpu= 81.2% rss=  47.1MB
[interval 6] t= 210.0s msgs=2999966 thr=    99998 msg/s  avg=  3.76 p50=3 p99=15 p999=30 max=104 ms  cpu= 80.8% rss=  47.1MB
[interval 7] t= 240.0s msgs=3000102 thr=   100003 msg/s  avg=  3.84 p50=3 p99=16 p999=43 max=128 ms  cpu= 81.2% rss=  47.9MB
[interval 8] t= 270.0s msgs=2999913 thr=    99997 msg/s  avg=  3.71 p50=3 p99=14 p999=27 max=108 ms  cpu= 81.0% rss=  47.9MB
[interval 9] t= 300.0s msgs=3000123 thr=   100004 msg/s  avg=  3.73 p50=3 p99=15 p999=26 max=53 ms  cpu= 80.8% rss=  47.9MB
[interval 10] t= 330.0s msgs=2999997 thr=   100000 msg/s  avg=  3.77 p50=3 p99=15 p999=32 max=87 ms  cpu= 81.0% rss=  47.9MB
[interval 11] t= 360.0s msgs=3000025 thr=   100000 msg/s  avg=  3.73 p50=3 p99=14 p999=28 max=71 ms  cpu= 81.0% rss=  47.9MB
[interval 12] t= 390.0s msgs=2999878 thr=    99996 msg/s  avg=  3.73 p50=3 p99=15 p999=30 max=124 ms  cpu= 80.9% rss=  48.2MB
[interval 13] t= 420.0s msgs=3000109 thr=   100003 msg/s  avg=  3.75 p50=3 p99=15 p999=29 max=67 ms  cpu= 80.7% rss=  48.2MB
[interval 14] t= 450.0s msgs=2999990 thr=    99998 msg/s  avg=  3.73 p50=3 p99=15 p999=28 max=99 ms  cpu= 81.5% rss=  48.2MB
[interval 15] t= 480.0s msgs=3000179 thr=   100006 msg/s  avg=  3.72 p50=3 p99=14 p999=27 max=86 ms  cpu= 81.3% rss=  48.2MB
[interval 16] t= 510.0s msgs=2999780 thr=    99993 msg/s  avg=  3.72 p50=3 p99=14 p999=28 max=50 ms  cpu= 80.7% rss=  48.2MB
[interval 17] t= 540.0s msgs=3000207 thr=   100007 msg/s  avg=  3.83 p50=3 p99=15 p999=52 max=144 ms  cpu= 81.1% rss=  48.4MB
[interval 18] t= 570.0s msgs=3000158 thr=   100005 msg/s  avg=  3.72 p50=3 p99=15 p999=29 max=57 ms  cpu= 81.5% rss=  48.4MB
[interval 19] t= 600.0s msgs=2999941 thr=    99998 msg/s  avg=  3.71 p50=3 p99=14 p999=27 max=51 ms  cpu= 81.0% rss=  48.4MB
[interval 20] t= 630.0s msgs=3000004 thr=   100000 msg/s  avg=  3.74 p50=3 p99=15 p999=30 max=97 ms  cpu= 81.0% rss=  48.4MB
[interval 21] t= 660.0s msgs=3000046 thr=   100001 msg/s  avg=  3.76 p50=3 p99=15 p999=29 max=106 ms  cpu= 81.1% rss=  48.7MB
[interval 22] t= 690.0s msgs=2999857 thr=    99995 msg/s  avg=  3.72 p50=3 p99=15 p999=27 max=105 ms  cpu= 81.3% rss=  48.9MB
[interval 23] t= 720.0s msgs=3000151 thr=   100005 msg/s  avg=  3.77 p50=3 p99=15 p999=29 max=112 ms  cpu= 80.8% rss=  48.9MB
[interval 24] t= 750.0s msgs=3000011 thr=   100000 msg/s  avg=  3.73 p50=3 p99=15 p999=29 max=99 ms  cpu= 81.0% rss=  48.9MB
[interval 25] t= 780.0s msgs=3000093 thr=   100003 msg/s  avg=  3.77 p50=3 p99=15 p999=31 max=75 ms  cpu= 80.9% rss=  48.9MB
[interval 26] t= 810.0s msgs=3000017 thr=   100001 msg/s  avg=  3.77 p50=3 p99=15 p999=30 max=106 ms  cpu= 81.0% rss=  48.9MB
[interval 27] t= 840.0s msgs=2999951 thr=    99998 msg/s  avg=  3.85 p50=3 p99=15 p999=50 max=130 ms  cpu= 81.0% rss=  49.7MB
[interval 28] t= 870.0s msgs=3000133 thr=   100004 msg/s  avg=  3.76 p50=3 p99=15 p999=30 max=90 ms  cpu= 80.6% rss=  49.7MB

======================================================================
SUMMARY - librdkafka-c (warmup 24000000 excluded, group.protocol=consumer)
======================================================================
Measured messages: 89999123
Duration:          900.00 s
Throughput:        99999 msg/s  (97.66 MiB/s)
Batch consume:     max_poll_records=500, 113999123 non-empty batches, 113999123 records, avg 1.0 records/batch
Records/batch dist (post-warmup): n=89999123 min=1 mean=1.0 p50=1 p99=1 max=1
E2E latency (ms):  min=1 avg=3.75 stddev=2.62 p50=3 p90=5 p95=7 p99=15 p99.9=30 max=144
RSS (MB, current):  avg=48.0 min=41.7 max=49.7 (29 samples)
======================================================================

Results written to: /home/ec2-user/bench/batch/B-200mbs_rdk_res/B-200mbs-rdk-1781739208
