Java e2e: bootstrap=pkc-devcozvdmy.us-east-1.aws.devel.cpdev.cloud:9092 topic=cmp-bench-36p proto=consumer maxPoll=500 fetch.min=4MiB partFetch=4MiB crc=off dur=900s warmup=6000000
subscribed; waiting for assignment/records...
warmup complete (6000000 msgs); measuring 900s now
[interval 0] t=  30.0s msgs= 749953 thr=    24998 msg/s avg=  3.29 p50=3 p99=12 p999=24 max=39 ms rss=333.7MB
[interval 1] t=  60.0s msgs= 750085 thr=    25003 msg/s avg=  3.28 p50=3 p99=11 p999=24 max=66 ms rss=340.0MB
[interval 2] t=  90.0s msgs= 750015 thr=    25001 msg/s avg=  3.29 p50=3 p99=12 p999=26 max=45 ms rss=340.3MB
[interval 3] t= 120.0s msgs= 750022 thr=    25001 msg/s avg=  3.30 p50=3 p99=12 p999=26 max=96 ms rss=340.3MB
[interval 4] t= 150.0s msgs= 750043 thr=    25001 msg/s avg=  3.31 p50=3 p99=12 p999=26 max=43 ms rss=340.7MB
[interval 5] t= 180.0s msgs= 750008 thr=    25000 msg/s avg=  3.34 p50=3 p99=12 p999=32 max=55 ms rss=340.7MB
[interval 6] t= 210.0s msgs= 750029 thr=    25001 msg/s avg=  3.40 p50=3 p99=12 p999=30 max=246 ms rss=341.0MB
[interval 7] t= 240.0s msgs= 750022 thr=    25001 msg/s avg=  3.84 p50=3 p99=13 p999=129 max=950 ms rss=341.0MB
[interval 8] t= 270.0s msgs= 750036 thr=    25001 msg/s avg=  3.31 p50=3 p99=12 p999=25 max=99 ms rss=341.1MB
[interval 9] t= 300.0s msgs= 750015 thr=    25001 msg/s avg=  3.45 p50=3 p99=13 p999=61 max=171 ms rss=341.4MB
[interval 10] t= 330.0s msgs= 750029 thr=    25001 msg/s avg=  5.17 p50=3 p99=14 p999=737 max=1504 ms rss=342.1MB
[interval 11] t= 360.0s msgs= 750029 thr=    25001 msg/s avg=  3.34 p50=3 p99=12 p999=25 max=41 ms rss=342.1MB
[interval 12] t= 390.0s msgs= 750008 thr=    25000 msg/s avg=  3.38 p50=3 p99=12 p999=29 max=221 ms rss=342.1MB
[interval 13] t= 420.0s msgs= 750029 thr=    25000 msg/s avg=  3.35 p50=3 p99=12 p999=26 max=110 ms rss=342.4MB
[interval 14] t= 450.0s msgs= 750050 thr=    25002 msg/s avg=  3.44 p50=3 p99=13 p999=31 max=283 ms rss=342.4MB
[interval 15] t= 480.0s msgs= 750043 thr=    25001 msg/s avg=  3.42 p50=3 p99=12 p999=29 max=659 ms rss=342.6MB
[interval 16] t= 510.0s msgs= 749966 thr=    24999 msg/s avg=  3.33 p50=3 p99=11 p999=26 max=44 ms rss=342.7MB
[interval 17] t= 540.0s msgs= 750036 thr=    25001 msg/s avg=  3.34 p50=3 p99=12 p999=25 max=41 ms rss=342.7MB
[interval 18] t= 570.0s msgs= 750029 thr=    25001 msg/s avg=  3.30 p50=3 p99=11 p999=23 max=40 ms rss=342.7MB
[interval 19] t= 600.0s msgs= 750015 thr=    25001 msg/s avg=  3.42 p50=3 p99=12 p999=54 max=108 ms rss=343.0MB
[interval 20] t= 630.0s msgs= 750022 thr=    25001 msg/s avg=  3.30 p50=3 p99=11 p999=24 max=42 ms rss=343.0MB
[interval 21] t= 660.0s msgs= 749945 thr=    24998 msg/s avg=  3.31 p50=3 p99=11 p999=24 max=88 ms rss=343.0MB
[interval 22] t= 690.0s msgs= 750092 thr=    25003 msg/s avg=  3.33 p50=3 p99=12 p999=25 max=49 ms rss=343.0MB
[interval 23] t= 720.0s msgs= 750001 thr=    25000 msg/s avg=  3.36 p50=3 p99=12 p999=26 max=65 ms rss=343.6MB
[interval 24] t= 750.0s msgs= 750036 thr=    25001 msg/s avg=  3.33 p50=3 p99=11 p999=24 max=39 ms rss=343.6MB
[interval 25] t= 780.0s msgs= 750001 thr=    25000 msg/s avg=  3.34 p50=3 p99=12 p999=25 max=51 ms rss=343.9MB
[interval 26] t= 810.0s msgs= 750015 thr=    25001 msg/s avg=  3.36 p50=3 p99=12 p999=26 max=49 ms rss=343.9MB
[interval 27] t= 840.0s msgs= 749959 thr=    24999 msg/s avg=  3.36 p50=3 p99=11 p999=26 max=102 ms rss=344.2MB
[interval 28] t= 870.0s msgs= 750071 thr=    25002 msg/s avg=  3.43 p50=3 p99=12 p999=27 max=235 ms rss=344.2MB
======================================================================
SUMMARY - Java kafka-clients (KIP-848=consumer, warmup 6000000 excluded)
Measured messages: 22499954
Duration:          900.07 s
Throughput:        24998 msg/s  (48.82 MiB/s)
E2E latency (ms):  min=1 avg=3.44 stddev=8.27 p50=3 p90=4 p95=5 p99=12 p99.9=28 max=1504
RSS (MB, current): avg=342.0 min=333.7 max=344.2 (29 samples)
{"client":"java","protocol":"consumer","messages":22499954,"duration_s":900.07,"throughput_msg_s":24998.03,"throughput_mib_s":48.82,"lat_min_ms":1,"lat_avg_ms":3.44,"lat_stddev_ms":8.27,"lat_p50_ms":3,"lat_p90_ms":4,"lat_p95_ms":5,"lat_p99_ms":12,"lat_p999_ms":28,"lat_max_ms":1504,"rss_avg_mb":342.0,"rss_min_mb":333.7,"rss_max_mb":344.2}
