======================================================================
Consumer E2E Latency Benchmark — Rust Kafka Consumer
======================================================================
Bootstrap:   pkc-devcozvdmy.us-east-1.aws.devel.cpdev.cloud:9092
Topic:       cmp-bench-36p
Group:       B-50mbs-rust-1781745157
Throughput:  50000 msg/s
Duration:    900 s (after warmup)
Msg size:    1024 bytes
Warmup:      6000000 messages
Interval:    30 s
======================================================================
Offset reset: latest
Client config: loaded /home/ec2-user/cc.properties (SASL/SSL etc.)
Fetch config: fetch.min.bytes=1 fetch.max.wait.ms=default max.partition.fetch.bytes=1048576 fetch.max.bytes=default max.poll.records=500

>>> Subscribed; waiting for partition assignment (KIP-848 join)...
    assigned 36 partition(s) after 0.5s
>>> --no-produce: drive the producer externally now.

>>> Measuring (warmup 6000000 msgs, then 900 s)...

>>> first records arrived 45.5s after producer start (after 91 polls)
    warmup complete (6000000 msgs); measuring now
[interval 0] t=  30.0s msgs= 750009 thr=    25000 msg/s  avg=  3.44 p50=3 p99=13 p999=27 max=49 ms  cpu=  0.0% rss=  12.4MB
[interval 1] t=  60.0s msgs= 750036 thr=    25001 msg/s  avg=  3.41 p50=3 p99=12 p999=24 max=40 ms  cpu=  0.0% rss=  12.4MB
[interval 2] t=  90.0s msgs= 749994 thr=    25000 msg/s  avg=  3.51 p50=3 p99=13 p999=26 max=40 ms  cpu=  0.0% rss=  12.5MB
[interval 3] t= 120.0s msgs= 750071 thr=    25002 msg/s  avg=  3.58 p50=3 p99=12 p999=34 max=253 ms  cpu=  0.0% rss=  14.0MB
[interval 4] t= 150.0s msgs= 750036 thr=    25001 msg/s  avg=  3.55 p50=3 p99=13 p999=33 max=239 ms  cpu=  0.0% rss=  18.4MB
[interval 5] t= 180.0s msgs= 750092 thr=    25003 msg/s  avg=  3.61 p50=3 p99=13 p999=31 max=241 ms  cpu=  0.0% rss=  23.0MB
[interval 6] t= 210.0s msgs= 749735 thr=    24991 msg/s  avg=  3.64 p50=3 p99=12 p999=35 max=698 ms  cpu=  0.0% rss=  23.3MB
[interval 7] t= 240.0s msgs= 750330 thr=    25011 msg/s  avg=  5.61 p50=3 p99=14 p999=1000 max=1618 ms  cpu=  0.0% rss=  24.3MB
[interval 8] t= 270.0s msgs= 749777 thr=    24992 msg/s  avg=  4.22 p50=3 p99=15 p999=318 max=710 ms  cpu=  0.0% rss=  24.3MB
[interval 9] t= 300.0s msgs= 750337 thr=    25011 msg/s  avg=  3.93 p50=3 p99=12 p999=100 max=916 ms  cpu=  0.0% rss=  24.3MB
[interval 10] t= 330.0s msgs= 750043 thr=    25001 msg/s  avg=  3.42 p50=3 p99=12 p999=26 max=246 ms  cpu=  0.0% rss=  24.3MB
[interval 11] t= 360.0s msgs= 750015 thr=    25000 msg/s  avg=  3.41 p50=3 p99=12 p999=24 max=42 ms  cpu=  0.0% rss=  24.3MB
[interval 12] t= 390.0s msgs= 750064 thr=    25002 msg/s  avg=  3.37 p50=3 p99=11 p999=25 max=43 ms  cpu=  0.0% rss=  24.3MB
[interval 13] t= 420.0s msgs= 750043 thr=    25001 msg/s  avg=  3.37 p50=3 p99=12 p999=27 max=102 ms  cpu=  0.0% rss=  24.3MB
[interval 14] t= 450.0s msgs= 750043 thr=    25001 msg/s  avg=  3.33 p50=3 p99=11 p999=25 max=62 ms  cpu=  0.0% rss=  24.3MB
[interval 15] t= 480.0s msgs= 750064 thr=    25002 msg/s  avg=  3.37 p50=3 p99=12 p999=26 max=91 ms  cpu=  0.0% rss=  24.3MB
[interval 16] t= 510.0s msgs= 750029 thr=    25001 msg/s  avg=  3.33 p50=3 p99=12 p999=23 max=84 ms  cpu=  0.0% rss=  24.3MB
[interval 17] t= 540.0s msgs= 750036 thr=    25001 msg/s  avg=  3.36 p50=3 p99=12 p999=26 max=58 ms  cpu=  0.0% rss=  24.3MB
[interval 18] t= 570.0s msgs= 750057 thr=    25001 msg/s  avg=  3.41 p50=3 p99=12 p999=46 max=125 ms  cpu=  0.0% rss=  24.3MB
[interval 19] t= 600.0s msgs= 750015 thr=    25000 msg/s  avg=  3.36 p50=3 p99=12 p999=26 max=41 ms  cpu=  0.0% rss=  19.9MB
[interval 20] t= 630.0s msgs= 750050 thr=    25002 msg/s  avg=  3.32 p50=3 p99=12 p999=24 max=82 ms  cpu=  0.0% rss=  19.9MB
[interval 21] t= 660.0s msgs= 750029 thr=    25001 msg/s  avg=  3.32 p50=3 p99=11 p999=24 max=39 ms  cpu=  0.0% rss=  19.9MB
[interval 22] t= 690.0s msgs= 750092 thr=    25003 msg/s  avg=  3.34 p50=3 p99=12 p999=26 max=105 ms  cpu=  0.0% rss=  24.3MB
[interval 23] t= 720.0s msgs= 750022 thr=    25000 msg/s  avg=  3.34 p50=3 p99=12 p999=25 max=49 ms  cpu=  0.0% rss=  24.3MB
[interval 24] t= 750.0s msgs= 750043 thr=    25001 msg/s  avg=  3.33 p50=3 p99=11 p999=26 max=94 ms  cpu=  0.0% rss=  24.3MB
[interval 25] t= 780.0s msgs= 750043 thr=    25001 msg/s  avg=  3.37 p50=3 p99=12 p999=25 max=95 ms  cpu=  0.0% rss=  24.3MB
[interval 26] t= 810.0s msgs= 750043 thr=    25001 msg/s  avg=  3.33 p50=3 p99=11 p999=24 max=99 ms  cpu=  0.0% rss=  24.3MB
[interval 27] t= 840.0s msgs= 750029 thr=    25001 msg/s  avg=  3.43 p50=3 p99=12 p999=29 max=208 ms  cpu=  0.0% rss=  24.3MB
[interval 28] t= 870.1s msgs= 750050 thr=    25001 msg/s  avg=  3.46 p50=3 p99=13 p999=56 max=128 ms  cpu=  0.0% rss=  24.3MB

Loop breakdown over 3465014 polls: poll().await=100.0%  per-record processing=0.0%  (avg 6 records/poll)
Records/poll distribution (non-empty polls, post-warmup): n=2736153 min=4 mean=8.2 p50=7 p99=21 max=500

======================================================================
SUMMARY — Rust Kafka Consumer (warmup 6000000 excluded)
======================================================================
Measured messages: 22500003
Duration:          900.00 s
Throughput:        25000 msg/s  (24.41 MiB/s)
E2E latency (ms):  min=1 avg=3.53 stddev=10.23 p50=3 p90=5 p95=6 p99=12 p99.9=29 max=1618
RSS (MB, current): avg=22.0 min=12.4 max=24.3
======================================================================

Results written to: consumer-perf/results/B-50mbs-rust-1781745157
