======================================================================
Consumer E2E Latency Benchmark - librdkafka (native C)
======================================================================
Bootstrap:   pkc-devcozvdmy.us-east-1.aws.devel.cpdev.cloud:9092
Topic:       cmp-bench-36p
Group:       B-50mbs-rdk-1781746347
Throughput:  300000 msg/s
Duration:    900 s (after warmup)
Msg size:    1024 bytes
Warmup:      6000000 messages
Interval:    30 s
rdkafka ver: 2.13.0
======================================================================

>>> Subscribed; waiting for partition assignment (group.protocol=consumer)...
%6|1781746347.956|GETSUBSCRIPTIONS|librdkafka-perf-c#consumer-1| [thrd:main]: Telemetry client instance id changed from AAAAAAAAAAAAAAAAAAAAAA to Pvs7XALCTT2I/00MU5jjEw
    assigned 36 partition(s)
    assigned after 1.0s
>>> Settling to the live edge (polling until empty) before producer...
    at live edge; starting producer now.

>>> Measuring (warmup 6000000 msgs, then 900 s)...

>>> first records arrived 44.2s after producer start
    warmup complete (6000000 msgs); measuring now
[interval 0] t=  30.0s msgs= 749961 thr=    24998 msg/s  avg=  3.28 p50=3 p99=12 p999=25 max=50 ms  cpu= 20.2% rss=  20.1MB
[interval 1] t=  60.0s msgs= 750092 thr=    25003 msg/s  avg=  3.29 p50=3 p99=12 p999=27 max=47 ms  cpu= 23.5% rss=  24.5MB
[interval 2] t=  90.0s msgs= 750029 thr=    25001 msg/s  avg=  3.24 p50=3 p99=11 p999=25 max=41 ms  cpu= 23.5% rss=  24.5MB
[interval 3] t= 120.0s msgs= 749994 thr=    25000 msg/s  avg=  3.28 p50=3 p99=12 p999=27 max=106 ms  cpu= 23.4% rss=  25.0MB
[interval 4] t= 150.0s msgs= 750022 thr=    25001 msg/s  avg=  3.25 p50=3 p99=11 p999=25 max=37 ms  cpu= 23.3% rss=  25.0MB
[interval 5] t= 180.0s msgs= 750029 thr=    25001 msg/s  avg=  3.28 p50=3 p99=11 p999=23 max=92 ms  cpu= 23.7% rss=  25.3MB
[interval 6] t= 210.0s msgs= 749994 thr=    24999 msg/s  avg=  3.24 p50=3 p99=11 p999=25 max=94 ms  cpu= 23.5% rss=  25.5MB
[interval 7] t= 240.0s msgs= 750050 thr=    25001 msg/s  avg=  3.27 p50=3 p99=11 p999=25 max=42 ms  cpu= 23.7% rss=  25.5MB
[interval 8] t= 270.0s msgs= 750014 thr=    25000 msg/s  avg=  3.27 p50=3 p99=11 p999=26 max=44 ms  cpu= 23.6% rss=  25.8MB
[interval 9] t= 300.0s msgs= 750016 thr=    25000 msg/s  avg=  3.33 p50=3 p99=12 p999=31 max=132 ms  cpu= 23.6% rss=  26.0MB
[interval 10] t= 330.0s msgs= 750015 thr=    25000 msg/s  avg=  3.26 p50=3 p99=11 p999=23 max=42 ms  cpu= 23.4% rss=  26.0MB
[interval 11] t= 360.0s msgs= 750022 thr=    25001 msg/s  avg=  3.29 p50=3 p99=12 p999=26 max=101 ms  cpu= 23.5% rss=  26.0MB
[interval 12] t= 390.0s msgs= 749917 thr=    24997 msg/s  avg=  3.26 p50=3 p99=11 p999=24 max=39 ms  cpu= 23.7% rss=  26.3MB
[interval 13] t= 420.0s msgs= 750120 thr=    25004 msg/s  avg=  3.31 p50=3 p99=12 p999=25 max=92 ms  cpu= 23.4% rss=  26.3MB
[interval 14] t= 450.0s msgs= 750022 thr=    25000 msg/s  avg=  3.27 p50=3 p99=12 p999=24 max=42 ms  cpu= 23.5% rss=  26.5MB
[interval 15] t= 480.0s msgs= 750029 thr=    25000 msg/s  avg=  3.32 p50=3 p99=12 p999=28 max=273 ms  cpu= 23.7% rss=  26.5MB
[interval 16] t= 510.0s msgs= 750029 thr=    25001 msg/s  avg=  3.28 p50=3 p99=12 p999=28 max=98 ms  cpu= 23.5% rss=  26.8MB
[interval 17] t= 540.0s msgs= 750015 thr=    25000 msg/s  avg=  3.33 p50=3 p99=12 p999=30 max=230 ms  cpu= 23.5% rss=  27.0MB
[interval 18] t= 570.0s msgs= 750036 thr=    25001 msg/s  avg=  3.28 p50=3 p99=12 p999=27 max=52 ms  cpu= 23.5% rss=  27.0MB
[interval 19] t= 600.0s msgs= 750022 thr=    25001 msg/s  avg=  3.38 p50=3 p99=13 p999=46 max=114 ms  cpu= 23.7% rss=  27.3MB
[interval 20] t= 630.0s msgs= 749987 thr=    24999 msg/s  avg=  3.26 p50=3 p99=12 p999=26 max=49 ms  cpu= 23.4% rss=  27.3MB
[interval 21] t= 660.0s msgs= 750050 thr=    25001 msg/s  avg=  3.28 p50=3 p99=11 p999=27 max=117 ms  cpu= 23.6% rss=  27.3MB
[interval 22] t= 690.0s msgs= 750001 thr=    25000 msg/s  avg=  3.27 p50=3 p99=12 p999=24 max=106 ms  cpu= 23.3% rss=  27.5MB
[interval 23] t= 720.0s msgs= 750029 thr=    25001 msg/s  avg=  3.27 p50=3 p99=11 p999=26 max=60 ms  cpu= 23.6% rss=  28.1MB
[interval 24] t= 750.0s msgs= 750029 thr=    25000 msg/s  avg=  3.25 p50=3 p99=11 p999=25 max=43 ms  cpu= 23.6% rss=  28.1MB
[interval 25] t= 780.0s msgs= 750001 thr=    25000 msg/s  avg=  3.28 p50=3 p99=11 p999=25 max=88 ms  cpu= 23.6% rss=  28.1MB
[interval 26] t= 810.0s msgs= 750022 thr=    25001 msg/s  avg=  3.25 p50=3 p99=12 p999=24 max=43 ms  cpu= 23.4% rss=  28.1MB
[interval 27] t= 840.0s msgs= 750015 thr=    25000 msg/s  avg=  3.30 p50=3 p99=12 p999=26 max=98 ms  cpu= 23.6% rss=  28.3MB
[interval 28] t= 870.0s msgs= 750036 thr=    25001 msg/s  avg=  3.27 p50=3 p99=11 p999=25 max=43 ms  cpu= 23.4% rss=  28.3MB

======================================================================
SUMMARY - librdkafka-c (warmup 6000000 excluded, group.protocol=consumer)
======================================================================
Measured messages: 22500011
Duration:          900.00 s
Throughput:        25000 msg/s  (24.41 MiB/s)
Batch consume:     max_poll_records=500, 28500011 non-empty batches, 28500011 records, avg 1.0 records/batch
Records/batch dist (post-warmup): n=22500011 min=1 mean=1.0 p50=1 p99=1 max=1
E2E latency (ms):  min=1 avg=3.28 stddev=2.26 p50=3 p90=4 p95=5 p99=12 p99.9=26 max=273
RSS (MB, current):  avg=26.3 min=20.1 max=28.3 (29 samples)
======================================================================

Results written to: /home/ec2-user/bench/batch/B-50mbs_rdk_res/B-50mbs-rdk-1781746347
