======================================================================
Consumer E2E Latency Benchmark - librdkafka (native C)
======================================================================
Bootstrap:   pkc-devcozvdmy.us-east-1.aws.devel.cpdev.cloud:9092
Topic:       cmp-bench-200p
Group:       A-200p-rdk-1781785020
Throughput:  300000 msg/s
Duration:    1800 s (after warmup)
Msg size:    1024 bytes
Warmup:      36000000 messages
Interval:    30 s
rdkafka ver: 2.13.0
======================================================================

>>> Subscribed; waiting for partition assignment (group.protocol=consumer)...
%6|1781785021.333|GETSUBSCRIPTIONS|librdkafka-perf-c#consumer-1| [thrd:main]: Telemetry client instance id changed from AAAAAAAAAAAAAAAAAAAAAA to Cv7zQ917SzKMedhc92YlWw
    assigned 200 partition(s)
    assigned after 1.0s
>>> Settling to the live edge (polling until empty) before producer...
    at live edge; starting producer now.

>>> Measuring (warmup 36000000 msgs, then 1800 s)...

>>> first records arrived 44.2s after producer start
    warmup complete (36000000 msgs); measuring now
[interval 0] t=  30.0s msgs=4499867 thr=   149995 msg/s  avg=  4.72 p50=4 p99=20 p999=71 max=218 ms  cpu=125.0% rss=  31.6MB
[interval 1] t=  60.0s msgs=4500262 thr=   150008 msg/s  avg=  4.47 p50=4 p99=18 p999=30 max=69 ms  cpu=145.5% rss=  36.5MB
[interval 2] t=  90.0s msgs=4500239 thr=   150008 msg/s  avg=  4.61 p50=4 p99=19 p999=32 max=108 ms  cpu=145.0% rss=  37.0MB
[interval 3] t= 120.0s msgs=4499916 thr=   149997 msg/s  avg=  4.58 p50=4 p99=19 p999=38 max=260 ms  cpu=144.5% rss=  39.6MB
[interval 4] t= 150.0s msgs=4500211 thr=   150007 msg/s  avg=  4.44 p50=4 p99=17 p999=28 max=51 ms  cpu=145.7% rss=  39.6MB
[interval 5] t= 180.0s msgs=4499831 thr=   149994 msg/s  avg=  4.56 p50=4 p99=18 p999=32 max=54 ms  cpu=145.2% rss=  39.6MB
[interval 6] t= 210.0s msgs=4500306 thr=   150010 msg/s  avg=  4.55 p50=4 p99=18 p999=30 max=51 ms  cpu=144.7% rss=  39.6MB
[interval 7] t= 240.0s msgs=4500080 thr=   150002 msg/s  avg=  4.55 p50=4 p99=18 p999=31 max=73 ms  cpu=145.4% rss=  39.6MB
[interval 8] t= 270.0s msgs=4500083 thr=   150002 msg/s  avg=  4.52 p50=4 p99=19 p999=33 max=110 ms  cpu=144.6% rss=  40.1MB
[interval 9] t= 300.0s msgs=4500204 thr=   150007 msg/s  avg=  4.52 p50=4 p99=18 p999=31 max=50 ms  cpu=146.0% rss=  40.1MB
[interval 10] t= 330.0s msgs=4499909 thr=   149996 msg/s  avg=  4.60 p50=4 p99=19 p999=44 max=132 ms  cpu=146.0% rss=  42.2MB
[interval 11] t= 360.0s msgs=4499749 thr=   149992 msg/s  avg=  4.53 p50=4 p99=18 p999=30 max=65 ms  cpu=145.1% rss=  42.5MB
[interval 12] t= 390.0s msgs=4500702 thr=   150023 msg/s  avg=  4.49 p50=4 p99=18 p999=32 max=57 ms  cpu=145.9% rss=  42.5MB
[interval 13] t= 420.0s msgs=4499615 thr=   149987 msg/s  avg=  4.44 p50=4 p99=18 p999=30 max=61 ms  cpu=145.8% rss=  42.5MB
[interval 14] t= 450.0s msgs=4500301 thr=   150010 msg/s  avg=  4.56 p50=4 p99=19 p999=31 max=105 ms  cpu=145.1% rss=  42.5MB
[interval 15] t= 480.0s msgs=4500114 thr=   150004 msg/s  avg=  4.40 p50=4 p99=18 p999=30 max=74 ms  cpu=145.6% rss=  42.5MB
[interval 16] t= 510.0s msgs=4500306 thr=   150010 msg/s  avg=  4.61 p50=4 p99=19 p999=32 max=103 ms  cpu=144.6% rss=  42.5MB
[interval 17] t= 540.0s msgs=4499718 thr=   149990 msg/s  avg=  4.52 p50=4 p99=19 p999=33 max=69 ms  cpu=145.7% rss=  42.5MB
[interval 18] t= 570.0s msgs=4500108 thr=   150003 msg/s  avg=  4.60 p50=4 p99=19 p999=32 max=114 ms  cpu=145.7% rss=  42.5MB
[interval 19] t= 600.0s msgs=4499852 thr=   149995 msg/s  avg=  4.48 p50=4 p99=18 p999=31 max=66 ms  cpu=144.9% rss=  42.5MB
[interval 20] t= 630.0s msgs=4500429 thr=   150013 msg/s  avg=  4.64 p50=4 p99=19 p999=60 max=149 ms  cpu=145.0% rss=  46.6MB
[interval 21] t= 660.0s msgs=4500101 thr=   150003 msg/s  avg=  4.48 p50=4 p99=18 p999=30 max=57 ms  cpu=145.1% rss=  46.6MB
[interval 22] t= 690.0s msgs=4500035 thr=   150001 msg/s  avg=  4.54 p50=4 p99=18 p999=30 max=104 ms  cpu=145.1% rss=  46.6MB
[interval 23] t= 720.0s msgs=4500107 thr=   150003 msg/s  avg=  4.58 p50=4 p99=19 p999=32 max=107 ms  cpu=145.4% rss=  46.6MB
[interval 24] t= 750.0s msgs=4500048 thr=   150001 msg/s  avg=  4.52 p50=4 p99=19 p999=33 max=62 ms  cpu=144.7% rss=  46.6MB
[interval 25] t= 780.0s msgs=4500067 thr=   150002 msg/s  avg=  4.57 p50=4 p99=18 p999=32 max=56 ms  cpu=145.1% rss=  46.6MB
[interval 26] t= 810.0s msgs=4500164 thr=   150005 msg/s  avg=  4.55 p50=4 p99=19 p999=31 max=116 ms  cpu=145.5% rss=  47.1MB
[interval 27] t= 840.0s msgs=4500322 thr=   150009 msg/s  avg=  4.56 p50=4 p99=18 p999=31 max=62 ms  cpu=144.7% rss=  47.1MB
[interval 28] t= 870.0s msgs=4499980 thr=   149999 msg/s  avg=  4.49 p50=4 p99=18 p999=32 max=136 ms  cpu=145.5% rss=  47.4MB
[interval 29] t= 900.0s msgs=4499898 thr=   149997 msg/s  avg=  4.53 p50=4 p99=19 p999=31 max=62 ms  cpu=144.8% rss=  47.4MB
[interval 30] t= 930.0s msgs=4500111 thr=   150003 msg/s  avg=  4.61 p50=4 p99=19 p999=54 max=224 ms  cpu=144.8% rss=  49.9MB
[interval 31] t= 960.0s msgs=4499822 thr=   149994 msg/s  avg=  4.45 p50=4 p99=18 p999=30 max=52 ms  cpu=144.6% rss=  49.9MB
[interval 32] t= 990.0s msgs=4500367 thr=   150012 msg/s  avg=  4.52 p50=4 p99=18 p999=30 max=58 ms  cpu=145.3% rss=  49.9MB
[interval 33] t=1020.0s msgs=4500079 thr=   150002 msg/s  avg=  4.50 p50=4 p99=18 p999=31 max=58 ms  cpu=145.8% rss=  49.9MB
[interval 34] t=1050.0s msgs=4500137 thr=   150005 msg/s  avg=  4.64 p50=4 p99=19 p999=32 max=74 ms  cpu=144.3% rss=  49.9MB
[interval 35] t=1080.0s msgs=4500020 thr=   150000 msg/s  avg=  4.43 p50=4 p99=18 p999=31 max=107 ms  cpu=146.2% rss=  49.9MB
[interval 36] t=1110.0s msgs=4499942 thr=   149997 msg/s  avg=  4.64 p50=4 p99=19 p999=33 max=98 ms  cpu=145.4% rss=  50.2MB
[interval 37] t=1140.0s msgs=4500329 thr=   150011 msg/s  avg=  4.49 p50=4 p99=18 p999=30 max=113 ms  cpu=145.2% rss=  51.0MB
[interval 38] t=1170.0s msgs=4500202 thr=   150006 msg/s  avg=  4.58 p50=4 p99=18 p999=31 max=78 ms  cpu=144.6% rss=  51.0MB
[interval 39] t=1200.0s msgs=4499957 thr=   149999 msg/s  avg=  4.48 p50=4 p99=18 p999=30 max=60 ms  cpu=145.4% rss=  51.0MB
[interval 40] t=1230.0s msgs=4500018 thr=   150000 msg/s  avg=  4.64 p50=4 p99=19 p999=41 max=144 ms  cpu=145.6% rss=  52.8MB
[interval 41] t=1260.0s msgs=4500011 thr=   150000 msg/s  avg=  4.54 p50=4 p99=18 p999=30 max=58 ms  cpu=145.3% rss=  52.8MB
[interval 42] t=1290.0s msgs=4500125 thr=   150004 msg/s  avg=  4.55 p50=4 p99=19 p999=33 max=113 ms  cpu=145.0% rss=  52.8MB
[interval 43] t=1320.0s msgs=4500127 thr=   150004 msg/s  avg=  4.54 p50=4 p99=18 p999=30 max=51 ms  cpu=145.3% rss=  52.8MB
[interval 44] t=1350.0s msgs=4500198 thr=   150006 msg/s  avg=  4.48 p50=4 p99=18 p999=30 max=62 ms  cpu=146.6% rss=  52.8MB
[interval 45] t=1380.0s msgs=4500138 thr=   150004 msg/s  avg=  4.61 p50=4 p99=19 p999=33 max=119 ms  cpu=145.5% rss=  52.8MB
[interval 46] t=1410.0s msgs=4499891 thr=   149996 msg/s  avg=  4.57 p50=4 p99=18 p999=30 max=64 ms  cpu=145.2% rss=  52.8MB
[interval 47] t=1440.0s msgs=4500119 thr=   150004 msg/s  avg=  4.51 p50=4 p99=18 p999=29 max=57 ms  cpu=145.6% rss=  52.8MB
[interval 48] t=1470.0s msgs=4500228 thr=   150008 msg/s  avg=  4.53 p50=4 p99=18 p999=31 max=109 ms  cpu=145.2% rss=  52.8MB
[interval 49] t=1500.0s msgs=4500165 thr=   150005 msg/s  avg=  4.56 p50=4 p99=19 p999=31 max=52 ms  cpu=145.7% rss=  52.8MB
[interval 50] t=1530.0s msgs=4499815 thr=   149993 msg/s  avg=  4.69 p50=4 p99=19 p999=59 max=139 ms  cpu=144.5% rss=  54.6MB
[interval 51] t=1560.0s msgs=4500217 thr=   150007 msg/s  avg=  4.50 p50=4 p99=18 p999=30 max=60 ms  cpu=145.6% rss=  54.6MB
[interval 52] t=1590.0s msgs=4499989 thr=   149999 msg/s  avg=  4.59 p50=4 p99=19 p999=33 max=113 ms  cpu=144.6% rss=  54.6MB
[interval 53] t=1620.0s msgs=4500069 thr=   150002 msg/s  avg=  4.49 p50=4 p99=18 p999=31 max=67 ms  cpu=145.3% rss=  54.6MB
[interval 54] t=1650.0s msgs=4500016 thr=   150000 msg/s  avg=  4.64 p50=4 p99=19 p999=31 max=64 ms  cpu=144.5% rss=  54.6MB
[interval 55] t=1680.0s msgs=4500254 thr=   150008 msg/s  avg=  4.47 p50=4 p99=18 p999=31 max=111 ms  cpu=145.6% rss=  54.8MB
[interval 56] t=1710.0s msgs=4500086 thr=   150002 msg/s  avg=  4.63 p50=4 p99=19 p999=33 max=110 ms  cpu=145.2% rss=  54.8MB
[interval 57] t=1740.0s msgs=4500127 thr=   150004 msg/s  avg=  4.48 p50=4 p99=18 p999=29 max=63 ms  cpu=145.6% rss=  54.8MB
[interval 58] t=1770.0s msgs=4499966 thr=   149997 msg/s  avg=  4.56 p50=4 p99=19 p999=30 max=53 ms  cpu=145.0% rss=  54.8MB

======================================================================
SUMMARY - librdkafka-c (warmup 36000000 excluded, group.protocol=consumer)
======================================================================
Measured messages: 269999853
Duration:          1800.00 s
Throughput:        150000 msg/s  (146.48 MiB/s)
Batch consume:     max_poll_records=500, 305999853 non-empty batches, 305999853 records, avg 1.0 records/batch
Records/batch dist (post-warmup): n=269999853 min=1 mean=1.0 p50=1 p99=1 max=1
E2E latency (ms):  min=1 avg=4.54 stddev=3.19 p50=4 p90=7 p95=9 p99=18 p99.9=32 max=260
RSS (MB, current):  avg=47.4 min=31.6 max=54.8 (59 samples)
======================================================================

Results written to: /home/ec2-user/bench/batch1/A-200p_rdk_res/A-200p-rdk-1781785020
