======================================================================
Consumer E2E Latency Benchmark — Rust Kafka Consumer
======================================================================
Bootstrap:   pkc-devcozvdmy.us-east-1.aws.devel.cpdev.cloud:9092
Topic:       cmp-bench-36p
Group:       A-36p-rust-1781789200
Throughput:  50000 msg/s
Duration:    1800 s (after warmup)
Msg size:    1024 bytes
Warmup:      36000000 messages
Interval:    30 s
======================================================================
Offset reset: latest
Client config: loaded /home/ec2-user/cc.properties (SASL/SSL etc.)
Fetch config: fetch.min.bytes=1 fetch.max.wait.ms=default max.partition.fetch.bytes=1048576 fetch.max.bytes=default max.poll.records=500

>>> Subscribed; waiting for partition assignment (KIP-848 join)...
    assigned 36 partition(s) after 0.5s
>>> --no-produce: drive the producer externally now.

>>> Measuring (warmup 36000000 msgs, then 1800 s)...

>>> first records arrived 45.4s after producer start (after 91 polls)
    warmup complete (36000000 msgs); measuring now
[interval 0] t=  30.0s msgs=4500138 thr=   150004 msg/s  avg=  4.76 p50=4 p99=19 p999=53 max=165 ms  cpu=  0.0% rss=  14.1MB
[interval 1] t=  60.0s msgs=4500230 thr=   150007 msg/s  avg=  4.54 p50=4 p99=17 p999=30 max=65 ms  cpu=  0.0% rss=  14.3MB
[interval 2] t=  90.0s msgs=4500244 thr=   150008 msg/s  avg=  4.55 p50=4 p99=17 p999=31 max=73 ms  cpu=  0.0% rss=  14.4MB
[interval 3] t= 120.0s msgs=4500027 thr=   150001 msg/s  avg=  4.53 p50=4 p99=17 p999=31 max=74 ms  cpu=  0.0% rss=  14.4MB
[interval 4] t= 150.0s msgs=4499936 thr=   149998 msg/s  avg=  4.54 p50=4 p99=17 p999=29 max=67 ms  cpu=  0.0% rss=  18.8MB
[interval 5] t= 180.0s msgs=4500426 thr=   150014 msg/s  avg=  4.59 p50=4 p99=17 p999=30 max=49 ms  cpu=  0.0% rss=  23.1MB
[interval 6] t= 210.0s msgs=4500531 thr=   150017 msg/s  avg=  4.57 p50=4 p99=17 p999=31 max=65 ms  cpu=  0.0% rss=  23.1MB
[interval 7] t= 240.0s msgs=4499992 thr=   150000 msg/s  avg=  4.57 p50=4 p99=17 p999=28 max=67 ms  cpu=  0.0% rss=  23.1MB
[interval 8] t= 270.0s msgs=4500433 thr=   150014 msg/s  avg=  4.54 p50=4 p99=17 p999=31 max=70 ms  cpu=  0.0% rss=  23.7MB
[interval 9] t= 300.0s msgs=4500139 thr=   150004 msg/s  avg=  4.58 p50=4 p99=17 p999=31 max=67 ms  cpu=  0.0% rss=  23.7MB
[interval 10] t= 330.0s msgs=4500237 thr=   150007 msg/s  avg=  4.63 p50=4 p99=17 p999=56 max=232 ms  cpu=  0.0% rss=  29.6MB
[interval 11] t= 360.0s msgs=4500314 thr=   150010 msg/s  avg=  4.52 p50=4 p99=17 p999=28 max=60 ms  cpu=  0.0% rss=  29.6MB
[interval 12] t= 390.0s msgs=4500181 thr=   150006 msg/s  avg=  4.52 p50=4 p99=17 p999=31 max=60 ms  cpu=  0.0% rss=  29.6MB
[interval 13] t= 420.0s msgs=4500412 thr=   150014 msg/s  avg=  4.58 p50=4 p99=17 p999=31 max=122 ms  cpu=  0.0% rss=  29.6MB
[interval 14] t= 450.0s msgs=4500062 thr=   150002 msg/s  avg=  4.51 p50=4 p99=16 p999=28 max=80 ms  cpu=  0.0% rss=  29.6MB
[interval 15] t= 480.0s msgs=4500454 thr=   150015 msg/s  avg=  4.53 p50=4 p99=17 p999=31 max=69 ms  cpu=  0.0% rss=  29.6MB
[interval 16] t= 510.0s msgs=4500097 thr=   150002 msg/s  avg=  4.51 p50=4 p99=16 p999=28 max=57 ms  cpu=  0.0% rss=  29.6MB
[interval 17] t= 540.0s msgs=4500265 thr=   150009 msg/s  avg=  4.58 p50=4 p99=17 p999=29 max=106 ms  cpu=  0.0% rss=  29.6MB
[interval 18] t= 570.0s msgs=4500349 thr=   150012 msg/s  avg=  4.53 p50=4 p99=17 p999=30 max=54 ms  cpu=  0.0% rss=  29.6MB
[interval 19] t= 600.0s msgs=4500195 thr=   150006 msg/s  avg=  4.57 p50=4 p99=17 p999=30 max=107 ms  cpu=  0.0% rss=  29.6MB
[interval 20] t= 630.0s msgs=4500146 thr=   150005 msg/s  avg=  4.65 p50=4 p99=17 p999=46 max=219 ms  cpu=  0.0% rss=  29.6MB
[interval 21] t= 660.0s msgs=4500195 thr=   150006 msg/s  avg=  4.56 p50=4 p99=17 p999=31 max=57 ms  cpu=  0.0% rss=  29.6MB
[interval 22] t= 690.0s msgs=4500503 thr=   150014 msg/s  avg=  4.50 p50=4 p99=16 p999=31 max=64 ms  cpu=  0.0% rss=  29.6MB
[interval 23] t= 720.0s msgs=4500062 thr=   150002 msg/s  avg=  4.52 p50=4 p99=16 p999=28 max=66 ms  cpu=  0.0% rss=  29.6MB
[interval 24] t= 750.0s msgs=4500153 thr=   150005 msg/s  avg=  4.50 p50=4 p99=17 p999=28 max=55 ms  cpu=  0.0% rss=  29.6MB
[interval 25] t= 780.0s msgs=4500461 thr=   150014 msg/s  avg=  4.60 p50=4 p99=17 p999=32 max=232 ms  cpu=  0.0% rss=  29.6MB
[interval 26] t= 810.0s msgs=4500146 thr=   150005 msg/s  avg=  4.50 p50=4 p99=16 p999=29 max=56 ms  cpu=  0.0% rss=  29.6MB
[interval 27] t= 840.0s msgs=4500258 thr=   150008 msg/s  avg=  4.57 p50=4 p99=17 p999=30 max=111 ms  cpu=  0.0% rss=  29.6MB
[interval 28] t= 870.0s msgs=4500104 thr=   150003 msg/s  avg=  4.53 p50=4 p99=17 p999=31 max=56 ms  cpu=  0.0% rss=  29.6MB
[interval 29] t= 900.0s msgs=4500349 thr=   150012 msg/s  avg=  4.57 p50=4 p99=17 p999=29 max=63 ms  cpu=  0.0% rss=  29.6MB
[interval 30] t= 930.0s msgs=4500412 thr=   150014 msg/s  avg=  4.64 p50=4 p99=17 p999=50 max=136 ms  cpu=  0.0% rss=  29.6MB
[interval 31] t= 960.1s msgs=4500069 thr=   150002 msg/s  avg=  4.58 p50=4 p99=17 p999=30 max=59 ms  cpu=  0.0% rss=  29.6MB
[interval 32] t= 990.1s msgs=4500230 thr=   150008 msg/s  avg=  4.49 p50=4 p99=16 p999=30 max=62 ms  cpu=  0.0% rss=  29.6MB
[interval 33] t=1020.1s msgs=4500160 thr=   150005 msg/s  avg=  4.56 p50=4 p99=17 p999=30 max=67 ms  cpu=  0.0% rss=  29.6MB
[interval 34] t=1050.1s msgs=4500447 thr=   150015 msg/s  avg=  4.52 p50=4 p99=17 p999=29 max=48 ms  cpu=  0.0% rss=  29.6MB
[interval 35] t=1080.1s msgs=4500097 thr=   150000 msg/s  avg=  4.58 p50=4 p99=17 p999=32 max=232 ms  cpu=  0.0% rss=  29.6MB
[interval 36] t=1110.1s msgs=4500349 thr=   150011 msg/s  avg=  4.48 p50=4 p99=16 p999=30 max=57 ms  cpu=  0.0% rss=  29.6MB
[interval 37] t=1140.1s msgs=4500034 thr=   150001 msg/s  avg=  4.62 p50=4 p99=18 p999=34 max=122 ms  cpu=  0.0% rss=  29.6MB
[interval 38] t=1170.1s msgs=4500216 thr=   150007 msg/s  avg=  4.56 p50=4 p99=17 p999=32 max=64 ms  cpu=  0.0% rss=  29.6MB
[interval 39] t=1200.1s msgs=4500279 thr=   150009 msg/s  avg=  4.50 p50=4 p99=16 p999=28 max=225 ms  cpu=  0.0% rss=  29.6MB
[interval 40] t=1230.1s msgs=4500202 thr=   150005 msg/s  avg=  4.57 p50=4 p99=17 p999=37 max=124 ms  cpu=  0.0% rss=  29.6MB
[interval 41] t=1260.1s msgs=4500391 thr=   150011 msg/s  avg=  4.55 p50=4 p99=17 p999=31 max=66 ms  cpu=  0.0% rss=  29.6MB
[interval 42] t=1290.1s msgs=4500188 thr=   150006 msg/s  avg=  4.45 p50=4 p99=16 p999=29 max=88 ms  cpu=  0.0% rss=  29.6MB
[interval 43] t=1320.1s msgs=4500062 thr=   150001 msg/s  avg=  4.52 p50=4 p99=17 p999=31 max=126 ms  cpu=  0.0% rss=  29.6MB
[interval 44] t=1350.1s msgs=4500349 thr=   150012 msg/s  avg=  4.50 p50=4 p99=17 p999=29 max=57 ms  cpu=  0.0% rss=  29.6MB
[interval 45] t=1380.1s msgs=4500230 thr=   150007 msg/s  avg=  4.51 p50=4 p99=17 p999=28 max=106 ms  cpu=  0.0% rss=  29.6MB
[interval 46] t=1410.1s msgs=4500230 thr=   150008 msg/s  avg=  4.51 p50=4 p99=16 p999=27 max=59 ms  cpu=  0.0% rss=  29.6MB
[interval 47] t=1440.1s msgs=4500314 thr=   150010 msg/s  avg=  4.57 p50=4 p99=17 p999=32 max=117 ms  cpu=  0.0% rss=  29.6MB
[interval 48] t=1470.1s msgs=4500111 thr=   150004 msg/s  avg=  4.49 p50=4 p99=16 p999=29 max=68 ms  cpu=  0.0% rss=  29.6MB
[interval 49] t=1500.1s msgs=4500146 thr=   150005 msg/s  avg=  4.53 p50=4 p99=17 p999=30 max=118 ms  cpu=  0.0% rss=  29.6MB
[interval 50] t=1530.1s msgs=4500328 thr=   150010 msg/s  avg=  4.68 p50=4 p99=18 p999=62 max=218 ms  cpu=  0.0% rss=  29.6MB
[interval 51] t=1560.1s msgs=4500251 thr=   150008 msg/s  avg=  4.47 p50=4 p99=16 p999=27 max=57 ms  cpu=  0.0% rss=  29.6MB
[interval 52] t=1590.1s msgs=4500013 thr=   150000 msg/s  avg=  4.47 p50=4 p99=17 p999=29 max=56 ms  cpu=  0.0% rss=  29.6MB
[interval 53] t=1620.1s msgs=4500244 thr=   150008 msg/s  avg=  4.52 p50=4 p99=17 p999=29 max=53 ms  cpu=  0.0% rss=  29.6MB
[interval 54] t=1650.1s msgs=4500167 thr=   150005 msg/s  avg=  4.56 p50=4 p99=17 p999=32 max=68 ms  cpu=  0.0% rss=  29.6MB
[interval 55] t=1680.1s msgs=4500251 thr=   150008 msg/s  avg=  4.49 p50=4 p99=17 p999=28 max=55 ms  cpu=  0.0% rss=  29.6MB
[interval 56] t=1710.1s msgs=4500454 thr=   150015 msg/s  avg=  4.48 p50=4 p99=17 p999=31 max=103 ms  cpu=  0.0% rss=  29.6MB
[interval 57] t=1740.1s msgs=4500139 thr=   150004 msg/s  avg=  4.58 p50=4 p99=17 p999=30 max=106 ms  cpu=  0.0% rss=  29.6MB
[interval 58] t=1770.1s msgs=4500328 thr=   150011 msg/s  avg=  4.54 p50=4 p99=16 p999=29 max=122 ms  cpu=  0.0% rss=  29.6MB

Loop breakdown over 16580961 polls: poll().await=99.9%  per-record processing=0.1%  (avg 16 records/poll)
Records/poll distribution (non-empty polls, post-warmup): n=14632759 min=4 mean=18.5 p50=14 p99=84 max=500

======================================================================
SUMMARY — Rust Kafka Consumer (warmup 36000000 excluded)
======================================================================
Measured messages: 270000023
Duration:          1800.00 s
Throughput:        150000 msg/s  (146.48 MiB/s)
E2E latency (ms):  min=1 avg=4.55 stddev=2.97 p50=4 p90=6 p95=9 p99=17 p99.9=31 max=232
RSS (MB, current): avg=27.8 min=14.1 max=29.6
======================================================================

Results written to: consumer-perf/results/A-36p-rust-1781789200
