######## Java producer perf test (Apache Kafka client) ########
Producing messages at max rate for 3600 seconds
Running sync producer performance test java (kafka-clients)...
Key size: 0 bytes
Value size: 102400 bytes
Verify: false
Producer configuration:
  compression.type: none
  enable.idempotence: false
  acks: all
  batch.size: 1048576
  bootstrap.servers: pkc-devcoz07r9.us-east-1.aws.devel.cpdev.cloud:9092
  buffer.memory: 33554432
  key.serializer: org.apache.kafka.common.serialization.ByteArraySerializer
  security.protocol: SASL_SSL
  max.request.size: 8388608
  value.serializer: org.apache.kafka.common.serialization.ByteArraySerializer
  sasl.mechanism: PLAIN
  max.block.ms: 60000
  sasl.jaas.config: <hidden>
  max.in.flight.requests.per.connection: 5
  linger.ms: 5
[main] INFO org.apache.kafka.common.config.AbstractConfig - ProducerConfig values: 
	acks = -1
	batch.size = 1048576
	bootstrap.servers = [pkc-devcoz07r9.us-east-1.aws.devel.cpdev.cloud:9092]
	buffer.memory = 33554432
	client.dns.lookup = use_all_dns_ips
	client.id = producer-1
	compression.gzip.level = -1
	compression.lz4.level = 9
	compression.type = none
	compression.zstd.level = 3
	config.providers = []
	connections.max.idle.ms = 540000
	delivery.timeout.ms = 120000
	enable.idempotence = false
	enable.metrics.push = true
	interceptor.classes = []
	key.serializer = class org.apache.kafka.common.serialization.ByteArraySerializer
	linger.ms = 5
	max.block.ms = 60000
	max.in.flight.requests.per.connection = 5
	max.request.size = 8388608
	metadata.max.age.ms = 300000
	metadata.max.idle.ms = 300000
	metadata.recovery.rebootstrap.trigger.ms = 300000
	metadata.recovery.strategy = rebootstrap
	metric.reporters = [org.apache.kafka.common.metrics.JmxReporter]
	metrics.num.samples = 2
	metrics.recording.level = INFO
	metrics.sample.window.ms = 30000
	partitioner.adaptive.partitioning.enable = true
	partitioner.availability.timeout.ms = 0
	partitioner.class = null
	partitioner.ignore.keys = false
	receive.buffer.bytes = 32768
	reconnect.backoff.max.ms = 1000
	reconnect.backoff.ms = 50
	request.timeout.ms = 30000
	retries = 2147483647
	retry.backoff.max.ms = 1000
	retry.backoff.ms = 100
	sasl.client.callback.handler.class = null
	sasl.jaas.config = [hidden]
	sasl.kerberos.kinit.cmd = /usr/bin/kinit
	sasl.kerberos.min.time.before.relogin = 60000
	sasl.kerberos.service.name = null
	sasl.kerberos.ticket.renew.jitter = 0.05
	sasl.kerberos.ticket.renew.window.factor = 0.8
	sasl.login.callback.handler.class = null
	sasl.login.class = null
	sasl.login.connect.timeout.ms = null
	sasl.login.read.timeout.ms = null
	sasl.login.refresh.buffer.seconds = 300
	sasl.login.refresh.min.period.seconds = 60
	sasl.login.refresh.window.factor = 0.8
	sasl.login.refresh.window.jitter = 0.05
	sasl.login.retry.backoff.max.ms = 10000
	sasl.login.retry.backoff.ms = 100
	sasl.mechanism = PLAIN
	sasl.oauthbearer.assertion.algorithm = RS256
	sasl.oauthbearer.assertion.claim.aud = null
	sasl.oauthbearer.assertion.claim.exp.seconds = 300
	sasl.oauthbearer.assertion.claim.iss = null
	sasl.oauthbearer.assertion.claim.jti.include = false
	sasl.oauthbearer.assertion.claim.nbf.seconds = 60
	sasl.oauthbearer.assertion.claim.sub = null
	sasl.oauthbearer.assertion.file = null
	sasl.oauthbearer.assertion.private.key.file = null
	sasl.oauthbearer.assertion.private.key.passphrase = null
	sasl.oauthbearer.assertion.template.file = null
	sasl.oauthbearer.client.credentials.client.id = null
	sasl.oauthbearer.client.credentials.client.secret = null
	sasl.oauthbearer.clock.skew.seconds = 30
	sasl.oauthbearer.expected.audience = []
	sasl.oauthbearer.expected.issuer = null
	sasl.oauthbearer.header.urlencode = false
	sasl.oauthbearer.jwks.endpoint.refresh.ms = 3600000
	sasl.oauthbearer.jwks.endpoint.retry.backoff.max.ms = 10000
	sasl.oauthbearer.jwks.endpoint.retry.backoff.ms = 100
	sasl.oauthbearer.jwks.endpoint.url = null
	sasl.oauthbearer.jwt.retriever.class = class org.apache.kafka.common.security.oauthbearer.DefaultJwtRetriever
	sasl.oauthbearer.jwt.validator.class = class org.apache.kafka.common.security.oauthbearer.DefaultJwtValidator
	sasl.oauthbearer.scope = null
	sasl.oauthbearer.scope.claim.name = scope
	sasl.oauthbearer.sub.claim.name = sub
	sasl.oauthbearer.token.endpoint.url = null
	security.protocol = SASL_SSL
	security.providers = null
	send.buffer.bytes = 131072
	socket.connection.setup.timeout.max.ms = 30000
	socket.connection.setup.timeout.ms = 10000
	ssl.cipher.suites = []
	ssl.enabled.protocols = [TLSv1.2, TLSv1.3]
	ssl.endpoint.identification.algorithm = https
	ssl.engine.factory.class = null
	ssl.key.password = null
	ssl.keymanager.algorithm = SunX509
	ssl.keystore.certificate.chain = null
	ssl.keystore.key = null
	ssl.keystore.location = null
	ssl.keystore.password = null
	ssl.keystore.type = JKS
	ssl.protocol = TLSv1.3
	ssl.provider = null
	ssl.secure.random.implementation = null
	ssl.trustmanager.algorithm = PKIX
	ssl.truststore.certificates = null
	ssl.truststore.location = null
	ssl.truststore.password = null
	ssl.truststore.type = JKS
	transaction.timeout.ms = 60000
	transaction.two.phase.commit.enable = false
	transactional.id = null
	value.serializer = class org.apache.kafka.common.serialization.ByteArraySerializer

[main] INFO org.apache.kafka.common.telemetry.internals.KafkaMetricsCollector - initializing Kafka metrics collector
[main] INFO org.apache.kafka.common.security.authenticator.AbstractLogin - Successfully logged in.
[main] INFO org.apache.kafka.common.utils.AppInfoParser - Kafka version: 4.2.0
[main] INFO org.apache.kafka.common.utils.AppInfoParser - Kafka commitId: a18251bae0b825c6
[main] INFO org.apache.kafka.common.utils.AppInfoParser - Kafka startTimeMs: 1787395840719
Warming up for 300 seconds ...
[kafka-producer-network-thread | producer-1] INFO org.apache.kafka.clients.Metadata - [Producer clientId=producer-1] Cluster ID: lkc-devcw721kwg
[kafka-producer-network-thread | producer-1] INFO org.apache.kafka.common.telemetry.internals.ClientTelemetryReporter - Client telemetry registered with client instance id: VWLg16VLR82NZalh7VM6fw
Starting measured interval at 1787396140760 ms: 2026-08-22T10:55:40.760465782Z
Test duration reached, 3601.346882188 seconds. Interrupting...

Duration: 3601403 ms
Average CPU: 41.88 %
Average RSS: 3414290.73 KiB
CPU efficiency: 139.02 msg/(s * 1% CPU)
Memory efficiency: 0.00 msg/(s * KB RSS)
Average future queue size: 903.27
Max future queue size: 2369
Average rate msg/s: 5822.73 msg/s
Average rate MiB/s: 568.63 MiB/s
Average latency: 155.12 ms
Max latency: 526 ms
p99 latency: 298 ms
Results summary written to: results.json
[main] INFO org.apache.kafka.clients.producer.KafkaProducer - [Producer clientId=producer-1] Closing the Kafka producer with timeoutMillis = 9223372036854775807 ms.
[main] INFO org.apache.kafka.common.metrics.Metrics - Metrics scheduler closed
[main] INFO org.apache.kafka.common.metrics.Metrics - Closing reporter org.apache.kafka.common.metrics.JmxReporter
[main] INFO org.apache.kafka.common.metrics.Metrics - Closing reporter org.apache.kafka.common.telemetry.internals.ClientTelemetryReporter
[main] INFO org.apache.kafka.common.metrics.Metrics - Metrics reporters closed
[main] INFO org.apache.kafka.common.utils.AppInfoParser - App info kafka.producer for producer-1 unregistered
Performing garbage collection...
Waiting for final metrics collection...
Final CPU: 0.00 %
Final RSS: 549560.00 KiB
Done
Consumer verification skipped (VERIFY_CONSUMED=False)
######## Done: java. Metrics under /home/ubuntu/perf-test/results ########
