Java e2e: bootstrap=pkc-devcozvdmy.us-east-1.aws.devel.cpdev.cloud:9092 topic=cmp-bench-36p proto=consumer maxPoll=500 fetch.min=4MiB partFetch=4MiB crc=off dur=1800s warmup=36000000
subscribed; waiting for assignment/records...
warmup complete (36000000 msgs); measuring 1800s now
[interval 0] t=  30.0s msgs=4499961 thr=   149999 msg/s avg=  4.48 p50=4 p99=16 p999=30 max=228 ms rss=660.1MB
[interval 1] t=  60.0s msgs=4500252 thr=   150008 msg/s avg=  4.50 p50=4 p99=17 p999=30 max=62 ms rss=664.9MB
[interval 2] t=  90.0s msgs=4499887 thr=   149996 msg/s avg=  4.48 p50=4 p99=17 p999=32 max=116 ms rss=664.9MB
[interval 3] t= 120.0s msgs=4499953 thr=   149998 msg/s avg=  4.63 p50=4 p99=18 p999=50 max=153 ms rss=666.3MB
[interval 4] t= 150.0s msgs=4500111 thr=   150004 msg/s avg=  4.46 p50=4 p99=17 p999=30 max=109 ms rss=666.8MB
[interval 5] t= 180.0s msgs=4500041 thr=   150001 msg/s avg=  4.56 p50=4 p99=17 p999=31 max=60 ms rss=666.8MB
[interval 6] t= 210.0s msgs=4499894 thr=   149996 msg/s avg=  4.42 p50=4 p99=16 p999=28 max=109 ms rss=667.0MB
[interval 7] t= 240.0s msgs=4499999 thr=   150000 msg/s avg=  4.51 p50=4 p99=17 p999=34 max=67 ms rss=668.4MB
[interval 8] t= 270.0s msgs=4500006 thr=   150000 msg/s avg=  4.49 p50=4 p99=17 p999=29 max=101 ms rss=668.4MB
[interval 9] t= 300.0s msgs=4499978 thr=   149999 msg/s avg=  4.59 p50=4 p99=17 p999=30 max=56 ms rss=668.8MB
[interval 10] t= 330.0s msgs=4500055 thr=   150002 msg/s avg=  4.53 p50=4 p99=17 p999=30 max=118 ms rss=669.0MB
[interval 11] t= 360.0s msgs=4499982 thr=   149999 msg/s avg=  4.57 p50=4 p99=18 p999=33 max=112 ms rss=669.5MB
[interval 12] t= 390.0s msgs=4499922 thr=   149997 msg/s avg=  4.42 p50=4 p99=16 p999=31 max=83 ms rss=669.5MB
[interval 13] t= 420.0s msgs=4500083 thr=   150003 msg/s avg=  4.61 p50=4 p99=17 p999=41 max=133 ms rss=669.9MB
[interval 14] t= 450.0s msgs=4499880 thr=   149996 msg/s avg=  4.52 p50=4 p99=17 p999=33 max=116 ms rss=670.1MB
[interval 15] t= 480.0s msgs=4500139 thr=   150005 msg/s avg=  4.56 p50=4 p99=18 p999=34 max=75 ms rss=670.3MB
[interval 16] t= 510.0s msgs=4499929 thr=   149998 msg/s avg=  4.45 p50=4 p99=17 p999=29 max=108 ms rss=670.6MB
[interval 17] t= 540.0s msgs=4500146 thr=   150005 msg/s avg=  4.52 p50=4 p99=17 p999=29 max=54 ms rss=670.8MB
[interval 18] t= 570.0s msgs=4500048 thr=   150002 msg/s avg=  4.43 p50=4 p99=16 p999=29 max=107 ms rss=671.3MB
[interval 19] t= 600.0s msgs=4499705 thr=   149990 msg/s avg=  4.51 p50=4 p99=17 p999=30 max=62 ms rss=671.6MB
[interval 20] t= 630.0s msgs=4500118 thr=   150004 msg/s avg=  4.40 p50=4 p99=16 p999=30 max=105 ms rss=672.2MB
[interval 21] t= 660.0s msgs=4499866 thr=   149996 msg/s avg=  4.45 p50=4 p99=17 p999=30 max=138 ms rss=672.4MB
[interval 22] t= 690.0s msgs=4500209 thr=   150007 msg/s avg=  4.44 p50=4 p99=17 p999=33 max=100 ms rss=672.6MB
[interval 23] t= 720.0s msgs=4500069 thr=   150002 msg/s avg=  4.57 p50=4 p99=18 p999=46 max=130 ms rss=673.1MB
[interval 24] t= 750.0s msgs=4499761 thr=   149992 msg/s avg=  4.42 p50=4 p99=17 p999=31 max=119 ms rss=673.1MB
[interval 25] t= 780.0s msgs=4500055 thr=   150002 msg/s avg=  4.50 p50=4 p99=17 p999=31 max=72 ms rss=673.6MB
[interval 26] t= 810.0s msgs=4500055 thr=   150002 msg/s avg=  4.50 p50=4 p99=17 p999=31 max=112 ms rss=674.0MB
[interval 27] t= 840.0s msgs=4500132 thr=   150004 msg/s avg=  4.48 p50=4 p99=17 p999=32 max=67 ms rss=674.3MB
[interval 28] t= 870.0s msgs=4499999 thr=   150000 msg/s avg=  4.40 p50=4 p99=16 p999=28 max=101 ms rss=674.3MB
[interval 29] t= 900.0s msgs=4499712 thr=   149990 msg/s avg=  4.52 p50=4 p99=17 p999=32 max=96 ms rss=674.7MB
[interval 30] t= 930.0s msgs=4500223 thr=   150007 msg/s avg=  4.50 p50=4 p99=17 p999=31 max=108 ms rss=675.5MB
[interval 31] t= 960.0s msgs=4499768 thr=   149992 msg/s avg=  4.48 p50=4 p99=17 p999=32 max=75 ms rss=675.5MB
[interval 32] t= 990.0s msgs=4500020 thr=   150001 msg/s avg=  4.39 p50=4 p99=16 p999=30 max=122 ms rss=676.0MB
[interval 33] t=1020.0s msgs=4500139 thr=   150005 msg/s avg=  4.55 p50=4 p99=18 p999=50 max=152 ms rss=676.4MB
[interval 34] t=1050.0s msgs=4499943 thr=   149998 msg/s avg=  4.45 p50=4 p99=17 p999=31 max=56 ms rss=676.6MB
[interval 35] t=1080.0s msgs=4499887 thr=   149996 msg/s avg=  4.44 p50=4 p99=17 p999=30 max=56 ms rss=676.9MB
[interval 36] t=1110.0s msgs=4499957 thr=   149999 msg/s avg=  4.40 p50=4 p99=16 p999=29 max=111 ms rss=676.9MB
[interval 37] t=1140.0s msgs=4500181 thr=   150006 msg/s avg=  4.47 p50=4 p99=17 p999=32 max=97 ms rss=677.6MB
[interval 38] t=1170.0s msgs=4499733 thr=   149991 msg/s avg=  4.46 p50=4 p99=17 p999=31 max=118 ms rss=678.0MB
[interval 39] t=1200.0s msgs=4500405 thr=   150014 msg/s avg=  4.42 p50=4 p99=17 p999=30 max=65 ms rss=678.0MB
[interval 40] t=1230.0s msgs=4499971 thr=   149999 msg/s avg=  4.44 p50=4 p99=16 p999=28 max=126 ms rss=678.0MB
[interval 41] t=1260.0s msgs=4499936 thr=   149998 msg/s avg=  4.45 p50=4 p99=17 p999=30 max=65 ms rss=678.5MB
[interval 42] t=1290.0s msgs=4500027 thr=   150001 msg/s avg=  4.48 p50=4 p99=17 p999=32 max=115 ms rss=678.8MB
[interval 43] t=1320.0s msgs=4499915 thr=   149997 msg/s avg=  4.55 p50=4 p99=18 p999=41 max=134 ms rss=678.8MB
[interval 44] t=1350.0s msgs=4500111 thr=   150004 msg/s avg=  4.40 p50=4 p99=16 p999=31 max=134 ms rss=679.0MB
[interval 45] t=1380.0s msgs=4500006 thr=   150000 msg/s avg=  4.44 p50=4 p99=17 p999=31 max=58 ms rss=679.3MB
[interval 46] t=1410.0s msgs=4499985 thr=   150000 msg/s avg=  4.47 p50=4 p99=17 p999=29 max=58 ms rss=679.5MB
[interval 47] t=1440.0s msgs=4499978 thr=   149999 msg/s avg=  4.52 p50=4 p99=17 p999=33 max=58 ms rss=679.7MB
[interval 48] t=1470.0s msgs=4499999 thr=   150000 msg/s avg=  4.41 p50=4 p99=16 p999=30 max=111 ms rss=679.7MB
[interval 49] t=1500.0s msgs=4499999 thr=   150000 msg/s avg=  4.54 p50=4 p99=18 p999=34 max=61 ms rss=679.7MB
[interval 50] t=1530.0s msgs=4500055 thr=   150002 msg/s avg=  4.50 p50=4 p99=17 p999=30 max=122 ms rss=679.7MB
[interval 51] t=1560.0s msgs=4499838 thr=   149995 msg/s avg=  4.49 p50=4 p99=17 p999=32 max=109 ms rss=680.0MB
[interval 52] t=1590.0s msgs=4500223 thr=   150007 msg/s avg=  4.48 p50=4 p99=17 p999=30 max=101 ms rss=680.3MB
[interval 53] t=1620.0s msgs=4499803 thr=   149993 msg/s avg=  4.54 p50=4 p99=17 p999=43 max=152 ms rss=680.6MB
[interval 54] t=1650.0s msgs=4499985 thr=   150000 msg/s avg=  4.46 p50=4 p99=16 p999=28 max=119 ms rss=680.8MB
[interval 55] t=1680.0s msgs=4500132 thr=   150004 msg/s avg=  4.45 p50=4 p99=17 p999=32 max=78 ms rss=680.8MB
[interval 56] t=1710.0s msgs=4499971 thr=   149999 msg/s avg=  4.41 p50=4 p99=16 p999=30 max=102 ms rss=680.8MB
[interval 57] t=1740.0s msgs=4499992 thr=   150000 msg/s avg=  4.54 p50=4 p99=17 p999=34 max=65 ms rss=681.0MB
[interval 58] t=1770.0s msgs=4499866 thr=   149996 msg/s avg=  4.43 p50=4 p99=17 p999=30 max=104 ms rss=681.0MB
======================================================================
SUMMARY - Java kafka-clients (KIP-848=consumer, warmup 36000000 excluded)
Measured messages: 269999980
Duration:          1800.03 s
Throughput:        149997 msg/s  (292.96 MiB/s)
E2E latency (ms):  min=1 avg=4.48 stddev=2.94 p50=4 p90=6 p95=9 p99=17 p99.9=31 max=228
RSS (MB, current): avg=674.3 min=660.1 max=681.0 (59 samples)
{"client":"java","protocol":"consumer","messages":269999980,"duration_s":1800.03,"throughput_msg_s":149997.16,"throughput_mib_s":292.96,"lat_min_ms":1,"lat_avg_ms":4.48,"lat_stddev_ms":2.94,"lat_p50_ms":4,"lat_p90_ms":6,"lat_p95_ms":9,"lat_p99_ms":17,"lat_p999_ms":31,"lat_max_ms":228,"rss_avg_mb":674.3,"rss_min_mb":660.1,"rss_max_mb":681.0}
