======================================================================
Consumer E2E Latency Benchmark — Rust Kafka Consumer
======================================================================
Bootstrap:   pkc-devcozvdmy.us-east-1.aws.devel.cpdev.cloud:9092
Topic:       cmp-bench-36p
Group:       ld-rust-1781639754
Throughput:  50000 msg/s
Duration:    1800 s (after warmup)
Msg size:    1024 bytes
Warmup:      36000000 messages
Interval:    30 s
======================================================================
>>> Ensuring topic 'cmp-bench-36p' (8 partitions)...
    WARN: could not run /home/ec2-user/dev/opensource/kafka/bin/kafka-topics.sh: No such file or directory (os error 2) (continuing)
Offset reset: latest
Client config: loaded /home/ec2-user/bench/cc_bench.properties (SASL/SSL etc.)
Fetch config: fetch.min.bytes=default fetch.max.wait.ms=default max.partition.fetch.bytes=default fetch.max.bytes=default max.poll.records=default

>>> Subscribed; waiting for partition assignment (KIP-848 join)...
    assigned 36 partition(s) after 0.5s
>>> --no-produce: drive the producer externally now.

>>> Measuring (warmup 36000000 msgs, then 1800 s)...

>>> first records arrived 45.6s after producer start (after 92 polls)
    warmup complete (36000000 msgs); measuring now
[interval 0] t=  30.0s msgs=4499830 thr=   149994 msg/s  avg=  5.09 p50=4 p99=21 p999=53 max=246 ms  cpu=  0.0% rss=  31.3MB
[interval 1] t=  60.0s msgs=4500447 thr=   150015 msg/s  avg=  5.03 p50=4 p99=20 p999=90 max=245 ms  cpu=  0.0% rss=  31.3MB
[interval 2] t=  90.0s msgs=4499999 thr=   150000 msg/s  avg=  5.04 p50=4 p99=20 p999=88 max=244 ms  cpu=  0.0% rss=  31.4MB
[interval 3] t= 120.0s msgs=4500139 thr=   150005 msg/s  avg=  4.90 p50=4 p99=19 p999=44 max=255 ms  cpu=  0.0% rss=  31.4MB
[interval 4] t= 150.0s msgs=4500258 thr=   150008 msg/s  avg=  4.95 p50=4 p99=19 p999=50 max=241 ms  cpu=  0.0% rss=  35.8MB
[interval 5] t= 180.0s msgs=4500272 thr=   150009 msg/s  avg=  4.87 p50=4 p99=18 p999=33 max=85 ms  cpu=  0.0% rss=  40.1MB
[interval 6] t= 210.0s msgs=4500293 thr=   150010 msg/s  avg=  4.95 p50=4 p99=19 p999=40 max=242 ms  cpu=  0.0% rss=  40.1MB
[interval 7] t= 240.0s msgs=4500090 thr=   150003 msg/s  avg=  4.97 p50=4 p99=20 p999=52 max=243 ms  cpu=  0.0% rss=  40.1MB
[interval 8] t= 270.0s msgs=4500027 thr=   150001 msg/s  avg=  4.92 p50=4 p99=19 p999=36 max=236 ms  cpu=  0.0% rss=  40.1MB
[interval 9] t= 300.0s msgs=4500293 thr=   150009 msg/s  avg=  4.95 p50=4 p99=20 p999=38 max=247 ms  cpu=  0.0% rss=  40.1MB
[interval 10] t= 330.0s msgs=4500111 thr=   150004 msg/s  avg=  4.74 p50=4 p99=17 p999=31 max=96 ms  cpu=  0.0% rss=  40.1MB
[interval 11] t= 360.0s msgs=4500244 thr=   150008 msg/s  avg=  4.77 p50=4 p99=17 p999=31 max=62 ms  cpu=  0.0% rss=  40.1MB
[interval 12] t= 390.0s msgs=4500160 thr=   150005 msg/s  avg=  4.84 p50=4 p99=18 p999=42 max=163 ms  cpu=  0.0% rss=  40.1MB
[interval 13] t= 420.0s msgs=4500069 thr=   150002 msg/s  avg=  4.82 p50=4 p99=18 p999=32 max=243 ms  cpu=  0.0% rss=  40.1MB
[interval 14] t= 450.0s msgs=4500216 thr=   150007 msg/s  avg=  4.70 p50=4 p99=17 p999=31 max=239 ms  cpu=  0.0% rss=  40.1MB
[interval 15] t= 480.0s msgs=4500202 thr=   150006 msg/s  avg=  4.62 p50=4 p99=17 p999=30 max=66 ms  cpu=  0.0% rss=  40.1MB
[interval 16] t= 510.0s msgs=4500055 thr=   150001 msg/s  avg=  4.66 p50=4 p99=17 p999=31 max=58 ms  cpu=  0.0% rss=  40.4MB
[interval 17] t= 540.0s msgs=4500258 thr=   150008 msg/s  avg=  4.72 p50=4 p99=18 p999=31 max=58 ms  cpu=  0.0% rss=  35.9MB
[interval 18] t= 570.0s msgs=4500258 thr=   150008 msg/s  avg=  4.77 p50=4 p99=18 p999=33 max=107 ms  cpu=  0.0% rss=  35.9MB
[interval 19] t= 600.0s msgs=4499929 thr=   149997 msg/s  avg=  4.71 p50=4 p99=17 p999=31 max=229 ms  cpu=  0.0% rss=  35.9MB
[interval 20] t= 630.0s msgs=4500167 thr=   150006 msg/s  avg=  4.76 p50=4 p99=18 p999=32 max=116 ms  cpu=  0.0% rss=  35.9MB
[interval 21] t= 660.0s msgs=4500188 thr=   150006 msg/s  avg=  4.79 p50=4 p99=18 p999=33 max=108 ms  cpu=  0.0% rss=  35.9MB
[interval 22] t= 690.0s msgs=4500356 thr=   150012 msg/s  avg=  4.88 p50=4 p99=18 p999=56 max=148 ms  cpu=  0.0% rss=  35.9MB
[interval 23] t= 720.0s msgs=4500104 thr=   150003 msg/s  avg=  4.78 p50=4 p99=18 p999=32 max=59 ms  cpu=  0.0% rss=  40.2MB
[interval 24] t= 750.0s msgs=4500111 thr=   150004 msg/s  avg=  4.84 p50=4 p99=19 p999=38 max=98 ms  cpu=  0.0% rss=  40.2MB
[interval 25] t= 780.0s msgs=4500279 thr=   150009 msg/s  avg=  4.82 p50=4 p99=18 p999=32 max=87 ms  cpu=  0.0% rss=  40.2MB
[interval 26] t= 810.0s msgs=4500167 thr=   150005 msg/s  avg=  4.84 p50=4 p99=18 p999=33 max=226 ms  cpu=  0.0% rss=  40.2MB
[interval 27] t= 840.0s msgs=4500062 thr=   150001 msg/s  avg=  4.76 p50=4 p99=18 p999=32 max=243 ms  cpu=  0.0% rss=  40.2MB
[interval 28] t= 870.0s msgs=4500251 thr=   150008 msg/s  avg=  4.80 p50=4 p99=18 p999=34 max=246 ms  cpu=  0.0% rss=  40.2MB
[interval 29] t= 900.0s msgs=4500111 thr=   150003 msg/s  avg=  4.85 p50=4 p99=18 p999=33 max=244 ms  cpu=  0.0% rss=  40.2MB
[interval 30] t= 930.0s msgs=4499880 thr=   149996 msg/s  avg=  4.85 p50=4 p99=18 p999=34 max=131 ms  cpu=  0.0% rss=  40.2MB
[interval 31] t= 960.0s msgs=4500454 thr=   150015 msg/s  avg=  4.81 p50=4 p99=18 p999=34 max=238 ms  cpu=  0.0% rss=  40.2MB
[interval 32] t= 990.0s msgs=4500237 thr=   150008 msg/s  avg=  4.76 p50=4 p99=18 p999=46 max=141 ms  cpu=  0.0% rss=  40.2MB
[interval 33] t=1020.0s msgs=4500181 thr=   150005 msg/s  avg=  4.81 p50=4 p99=18 p999=35 max=229 ms  cpu=  0.0% rss=  40.2MB
[interval 34] t=1050.0s msgs=4500118 thr=   150003 msg/s  avg=  4.87 p50=4 p99=18 p999=32 max=98 ms  cpu=  0.0% rss=  40.2MB
[interval 35] t=1080.0s msgs=4500097 thr=   150003 msg/s  avg=  4.74 p50=4 p99=18 p999=32 max=236 ms  cpu=  0.0% rss=  40.2MB
[interval 36] t=1110.0s msgs=4500202 thr=   150006 msg/s  avg=  4.67 p50=4 p99=17 p999=28 max=101 ms  cpu=  0.0% rss=  40.2MB
[interval 37] t=1140.0s msgs=4500153 thr=   150005 msg/s  avg=  4.65 p50=4 p99=18 p999=32 max=56 ms  cpu=  0.0% rss=  40.2MB
[interval 38] t=1170.0s msgs=4499747 thr=   149991 msg/s  avg=  4.76 p50=4 p99=18 p999=34 max=230 ms  cpu=  0.0% rss=  40.2MB
[interval 39] t=1200.0s msgs=4500650 thr=   150021 msg/s  avg=  4.73 p50=4 p99=18 p999=34 max=233 ms  cpu=  0.0% rss=  35.9MB
[interval 40] t=1230.0s msgs=4500258 thr=   150008 msg/s  avg=  4.73 p50=4 p99=17 p999=29 max=129 ms  cpu=  0.0% rss=  35.9MB
[interval 41] t=1260.0s msgs=4500125 thr=   150004 msg/s  avg=  4.71 p50=4 p99=17 p999=33 max=222 ms  cpu=  0.0% rss=  35.9MB
[interval 42] t=1290.1s msgs=4500167 thr=   150004 msg/s  avg=  4.84 p50=4 p99=19 p999=46 max=233 ms  cpu=  0.0% rss=  40.3MB
[interval 43] t=1320.1s msgs=4500153 thr=   150005 msg/s  avg=  4.69 p50=4 p99=18 p999=31 max=73 ms  cpu=  0.0% rss=  40.3MB
[interval 44] t=1350.1s msgs=4500370 thr=   150012 msg/s  avg=  4.78 p50=4 p99=18 p999=34 max=232 ms  cpu=  0.0% rss=  40.3MB
[interval 45] t=1380.1s msgs=4500251 thr=   150008 msg/s  avg=  4.68 p50=4 p99=17 p999=31 max=61 ms  cpu=  0.0% rss=  40.3MB
[interval 46] t=1410.1s msgs=4499964 thr=   149998 msg/s  avg=  4.92 p50=4 p99=18 p999=32 max=114 ms  cpu=  0.0% rss=  40.3MB
[interval 47] t=1440.1s msgs=4500349 thr=   150011 msg/s  avg=  4.83 p50=4 p99=17 p999=32 max=133 ms  cpu=  0.0% rss=  40.3MB
[interval 48] t=1470.1s msgs=4500090 thr=   150002 msg/s  avg=  4.81 p50=4 p99=18 p999=34 max=233 ms  cpu=  0.0% rss=  40.3MB
[interval 49] t=1500.1s msgs=4500202 thr=   150007 msg/s  avg=  4.70 p50=4 p99=17 p999=29 max=55 ms  cpu=  0.0% rss=  40.3MB
[interval 50] t=1530.1s msgs=4500055 thr=   150002 msg/s  avg=  4.78 p50=4 p99=18 p999=31 max=107 ms  cpu=  0.0% rss=  40.3MB
[interval 51] t=1560.1s msgs=4500230 thr=   150007 msg/s  avg=  4.80 p50=4 p99=18 p999=32 max=58 ms  cpu=  0.0% rss=  40.3MB
[interval 52] t=1590.1s msgs=4500202 thr=   150006 msg/s  avg=  4.88 p50=4 p99=18 p999=53 max=147 ms  cpu=  0.0% rss=  40.3MB
[interval 53] t=1620.1s msgs=4500111 thr=   150003 msg/s  avg=  4.70 p50=4 p99=17 p999=30 max=57 ms  cpu=  0.0% rss=  40.3MB
[interval 54] t=1650.1s msgs=4500307 thr=   150010 msg/s  avg=  4.79 p50=4 p99=18 p999=31 max=110 ms  cpu=  0.0% rss=  35.9MB
[interval 55] t=1680.1s msgs=4500146 thr=   150004 msg/s  avg=  4.70 p50=4 p99=18 p999=34 max=77 ms  cpu=  0.0% rss=  35.9MB
[interval 56] t=1710.1s msgs=4499754 thr=   149992 msg/s  avg=  4.79 p50=4 p99=18 p999=35 max=242 ms  cpu=  0.0% rss=  35.9MB
[interval 57] t=1740.1s msgs=4500615 thr=   150019 msg/s  avg=  4.75 p50=4 p99=17 p999=31 max=245 ms  cpu=  0.0% rss=  35.9MB
[interval 58] t=1770.1s msgs=4500090 thr=   150003 msg/s  avg=  4.88 p50=4 p99=18 p999=34 max=110 ms  cpu=  0.0% rss=  35.9MB

Loop breakdown over 16160109 polls: poll().await=99.9%  per-record processing=0.1%  (avg 17 records/poll)
Records/poll distribution (non-empty polls, post-warmup): n=14312240 min=4 mean=18.9 p50=14 p99=84 max=500

======================================================================
SUMMARY — Rust Kafka Consumer (warmup 36000000 excluded)
======================================================================
Measured messages: 269999904
Duration:          1800.00 s
Throughput:        150000 msg/s  (146.48 MiB/s)
E2E latency (ms):  min=1 avg=4.80 stddev=3.68 p50=4 p90=7 p95=10 p99=18 p99.9=35 max=255
RSS (MB, current): avg=38.5 min=31.3 max=40.4
======================================================================

Results written to: consumer-perf/results/ld-rust-1781639754
