======================================================================
Consumer E2E Latency Benchmark - librdkafka (native C)
======================================================================
Bootstrap:   pkc-devcozvdmy.us-east-1.aws.devel.cpdev.cloud:9092
Topic:       cmp-bench-36p
Group:       ld-repo-1781641847
Throughput:  300000 msg/s
Duration:    1800 s (after warmup)
Msg size:    1024 bytes
Warmup:      36000000 messages
Interval:    30 s
rdkafka ver: 2.13.0
======================================================================

>>> Subscribed; waiting for partition assignment (group.protocol=consumer)...
%6|1781641848.129|GETSUBSCRIPTIONS|librdkafka-perf-c#consumer-1| [thrd:main]: Telemetry client instance id changed from AAAAAAAAAAAAAAAAAAAAAA to WowlopsSSfOzQTMGoaViRA
    assigned 36 partition(s)
    assigned after 1.0s
>>> Settling to the live edge (polling until empty) before producer...
    at live edge; starting producer now.

>>> Measuring (warmup 36000000 msgs, then 1800 s)...

>>> first records arrived 44.3s after producer start
    warmup complete (36000000 msgs); measuring now
[interval 0] t=  30.0s msgs=4499950 thr=   149998 msg/s  avg=  4.20 p50=4 p99=16 p999=30 max=234 ms  cpu= 72.5% rss=  46.6MB
[interval 1] t=  60.0s msgs=4500118 thr=   150004 msg/s  avg=  4.22 p50=4 p99=17 p999=30 max=103 ms  cpu= 84.6% rss=  51.0MB
[interval 2] t=  90.0s msgs=4500153 thr=   150005 msg/s  avg=  4.26 p50=4 p99=17 p999=42 max=219 ms  cpu= 84.7% rss=  52.6MB
[interval 3] t= 120.0s msgs=4499803 thr=   149993 msg/s  avg=  4.14 p50=4 p99=16 p999=28 max=56 ms  cpu= 85.0% rss=  52.6MB
[interval 4] t= 150.0s msgs=4500237 thr=   150008 msg/s  avg=  4.14 p50=4 p99=16 p999=28 max=118 ms  cpu= 84.9% rss=  52.6MB
[interval 5] t= 180.0s msgs=4499537 thr=   149984 msg/s  avg=  4.19 p50=4 p99=17 p999=30 max=52 ms  cpu= 85.2% rss=  52.6MB
[interval 6] t= 210.0s msgs=4500594 thr=   150019 msg/s  avg=  4.10 p50=4 p99=16 p999=28 max=56 ms  cpu= 84.9% rss=  52.6MB
[interval 7] t= 240.0s msgs=4500006 thr=   150000 msg/s  avg=  4.14 p50=4 p99=16 p999=29 max=111 ms  cpu= 84.8% rss=  52.6MB
[interval 8] t= 270.0s msgs=4500055 thr=   150001 msg/s  avg=  4.13 p50=4 p99=16 p999=28 max=60 ms  cpu= 84.5% rss=  52.6MB
[interval 9] t= 300.0s msgs=4499971 thr=   149999 msg/s  avg=  4.21 p50=4 p99=17 p999=30 max=59 ms  cpu= 84.9% rss=  52.6MB
[interval 10] t= 330.0s msgs=4500041 thr=   150000 msg/s  avg=  4.17 p50=4 p99=16 p999=29 max=101 ms  cpu= 84.6% rss=  52.8MB
[interval 11] t= 360.0s msgs=4500020 thr=   150000 msg/s  avg=  4.14 p50=4 p99=16 p999=29 max=62 ms  cpu= 85.1% rss=  52.8MB
[interval 12] t= 390.0s msgs=4500153 thr=   150004 msg/s  avg=  4.24 p50=4 p99=17 p999=42 max=227 ms  cpu= 85.0% rss=  53.9MB
[interval 13] t= 420.0s msgs=4500027 thr=   150001 msg/s  avg=  4.18 p50=4 p99=17 p999=32 max=76 ms  cpu= 84.7% rss=  53.9MB
[interval 14] t= 450.0s msgs=4499929 thr=   149997 msg/s  avg=  4.10 p50=4 p99=16 p999=28 max=107 ms  cpu= 85.1% rss=  53.9MB
[interval 15] t= 480.0s msgs=4499831 thr=   149994 msg/s  avg=  4.10 p50=4 p99=16 p999=30 max=54 ms  cpu= 84.5% rss=  53.9MB
[interval 16] t= 510.0s msgs=4500230 thr=   150008 msg/s  avg=  4.15 p50=4 p99=16 p999=29 max=221 ms  cpu= 84.6% rss=  53.9MB
[interval 17] t= 540.0s msgs=4500153 thr=   150005 msg/s  avg=  4.15 p50=4 p99=16 p999=29 max=63 ms  cpu= 84.8% rss=  53.9MB
[interval 18] t= 570.0s msgs=4499936 thr=   149998 msg/s  avg=  4.10 p50=4 p99=16 p999=28 max=103 ms  cpu= 85.2% rss=  53.9MB
[interval 19] t= 600.0s msgs=4499992 thr=   150000 msg/s  avg=  4.16 p50=4 p99=16 p999=28 max=48 ms  cpu= 85.1% rss=  53.9MB
[interval 20] t= 630.0s msgs=4500048 thr=   150001 msg/s  avg=  4.13 p50=4 p99=16 p999=30 max=115 ms  cpu= 85.2% rss=  53.9MB
[interval 21] t= 660.0s msgs=4500146 thr=   150004 msg/s  avg=  4.17 p50=4 p99=16 p999=29 max=63 ms  cpu= 84.9% rss=  53.9MB
[interval 22] t= 690.0s msgs=4499824 thr=   149994 msg/s  avg=  4.31 p50=4 p99=18 p999=60 max=214 ms  cpu= 84.3% rss=  54.6MB
[interval 23] t= 720.0s msgs=4500210 thr=   150007 msg/s  avg=  4.10 p50=4 p99=16 p999=27 max=49 ms  cpu= 85.1% rss=  54.6MB
[interval 24] t= 750.0s msgs=4500040 thr=   150001 msg/s  avg=  4.12 p50=4 p99=16 p999=28 max=115 ms  cpu= 85.4% rss=  54.6MB
[interval 25] t= 780.0s msgs=4499817 thr=   149993 msg/s  avg=  4.17 p50=4 p99=17 p999=33 max=213 ms  cpu= 85.1% rss=  54.6MB
[interval 26] t= 810.0s msgs=4500167 thr=   150006 msg/s  avg=  4.18 p50=4 p99=16 p999=32 max=228 ms  cpu= 84.8% rss=  54.9MB
[interval 27] t= 840.0s msgs=4500055 thr=   150001 msg/s  avg=  4.12 p50=4 p99=16 p999=32 max=76 ms  cpu= 84.9% rss=  55.1MB
[interval 28] t= 870.0s msgs=4500048 thr=   150001 msg/s  avg=  4.13 p50=4 p99=16 p999=29 max=106 ms  cpu= 84.7% rss=  55.1MB
[interval 29] t= 900.0s msgs=4500006 thr=   150000 msg/s  avg=  4.18 p50=4 p99=17 p999=30 max=123 ms  cpu= 84.6% rss=  55.1MB
[interval 30] t= 930.0s msgs=4500013 thr=   150000 msg/s  avg=  4.18 p50=4 p99=16 p999=29 max=115 ms  cpu= 84.8% rss=  55.1MB
[interval 31] t= 960.0s msgs=4500071 thr=   150002 msg/s  avg=  4.18 p50=4 p99=17 p999=31 max=65 ms  cpu= 84.9% rss=  55.1MB
[interval 32] t= 990.0s msgs=4500053 thr=   150001 msg/s  avg=  4.22 p50=4 p99=17 p999=41 max=136 ms  cpu= 84.9% rss=  55.1MB
[interval 33] t=1020.0s msgs=4500034 thr=   150000 msg/s  avg=  4.14 p50=4 p99=16 p999=30 max=62 ms  cpu= 85.0% rss=  55.1MB
[interval 34] t=1050.0s msgs=4499943 thr=   149998 msg/s  avg=  4.17 p50=4 p99=16 p999=29 max=102 ms  cpu= 84.5% rss=  55.1MB
[interval 35] t=1080.0s msgs=4500139 thr=   150005 msg/s  avg=  4.13 p50=4 p99=16 p999=29 max=67 ms  cpu= 85.1% rss=  55.1MB
[interval 36] t=1110.0s msgs=4499936 thr=   149997 msg/s  avg=  4.14 p50=4 p99=16 p999=31 max=209 ms  cpu= 84.9% rss=  55.1MB
[interval 37] t=1140.0s msgs=4500090 thr=   150003 msg/s  avg=  4.14 p50=4 p99=16 p999=30 max=78 ms  cpu= 85.1% rss=  55.1MB
[interval 38] t=1170.0s msgs=4500155 thr=   150003 msg/s  avg=  4.16 p50=4 p99=16 p999=29 max=117 ms  cpu= 84.7% rss=  55.1MB
[interval 39] t=1200.0s msgs=4499978 thr=   149999 msg/s  avg=  4.14 p50=4 p99=16 p999=27 max=54 ms  cpu= 84.7% rss=  55.1MB
[interval 40] t=1230.0s msgs=4499985 thr=   149999 msg/s  avg=  4.12 p50=4 p99=16 p999=29 max=100 ms  cpu= 84.9% rss=  55.1MB
[interval 41] t=1260.0s msgs=4500055 thr=   150001 msg/s  avg=  4.14 p50=4 p99=16 p999=30 max=56 ms  cpu= 85.2% rss=  55.1MB
[interval 42] t=1290.0s msgs=4500182 thr=   150006 msg/s  avg=  4.30 p50=4 p99=17 p999=42 max=135 ms  cpu= 84.7% rss=  55.1MB
[interval 43] t=1320.0s msgs=4500012 thr=   150000 msg/s  avg=  4.15 p50=4 p99=16 p999=32 max=94 ms  cpu= 85.0% rss=  55.1MB
[interval 44] t=1350.0s msgs=4499936 thr=   149997 msg/s  avg=  4.17 p50=4 p99=16 p999=31 max=110 ms  cpu= 84.7% rss=  55.4MB
[interval 45] t=1380.0s msgs=4500160 thr=   150004 msg/s  avg=  4.13 p50=4 p99=16 p999=29 max=74 ms  cpu= 84.9% rss=  55.4MB
[interval 46] t=1410.0s msgs=4500020 thr=   149999 msg/s  avg=  4.17 p50=4 p99=16 p999=29 max=59 ms  cpu= 84.8% rss=  55.4MB
[interval 47] t=1440.0s msgs=4500090 thr=   150003 msg/s  avg=  4.10 p50=4 p99=16 p999=31 max=87 ms  cpu= 85.2% rss=  55.7MB
[interval 48] t=1470.0s msgs=4500027 thr=   150001 msg/s  avg=  4.13 p50=4 p99=16 p999=29 max=115 ms  cpu= 84.8% rss=  55.7MB
[interval 49] t=1500.0s msgs=4500076 thr=   150002 msg/s  avg=  4.14 p50=4 p99=16 p999=30 max=230 ms  cpu= 85.0% rss=  55.7MB
[interval 50] t=1530.0s msgs=4499824 thr=   149994 msg/s  avg=  4.19 p50=4 p99=16 p999=30 max=111 ms  cpu= 84.7% rss=  55.7MB
[interval 51] t=1560.0s msgs=4499964 thr=   149999 msg/s  avg=  4.20 p50=4 p99=17 p999=31 max=100 ms  cpu= 85.1% rss=  55.7MB
[interval 52] t=1590.0s msgs=4500230 thr=   150006 msg/s  avg=  4.27 p50=4 p99=17 p999=49 max=135 ms  cpu= 85.1% rss=  55.9MB
[interval 53] t=1620.0s msgs=4499957 thr=   149999 msg/s  avg=  4.18 p50=4 p99=16 p999=29 max=58 ms  cpu= 85.3% rss=  55.9MB
[interval 54] t=1650.0s msgs=4500048 thr=   150001 msg/s  avg=  4.28 p50=4 p99=17 p999=32 max=220 ms  cpu= 85.3% rss=  55.9MB
[interval 55] t=1680.0s msgs=4500034 thr=   150000 msg/s  avg=  4.22 p50=4 p99=17 p999=30 max=56 ms  cpu= 85.0% rss=  55.9MB
[interval 56] t=1710.0s msgs=4500147 thr=   150004 msg/s  avg=  4.19 p50=4 p99=16 p999=28 max=108 ms  cpu= 85.2% rss=  55.9MB
[interval 57] t=1740.0s msgs=4499950 thr=   149998 msg/s  avg=  4.19 p50=4 p99=16 p999=29 max=73 ms  cpu= 85.2% rss=  55.9MB
[interval 58] t=1770.0s msgs=4500097 thr=   150003 msg/s  avg=  4.28 p50=4 p99=16 p999=30 max=110 ms  cpu= 84.7% rss=  55.9MB

======================================================================
SUMMARY - librdkafka-c (warmup 36000000 excluded, group.protocol=consumer)
======================================================================
Measured messages: 269999922
Duration:          1800.00 s
Throughput:        150000 msg/s  (146.48 MiB/s)
Batch consume:     max_poll_records=500, 305999922 non-empty batches, 305999922 records, avg 1.0 records/batch
Records/batch dist (post-warmup): n=269999922 min=1 mean=1.0 p50=1 p99=1 max=1
E2E latency (ms):  min=1 avg=4.17 stddev=2.92 p50=4 p90=6 p95=8 p99=16 p99.9=30 max=234
RSS (MB, current):  avg=54.4 min=46.6 max=55.9 (59 samples)
======================================================================

Results written to: /home/ec2-user/bench/ld36_repo/ld-repo-1781641847
