======================================================================
Consumer E2E Latency Benchmark - librdkafka (native C)
======================================================================
Bootstrap:   pkc-devcozvdmy.us-east-1.aws.devel.cpdev.cloud:9092
Topic:       cmp-bench-36p
Group:       CRC-300mbs-rdk-1781822445
Throughput:  300000 msg/s
Duration:    900 s (after warmup)
Msg size:    1024 bytes
Warmup:      36000000 messages
Interval:    30 s
rdkafka ver: 2.13.0
======================================================================

>>> Subscribed; waiting for partition assignment (group.protocol=consumer)...
%6|1781822445.974|GETSUBSCRIPTIONS|librdkafka-perf-c#consumer-1| [thrd:main]: Telemetry client instance id changed from AAAAAAAAAAAAAAAAAAAAAA to Sln13viKQu2ABa9jfO7bNw
    assigned 36 partition(s)
    assigned after 1.0s
>>> Settling to the live edge (polling until empty) before producer...
    at live edge; starting producer now.

>>> Measuring (warmup 36000000 msgs, then 900 s)...

>>> first records arrived 44.3s after producer start
    warmup complete (36000000 msgs); measuring now
[interval 0] t=  30.0s msgs=4498907 thr=   149964 msg/s  avg=  4.00 p50=3 p99=16 p999=29 max=57 ms  cpu= 88.5% rss=  34.2MB
[interval 1] t=  60.0s msgs=4501123 thr=   150037 msg/s  avg=  3.99 p50=3 p99=16 p999=27 max=113 ms  cpu=103.5% rss=  39.4MB
[interval 2] t=  90.0s msgs=4498350 thr=   149945 msg/s  avg=  4.10 p50=3 p99=17 p999=51 max=161 ms  cpu=103.3% rss=  43.3MB
[interval 3] t= 120.0s msgs=4501910 thr=   150063 msg/s  avg=  4.07 p50=3 p99=17 p999=33 max=56 ms  cpu=103.5% rss=  43.3MB
[interval 4] t= 150.0s msgs=4499810 thr=   149993 msg/s  avg=  4.00 p50=3 p99=16 p999=28 max=59 ms  cpu=103.5% rss=  43.3MB
[interval 5] t= 180.0s msgs=4500213 thr=   150007 msg/s  avg=  4.05 p50=4 p99=16 p999=32 max=112 ms  cpu=103.7% rss=  43.8MB
[interval 6] t= 210.0s msgs=4500030 thr=   150001 msg/s  avg=  4.08 p50=4 p99=16 p999=31 max=235 ms  cpu=103.9% rss=  44.6MB
[interval 7] t= 240.0s msgs=4500286 thr=   150009 msg/s  avg=  4.07 p50=4 p99=16 p999=29 max=210 ms  cpu=103.2% rss=  44.6MB
[interval 8] t= 270.0s msgs=4499733 thr=   149991 msg/s  avg=  4.17 p50=4 p99=16 p999=31 max=105 ms  cpu=102.0% rss=  44.8MB
[interval 9] t= 300.0s msgs=4500363 thr=   150012 msg/s  avg=  4.05 p50=4 p99=16 p999=28 max=63 ms  cpu=104.0% rss=  45.1MB
[interval 10] t= 330.0s msgs=4473147 thr=   149104 msg/s  avg=  4.02 p50=3 p99=16 p999=28 max=60 ms  cpu=103.2% rss=  45.1MB
[interval 11] t= 360.0s msgs=4526564 thr=   150885 msg/s  avg=  4.23 p50=4 p99=17 p999=31 max=113 ms  cpu=102.7% rss=  45.3MB
[interval 12] t= 390.0s msgs=4500132 thr=   150004 msg/s  avg=  4.13 p50=4 p99=17 p999=38 max=132 ms  cpu=103.8% rss=  46.6MB
[interval 13] t= 420.0s msgs=4496513 thr=   149884 msg/s  avg=  4.11 p50=4 p99=16 p999=29 max=107 ms  cpu=102.1% rss=  46.6MB
[interval 14] t= 450.0s msgs=4503450 thr=   150114 msg/s  avg=  4.02 p50=3 p99=15 p999=29 max=59 ms  cpu=103.6% rss=  46.9MB
[interval 15] t= 480.0s msgs=4498956 thr=   149965 msg/s  avg=  4.23 p50=4 p99=17 p999=32 max=114 ms  cpu=102.5% rss=  47.9MB
[interval 16] t= 510.0s msgs=4458244 thr=   148608 msg/s  avg=  3.97 p50=3 p99=15 p999=27 max=103 ms  cpu=102.5% rss=  47.9MB
[interval 17] t= 540.0s msgs=4543070 thr=   151435 msg/s  avg=  4.01 p50=3 p99=15 p999=29 max=59 ms  cpu=104.9% rss=  47.9MB
[interval 18] t= 570.0s msgs=4499663 thr=   149989 msg/s  avg=  4.01 p50=3 p99=16 p999=27 max=55 ms  cpu=103.5% rss=  47.9MB
[interval 19] t= 600.0s msgs=4500559 thr=   150019 msg/s  avg=  4.07 p50=4 p99=16 p999=30 max=105 ms  cpu=103.4% rss=  47.9MB
[interval 20] t= 630.0s msgs=4498746 thr=   149958 msg/s  avg=  4.20 p50=4 p99=16 p999=29 max=55 ms  cpu=102.0% rss=  47.9MB
[interval 21] t= 660.0s msgs=4490731 thr=   149690 msg/s  avg=  4.04 p50=3 p99=16 p999=29 max=116 ms  cpu=103.4% rss=  47.9MB
[interval 22] t= 690.0s msgs=4510387 thr=   150346 msg/s  avg=  4.13 p50=3 p99=17 p999=50 max=129 ms  cpu=104.3% rss=  50.7MB
[interval 23] t= 720.0s msgs=4486419 thr=   149547 msg/s  avg=  4.02 p50=3 p99=16 p999=28 max=110 ms  cpu=103.8% rss=  51.0MB
[interval 24] t= 750.0s msgs=4484200 thr=   149473 msg/s  avg=  3.93 p50=3 p99=15 p999=26 max=54 ms  cpu=102.9% rss=  51.0MB
[interval 25] t= 780.0s msgs=4529623 thr=   150987 msg/s  avg=  4.05 p50=4 p99=16 p999=29 max=110 ms  cpu=104.5% rss=  51.0MB
[interval 26] t= 810.0s msgs=4486428 thr=   149548 msg/s  avg=  3.99 p50=3 p99=16 p999=29 max=58 ms  cpu=103.7% rss=  51.0MB
[interval 27] t= 840.0s msgs=4478447 thr=   149282 msg/s  avg=  3.98 p50=3 p99=15 p999=27 max=114 ms  cpu=103.0% rss=  51.3MB
[interval 28] t= 870.0s msgs=4478359 thr=   149279 msg/s  avg=  3.95 p50=3 p99=16 p999=29 max=115 ms  cpu=102.7% rss=  51.8MB

======================================================================
SUMMARY - librdkafka-c (warmup 36000000 excluded, group.protocol=consumer)
======================================================================
Measured messages: 134994391
Duration:          900.00 s
Throughput:        149994 msg/s  (146.48 MiB/s)
Batch consume:     max_poll_records=500, 170994391 non-empty batches, 170994391 records, avg 1.0 records/batch
Records/batch dist (post-warmup): n=134994391 min=1 mean=1.0 p50=1 p99=1 max=1
E2E latency (ms):  min=1 avg=4.06 stddev=2.84 p50=3 p90=6 p95=8 p99=16 p99.9=30 max=235
RSS (MB, current):  avg=46.5 min=34.2 max=51.8 (29 samples)
======================================================================

Results written to: /home/ec2-user/bench/crcbatch/CRC-300mbs_rdk_res/CRC-300mbs-rdk-1781822445
