Java e2e: bootstrap=pkc-devcozvdmy.us-east-1.aws.devel.cpdev.cloud:9092 topic=cmp-bench-36p proto=consumer maxPoll=500 fetch.min=4MiB partFetch=4MiB crc=off dur=900s warmup=6000000
subscribed; waiting for assignment/records...
warmup complete (6000000 msgs); measuring 900s now
[interval 0] t=  30.0s msgs= 750002 thr=    25000 msg/s avg=  3.32 p50=3 p99=11 p999=26 max=41 ms rss=637.4MB
[interval 1] t=  60.0s msgs= 750001 thr=    25000 msg/s avg=  3.30 p50=3 p99=12 p999=28 max=51 ms rss=642.1MB
[interval 2] t=  90.0s msgs= 750022 thr=    25001 msg/s avg=  3.33 p50=3 p99=12 p999=28 max=84 ms rss=642.2MB
[interval 3] t= 120.0s msgs= 750057 thr=    25002 msg/s avg=  3.27 p50=3 p99=11 p999=25 max=45 ms rss=642.4MB
[interval 4] t= 150.0s msgs= 750008 thr=    25000 msg/s avg=  3.32 p50=3 p99=12 p999=27 max=116 ms rss=643.9MB
[interval 5] t= 180.0s msgs= 750022 thr=    25001 msg/s avg=  3.28 p50=3 p99=11 p999=26 max=43 ms rss=644.2MB
[interval 6] t= 210.0s msgs= 749966 thr=    24999 msg/s avg=  3.41 p50=3 p99=13 p999=51 max=128 ms rss=644.4MB
[interval 7] t= 240.0s msgs= 750008 thr=    25000 msg/s avg=  3.28 p50=3 p99=11 p999=25 max=44 ms rss=644.5MB
[interval 8] t= 270.0s msgs= 750022 thr=    25001 msg/s avg=  3.28 p50=3 p99=11 p999=24 max=52 ms rss=644.5MB
[interval 9] t= 300.0s msgs= 750029 thr=    25001 msg/s avg=  3.26 p50=3 p99=11 p999=25 max=41 ms rss=644.7MB
[interval 10] t= 330.0s msgs= 749994 thr=    25000 msg/s avg=  3.30 p50=3 p99=11 p999=26 max=40 ms rss=644.7MB
[interval 11] t= 360.0s msgs= 750022 thr=    25001 msg/s avg=  3.29 p50=3 p99=11 p999=27 max=231 ms rss=644.8MB
[interval 12] t= 390.0s msgs= 749994 thr=    25000 msg/s avg=  3.43 p50=3 p99=12 p999=34 max=237 ms rss=644.8MB
[interval 13] t= 420.0s msgs= 750022 thr=    25001 msg/s avg=  3.29 p50=3 p99=11 p999=26 max=227 ms rss=644.9MB
[interval 14] t= 450.0s msgs= 750001 thr=    25000 msg/s avg=  3.31 p50=3 p99=11 p999=25 max=74 ms rss=645.1MB
[interval 15] t= 480.0s msgs= 750001 thr=    25000 msg/s avg=  3.28 p50=3 p99=11 p999=26 max=43 ms rss=645.3MB
[interval 16] t= 510.0s msgs= 750015 thr=    25001 msg/s avg=  3.42 p50=3 p99=12 p999=58 max=237 ms rss=645.5MB
[interval 17] t= 540.0s msgs= 749980 thr=    24999 msg/s avg=  3.29 p50=3 p99=11 p999=25 max=237 ms rss=645.6MB
[interval 18] t= 570.0s msgs= 750043 thr=    25001 msg/s avg=  3.29 p50=3 p99=11 p999=26 max=84 ms rss=645.6MB
[interval 19] t= 600.0s msgs= 749966 thr=    24999 msg/s avg=  3.26 p50=3 p99=11 p999=25 max=50 ms rss=645.6MB
[interval 20] t= 630.0s msgs= 750015 thr=    25001 msg/s avg=  3.29 p50=3 p99=11 p999=27 max=67 ms rss=645.6MB
[interval 21] t= 660.0s msgs= 750001 thr=    25000 msg/s avg=  3.31 p50=3 p99=12 p999=27 max=178 ms rss=645.6MB
[interval 22] t= 690.0s msgs= 750043 thr=    25001 msg/s avg=  3.29 p50=3 p99=11 p999=27 max=100 ms rss=645.6MB
[interval 23] t= 720.0s msgs= 750001 thr=    25000 msg/s avg=  3.28 p50=3 p99=11 p999=26 max=52 ms rss=645.6MB
[interval 24] t= 750.0s msgs= 750015 thr=    25001 msg/s avg=  3.28 p50=3 p99=11 p999=25 max=98 ms rss=645.6MB
[interval 25] t= 780.0s msgs= 750029 thr=    25001 msg/s avg=  3.24 p50=3 p99=11 p999=24 max=44 ms rss=645.9MB
[interval 26] t= 810.0s msgs= 749994 thr=    25000 msg/s avg=  3.40 p50=3 p99=12 p999=50 max=123 ms rss=646.0MB
[interval 27] t= 840.0s msgs= 750029 thr=    25001 msg/s avg=  3.27 p50=3 p99=11 p999=25 max=45 ms rss=646.0MB
[interval 28] t= 870.0s msgs= 749973 thr=    24999 msg/s avg=  3.28 p50=3 p99=11 p999=24 max=44 ms rss=646.2MB
======================================================================
SUMMARY - Java kafka-clients (KIP-848=consumer, warmup 6000000 excluded)
Measured messages: 22500003
Duration:          900.11 s
Throughput:        24997 msg/s  (48.82 MiB/s)
E2E latency (ms):  min=1 avg=3.31 stddev=2.43 p50=3 p90=4 p95=5 p99=11 p99.9=27 max=237
RSS (MB, current): avg=644.6 min=637.4 max=646.2 (29 samples)
{"client":"java","protocol":"consumer","messages":22500003,"duration_s":900.11,"throughput_msg_s":24996.89,"throughput_mib_s":48.82,"lat_min_ms":1,"lat_avg_ms":3.31,"lat_stddev_ms":2.43,"lat_p50_ms":3,"lat_p90_ms":4,"lat_p95_ms":5,"lat_p99_ms":11,"lat_p999_ms":27,"lat_max_ms":237,"rss_avg_mb":644.6,"rss_min_mb":637.4,"rss_max_mb":646.2}
