Java e2e: bootstrap=pkc-devcozvdmy.us-east-1.aws.devel.cpdev.cloud:9092 topic=cmp-bench-36p proto=consumer maxPoll=500 fetch.min=4MiB partFetch=4MiB crc=off dur=900s warmup=36000000
subscribed; waiting for assignment/records...
warmup complete (36000000 msgs); measuring 900s now
[interval 0] t=  30.0s msgs=4470682 thr=   149023 msg/s avg=  4.25 p50=4 p99=16 p999=29 max=122 ms rss=651.4MB
[interval 1] t=  60.0s msgs=4462948 thr=   148765 msg/s avg=  4.27 p50=4 p99=17 p999=30 max=59 ms rss=656.5MB
[interval 2] t=  90.0s msgs=4763374 thr=   158779 msg/s avg=  4.50 p50=4 p99=18 p999=34 max=137 ms rss=656.7MB
[interval 3] t= 120.0s msgs=4499978 thr=   149999 msg/s avg=  4.42 p50=4 p99=17 p999=60 max=128 ms rss=657.0MB
[interval 4] t= 150.0s msgs=4499950 thr=   149998 msg/s avg=  4.34 p50=4 p99=17 p999=31 max=54 ms rss=657.6MB
[interval 5] t= 180.0s msgs=4500202 thr=   150007 msg/s avg=  4.34 p50=4 p99=16 p999=28 max=50 ms rss=657.6MB
[interval 6] t= 210.0s msgs=4500055 thr=   150002 msg/s avg=  4.32 p50=4 p99=16 p999=31 max=117 ms rss=657.6MB
[interval 7] t= 240.0s msgs=4499572 thr=   149986 msg/s avg=  4.34 p50=4 p99=16 p999=28 max=52 ms rss=657.6MB
[interval 8] t= 270.0s msgs=4500307 thr=   150010 msg/s avg=  4.37 p50=4 p99=16 p999=29 max=60 ms rss=658.1MB
[interval 9] t= 300.0s msgs=4499964 thr=   149999 msg/s avg=  4.36 p50=4 p99=17 p999=30 max=66 ms rss=658.2MB
[interval 10] t= 330.0s msgs=4486734 thr=   149558 msg/s avg=  4.34 p50=4 p99=17 p999=31 max=110 ms rss=658.8MB
[interval 11] t= 360.0s msgs=4482982 thr=   149433 msg/s avg=  4.32 p50=4 p99=17 p999=30 max=67 ms rss=659.3MB
[interval 12] t= 390.0s msgs=4475779 thr=   149193 msg/s avg=  4.29 p50=4 p99=16 p999=30 max=127 ms rss=659.7MB
[interval 13] t= 420.0s msgs=4497850 thr=   149928 msg/s avg=  4.43 p50=4 p99=17 p999=39 max=124 ms rss=659.8MB
[interval 14] t= 450.0s msgs=4556601 thr=   151887 msg/s avg=  4.40 p50=4 p99=17 p999=30 max=57 ms rss=659.8MB
[interval 15] t= 480.0s msgs=4499978 thr=   149999 msg/s avg=  4.40 p50=4 p99=17 p999=31 max=82 ms rss=660.1MB
[interval 16] t= 510.0s msgs=4499852 thr=   149995 msg/s avg=  4.39 p50=4 p99=17 p999=33 max=121 ms rss=660.5MB
[interval 17] t= 540.0s msgs=4500412 thr=   150014 msg/s avg=  4.41 p50=4 p99=17 p999=29 max=52 ms rss=660.7MB
[interval 18] t= 570.0s msgs=4499362 thr=   149979 msg/s avg=  4.33 p50=4 p99=17 p999=31 max=110 ms rss=661.2MB
[interval 19] t= 600.0s msgs=4500356 thr=   150012 msg/s avg=  4.33 p50=4 p99=17 p999=30 max=56 ms rss=661.2MB
[interval 20] t= 630.0s msgs=4499894 thr=   149996 msg/s avg=  4.26 p50=4 p99=16 p999=29 max=104 ms rss=661.5MB
[interval 21] t= 660.0s msgs=4500132 thr=   150004 msg/s avg=  4.41 p50=4 p99=17 p999=32 max=61 ms rss=661.5MB
[interval 22] t= 690.0s msgs=4488729 thr=   149624 msg/s avg=  4.29 p50=4 p99=16 p999=28 max=107 ms rss=661.5MB
[interval 23] t= 720.0s msgs=4500846 thr=   150028 msg/s avg=  4.38 p50=4 p99=17 p999=47 max=143 ms rss=661.7MB
[interval 24] t= 750.0s msgs=4510422 thr=   150347 msg/s avg=  4.33 p50=4 p99=16 p999=31 max=66 ms rss=661.7MB
[interval 25] t= 780.0s msgs=4499859 thr=   149995 msg/s avg=  4.39 p50=4 p99=17 p999=32 max=59 ms rss=661.8MB
[interval 26] t= 810.0s msgs=4500132 thr=   150004 msg/s avg=  4.38 p50=4 p99=16 p999=30 max=60 ms rss=662.1MB
[interval 27] t= 840.0s msgs=4500132 thr=   150004 msg/s avg=  4.32 p50=4 p99=17 p999=30 max=56 ms rss=662.4MB
[interval 28] t= 870.0s msgs=4499873 thr=   149996 msg/s avg=  4.32 p50=4 p99=16 p999=28 max=52 ms rss=663.1MB
======================================================================
SUMMARY - Java kafka-clients (KIP-848=consumer, warmup 36000000 excluded)
Measured messages: 135196739
Duration:          900.03 s
Throughput:        150214 msg/s  (293.39 MiB/s)
E2E latency (ms):  min=1 avg=4.35 stddev=2.90 p50=4 p90=6 p95=8 p99=17 p99.9=31 max=143
RSS (MB, current): avg=659.5 min=651.4 max=663.1 (29 samples)
{"client":"java","protocol":"consumer","messages":135196739,"duration_s":900.03,"throughput_msg_s":150213.59,"throughput_mib_s":293.39,"lat_min_ms":1,"lat_avg_ms":4.35,"lat_stddev_ms":2.90,"lat_p50_ms":4,"lat_p90_ms":6,"lat_p95_ms":8,"lat_p99_ms":17,"lat_p999_ms":31,"lat_max_ms":143,"rss_avg_mb":659.5,"rss_min_mb":651.4,"rss_max_mb":663.1}
