======================================================================
Consumer E2E Latency Benchmark - librdkafka (native C)
======================================================================
Bootstrap:   pkc-devcozvdmy.us-east-1.aws.devel.cpdev.cloud:9092
Topic:       cmp-bench-36p
Group:       CRC-50mbs-rdk-1781833155
Throughput:  300000 msg/s
Duration:    900 s (after warmup)
Msg size:    1024 bytes
Warmup:      6000000 messages
Interval:    30 s
rdkafka ver: 2.13.0
======================================================================

>>> Subscribed; waiting for partition assignment (group.protocol=consumer)...
%6|1781833155.678|GETSUBSCRIPTIONS|librdkafka-perf-c#consumer-1| [thrd:main]: Telemetry client instance id changed from AAAAAAAAAAAAAAAAAAAAAA to JPHW1urJS4uGMDtZmIfahA
    assigned 36 partition(s)
    assigned after 1.0s
>>> Settling to the live edge (polling until empty) before producer...
    at live edge; starting producer now.

>>> Measuring (warmup 6000000 msgs, then 900 s)...

>>> first records arrived 44.3s after producer start
    warmup complete (6000000 msgs); measuring now
[interval 0] t=  30.0s msgs= 750017 thr=    25000 msg/s  avg=  3.25 p50=3 p99=11 p999=26 max=60 ms  cpu= 17.3% rss=  19.3MB
[interval 1] t=  60.0s msgs= 750008 thr=    25000 msg/s  avg=  3.24 p50=3 p99=11 p999=26 max=95 ms  cpu= 20.4% rss=  23.7MB
[interval 2] t=  90.0s msgs= 750015 thr=    25000 msg/s  avg=  3.26 p50=3 p99=11 p999=24 max=40 ms  cpu= 20.3% rss=  23.7MB
[interval 3] t= 120.0s msgs= 749987 thr=    25000 msg/s  avg=  3.28 p50=3 p99=12 p999=27 max=110 ms  cpu= 20.3% rss=  23.9MB
[interval 4] t= 150.0s msgs= 750022 thr=    25001 msg/s  avg=  3.27 p50=3 p99=11 p999=26 max=43 ms  cpu= 20.3% rss=  24.2MB
[interval 5] t= 180.0s msgs= 750001 thr=    25000 msg/s  avg=  3.35 p50=3 p99=12 p999=39 max=109 ms  cpu= 20.4% rss=  24.9MB
[interval 6] t= 210.0s msgs= 750008 thr=    25000 msg/s  avg=  3.26 p50=3 p99=11 p999=24 max=45 ms  cpu= 20.3% rss=  24.9MB
[interval 7] t= 240.0s msgs= 750015 thr=    25000 msg/s  avg=  3.23 p50=3 p99=11 p999=25 max=49 ms  cpu= 20.3% rss=  24.9MB
[interval 8] t= 270.0s msgs= 750015 thr=    25000 msg/s  avg=  3.27 p50=3 p99=12 p999=27 max=47 ms  cpu= 20.3% rss=  25.1MB
[interval 9] t= 300.0s msgs= 749994 thr=    25000 msg/s  avg=  3.22 p50=3 p99=11 p999=25 max=52 ms  cpu= 20.3% rss=  25.1MB
[interval 10] t= 330.0s msgs= 750015 thr=    25000 msg/s  avg=  3.26 p50=3 p99=11 p999=27 max=83 ms  cpu= 20.4% rss=  25.4MB
[interval 11] t= 360.0s msgs= 750029 thr=    25000 msg/s  avg=  3.23 p50=3 p99=11 p999=26 max=111 ms  cpu= 20.2% rss=  25.6MB
[interval 12] t= 390.0s msgs= 750008 thr=    25000 msg/s  avg=  3.29 p50=3 p99=11 p999=26 max=45 ms  cpu= 20.2% rss=  25.9MB
[interval 13] t= 420.0s msgs= 750001 thr=    25000 msg/s  avg=  3.28 p50=3 p99=12 p999=25 max=195 ms  cpu= 20.4% rss=  26.2MB
[interval 14] t= 450.0s msgs= 750015 thr=    25000 msg/s  avg=  3.26 p50=3 p99=11 p999=26 max=77 ms  cpu= 20.4% rss=  26.4MB
[interval 15] t= 480.0s msgs= 750008 thr=    25000 msg/s  avg=  3.30 p50=3 p99=12 p999=36 max=112 ms  cpu= 20.4% rss=  26.6MB
[interval 16] t= 510.0s msgs= 750001 thr=    25000 msg/s  avg=  3.26 p50=3 p99=11 p999=27 max=53 ms  cpu= 20.3% rss=  26.6MB
[interval 17] t= 540.0s msgs= 750008 thr=    25000 msg/s  avg=  3.26 p50=3 p99=11 p999=27 max=212 ms  cpu= 20.3% rss=  26.6MB
[interval 18] t= 570.0s msgs= 750036 thr=    25001 msg/s  avg=  3.27 p50=3 p99=11 p999=27 max=46 ms  cpu= 20.4% rss=  26.6MB
[interval 19] t= 600.0s msgs= 750008 thr=    25000 msg/s  avg=  3.26 p50=3 p99=11 p999=28 max=236 ms  cpu= 20.4% rss=  26.9MB
[interval 20] t= 630.0s msgs= 749987 thr=    24999 msg/s  avg=  3.25 p50=3 p99=11 p999=26 max=46 ms  cpu= 20.2% rss=  27.2MB
[interval 21] t= 660.0s msgs= 750036 thr=    25001 msg/s  avg=  3.23 p50=3 p99=11 p999=26 max=105 ms  cpu= 20.4% rss=  27.2MB
[interval 22] t= 690.0s msgs= 750015 thr=    25000 msg/s  avg=  3.25 p50=3 p99=11 p999=27 max=60 ms  cpu= 20.2% rss=  27.4MB
[interval 23] t= 720.0s msgs= 750008 thr=    25000 msg/s  avg=  3.25 p50=3 p99=11 p999=24 max=68 ms  cpu= 20.2% rss=  27.4MB
[interval 24] t= 750.0s msgs= 749994 thr=    25000 msg/s  avg=  3.23 p50=3 p99=11 p999=26 max=102 ms  cpu= 20.3% rss=  27.4MB
[interval 25] t= 780.0s msgs= 750043 thr=    25001 msg/s  avg=  3.28 p50=3 p99=11 p999=34 max=129 ms  cpu= 20.4% rss=  27.4MB
[interval 26] t= 810.0s msgs= 750001 thr=    25000 msg/s  avg=  3.25 p50=3 p99=11 p999=25 max=42 ms  cpu= 20.3% rss=  27.4MB
[interval 27] t= 840.0s msgs= 750022 thr=    25000 msg/s  avg=  3.24 p50=3 p99=11 p999=27 max=48 ms  cpu= 20.3% rss=  27.4MB
[interval 28] t= 870.0s msgs= 750029 thr=    25001 msg/s  avg=  3.26 p50=3 p99=11 p999=25 max=53 ms  cpu= 20.3% rss=  27.4MB

======================================================================
SUMMARY - librdkafka-c (warmup 6000000 excluded, group.protocol=consumer)
======================================================================
Measured messages: 22500004
Duration:          900.00 s
Throughput:        25000 msg/s  (24.41 MiB/s)
Batch consume:     max_poll_records=500, 28500004 non-empty batches, 28500004 records, avg 1.0 records/batch
Records/batch dist (post-warmup): n=22500004 min=1 mean=1.0 p50=1 p99=1 max=1
E2E latency (ms):  min=1 avg=3.26 stddev=2.17 p50=3 p90=4 p95=5 p99=11 p99.9=27 max=236
RSS (MB, current):  avg=25.8 min=19.3 max=27.4 (29 samples)
======================================================================

Results written to: /home/ec2-user/bench/crcbatch/CRC-50mbs_rdk_res/CRC-50mbs-rdk-1781833155
