Java e2e: bootstrap=pkc-devcozvdmy.us-east-1.aws.devel.cpdev.cloud:9092 topic=cmp-bench-36p proto=consumer maxPoll=500 fetch.min=4MiB partFetch=4MiB crc=off dur=900s warmup=24000000
subscribed; waiting for assignment/records...
warmup complete (24000000 msgs); measuring 900s now
[interval 0] t=  30.0s msgs=2999868 thr=    99996 msg/s avg=  3.96 p50=4 p99=15 p999=30 max=53 ms rss=643.2MB
[interval 1] t=  60.0s msgs=3000347 thr=   100012 msg/s avg=  3.91 p50=4 p99=15 p999=28 max=105 ms rss=648.1MB
[interval 2] t=  90.0s msgs=3000018 thr=   100001 msg/s avg=  3.93 p50=4 p99=15 p999=29 max=76 ms rss=648.6MB
[interval 3] t= 120.0s msgs=2999808 thr=    99994 msg/s avg=  3.92 p50=3 p99=15 p999=31 max=53 ms rss=649.2MB
[interval 4] t= 150.0s msgs=3000207 thr=   100007 msg/s avg=  4.00 p50=4 p99=16 p999=38 max=137 ms rss=649.3MB
[interval 5] t= 180.0s msgs=2999997 thr=   100000 msg/s avg=  3.87 p50=3 p99=15 p999=28 max=96 ms rss=649.3MB
[interval 6] t= 210.0s msgs=2999927 thr=    99998 msg/s avg=  3.90 p50=3 p99=15 p999=28 max=55 ms rss=649.3MB
[interval 7] t= 240.0s msgs=3000018 thr=   100001 msg/s avg=  3.89 p50=3 p99=15 p999=27 max=104 ms rss=649.3MB
[interval 8] t= 270.0s msgs=2999864 thr=    99995 msg/s avg=  3.89 p50=3 p99=15 p999=29 max=44 ms rss=649.4MB
[interval 9] t= 300.0s msgs=2999962 thr=    99999 msg/s avg=  3.89 p50=3 p99=15 p999=30 max=109 ms rss=649.5MB
[interval 10] t= 330.0s msgs=3000354 thr=   100012 msg/s avg=  3.91 p50=4 p99=15 p999=29 max=56 ms rss=650.2MB
[interval 11] t= 360.0s msgs=2999920 thr=    99997 msg/s avg=  3.92 p50=3 p99=15 p999=30 max=105 ms rss=650.7MB
[interval 12] t= 390.0s msgs=2999955 thr=    99999 msg/s avg=  3.93 p50=3 p99=15 p999=29 max=215 ms rss=650.7MB
[interval 13] t= 420.0s msgs=3000165 thr=   100006 msg/s avg=  3.85 p50=3 p99=15 p999=27 max=113 ms rss=651.0MB
[interval 14] t= 450.0s msgs=2999857 thr=    99995 msg/s avg=  3.99 p50=3 p99=15 p999=47 max=234 ms rss=651.0MB
[interval 15] t= 480.0s msgs=3000109 thr=   100004 msg/s avg=  3.89 p50=3 p99=15 p999=30 max=93 ms rss=651.3MB
[interval 16] t= 510.0s msgs=2999997 thr=   100000 msg/s avg=  3.89 p50=4 p99=14 p999=25 max=46 ms rss=651.6MB
[interval 17] t= 540.0s msgs=3000144 thr=   100005 msg/s avg=  3.90 p50=3 p99=14 p999=28 max=225 ms rss=651.6MB
[interval 18] t= 570.0s msgs=2999878 thr=    99996 msg/s avg=  3.92 p50=3 p99=15 p999=29 max=59 ms rss=651.7MB
[interval 19] t= 600.0s msgs=3000046 thr=   100002 msg/s avg=  3.87 p50=3 p99=15 p999=29 max=96 ms rss=652.2MB
[interval 20] t= 630.0s msgs=2999983 thr=    99999 msg/s avg=  3.91 p50=4 p99=15 p999=27 max=49 ms rss=652.4MB
[interval 21] t= 660.0s msgs=2999773 thr=    99992 msg/s avg=  3.89 p50=3 p99=15 p999=31 max=122 ms rss=652.7MB
[interval 22] t= 690.0s msgs=3000249 thr=   100008 msg/s avg=  3.91 p50=3 p99=15 p999=28 max=53 ms rss=652.9MB
[interval 23] t= 720.0s msgs=3000025 thr=   100001 msg/s avg=  3.88 p50=3 p99=15 p999=27 max=54 ms rss=652.9MB
[interval 24] t= 750.0s msgs=2999913 thr=    99997 msg/s avg=  4.04 p50=4 p99=16 p999=44 max=227 ms rss=653.2MB
[interval 25] t= 780.0s msgs=2999794 thr=    99993 msg/s avg=  3.89 p50=3 p99=14 p999=26 max=57 ms rss=653.3MB
[interval 26] t= 810.0s msgs=3000333 thr=   100011 msg/s avg=  3.91 p50=3 p99=15 p999=28 max=49 ms rss=653.6MB
[interval 27] t= 840.0s msgs=2999941 thr=    99998 msg/s avg=  3.93 p50=3 p99=15 p999=30 max=228 ms rss=653.6MB
[interval 28] t= 870.0s msgs=2999997 thr=   100000 msg/s avg=  3.90 p50=3 p99=15 p999=29 max=52 ms rss=653.8MB
======================================================================
SUMMARY - Java kafka-clients (KIP-848=consumer, warmup 24000000 excluded)
Measured messages: 89999998
Duration:          900.03 s
Throughput:        99997 msg/s  (195.31 MiB/s)
E2E latency (ms):  min=1 avg=3.91 stddev=2.69 p50=3 p90=5 p95=7 p99=15 p99.9=29 max=234
RSS (MB, current): avg=650.9 min=643.2 max=653.8 (29 samples)
{"client":"java","protocol":"consumer","messages":89999998,"duration_s":900.03,"throughput_msg_s":99996.66,"throughput_mib_s":195.31,"lat_min_ms":1,"lat_avg_ms":3.91,"lat_stddev_ms":2.69,"lat_p50_ms":3,"lat_p90_ms":5,"lat_p95_ms":7,"lat_p99_ms":15,"lat_p999_ms":29,"lat_max_ms":234,"rss_avg_mb":650.9,"rss_min_mb":643.2,"rss_max_mb":653.8}
