======================================================================
Consumer E2E Latency Benchmark — Rust Kafka Consumer
======================================================================
Bootstrap:   pkc-devcozvdmy.us-east-1.aws.devel.cpdev.cloud:9092
Topic:       cmp-bench-36p
Group:       CRC-300mbs-rust-1781821254
Throughput:  50000 msg/s
Duration:    900 s (after warmup)
Msg size:    1024 bytes
Warmup:      36000000 messages
Interval:    30 s
======================================================================
Offset reset: latest
Client config: loaded /home/ec2-user/bench/crcbatch/cc_crcoff.properties (SASL/SSL etc.)
Fetch config: fetch.min.bytes=1 fetch.max.wait.ms=default max.partition.fetch.bytes=1048576 fetch.max.bytes=default max.poll.records=500

>>> Subscribed; waiting for partition assignment (KIP-848 join)...
    assigned 36 partition(s) after 0.5s
>>> --no-produce: drive the producer externally now.

>>> Measuring (warmup 36000000 msgs, then 900 s)...

>>> first records arrived 45.6s after producer start (after 92 polls)
    warmup complete (36000000 msgs); measuring now
[interval 0] t=  30.0s msgs=4634279 thr=   154476 msg/s  avg=  4.73 p50=4 p99=17 p999=37 max=237 ms  cpu=  0.0% rss=  13.4MB
[interval 1] t=  60.0s msgs=4500055 thr=   150002 msg/s  avg=  4.64 p50=4 p99=17 p999=33 max=243 ms  cpu=  0.0% rss=  15.7MB
[interval 2] t=  90.0s msgs=4500160 thr=   150005 msg/s  avg=  4.60 p50=4 p99=17 p999=51 max=155 ms  cpu=  0.0% rss=  19.9MB
[interval 3] t= 120.0s msgs=4500468 thr=   150016 msg/s  avg=  4.51 p50=4 p99=16 p999=31 max=210 ms  cpu=  0.0% rss=  20.2MB
[interval 4] t= 150.0s msgs=4499915 thr=   149997 msg/s  avg=  4.48 p50=4 p99=16 p999=29 max=57 ms  cpu=  0.0% rss=  24.3MB
[interval 5] t= 180.0s msgs=4500657 thr=   150022 msg/s  avg=  4.52 p50=4 p99=17 p999=29 max=58 ms  cpu=  0.0% rss=  28.7MB
[interval 6] t= 210.0s msgs=4499936 thr=   149998 msg/s  avg=  4.63 p50=4 p99=17 p999=34 max=228 ms  cpu=  0.0% rss=  28.7MB
[interval 7] t= 240.0s msgs=4500104 thr=   150003 msg/s  avg=  4.60 p50=4 p99=17 p999=43 max=278 ms  cpu=  0.0% rss=  28.7MB
[interval 8] t= 270.0s msgs=4500391 thr=   150013 msg/s  avg=  4.57 p50=4 p99=17 p999=29 max=61 ms  cpu=  0.0% rss=  28.7MB
[interval 9] t= 300.0s msgs=4500244 thr=   150008 msg/s  avg=  4.56 p50=4 p99=17 p999=31 max=105 ms  cpu=  0.0% rss=  28.7MB
[interval 10] t= 330.0s msgs=4499901 thr=   149997 msg/s  avg=  4.54 p50=4 p99=17 p999=31 max=57 ms  cpu=  0.0% rss=  28.7MB
[interval 11] t= 360.0s msgs=4500160 thr=   150005 msg/s  avg=  4.53 p50=4 p99=17 p999=31 max=109 ms  cpu=  0.0% rss=  28.7MB
[interval 12] t= 390.0s msgs=4500342 thr=   150011 msg/s  avg=  4.70 p50=4 p99=18 p999=52 max=145 ms  cpu=  0.0% rss=  22.4MB
[interval 13] t= 420.0s msgs=4500062 thr=   150002 msg/s  avg=  4.58 p50=4 p99=17 p999=32 max=96 ms  cpu=  0.0% rss=  18.1MB
[interval 14] t= 450.0s msgs=4500272 thr=   150009 msg/s  avg=  4.57 p50=4 p99=17 p999=30 max=65 ms  cpu=  0.0% rss=  18.6MB
[interval 15] t= 480.0s msgs=4499782 thr=   149993 msg/s  avg=  4.53 p50=4 p99=17 p999=30 max=113 ms  cpu=  0.0% rss=  18.6MB
[interval 16] t= 510.0s msgs=4500559 thr=   150018 msg/s  avg=  4.56 p50=4 p99=17 p999=30 max=110 ms  cpu=  0.0% rss=  22.9MB
[interval 17] t= 540.0s msgs=4500251 thr=   150008 msg/s  avg=  4.49 p50=4 p99=17 p999=30 max=121 ms  cpu=  0.0% rss=  23.2MB
[interval 18] t= 570.0s msgs=4500027 thr=   150001 msg/s  avg=  4.59 p50=4 p99=17 p999=31 max=62 ms  cpu=  0.0% rss=  23.2MB
[interval 19] t= 600.0s msgs=4500321 thr=   150010 msg/s  avg=  4.51 p50=4 p99=17 p999=31 max=109 ms  cpu=  0.0% rss=  23.2MB
[interval 20] t= 630.0s msgs=4500139 thr=   150004 msg/s  avg=  4.52 p50=4 p99=17 p999=29 max=59 ms  cpu=  0.0% rss=  23.2MB
[interval 21] t= 660.0s msgs=4500251 thr=   150008 msg/s  avg=  4.58 p50=4 p99=18 p999=32 max=74 ms  cpu=  0.0% rss=  23.2MB
[interval 22] t= 690.0s msgs=4500013 thr=   150000 msg/s  avg=  4.62 p50=4 p99=17 p999=37 max=135 ms  cpu=  0.0% rss=  25.0MB
[interval 23] t= 720.0s msgs=4500076 thr=   150002 msg/s  avg=  4.49 p50=4 p99=17 p999=29 max=221 ms  cpu=  0.0% rss=  25.0MB
[interval 24] t= 750.0s msgs=4500244 thr=   150008 msg/s  avg=  4.49 p50=4 p99=17 p999=31 max=72 ms  cpu=  0.0% rss=  25.0MB
[interval 25] t= 780.0s msgs=4500188 thr=   150006 msg/s  avg=  4.44 p50=4 p99=16 p999=30 max=107 ms  cpu=  0.0% rss=  25.0MB
[interval 26] t= 810.0s msgs=4500307 thr=   150010 msg/s  avg=  4.59 p50=4 p99=17 p999=30 max=70 ms  cpu=  0.0% rss=  25.0MB
[interval 27] t= 840.0s msgs=4499782 thr=   149992 msg/s  avg=  4.47 p50=4 p99=16 p999=30 max=59 ms  cpu=  0.0% rss=  25.0MB
[interval 28] t= 870.0s msgs=4500461 thr=   150015 msg/s  avg=  4.60 p50=4 p99=18 p999=32 max=66 ms  cpu=  0.0% rss=  25.0MB

Loop breakdown over 9673470 polls: poll().await=99.9%  per-record processing=0.1%  (avg 14 records/poll)
Records/poll distribution (non-empty polls, post-warmup): n=7606549 min=4 mean=17.8 p50=14 p99=77 max=500

======================================================================
SUMMARY — Rust Kafka Consumer (warmup 36000000 excluded)
======================================================================
Measured messages: 135133781
Duration:          900.00 s
Throughput:        150149 msg/s  (146.63 MiB/s)
E2E latency (ms):  min=1 avg=4.56 stddev=3.24 p50=4 p90=7 p95=9 p99=17 p99.9=32 max=278
RSS (MB, current): avg=23.7 min=13.4 max=28.7
======================================================================

Results written to: consumer-perf/results/CRC-300mbs-rust-1781821254
