======================================================================
Consumer E2E Latency Benchmark - librdkafka (native C)
======================================================================
Bootstrap:   pkc-devcozvdmy.us-east-1.aws.devel.cpdev.cloud:9092
Topic:       cmp-bench-36p
Group:       CRC-100mbs-rdk-1781829585
Throughput:  300000 msg/s
Duration:    900 s (after warmup)
Msg size:    1024 bytes
Warmup:      12000000 messages
Interval:    30 s
rdkafka ver: 2.13.0
======================================================================

>>> Subscribed; waiting for partition assignment (group.protocol=consumer)...
%6|1781829586.177|GETSUBSCRIPTIONS|librdkafka-perf-c#consumer-1| [thrd:main]: Telemetry client instance id changed from AAAAAAAAAAAAAAAAAAAAAA to /F/htQGjRGK8SRBWNNlCHg
    assigned 36 partition(s)
    assigned after 1.0s
>>> Settling to the live edge (polling until empty) before producer...
    at live edge; starting producer now.

>>> Measuring (warmup 12000000 msgs, then 900 s)...

>>> first records arrived 44.3s after producer start
    warmup complete (12000000 msgs); measuring now
[interval 0] t=  30.0s msgs=1500005 thr=    50000 msg/s  avg=  3.32 p50=3 p99=12 p999=25 max=50 ms  cpu= 32.9% rss=  23.9MB
[interval 1] t=  60.0s msgs=1499841 thr=    49994 msg/s  avg=  3.62 p50=3 p99=14 p999=103 max=257 ms  cpu= 38.4% rss=  29.7MB
[interval 2] t=  90.0s msgs=1499169 thr=    49972 msg/s  avg=  5.95 p50=3 p99=112 p999=232 max=473 ms  cpu= 38.2% rss=  34.2MB
[interval 3] t= 120.0s msgs=1501080 thr=    50036 msg/s  avg=  4.81 p50=3 p99=28 p999=228 max=437 ms  cpu= 38.3% rss=  36.5MB
[interval 4] t= 150.0s msgs=1499995 thr=    49999 msg/s  avg=  4.86 p50=3 p99=28 p999=269 max=602 ms  cpu= 38.3% rss=  37.8MB
[interval 5] t= 180.0s msgs=1500030 thr=    50001 msg/s  avg= 17.32 p50=3 p99=498 p999=1224 max=1466 ms  cpu= 38.3% rss=  45.0MB
[interval 6] t= 210.0s msgs=1500030 thr=    50001 msg/s  avg= 23.23 p50=3 p99=721 p999=1346 max=1579 ms  cpu= 38.1% rss=  47.9MB
[interval 7] t= 240.0s msgs=1500009 thr=    50000 msg/s  avg= 10.54 p50=3 p99=268 p999=662 max=866 ms  cpu= 38.0% rss=  50.4MB
[interval 8] t= 270.0s msgs=1499414 thr=    49980 msg/s  avg=  5.78 p50=3 p99=79 p999=237 max=400 ms  cpu= 38.2% rss=  51.2MB
[interval 9] t= 300.0s msgs=1500625 thr=    50021 msg/s  avg=  6.64 p50=3 p99=137 p999=240 max=457 ms  cpu= 38.1% rss=  51.2MB
[interval 10] t= 330.0s msgs=1499750 thr=    49991 msg/s  avg=  5.59 p50=3 p99=85 p999=231 max=307 ms  cpu= 38.0% rss=  51.2MB
[interval 11] t= 360.0s msgs=1500282 thr=    50009 msg/s  avg=  3.61 p50=3 p99=13 p999=79 max=243 ms  cpu= 38.5% rss=  51.2MB
[interval 12] t= 390.0s msgs=1499995 thr=    50000 msg/s  avg=  3.40 p50=3 p99=12 p999=28 max=262 ms  cpu= 38.7% rss=  51.7MB
[interval 13] t= 420.0s msgs=1500030 thr=    50001 msg/s  avg=  3.36 p50=3 p99=12 p999=25 max=47 ms  cpu= 38.6% rss=  51.7MB
[interval 14] t= 450.0s msgs=1499848 thr=    49995 msg/s  avg=  3.46 p50=3 p99=14 p999=54 max=122 ms  cpu= 38.5% rss=  51.7MB
[interval 15] t= 480.0s msgs=1500142 thr=    50005 msg/s  avg=  3.38 p50=3 p99=13 p999=30 max=226 ms  cpu= 38.6% rss=  51.7MB
[interval 16] t= 510.0s msgs=1499967 thr=    49999 msg/s  avg=  3.75 p50=3 p99=14 p999=163 max=461 ms  cpu= 38.4% rss=  53.3MB
[interval 17] t= 540.0s msgs=1500072 thr=    50002 msg/s  avg=  3.39 p50=3 p99=12 p999=26 max=233 ms  cpu= 38.5% rss=  53.3MB
[interval 18] t= 570.0s msgs=1500023 thr=    50001 msg/s  avg=  3.37 p50=3 p99=12 p999=25 max=42 ms  cpu= 38.6% rss=  53.3MB
[interval 19] t= 600.0s msgs=1500002 thr=    50000 msg/s  avg=  3.31 p50=3 p99=12 p999=24 max=43 ms  cpu= 38.7% rss=  53.3MB
[interval 20] t= 630.0s msgs=1500016 thr=    50000 msg/s  avg=  3.37 p50=3 p99=12 p999=28 max=243 ms  cpu= 38.6% rss=  53.3MB
[interval 21] t= 660.0s msgs=1500009 thr=    50000 msg/s  avg=  3.38 p50=3 p99=12 p999=27 max=223 ms  cpu= 38.5% rss=  53.3MB
[interval 22] t= 690.0s msgs=1499981 thr=    49999 msg/s  avg=  3.50 p50=3 p99=13 p999=66 max=250 ms  cpu= 38.6% rss=  53.8MB
[interval 23] t= 720.0s msgs=1500037 thr=    50001 msg/s  avg=  3.36 p50=3 p99=12 p999=27 max=47 ms  cpu= 38.7% rss=  53.8MB
[interval 24] t= 750.0s msgs=1500016 thr=    50000 msg/s  avg=  3.42 p50=3 p99=13 p999=43 max=227 ms  cpu= 38.5% rss=  54.3MB
[interval 25] t= 780.0s msgs=1500009 thr=    50000 msg/s  avg=  3.34 p50=3 p99=12 p999=26 max=49 ms  cpu= 38.5% rss=  54.3MB
[interval 26] t= 810.0s msgs=1500051 thr=    50002 msg/s  avg=  3.34 p50=3 p99=12 p999=27 max=45 ms  cpu= 38.6% rss=  54.3MB
[interval 27] t= 840.0s msgs=1500030 thr=    50001 msg/s  avg=  3.33 p50=3 p99=12 p999=24 max=49 ms  cpu= 38.6% rss=  54.3MB
[interval 28] t= 870.0s msgs=1499946 thr=    49998 msg/s  avg=  3.35 p50=3 p99=12 p999=25 max=107 ms  cpu= 38.4% rss=  54.3MB

======================================================================
SUMMARY - librdkafka-c (warmup 12000000 excluded, group.protocol=consumer)
======================================================================
Measured messages: 44999972
Duration:          900.00 s
Throughput:        50000 msg/s  (48.83 MiB/s)
Batch consume:     max_poll_records=500, 56999972 non-empty batches, 56999972 records, avg 1.0 records/batch
Records/batch dist (post-warmup): n=44999972 min=1 mean=1.0 p50=1 p99=1 max=1
E2E latency (ms):  min=1 avg=5.21 stddev=31.07 p50=3 p90=5 p95=7 p99=21 p99.9=504 max=1579
RSS (MB, current):  avg=48.8 min=23.9 max=54.3 (29 samples)
======================================================================

Results written to: /home/ec2-user/bench/crcbatch/CRC-100mbs_rdk_res/CRC-100mbs-rdk-1781829585
