======================================================================
Consumer E2E Latency Benchmark — Rust Kafka Consumer
======================================================================
Bootstrap:   pkc-devcozvdmy.us-east-1.aws.devel.cpdev.cloud:9092
Topic:       cmp-bench-36p
Group:       CRC-50mbs-rust-1781831965
Throughput:  50000 msg/s
Duration:    900 s (after warmup)
Msg size:    1024 bytes
Warmup:      6000000 messages
Interval:    30 s
======================================================================
Offset reset: latest
Client config: loaded /home/ec2-user/bench/crcbatch/cc_crcoff.properties (SASL/SSL etc.)
Fetch config: fetch.min.bytes=1 fetch.max.wait.ms=default max.partition.fetch.bytes=1048576 fetch.max.bytes=default max.poll.records=500

>>> Subscribed; waiting for partition assignment (KIP-848 join)...
    assigned 36 partition(s) after 0.5s
>>> --no-produce: drive the producer externally now.

>>> Measuring (warmup 6000000 msgs, then 900 s)...

>>> first records arrived 45.6s after producer start (after 91 polls)
    warmup complete (6000000 msgs); measuring now
[interval 0] t=  30.0s msgs= 749995 thr=    24999 msg/s  avg=  3.31 p50=3 p99=11 p999=27 max=46 ms  cpu=  0.0% rss=  11.3MB
[interval 1] t=  60.0s msgs= 750050 thr=    25001 msg/s  avg=  3.31 p50=3 p99=11 p999=25 max=79 ms  cpu=  0.0% rss=  11.3MB
[interval 2] t=  90.0s msgs= 749938 thr=    24998 msg/s  avg=  3.30 p50=3 p99=11 p999=26 max=47 ms  cpu=  0.0% rss=  11.4MB
[interval 3] t= 120.0s msgs= 750127 thr=    25004 msg/s  avg=  3.39 p50=3 p99=13 p999=33 max=98 ms  cpu=  0.0% rss=  11.6MB
[interval 4] t= 150.0s msgs= 750092 thr=    25003 msg/s  avg=  3.31 p50=3 p99=11 p999=27 max=102 ms  cpu=  0.0% rss=  16.0MB
[interval 5] t= 180.0s msgs= 749994 thr=    25000 msg/s  avg=  3.47 p50=3 p99=12 p999=62 max=219 ms  cpu=  0.0% rss=  21.1MB
[interval 6] t= 210.0s msgs= 750078 thr=    25003 msg/s  avg=  3.36 p50=3 p99=11 p999=27 max=233 ms  cpu=  0.0% rss=  21.1MB
[interval 7] t= 240.0s msgs= 749980 thr=    24999 msg/s  avg=  3.36 p50=3 p99=11 p999=27 max=228 ms  cpu=  0.0% rss=  21.1MB
[interval 8] t= 270.0s msgs= 750078 thr=    25002 msg/s  avg=  3.28 p50=3 p99=11 p999=25 max=39 ms  cpu=  0.0% rss=  21.1MB
[interval 9] t= 300.0s msgs= 750036 thr=    25001 msg/s  avg=  3.32 p50=3 p99=12 p999=30 max=104 ms  cpu=  0.0% rss=  21.1MB
[interval 10] t= 330.0s msgs= 750008 thr=    25000 msg/s  avg=  3.29 p50=3 p99=11 p999=24 max=43 ms  cpu=  0.0% rss=  21.1MB
[interval 11] t= 360.0s msgs= 750036 thr=    25001 msg/s  avg=  3.30 p50=3 p99=11 p999=27 max=71 ms  cpu=  0.0% rss=  21.1MB
[interval 12] t= 390.0s msgs= 750050 thr=    25001 msg/s  avg=  3.28 p50=3 p99=11 p999=24 max=41 ms  cpu=  0.0% rss=  21.1MB
[interval 13] t= 420.0s msgs= 750029 thr=    25001 msg/s  avg=  3.31 p50=3 p99=11 p999=25 max=49 ms  cpu=  0.0% rss=  21.1MB
[interval 14] t= 450.0s msgs= 750036 thr=    25000 msg/s  avg=  3.30 p50=3 p99=11 p999=26 max=41 ms  cpu=  0.0% rss=  21.1MB
[interval 15] t= 480.0s msgs= 750043 thr=    25001 msg/s  avg=  3.39 p50=3 p99=12 p999=47 max=116 ms  cpu=  0.0% rss=  21.1MB
[interval 16] t= 510.0s msgs= 750036 thr=    25001 msg/s  avg=  3.29 p50=3 p99=11 p999=26 max=42 ms  cpu=  0.0% rss=  21.1MB
[interval 17] t= 540.0s msgs= 750022 thr=    25001 msg/s  avg=  3.30 p50=3 p99=11 p999=26 max=44 ms  cpu=  0.0% rss=  21.1MB
[interval 18] t= 570.0s msgs= 750029 thr=    25001 msg/s  avg=  3.29 p50=3 p99=11 p999=24 max=51 ms  cpu=  0.0% rss=  21.1MB
[interval 19] t= 600.0s msgs= 750029 thr=    25001 msg/s  avg=  3.32 p50=3 p99=12 p999=27 max=44 ms  cpu=  0.0% rss=  21.1MB
[interval 20] t= 630.0s msgs= 750029 thr=    25001 msg/s  avg=  3.29 p50=3 p99=11 p999=26 max=69 ms  cpu=  0.0% rss=  21.1MB
[interval 21] t= 660.0s msgs= 750008 thr=    25000 msg/s  avg=  3.35 p50=3 p99=11 p999=27 max=246 ms  cpu=  0.0% rss=  21.7MB
[interval 22] t= 690.0s msgs= 750022 thr=    25001 msg/s  avg=  3.35 p50=3 p99=12 p999=30 max=223 ms  cpu=  0.0% rss=  21.7MB
[interval 23] t= 720.0s msgs= 750064 thr=    25002 msg/s  avg=  3.32 p50=3 p99=11 p999=25 max=68 ms  cpu=  0.0% rss=  21.7MB
[interval 24] t= 750.0s msgs= 750036 thr=    25001 msg/s  avg=  3.30 p50=3 p99=11 p999=25 max=44 ms  cpu=  0.0% rss=  21.7MB
[interval 25] t= 780.0s msgs= 750036 thr=    25001 msg/s  avg=  3.39 p50=3 p99=12 p999=45 max=121 ms  cpu=  0.0% rss=  21.7MB
[interval 26] t= 810.0s msgs= 750036 thr=    25001 msg/s  avg=  3.29 p50=3 p99=11 p999=27 max=43 ms  cpu=  0.0% rss=  21.7MB
[interval 27] t= 840.0s msgs= 750015 thr=    25000 msg/s  avg=  3.33 p50=3 p99=11 p999=27 max=107 ms  cpu=  0.0% rss=  21.7MB
[interval 28] t= 870.0s msgs= 750015 thr=    25000 msg/s  avg=  3.30 p50=3 p99=11 p999=27 max=47 ms  cpu=  0.0% rss=  21.7MB

Loop breakdown over 3762088 polls: poll().await=100.0%  per-record processing=0.0%  (avg 6 records/poll)
Records/poll distribution (non-empty polls, post-warmup): n=2969817 min=7 mean=7.6 p50=7 p99=14 max=259

======================================================================
SUMMARY — Rust Kafka Consumer (warmup 6000000 excluded)
======================================================================
Measured messages: 22500031
Duration:          900.00 s
Throughput:        25000 msg/s  (24.41 MiB/s)
E2E latency (ms):  min=1 avg=3.32 stddev=2.37 p50=3 p90=4 p95=5 p99=11 p99.9=27 max=246
RSS (MB, current): avg=19.8 min=11.3 max=21.7
======================================================================

Results written to: consumer-perf/results/CRC-50mbs-rust-1781831965
