Java e2e: bootstrap=pkc-devcozvdmy.us-east-1.aws.devel.cpdev.cloud:9092 topic=cmp-bench-36p proto=consumer maxPoll=500 fetch.min=4MiB partFetch=4MiB crc=off dur=900s warmup=12000000
subscribed; waiting for assignment/records...
warmup complete (12000000 msgs); measuring 900s now
[interval 0] t=  30.0s msgs=1499976 thr=    49999 msg/s avg=  3.50 p50=3 p99=13 p999=30 max=225 ms rss=649.1MB
[interval 1] t=  60.0s msgs=1500072 thr=    50002 msg/s avg=  3.46 p50=3 p99=12 p999=24 max=39 ms rss=654.0MB
[interval 2] t=  90.0s msgs=1500002 thr=    50000 msg/s avg=  3.46 p50=3 p99=13 p999=28 max=102 ms rss=655.0MB
[interval 3] t= 120.0s msgs=1499974 thr=    49999 msg/s avg=  3.47 p50=3 p99=13 p999=28 max=48 ms rss=655.3MB
[interval 4] t= 150.0s msgs=1499988 thr=    50000 msg/s avg=  3.43 p50=3 p99=13 p999=25 max=88 ms rss=655.6MB
[interval 5] t= 180.0s msgs=1497265 thr=    49909 msg/s avg=  3.91 p50=3 p99=17 p999=116 max=303 ms rss=656.1MB
[interval 6] t= 210.0s msgs=1502788 thr=    50093 msg/s avg=219.65 p50=3 p99=5766 p999=7157 max=7817 ms rss=656.1MB
[interval 7] t= 240.0s msgs=1494241 thr=    49808 msg/s avg= 47.85 p50=3 p99=1559 p999=3479 max=3803 ms rss=656.1MB
[interval 8] t= 270.0s msgs=1505112 thr=    50170 msg/s avg=207.04 p50=3 p99=4241 p999=5530 max=6245 ms rss=656.2MB
[interval 9] t= 300.0s msgs=1496103 thr=    49870 msg/s avg= 12.11 p50=3 p99=242 p999=809 max=1216 ms rss=656.5MB
[interval 10] t= 330.0s msgs=1504342 thr=    50145 msg/s avg= 29.26 p50=3 p99=731 p999=1428 max=1655 ms rss=656.6MB
[interval 11] t= 360.0s msgs=1498833 thr=    49961 msg/s avg=  8.10 p50=3 p99=115 p999=627 max=974 ms rss=656.7MB
[interval 12] t= 390.0s msgs=1426117 thr=    47537 msg/s avg=113.49 p50=3 p99=2823 p999=13305 max=15072 ms rss=657.0MB
[interval 13] t= 420.0s msgs=1371650 thr=    45722 msg/s avg=538.65 p50=3 p99=23262 p999=38263 max=41366 ms rss=657.1MB
[interval 14] t= 450.0s msgs=1703758 thr=    56792 msg/s avg=3924.06 p50=4 p99=41957 p999=44338 max=44897 ms rss=657.5MB
[interval 15] t= 480.0s msgs=1499960 thr=    49999 msg/s avg=  3.55 p50=3 p99=14 p999=34 max=228 ms rss=657.6MB
[interval 16] t= 510.0s msgs=1499995 thr=    50000 msg/s avg=  3.41 p50=3 p99=12 p999=24 max=39 ms rss=657.8MB
[interval 17] t= 540.0s msgs=1499876 thr=    49996 msg/s avg=  3.46 p50=3 p99=13 p999=25 max=43 ms rss=658.0MB
[interval 18] t= 570.0s msgs=1500079 thr=    50003 msg/s avg=  3.44 p50=3 p99=13 p999=26 max=42 ms rss=658.0MB
[interval 19] t= 600.0s msgs=1500065 thr=    50002 msg/s avg=  3.49 p50=3 p99=13 p999=29 max=65 ms rss=658.2MB
[interval 20] t= 630.0s msgs=1499967 thr=    49999 msg/s avg=  3.47 p50=3 p99=13 p999=28 max=49 ms rss=658.4MB
[interval 21] t= 660.0s msgs=1499995 thr=    50000 msg/s avg=  3.46 p50=3 p99=12 p999=24 max=46 ms rss=658.7MB
[interval 22] t= 690.0s msgs=1499862 thr=    49995 msg/s avg=  3.53 p50=3 p99=13 p999=36 max=278 ms rss=658.7MB
[interval 23] t= 720.0s msgs=1500191 thr=    50006 msg/s avg=  3.52 p50=3 p99=13 p999=30 max=216 ms rss=658.7MB
[interval 24] t= 750.0s msgs=1499960 thr=    49999 msg/s avg=  3.44 p50=3 p99=13 p999=25 max=47 ms rss=659.0MB
[interval 25] t= 780.0s msgs=1499995 thr=    50000 msg/s avg=  3.51 p50=3 p99=13 p999=47 max=115 ms rss=659.2MB
[interval 26] t= 810.0s msgs=1500072 thr=    50002 msg/s avg=  3.43 p50=3 p99=12 p999=26 max=103 ms rss=659.3MB
[interval 27] t= 840.0s msgs=1499995 thr=    50000 msg/s avg=  3.46 p50=3 p99=13 p999=27 max=41 ms rss=659.3MB
[interval 28] t= 870.0s msgs=1499946 thr=    49998 msg/s avg=  3.43 p50=3 p99=12 p999=26 max=95 ms rss=659.4MB
======================================================================
SUMMARY - Java kafka-clients (KIP-848=consumer, warmup 12000000 excluded)
Measured messages: 44999999
Duration:          900.05 s
Throughput:        49997 msg/s  (97.65 MiB/s)
E2E latency (ms):  min=1 avg=188.53 stddev=2214.89 p50=3 p90=5 p95=10 p99=2405 p99.9=38203 max=44897
RSS (MB, current): avg=657.1 min=649.1 max=659.4 (29 samples)
{"client":"java","protocol":"consumer","messages":44999999,"duration_s":900.05,"throughput_msg_s":49997.44,"throughput_mib_s":97.65,"lat_min_ms":1,"lat_avg_ms":188.53,"lat_stddev_ms":2214.89,"lat_p50_ms":3,"lat_p90_ms":5,"lat_p95_ms":10,"lat_p99_ms":2405,"lat_p999_ms":38203,"lat_max_ms":44897,"rss_avg_mb":657.1,"rss_min_mb":649.1,"rss_max_mb":659.4}
