======================================================================
Consumer E2E Latency Benchmark — Rust Kafka Consumer
======================================================================
Bootstrap:   pkc-devcozvdmy.us-east-1.aws.devel.cpdev.cloud:9092
Topic:       cmp-bench-36p
Group:       CRC-200mbs-rust-1781824826
Throughput:  50000 msg/s
Duration:    900 s (after warmup)
Msg size:    1024 bytes
Warmup:      24000000 messages
Interval:    30 s
======================================================================
Offset reset: latest
Client config: loaded /home/ec2-user/bench/crcbatch/cc_crcoff.properties (SASL/SSL etc.)
Fetch config: fetch.min.bytes=1 fetch.max.wait.ms=default max.partition.fetch.bytes=1048576 fetch.max.bytes=default max.poll.records=500

>>> Subscribed; waiting for partition assignment (KIP-848 join)...
    assigned 36 partition(s) after 0.5s
>>> --no-produce: drive the producer externally now.

>>> Measuring (warmup 24000000 msgs, then 900 s)...

>>> first records arrived 45.5s after producer start (after 91 polls)
    warmup complete (24000000 msgs); measuring now
[interval 0] t=  30.0s msgs=2999973 thr=    99999 msg/s  avg=  3.93 p50=3 p99=15 p999=31 max=53 ms  cpu=  0.0% rss=  12.8MB
[interval 1] t=  60.0s msgs=3000088 thr=   100002 msg/s  avg=  3.97 p50=3 p99=16 p999=28 max=48 ms  cpu=  0.0% rss=  13.0MB
[interval 2] t=  90.0s msgs=3000123 thr=   100004 msg/s  avg=  3.89 p50=3 p99=14 p999=27 max=80 ms  cpu=  0.0% rss=  13.1MB
[interval 3] t= 120.0s msgs=3000081 thr=   100003 msg/s  avg=  3.98 p50=3 p99=15 p999=39 max=132 ms  cpu=  0.0% rss=  14.9MB
[interval 4] t= 150.0s msgs=3000200 thr=   100006 msg/s  avg=  3.88 p50=3 p99=15 p999=28 max=54 ms  cpu=  0.0% rss=  19.2MB
[interval 5] t= 180.0s msgs=3000158 thr=   100005 msg/s  avg=  3.94 p50=3 p99=15 p999=29 max=52 ms  cpu=  0.0% rss=  23.9MB
[interval 6] t= 210.0s msgs=3000123 thr=   100004 msg/s  avg=  3.92 p50=3 p99=15 p999=27 max=112 ms  cpu=  0.0% rss=  23.9MB
[interval 7] t= 240.0s msgs=3000165 thr=   100005 msg/s  avg=  3.89 p50=3 p99=14 p999=26 max=46 ms  cpu=  0.0% rss=  23.9MB
[interval 8] t= 270.0s msgs=3000193 thr=   100006 msg/s  avg=  3.89 p50=3 p99=15 p999=28 max=111 ms  cpu=  0.0% rss=  23.9MB
[interval 9] t= 300.0s msgs=3000018 thr=   100001 msg/s  avg=  3.94 p50=3 p99=15 p999=29 max=61 ms  cpu=  0.0% rss=  23.9MB
[interval 10] t= 330.0s msgs=3000221 thr=   100007 msg/s  avg=  3.93 p50=3 p99=15 p999=29 max=227 ms  cpu=  0.0% rss=  23.9MB
[interval 11] t= 360.0s msgs=3000102 thr=   100003 msg/s  avg=  3.93 p50=3 p99=15 p999=27 max=43 ms  cpu=  0.0% rss=  23.9MB
[interval 12] t= 390.0s msgs=3000018 thr=   100001 msg/s  avg=  3.93 p50=3 p99=15 p999=30 max=115 ms  cpu=  0.0% rss=  23.9MB
[interval 13] t= 420.0s msgs=3000221 thr=   100007 msg/s  avg=  4.03 p50=3 p99=16 p999=39 max=132 ms  cpu=  0.0% rss=  25.2MB
[interval 14] t= 450.0s msgs=3000025 thr=   100000 msg/s  avg=  3.97 p50=3 p99=15 p999=28 max=111 ms  cpu=  0.0% rss=  25.2MB
[interval 15] t= 480.0s msgs=3000186 thr=   100005 msg/s  avg=  3.92 p50=3 p99=15 p999=26 max=54 ms  cpu=  0.0% rss=  25.2MB
[interval 16] t= 510.0s msgs=3000109 thr=   100004 msg/s  avg=  3.88 p50=3 p99=14 p999=26 max=111 ms  cpu=  0.0% rss=  25.2MB
[interval 17] t= 540.0s msgs=3000088 thr=   100003 msg/s  avg=  3.95 p50=3 p99=15 p999=28 max=53 ms  cpu=  0.0% rss=  25.2MB
[interval 18] t= 570.0s msgs=3000158 thr=   100005 msg/s  avg=  3.92 p50=3 p99=15 p999=30 max=115 ms  cpu=  0.0% rss=  25.2MB
[interval 19] t= 600.0s msgs=3000025 thr=   100001 msg/s  avg=  3.96 p50=3 p99=15 p999=27 max=56 ms  cpu=  0.0% rss=  25.2MB
[interval 20] t= 630.0s msgs=3000165 thr=   100005 msg/s  avg=  3.91 p50=3 p99=15 p999=28 max=53 ms  cpu=  0.0% rss=  25.2MB
[interval 21] t= 660.0s msgs=3000025 thr=   100001 msg/s  avg=  3.95 p50=3 p99=15 p999=29 max=106 ms  cpu=  0.0% rss=  25.2MB
[interval 22] t= 690.0s msgs=3000214 thr=   100007 msg/s  avg=  3.92 p50=3 p99=15 p999=28 max=54 ms  cpu=  0.0% rss=  25.2MB
[interval 23] t= 720.0s msgs=3000095 thr=   100003 msg/s  avg=  4.00 p50=3 p99=16 p999=45 max=149 ms  cpu=  0.0% rss=  25.7MB
[interval 24] t= 750.0s msgs=3000095 thr=   100003 msg/s  avg=  3.90 p50=3 p99=15 p999=27 max=115 ms  cpu=  0.0% rss=  25.7MB
[interval 25] t= 780.0s msgs=3000067 thr=   100002 msg/s  avg=  3.95 p50=3 p99=15 p999=29 max=52 ms  cpu=  0.0% rss=  25.7MB
[interval 26] t= 810.0s msgs=3000151 thr=   100005 msg/s  avg=  3.89 p50=3 p99=15 p999=28 max=46 ms  cpu=  0.0% rss=  25.7MB
[interval 27] t= 840.0s msgs=3000151 thr=   100005 msg/s  avg=  3.93 p50=3 p99=15 p999=28 max=59 ms  cpu=  0.0% rss=  25.7MB
[interval 28] t= 870.0s msgs=3000046 thr=   100001 msg/s  avg=  3.90 p50=3 p99=15 p999=28 max=53 ms  cpu=  0.0% rss=  25.7MB

Loop breakdown over 9238814 polls: poll().await=99.9%  per-record processing=0.1%  (avg 10 records/poll)
Records/poll distribution (non-empty polls, post-warmup): n=7302591 min=7 mean=12.3 p50=7 p99=49 max=500

======================================================================
SUMMARY — Rust Kafka Consumer (warmup 24000000 excluded)
======================================================================
Measured messages: 89999977
Duration:          900.00 s
Throughput:        100000 msg/s  (97.66 MiB/s)
E2E latency (ms):  min=1 avg=3.93 stddev=2.62 p50=3 p90=6 p95=7 p99=15 p99.9=29 max=227
RSS (MB, current): avg=23.1 min=12.8 max=25.7
======================================================================

Results written to: consumer-perf/results/CRC-200mbs-rust-1781824826
