======================================================================
Consumer E2E Latency Benchmark - librdkafka (native C)
======================================================================
Bootstrap:   pkc-devcozvdmy.us-east-1.aws.devel.cpdev.cloud:9092
Topic:       cmp-bench-10p
Group:       lr10-1782199262
Throughput:  300000 msg/s
Duration:    300 s (after warmup)
Msg size:    1024 bytes
Warmup:      60000 messages
Interval:    30 s
rdkafka ver: 2.13.0
======================================================================

>>> Subscribed; waiting for partition assignment (group.protocol=consumer)...
%6|1782199263.193|GETSUBSCRIPTIONS|librdkafka-perf-c#consumer-1| [thrd:main]: Telemetry client instance id changed from AAAAAAAAAAAAAAAAAAAAAA to yX2PaRLwQ/GvXsj5budtyQ
    assigned 10 partition(s)
    assigned after 1.0s
>>> Settling to the live edge (polling until empty) before producer...
    at live edge; starting producer now.

>>> Measuring (warmup 60000 msgs, then 300 s)...

>>> first records arrived 44.2s after producer start
    warmup complete (60000 msgs); measuring now
[interval 0] t=  30.0s msgs=  75002 thr=     2500 msg/s  avg=  4.00 p50=4 p99=11 p999=22 max=34 ms  cpu=  1.0% rss=  15.0MB
[interval 1] t=  60.0s msgs=  75025 thr=     2500 msg/s  avg=  4.00 p50=4 p99=11 p999=24 max=35 ms  cpu=  1.8% rss=  19.4MB
[interval 2] t=  90.0s msgs=  75005 thr=     2500 msg/s  avg=  4.01 p50=4 p99=12 p999=24 max=38 ms  cpu=  1.8% rss=  19.4MB
[interval 3] t= 120.0s msgs=  75004 thr=     2500 msg/s  avg=  3.96 p50=4 p99=10 p999=22 max=35 ms  cpu=  1.8% rss=  19.4MB
[interval 4] t= 150.0s msgs=  75009 thr=     2500 msg/s  avg=  4.00 p50=4 p99=11 p999=28 max=36 ms  cpu=  1.8% rss=  19.4MB
[interval 5] t= 180.0s msgs=  75005 thr=     2500 msg/s  avg=  3.98 p50=4 p99=10 p999=21 max=36 ms  cpu=  1.8% rss=  19.4MB
[interval 6] t= 210.0s msgs=  75004 thr=     2500 msg/s  avg=  4.02 p50=4 p99=12 p999=28 max=50 ms  cpu=  1.8% rss=  19.4MB
[interval 7] t= 240.0s msgs=  74998 thr=     2500 msg/s  avg=  3.98 p50=4 p99=11 p999=23 max=42 ms  cpu=  1.8% rss=  19.4MB
[interval 8] t= 270.0s msgs=  75009 thr=     2500 msg/s  avg=  3.94 p50=4 p99=10 p999=21 max=29 ms  cpu=  1.8% rss=  19.4MB

======================================================================
SUMMARY - librdkafka-c (warmup 60000 excluded, group.protocol=consumer)
======================================================================
Measured messages: 750000
Duration:          300.00 s
Throughput:        2500 msg/s  (2.44 MiB/s)
Batch consume:     max_poll_records=500, 810000 non-empty batches, 810000 records, avg 1.0 records/batch
Records/batch dist (post-warmup): n=750000 min=1 mean=1.0 p50=1 p99=1 max=1
E2E latency (ms):  min=1 avg=3.99 stddev=2.02 p50=4 p90=6 p95=7 p99=11 p99.9=24 max=74
RSS (MB, current):  avg=18.9 min=15.0 max=19.4 (9 samples)
======================================================================

Results written to: /home/ec2-user/bench/lowrate10/rdk_res/lr10-1782199262
