======================================================================
Consumer E2E Latency Benchmark — Rust Kafka Consumer
======================================================================
Bootstrap:   pkc-devcozvdmy.us-east-1.aws.devel.cpdev.cloud:9092
Topic:       cmp-bench-10p
Group:       consumer-perf-1782198932150
Throughput:  2500 msg/s
Duration:    300 s (after warmup)
Msg size:    2048 bytes
Warmup:      60000 messages
Interval:    30 s
======================================================================
Offset reset: latest
Client config: loaded /home/ec2-user/bench/cc_bench.properties (SASL/SSL etc.)
Fetch config: fetch.min.bytes=default fetch.max.wait.ms=default max.partition.fetch.bytes=default fetch.max.bytes=default max.poll.records=default

>>> Subscribed; waiting for partition assignment (KIP-848 join)...
    assigned 10 partition(s) after 0.5s
>>> Settling to the live edge (polling until empty) before starting producer...
    at live edge; starting producer now.
>>> Launching producer: throughput=2500 (fixed msg/s), 2048 bytes, ~885000 records

>>> Measuring (warmup 60000 msgs, then 300 s)...

>>> first records arrived 1.0s after producer start (after 3 polls)
    warmup complete (60000 msgs); measuring now
[interval 0] t=  30.0s msgs=  75008 thr=     2500 msg/s  avg=  4.01 p50=4 p99=10 p999=21 max=37 ms  cpu=  0.0% rss=   9.4MB
[interval 1] t=  60.0s msgs=  75003 thr=     2500 msg/s  avg=  4.06 p50=4 p99=11 p999=28 max=99 ms  cpu=  0.0% rss=   9.6MB
[interval 2] t=  90.0s msgs=  75010 thr=     2500 msg/s  avg=  4.00 p50=4 p99=10 p999=26 max=76 ms  cpu=  0.0% rss=   9.7MB
[interval 3] t= 120.0s msgs=  75011 thr=     2500 msg/s  avg=  3.95 p50=4 p99=10 p999=19 max=37 ms  cpu=  0.0% rss=   9.7MB
[interval 4] t= 150.0s msgs=  75005 thr=     2500 msg/s  avg=  3.98 p50=4 p99=10 p999=23 max=34 ms  cpu=  0.0% rss=  14.1MB
[interval 5] t= 180.0s msgs=  75008 thr=     2500 msg/s  avg=  4.01 p50=4 p99=11 p999=24 max=91 ms  cpu=  0.0% rss=  18.7MB
[interval 6] t= 210.0s msgs=  74998 thr=     2500 msg/s  avg=  3.99 p50=4 p99=10 p999=22 max=40 ms  cpu=  0.0% rss=  18.7MB
[interval 7] t= 240.0s msgs=  75011 thr=     2500 msg/s  avg=  3.97 p50=4 p99=10 p999=23 max=38 ms  cpu=  0.0% rss=  14.3MB
[interval 8] t= 270.0s msgs=  75004 thr=     2500 msg/s  avg=  4.02 p50=4 p99=11 p999=22 max=29 ms  cpu=  0.0% rss=  14.3MB

Loop breakdown over 115446 polls: poll().await=100.0%  per-record processing=0.0%  (avg 6 records/poll)
Records/poll distribution (non-empty polls, post-warmup): n=106906 min=6 mean=7.0 p50=7 p99=7 max=21

======================================================================
SUMMARY — Rust Kafka Consumer (warmup 60000 excluded)
======================================================================
Measured messages: 750007
Duration:          300.00 s
Throughput:        2500 msg/s  (4.88 MiB/s)
E2E latency (ms):  min=1 avg=4.00 stddev=2.03 p50=4 p90=6 p95=7 p99=11 p99.9=23 max=99
RSS (MB, current): avg=13.2 min=9.4 max=18.7
======================================================================

Results written to: /home/ec2-user/bench/lowrate10/rust_res/consumer-perf-1782198932150
