======================================================================
Consumer E2E Latency Benchmark - librdkafka (native C)
======================================================================
Bootstrap:   pkc-devcozvdmy.us-east-1.aws.devel.cpdev.cloud:9092
Topic:       cmp-bench-200p
Group:       RDK-200p-stats-1782156892
Throughput:  300000 msg/s
Duration:    1800 s (after warmup)
Msg size:    1024 bytes
Warmup:      36000000 messages
Interval:    30 s
rdkafka ver: 2.13.0
======================================================================

>>> Subscribed; waiting for partition assignment (group.protocol=consumer)...
%6|1782156892.774|GETSUBSCRIPTIONS|librdkafka-perf-c#consumer-1| [thrd:main]: Telemetry client instance id changed from AAAAAAAAAAAAAAAAAAAAAA to 2FZw4tCnQSeZibhTWxgzsA
    assigned 200 partition(s)
    assigned after 0.8s
>>> Settling to the live edge (polling until empty) before producer...
    (settle timeout - proceeding)
    at live edge; starting producer now.

>>> Measuring (warmup 36000000 msgs, then 1800 s)...

>>> first records arrived 0.0s after producer start
    warmup complete (36000000 msgs); measuring now
[interval 0] t=  30.0s msgs=8994853 thr=   299827 msg/s  avg=  8.28 p50=7 p99=30 p999=49 max=235 ms  cpu=188.3% rss=  42.0MB
[interval 1] t=  60.0s msgs=9006093 thr=   300202 msg/s  avg=  8.84 p50=7 p99=33 p999=52 max=135 ms  cpu=202.1% rss=  47.2MB
[interval 2] t=  90.0s msgs=8995978 thr=   299866 msg/s  avg=  8.75 p50=7 p99=32 p999=53 max=110 ms  cpu=204.6% rss=  47.4MB
[interval 3] t= 120.0s msgs=9000804 thr=   300026 msg/s  avg=  8.70 p50=7 p99=32 p999=49 max=152 ms  cpu=202.9% rss=  47.7MB
[interval 4] t= 150.0s msgs=8997965 thr=   299932 msg/s  avg=  8.69 p50=7 p99=31 p999=50 max=251 ms  cpu=204.9% rss=  48.2MB
[interval 5] t= 180.0s msgs=9005269 thr=   300175 msg/s  avg=  9.08 p50=7 p99=33 p999=51 max=102 ms  cpu=202.3% rss=  48.5MB
[interval 6] t= 210.0s msgs=9000077 thr=   300002 msg/s  avg=  8.80 p50=7 p99=32 p999=50 max=115 ms  cpu=203.8% rss=  48.8MB
[interval 7] t= 240.0s msgs=9000078 thr=   300003 msg/s  avg=  8.72 p50=7 p99=31 p999=51 max=251 ms  cpu=202.7% rss=  49.5MB
[interval 8] t= 270.0s msgs=8995238 thr=   299841 msg/s  avg=  8.73 p50=7 p99=32 p999=89 max=215 ms  cpu=204.7% rss=  64.0MB
[interval 9] t= 300.0s msgs=9004428 thr=   300148 msg/s  avg=  8.63 p50=7 p99=31 p999=49 max=245 ms  cpu=204.4% rss=  65.5MB
[interval 10] t= 330.0s msgs=8999876 thr=   299995 msg/s  avg=  8.35 p50=7 p99=30 p999=47 max=101 ms  cpu=207.8% rss=  65.5MB
[interval 11] t= 360.0s msgs=8995673 thr=   299856 msg/s  avg=  8.68 p50=7 p99=31 p999=48 max=245 ms  cpu=205.2% rss=  68.1MB
[interval 12] t= 390.0s msgs=9004128 thr=   300137 msg/s  avg=  8.58 p50=7 p99=31 p999=51 max=108 ms  cpu=206.0% rss=  68.1MB
[interval 13] t= 420.0s msgs=9000720 thr=   300022 msg/s  avg=  8.99 p50=7 p99=33 p999=52 max=121 ms  cpu=203.7% rss=  68.1MB
[interval 14] t= 450.0s msgs=9000123 thr=   300004 msg/s  avg=  8.89 p50=7 p99=32 p999=50 max=130 ms  cpu=204.6% rss=  68.1MB
[interval 15] t= 480.0s msgs=8999517 thr=   299984 msg/s  avg=  8.85 p50=7 p99=32 p999=48 max=104 ms  cpu=203.5% rss=  68.1MB
[interval 16] t= 510.0s msgs=9000008 thr=   299999 msg/s  avg=  8.84 p50=7 p99=33 p999=55 max=240 ms  cpu=205.7% rss=  70.7MB
[interval 17] t= 540.0s msgs=8999706 thr=   299990 msg/s  avg=  8.68 p50=7 p99=31 p999=48 max=94 ms  cpu=205.4% rss=  70.7MB
[interval 18] t= 570.0s msgs=9000601 thr=   300020 msg/s  avg=  8.74 p50=7 p99=32 p999=88 max=267 ms  cpu=205.5% rss=  84.1MB
[interval 19] t= 600.0s msgs=8999941 thr=   299996 msg/s  avg=  8.51 p50=7 p99=31 p999=46 max=91 ms  cpu=207.4% rss=  84.1MB
[interval 20] t= 630.0s msgs=9000665 thr=   300022 msg/s  avg=  8.56 p50=7 p99=32 p999=51 max=95 ms  cpu=207.2% rss=  84.1MB
[interval 21] t= 660.0s msgs=8999962 thr=   299999 msg/s  avg=  8.79 p50=7 p99=32 p999=49 max=122 ms  cpu=205.3% rss=  84.1MB
[interval 22] t= 690.0s msgs=8999379 thr=   299979 msg/s  avg=  8.72 p50=7 p99=32 p999=52 max=244 ms  cpu=207.1% rss=  87.4MB
[interval 23] t= 720.0s msgs=9000764 thr=   300025 msg/s  avg=  8.68 p50=7 p99=32 p999=51 max=165 ms  cpu=205.8% rss=  87.4MB
[interval 24] t= 750.0s msgs=9000229 thr=   300008 msg/s  avg=  8.40 p50=7 p99=31 p999=48 max=118 ms  cpu=207.7% rss=  87.4MB
[interval 25] t= 780.0s msgs=8994609 thr=   299820 msg/s  avg=  8.74 p50=7 p99=31 p999=50 max=202 ms  cpu=203.6% rss=  88.5MB
[interval 26] t= 810.0s msgs=6462873 thr=   215429 msg/s  avg=  7.56 p50=6 p99=31 p999=56 max=145 ms  cpu=156.3% rss=  90.0MB
[interval 27] t= 840.0s msgs=4499622 thr=   149987 msg/s  avg=  7.49 p50=6 p99=28 p999=45 max=98 ms  cpu=113.4% rss=  90.0MB
[interval 28] t= 870.0s msgs=4499937 thr=   149998 msg/s  avg=  7.26 p50=6 p99=28 p999=68 max=191 ms  cpu=114.5% rss=  90.0MB
[interval 29] t= 900.0s msgs=4500269 thr=   150009 msg/s  avg=  7.38 p50=6 p99=28 p999=43 max=118 ms  cpu=114.2% rss=  90.0MB
[interval 30] t= 930.0s msgs=4499915 thr=   149997 msg/s  avg=  7.18 p50=6 p99=27 p999=42 max=77 ms  cpu=114.1% rss=  90.0MB
[interval 31] t= 960.0s msgs=4499832 thr=   149994 msg/s  avg=  7.37 p50=6 p99=27 p999=42 max=257 ms  cpu=114.5% rss=  90.0MB
[interval 32] t= 990.0s msgs=4500402 thr=   150013 msg/s  avg=  7.29 p50=6 p99=28 p999=44 max=224 ms  cpu=113.5% rss=  90.0MB
[interval 33] t=1020.0s msgs=4499935 thr=   149997 msg/s  avg=  7.22 p50=6 p99=27 p999=44 max=117 ms  cpu=114.0% rss=  90.0MB
[interval 34] t=1050.0s msgs=4500005 thr=   150000 msg/s  avg=  7.37 p50=6 p99=28 p999=43 max=96 ms  cpu=113.6% rss=  90.0MB
[interval 35] t=1080.0s msgs=4499951 thr=   149998 msg/s  avg=  7.25 p50=6 p99=27 p999=40 max=122 ms  cpu=113.4% rss=  90.0MB
[interval 36] t=1110.0s msgs=4499893 thr=   149996 msg/s  avg=  7.17 p50=6 p99=27 p999=41 max=81 ms  cpu=114.4% rss=  90.0MB
[interval 37] t=1140.0s msgs=4500301 thr=   150010 msg/s  avg=  7.37 p50=6 p99=28 p999=42 max=78 ms  cpu=114.7% rss=  90.0MB
[interval 38] t=1170.0s msgs=4499758 thr=   149992 msg/s  avg=  7.46 p50=6 p99=29 p999=79 max=168 ms  cpu=114.2% rss=  92.1MB
[interval 39] t=1200.0s msgs=4500276 thr=   150009 msg/s  avg=  7.31 p50=6 p99=28 p999=46 max=88 ms  cpu=114.6% rss=  92.1MB
[interval 40] t=1230.0s msgs=4500400 thr=   150013 msg/s  avg=  7.13 p50=6 p99=26 p999=42 max=91 ms  cpu=114.6% rss=  92.1MB
[interval 41] t=1260.0s msgs=4499716 thr=   149990 msg/s  avg=  7.41 p50=6 p99=28 p999=43 max=142 ms  cpu=114.5% rss=  92.1MB
[interval 42] t=1290.0s msgs=4499935 thr=   149996 msg/s  avg=  7.17 p50=6 p99=27 p999=41 max=81 ms  cpu=114.2% rss=  92.1MB
[interval 43] t=1320.0s msgs=4500187 thr=   150006 msg/s  avg=  7.49 p50=6 p99=28 p999=44 max=145 ms  cpu=114.3% rss=  92.1MB
[interval 44] t=1350.0s msgs=4499818 thr=   149993 msg/s  avg=  7.07 p50=6 p99=26 p999=40 max=68 ms  cpu=115.0% rss=  92.1MB
[interval 45] t=1380.0s msgs=4500412 thr=   150013 msg/s  avg=  7.59 p50=6 p99=28 p999=45 max=146 ms  cpu=113.3% rss=  92.6MB
[interval 46] t=1410.0s msgs=4499870 thr=   149995 msg/s  avg=  7.28 p50=6 p99=27 p999=41 max=102 ms  cpu=114.7% rss=  92.6MB
[interval 47] t=1440.0s msgs=4499935 thr=   149998 msg/s  avg=  7.45 p50=6 p99=27 p999=41 max=156 ms  cpu=114.6% rss=  92.6MB
[interval 48] t=1470.0s msgs=4500071 thr=   150002 msg/s  avg=  7.53 p50=6 p99=29 p999=85 max=186 ms  cpu=113.9% rss=  92.6MB
[interval 49] t=1500.0s msgs=4500107 thr=   150004 msg/s  avg=  7.43 p50=6 p99=28 p999=42 max=80 ms  cpu=114.6% rss=  92.6MB
[interval 50] t=1530.0s msgs=4499947 thr=   149998 msg/s  avg=  7.42 p50=6 p99=27 p999=42 max=95 ms  cpu=114.3% rss=  92.6MB
[interval 51] t=1560.0s msgs=4500326 thr=   150010 msg/s  avg=  7.53 p50=6 p99=28 p999=44 max=75 ms  cpu=114.2% rss=  92.6MB
[interval 52] t=1590.0s msgs=4499456 thr=   149982 msg/s  avg=  7.44 p50=6 p99=27 p999=42 max=83 ms  cpu=113.8% rss=  92.6MB
[interval 53] t=1620.0s msgs=4500381 thr=   150012 msg/s  avg=  7.49 p50=6 p99=28 p999=42 max=75 ms  cpu=114.4% rss=  92.6MB
[interval 54] t=1650.0s msgs=4499886 thr=   149996 msg/s  avg=  7.78 p50=6 p99=29 p999=49 max=148 ms  cpu=113.2% rss=  92.6MB
[interval 55] t=1680.0s msgs=4500254 thr=   150008 msg/s  avg=  8.37 p50=6 p99=34 p999=59 max=243 ms  cpu=112.5% rss=  92.6MB
[interval 56] t=1710.0s msgs=4499882 thr=   149995 msg/s  avg=  8.00 p50=6 p99=31 p999=47 max=87 ms  cpu=112.9% rss=  92.6MB
[interval 57] t=1740.0s msgs=4500026 thr=   150001 msg/s  avg=  7.62 p50=6 p99=29 p999=46 max=159 ms  cpu=113.3% rss=  92.6MB
[interval 58] t=1770.0s msgs=4500085 thr=   150002 msg/s  avg=  7.66 p50=6 p99=29 p999=55 max=205 ms  cpu=113.9% rss=  92.6MB

======================================================================
SUMMARY - librdkafka-c (warmup 36000000 excluded, group.protocol=consumer)
======================================================================
Measured messages: 388958413
Duration:          1800.00 s
Throughput:        216088 msg/s  (211.02 MiB/s)
Batch consume:     max_poll_records=500, 424958413 non-empty batches, 424958413 records, avg 1.0 records/batch
Records/batch dist (post-warmup): n=388958413 min=1 mean=1.0 p50=1 p99=1 max=1
E2E latency (ms):  min=1 avg=8.20 stddev=5.76 p50=7 p90=14 p95=19 p99=30 p99.9=49 max=267
RSS (MB, current):  avg=80.7 min=42.0 max=92.6 (59 samples)
======================================================================

Results written to: /home/ec2-user/bench/mbatch_arm/RDK-200p-stats_res/RDK-200p-stats-1782156892
