######## Python producer perf test (ASYNC=False, CLIENT_VERSION=3) ########
Producing messages at max rate for 3600 seconds
Running sync producer performance test v3 (confluent-kafka-rust)...
Key size: 0 bytes
Value size: 102400 bytes
Verify: False
Producer configuration:
  bootstrap.servers: pkc-devcoz07r9.us-east-1.aws.devel.cpdev.cloud:9092
  security.protocol: SASL_SSL
  sasl.mechanism: PLAIN
  sasl.jaas.config: <hidden>
  acks: all
  batch.size: 1048576
  max.request.size: 8388608
  compression.type: none
  enable.idempotence: false
  max.in.flight.requests.per.connection: 5
  buffer.memory: 33554432
  linger.ms: 5
Warming up for 300 seconds ...
Starting measured interval at 1787400053964 ms: 2026-08-22 12:00:53.964246+00:00
Test duration reached, 3602.39 seconds. Interrupting...

End time: 1787403656581 ms
Duration: 3602617.133376 ms
Average CPU: 82.18 %
Average RSS: 1158793.49 KiB
CPU Efficiency: 70.89 msg/(s * 1% CPU)
Memory Efficiency: 0.01 msg/(s * KB RSS)
Average time: 0.17 ms
Average rate msg/s: 5826.32 msg/s
Average rate MiB/s: 568.98 MiB/s
Average latency: 467.36 ms
Max latency: 689.00 ms
p50 latency: 461 ms
p90 latency: 514 ms
p99 latency: 574 ms
p999 latency: 626 ms
Results summary written to: results.json
Performing garbage collection...
Waiting for final metrics collection...
Final CPU: 0.00 %
Final RSS: 1080116.00 KiB
Done
Consumer verification skipped (VERIFY_CONSUMED=False)
######## Done: python-producer. Metrics under /home/ubuntu/perf-test/results ########
