######## C v2 (librdkafka baseline) ########
%6|1787419322.960|GETSUBSCRIPTIONS|rdkafka#producer-1| [thrd:main]: Telemetry client instance id changed from AAAAAAAAAAAAAAAAAAAAAA to Ju06nDqeQCiIk/tOOofB/Q
Verification disabled
SASL authentication enabled
Key size: 0 bytes
Value size: 102400 bytes
Bootstrap servers: pkc-devcoz07r9.us-east-1.aws.devel.cpdev.cloud:9092
Enable idempotence: false
Max in flight requests: 1000
Compression type: none
Buffer memory: 32 MB
Batch size: 1024 KB
Max request size: 8192 KB
Linger ms: 5
Using librdkafka producer (v2)
Using topic name: rust-perf-200p
Producing at max rate for 3600 seconds
Running C sync producer performance test ...
Warming up for 300 seconds ...
Warmup complete.
Starting measured interval at 1787419622816 ms
Test duration reached, 3602 seconds. Interrupting...
End time: 1787423225146 ms
Duration: 3602329.56 ms
Average CPU: 18.76 %
Average RSS: 1101030.16 KiB
CPU efficiency: 106.22 msg/(s * 1% CPU)
Memory efficiency: 0.00 msg/(s * KB RSS)
Average future queue size: 177.67
Max future queue size: 326
Average time: 0.50 ms
Average rate msg/s: 1993.15 msg/s
Average rate MiB/s: 194.64 MiB/s
Average latency: 91.94 ms
Max latency: 506.58 ms
p99 latency: 193 ms
Results summary written to: results.json
Waiting for final metrics collection...
Final CPU: 0.00 %
Final RSS: 1030880.00 KiB
Done
######## Done: c-v2. Metrics under /home/ubuntu/perf-test/results ########
