Java e2e: bootstrap=pkc-devcozvdmy.us-east-1.aws.devel.cpdev.cloud:9092 topic=cmp-bench-200p proto=consumer maxPoll=500 fetch.min=4MiB partFetch=4MiB crc=off dur=1800s warmup=300000
subscribed; waiting for assignment/records...
warmup complete (300000 msgs); measuring 1800s now
[interval 0] t=  30.0s msgs=4500040 thr=   150001 msg/s avg=  5.32 p50=4 p99=21 p999=36 max=232 ms rss=869.0MB
[interval 1] t=  60.0s msgs=4500133 thr=   150004 msg/s avg=  5.53 p50=5 p99=22 p999=38 max=70 ms rss=868.9MB
[interval 2] t=  90.0s msgs=4500024 thr=   150001 msg/s avg=  5.21 p50=4 p99=19 p999=33 max=54 ms rss=869.9MB
[interval 3] t= 120.0s msgs=4499858 thr=   149995 msg/s avg=  5.40 p50=4 p99=21 p999=36 max=111 ms rss=870.6MB
[interval 4] t= 150.0s msgs=4500269 thr=   150009 msg/s avg=  5.39 p50=4 p99=21 p999=35 max=64 ms rss=870.6MB
[interval 5] t= 180.0s msgs=4499800 thr=   149993 msg/s avg=  5.29 p50=4 p99=20 p999=35 max=123 ms rss=870.9MB
[interval 6] t= 210.0s msgs=4500213 thr=   150007 msg/s avg=  5.44 p50=5 p99=21 p999=35 max=84 ms rss=872.4MB
[interval 7] t= 240.0s msgs=4499940 thr=   149998 msg/s avg=  5.28 p50=4 p99=20 p999=33 max=139 ms rss=872.6MB
[interval 8] t= 270.0s msgs=4499946 thr=   149998 msg/s avg=  5.50 p50=5 p99=22 p999=37 max=70 ms rss=876.3MB
[interval 9] t= 300.0s msgs=4499958 thr=   149999 msg/s avg=  5.37 p50=4 p99=20 p999=61 max=135 ms rss=877.4MB
[interval 10] t= 330.0s msgs=4499742 thr=   149991 msg/s avg=  5.37 p50=4 p99=21 p999=36 max=82 ms rss=877.5MB
[interval 11] t= 360.0s msgs=4500320 thr=   150011 msg/s avg=  5.17 p50=4 p99=19 p999=29 max=44 ms rss=878.0MB
[interval 12] t= 390.0s msgs=4500206 thr=   150007 msg/s avg=  5.35 p50=4 p99=21 p999=35 max=59 ms rss=878.3MB
[interval 13] t= 420.0s msgs=4499908 thr=   149997 msg/s avg=  5.35 p50=4 p99=21 p999=37 max=97 ms rss=878.6MB
[interval 14] t= 450.0s msgs=4499915 thr=   149997 msg/s avg=  5.26 p50=4 p99=20 p999=36 max=83 ms rss=878.8MB
[interval 15] t= 480.0s msgs=4500191 thr=   150006 msg/s avg=  5.47 p50=4 p99=22 p999=37 max=132 ms rss=879.6MB
[interval 16] t= 510.0s msgs=4499902 thr=   149997 msg/s avg=  5.25 p50=4 p99=20 p999=33 max=72 ms rss=879.6MB
[interval 17] t= 540.0s msgs=4499946 thr=   149998 msg/s avg=  5.47 p50=5 p99=22 p999=36 max=110 ms rss=879.6MB
[interval 18] t= 570.0s msgs=4500046 thr=   150002 msg/s avg=  5.17 p50=4 p99=19 p999=32 max=60 ms rss=879.8MB
[interval 19] t= 600.0s msgs=4500175 thr=   150006 msg/s avg=  5.54 p50=4 p99=22 p999=72 max=159 ms rss=879.8MB
[interval 20] t= 630.0s msgs=4499564 thr=   149985 msg/s avg=  5.33 p50=4 p99=21 p999=35 max=74 ms rss=880.3MB
[interval 21] t= 660.0s msgs=4500427 thr=   150014 msg/s avg=  5.28 p50=4 p99=20 p999=33 max=111 ms rss=881.1MB
[interval 22] t= 690.0s msgs=4500168 thr=   150006 msg/s avg=  5.33 p50=4 p99=20 p999=34 max=68 ms rss=881.6MB
[interval 23] t= 720.0s msgs=4499733 thr=   149991 msg/s avg=  5.22 p50=4 p99=20 p999=33 max=235 ms rss=881.6MB
[interval 24] t= 750.0s msgs=4499849 thr=   149995 msg/s avg=  5.39 p50=4 p99=22 p999=37 max=75 ms rss=881.6MB
[interval 25] t= 780.0s msgs=4500324 thr=   150011 msg/s avg=  5.20 p50=4 p99=19 p999=33 max=127 ms rss=881.9MB
[interval 26] t= 810.0s msgs=4499862 thr=   149995 msg/s avg=  5.52 p50=5 p99=22 p999=36 max=67 ms rss=881.9MB
[interval 27] t= 840.0s msgs=4500143 thr=   150005 msg/s avg=  5.21 p50=4 p99=20 p999=34 max=169 ms rss=881.9MB
[interval 28] t= 870.0s msgs=4499881 thr=   149996 msg/s avg=  5.45 p50=5 p99=21 p999=35 max=67 ms rss=882.0MB
[interval 29] t= 900.0s msgs=4500188 thr=   150006 msg/s avg=  5.44 p50=4 p99=21 p999=76 max=231 ms rss=882.0MB
[interval 30] t= 930.0s msgs=4499928 thr=   149998 msg/s avg=  5.29 p50=4 p99=20 p999=34 max=61 ms rss=882.5MB
[interval 31] t= 960.0s msgs=4500093 thr=   150003 msg/s avg=  5.22 p50=4 p99=20 p999=33 max=83 ms rss=882.8MB
[interval 32] t= 990.0s msgs=4499847 thr=   149995 msg/s avg=  5.21 p50=4 p99=20 p999=34 max=56 ms rss=882.8MB
[interval 33] t=1020.0s msgs=4499972 thr=   149999 msg/s avg=  5.38 p50=4 p99=21 p999=36 max=116 ms rss=883.0MB
[interval 34] t=1050.0s msgs=4499952 thr=   149998 msg/s avg=  5.20 p50=4 p99=20 p999=35 max=112 ms rss=883.2MB
[interval 35] t=1080.0s msgs=4500034 thr=   150001 msg/s avg=  5.36 p50=4 p99=21 p999=39 max=168 ms rss=883.2MB
[interval 36] t=1110.0s msgs=4499860 thr=   149995 msg/s avg=  5.09 p50=4 p99=19 p999=30 max=90 ms rss=883.4MB
[interval 37] t=1140.0s msgs=4500191 thr=   150006 msg/s avg=  5.39 p50=4 p99=21 p999=34 max=110 ms rss=883.4MB
[interval 38] t=1170.0s msgs=4499897 thr=   149997 msg/s avg=  5.18 p50=4 p99=20 p999=32 max=65 ms rss=883.4MB
[interval 39] t=1200.0s msgs=4500115 thr=   150004 msg/s avg=  5.39 p50=4 p99=21 p999=53 max=220 ms rss=884.0MB
[interval 40] t=1230.0s msgs=4499965 thr=   149999 msg/s avg=  5.26 p50=4 p99=20 p999=34 max=78 ms rss=884.4MB
[interval 41] t=1260.0s msgs=4500021 thr=   150001 msg/s avg=  5.19 p50=4 p99=20 p999=33 max=127 ms rss=884.7MB
[interval 42] t=1290.0s msgs=4500094 thr=   150003 msg/s avg=  5.34 p50=4 p99=20 p999=33 max=114 ms rss=884.7MB
[interval 43] t=1320.0s msgs=4499753 thr=   149992 msg/s avg=  5.19 p50=4 p99=20 p999=36 max=126 ms rss=884.7MB
[interval 44] t=1350.0s msgs=4500138 thr=   150005 msg/s avg=  5.35 p50=4 p99=21 p999=36 max=65 ms rss=884.8MB
[interval 45] t=1380.0s msgs=4500064 thr=   150002 msg/s avg=  5.21 p50=4 p99=20 p999=32 max=54 ms rss=884.8MB
[interval 46] t=1410.0s msgs=4499977 thr=   149999 msg/s avg=  5.33 p50=4 p99=21 p999=35 max=143 ms rss=884.8MB
[interval 47] t=1440.0s msgs=4500141 thr=   150005 msg/s avg=  5.26 p50=4 p99=20 p999=36 max=112 ms rss=885.3MB
[interval 48] t=1470.0s msgs=4499771 thr=   149992 msg/s avg=  5.37 p50=4 p99=21 p999=37 max=78 ms rss=885.8MB
[interval 49] t=1500.0s msgs=4500179 thr=   150006 msg/s avg=  5.39 p50=4 p99=21 p999=57 max=153 ms rss=885.9MB
[interval 50] t=1530.0s msgs=4499925 thr=   149998 msg/s avg=  5.19 p50=4 p99=19 p999=32 max=53 ms rss=885.9MB
[interval 51] t=1560.0s msgs=4499938 thr=   149998 msg/s avg=  5.33 p50=4 p99=21 p999=35 max=130 ms rss=885.9MB
[interval 52] t=1590.0s msgs=4499859 thr=   149995 msg/s avg=  5.27 p50=4 p99=20 p999=32 max=56 ms rss=885.9MB
[interval 53] t=1620.0s msgs=4500058 thr=   150002 msg/s avg=  5.50 p50=5 p99=22 p999=38 max=118 ms rss=885.9MB
[interval 54] t=1650.0s msgs=4500024 thr=   150001 msg/s avg=  5.19 p50=4 p99=19 p999=32 max=67 ms rss=885.9MB
[interval 55] t=1680.0s msgs=4500080 thr=   150003 msg/s avg=  5.34 p50=4 p99=21 p999=35 max=100 ms rss=886.1MB
[interval 56] t=1710.0s msgs=4499878 thr=   149996 msg/s avg=  5.32 p50=4 p99=21 p999=34 max=70 ms rss=886.2MB
[interval 57] t=1740.0s msgs=4500029 thr=   150001 msg/s avg=  5.35 p50=4 p99=21 p999=35 max=108 ms rss=886.2MB
[interval 58] t=1770.0s msgs=4500022 thr=   150001 msg/s avg=  5.31 p50=4 p99=20 p999=33 max=133 ms rss=886.2MB
======================================================================
SUMMARY - Java kafka-clients (KIP-848=consumer, warmup 300000 excluded)
Measured messages: 269999620
Duration:          1800.04 s
Throughput:        149997 msg/s  (292.96 MiB/s)
E2E latency (ms):  min=1 avg=5.32 stddev=3.70 p50=4 p90=8 p95=12 p99=21 p99.9=35 max=235
RSS (MB, current): avg=881.0 min=868.9 max=886.2 (59 samples)
{"client":"java","protocol":"consumer","messages":269999620,"duration_s":1800.04,"throughput_msg_s":149996.62,"throughput_mib_s":292.96,"lat_min_ms":1,"lat_avg_ms":5.32,"lat_stddev_ms":3.70,"lat_p50_ms":4,"lat_p90_ms":8,"lat_p95_ms":12,"lat_p99_ms":21,"lat_p999_ms":35,"lat_max_ms":235,"rss_avg_mb":881.0,"rss_min_mb":868.9,"rss_max_mb":886.2}
