======================================================================
Consumer E2E Latency Benchmark — Rust Kafka Consumer
======================================================================
Bootstrap:   pkc-devcozvdmy.us-east-1.aws.devel.cpdev.cloud:9092
Topic:       cmp-bench-200p
Group:       ld-rust-1781550222
Throughput:  50000 msg/s
Duration:    1800 s (after warmup)
Msg size:    1024 bytes
Warmup:      300000 messages
Interval:    30 s
======================================================================
>>> Ensuring topic 'cmp-bench-200p' (8 partitions)...
    WARN: could not run /home/ec2-user/dev/opensource/kafka/bin/kafka-topics.sh: No such file or directory (os error 2) (continuing)
Offset reset: latest
Client config: loaded /home/ec2-user/bench/cc_bench.properties (SASL/SSL etc.)
Fetch config: fetch.min.bytes=default fetch.max.wait.ms=default max.partition.fetch.bytes=default fetch.max.bytes=default max.poll.records=default

>>> Subscribed; waiting for partition assignment (KIP-848 join)...
    assigned 200 partition(s) after 0.5s
>>> --no-produce: drive the producer externally now.

>>> Measuring (warmup 300000 msgs, then 1800 s)...

>>> first records arrived 45.7s after producer start (after 92 polls)
    warmup complete (300000 msgs); measuring now
[interval 0] t=  30.0s msgs=4499891 thr=   149996 msg/s  avg=  5.40 p50=4 p99=22 p999=37 max=75 ms  cpu=  0.0% rss=  26.3MB
[interval 1] t=  60.0s msgs=4500184 thr=   150005 msg/s  avg=  5.35 p50=4 p99=21 p999=37 max=183 ms  cpu=  0.0% rss=  26.3MB
[interval 2] t=  90.0s msgs=4500201 thr=   150007 msg/s  avg=  5.42 p50=4 p99=21 p999=37 max=81 ms  cpu=  0.0% rss=  26.3MB
[interval 3] t= 120.0s msgs=4500345 thr=   150010 msg/s  avg=  5.31 p50=4 p99=20 p999=97 max=250 ms  cpu=  0.0% rss=  30.7MB
[interval 4] t= 150.0s msgs=4500208 thr=   150005 msg/s  avg=  5.46 p50=4 p99=21 p999=43 max=250 ms  cpu=  0.0% rss=  35.1MB
[interval 5] t= 180.0s msgs=4500311 thr=   150010 msg/s  avg=  5.16 p50=4 p99=19 p999=32 max=95 ms  cpu=  0.0% rss=  35.1MB
[interval 6] t= 210.0s msgs=4500010 thr=   150000 msg/s  avg=  5.50 p50=4 p99=22 p999=69 max=253 ms  cpu=  0.0% rss=  35.1MB
[interval 7] t= 240.0s msgs=4499828 thr=   149994 msg/s  avg=  5.24 p50=4 p99=19 p999=32 max=236 ms  cpu=  0.0% rss=  35.1MB
[interval 8] t= 270.0s msgs=4500346 thr=   150010 msg/s  avg=  5.33 p50=4 p99=20 p999=36 max=249 ms  cpu=  0.0% rss=  35.1MB
[interval 9] t= 300.0s msgs=4500357 thr=   150012 msg/s  avg=  5.28 p50=4 p99=19 p999=31 max=110 ms  cpu=  0.0% rss=  35.1MB
[interval 10] t= 330.0s msgs=4500221 thr=   150007 msg/s  avg=  5.20 p50=4 p99=19 p999=33 max=238 ms  cpu=  0.0% rss=  35.1MB
[interval 11] t= 360.0s msgs=4500245 thr=   150008 msg/s  avg=  5.55 p50=5 p99=21 p999=39 max=265 ms  cpu=  0.0% rss=  35.1MB
[interval 12] t= 390.0s msgs=4499967 thr=   149998 msg/s  avg=  5.19 p50=4 p99=19 p999=31 max=66 ms  cpu=  0.0% rss=  35.1MB
[interval 13] t= 420.0s msgs=4500323 thr=   150010 msg/s  avg=  5.62 p50=5 p99=23 p999=71 max=220 ms  cpu=  0.0% rss=  35.1MB
[interval 14] t= 450.0s msgs=4500164 thr=   150005 msg/s  avg=  5.18 p50=4 p99=19 p999=33 max=243 ms  cpu=  0.0% rss=  35.1MB
[interval 15] t= 480.0s msgs=4500099 thr=   150003 msg/s  avg=  5.41 p50=4 p99=21 p999=34 max=71 ms  cpu=  0.0% rss=  35.1MB
[interval 16] t= 510.0s msgs=4500068 thr=   150002 msg/s  avg=  5.16 p50=4 p99=19 p999=31 max=58 ms  cpu=  0.0% rss=  35.1MB
[interval 17] t= 540.0s msgs=4499924 thr=   149997 msg/s  avg=  5.30 p50=4 p99=21 p999=36 max=135 ms  cpu=  0.0% rss=  35.1MB
[interval 18] t= 570.0s msgs=4500163 thr=   150005 msg/s  avg=  5.28 p50=4 p99=20 p999=34 max=120 ms  cpu=  0.0% rss=  35.1MB
[interval 19] t= 600.0s msgs=4500036 thr=   150001 msg/s  avg=  5.16 p50=4 p99=20 p999=35 max=121 ms  cpu=  0.0% rss=  35.1MB
[interval 20] t= 630.0s msgs=4500440 thr=   150015 msg/s  avg=  5.48 p50=5 p99=21 p999=35 max=119 ms  cpu=  0.0% rss=  35.1MB
[interval 21] t= 660.0s msgs=4499985 thr=   149999 msg/s  avg=  5.26 p50=4 p99=20 p999=34 max=101 ms  cpu=  0.0% rss=  35.1MB
[interval 22] t= 690.0s msgs=4500394 thr=   150013 msg/s  avg=  5.44 p50=5 p99=21 p999=34 max=121 ms  cpu=  0.0% rss=  35.1MB
[interval 23] t= 720.0s msgs=4500217 thr=   150007 msg/s  avg=  5.23 p50=4 p99=20 p999=46 max=138 ms  cpu=  0.0% rss=  35.1MB
[interval 24] t= 750.0s msgs=4500121 thr=   150004 msg/s  avg=  5.58 p50=5 p99=22 p999=38 max=239 ms  cpu=  0.0% rss=  35.1MB
[interval 25] t= 780.0s msgs=4500236 thr=   150008 msg/s  avg=  5.15 p50=4 p99=19 p999=32 max=106 ms  cpu=  0.0% rss=  35.1MB
[interval 26] t= 810.0s msgs=4499894 thr=   149996 msg/s  avg=  5.36 p50=4 p99=21 p999=36 max=224 ms  cpu=  0.0% rss=  35.1MB
[interval 27] t= 840.0s msgs=4500449 thr=   150014 msg/s  avg=  5.33 p50=4 p99=21 p999=37 max=99 ms  cpu=  0.0% rss=  35.1MB
[interval 28] t= 870.0s msgs=4500229 thr=   150006 msg/s  avg=  5.18 p50=4 p99=19 p999=32 max=116 ms  cpu=  0.0% rss=  35.1MB
[interval 29] t= 900.0s msgs=4500421 thr=   150014 msg/s  avg=  5.36 p50=4 p99=20 p999=34 max=228 ms  cpu=  0.0% rss=  35.1MB
[interval 30] t= 930.0s msgs=4500282 thr=   150009 msg/s  avg=  5.22 p50=4 p99=20 p999=36 max=75 ms  cpu=  0.0% rss=  35.1MB
[interval 31] t= 960.0s msgs=4500148 thr=   150004 msg/s  avg=  5.46 p50=5 p99=21 p999=38 max=119 ms  cpu=  0.0% rss=  35.1MB
[interval 32] t= 990.0s msgs=4500139 thr=   150004 msg/s  avg=  5.11 p50=4 p99=19 p999=32 max=106 ms  cpu=  0.0% rss=  35.1MB
[interval 33] t=1020.0s msgs=4500146 thr=   150004 msg/s  avg=  5.49 p50=4 p99=22 p999=66 max=229 ms  cpu=  0.0% rss=  35.1MB
[interval 34] t=1050.0s msgs=4499887 thr=   149996 msg/s  avg=  5.15 p50=4 p99=19 p999=32 max=80 ms  cpu=  0.0% rss=  35.1MB
[interval 35] t=1080.0s msgs=4500313 thr=   150010 msg/s  avg=  5.28 p50=4 p99=20 p999=37 max=239 ms  cpu=  0.0% rss=  35.1MB
[interval 36] t=1110.0s msgs=4500361 thr=   150012 msg/s  avg=  5.36 p50=4 p99=21 p999=36 max=116 ms  cpu=  0.0% rss=  35.1MB
[interval 37] t=1140.0s msgs=4500072 thr=   150002 msg/s  avg=  5.21 p50=4 p99=20 p999=33 max=115 ms  cpu=  0.0% rss=  35.1MB
[interval 38] t=1170.0s msgs=4500175 thr=   150006 msg/s  avg=  5.41 p50=5 p99=20 p999=35 max=112 ms  cpu=  0.0% rss=  35.1MB
[interval 39] t=1200.0s msgs=4500108 thr=   150004 msg/s  avg=  5.15 p50=4 p99=19 p999=33 max=75 ms  cpu=  0.0% rss=  35.1MB
[interval 40] t=1230.0s msgs=4500224 thr=   150007 msg/s  avg=  5.46 p50=4 p99=21 p999=37 max=235 ms  cpu=  0.0% rss=  35.1MB
[interval 41] t=1260.1s msgs=4500164 thr=   150004 msg/s  avg=  5.16 p50=4 p99=19 p999=32 max=119 ms  cpu=  0.0% rss=  35.1MB
[interval 42] t=1290.1s msgs=4499933 thr=   149997 msg/s  avg=  5.39 p50=4 p99=21 p999=34 max=65 ms  cpu=  0.0% rss=  35.1MB
[interval 43] t=1320.1s msgs=4500272 thr=   150009 msg/s  avg=  5.23 p50=4 p99=20 p999=50 max=138 ms  cpu=  0.0% rss=  35.1MB
[interval 44] t=1350.1s msgs=4499999 thr=   150000 msg/s  avg=  5.29 p50=4 p99=20 p999=34 max=58 ms  cpu=  0.0% rss=  35.1MB
[interval 45] t=1380.1s msgs=4500494 thr=   150016 msg/s  avg=  5.33 p50=4 p99=21 p999=36 max=73 ms  cpu=  0.0% rss=  35.1MB
[interval 46] t=1410.1s msgs=4500005 thr=   150000 msg/s  avg=  5.18 p50=4 p99=19 p999=33 max=222 ms  cpu=  0.0% rss=  35.1MB
[interval 47] t=1440.1s msgs=4500298 thr=   150010 msg/s  avg=  5.43 p50=4 p99=21 p999=36 max=58 ms  cpu=  0.0% rss=  35.1MB
[interval 48] t=1470.1s msgs=4500158 thr=   150005 msg/s  avg=  5.17 p50=4 p99=19 p999=32 max=57 ms  cpu=  0.0% rss=  35.1MB
[interval 49] t=1500.1s msgs=4500081 thr=   150002 msg/s  avg=  5.38 p50=4 p99=21 p999=36 max=75 ms  cpu=  0.0% rss=  35.1MB
[interval 50] t=1530.1s msgs=4500172 thr=   150005 msg/s  avg=  5.14 p50=4 p99=19 p999=31 max=119 ms  cpu=  0.0% rss=  35.1MB
[interval 51] t=1560.1s msgs=4500350 thr=   150012 msg/s  avg=  5.42 p50=4 p99=21 p999=41 max=240 ms  cpu=  0.0% rss=  35.1MB
[interval 52] t=1590.1s msgs=4500321 thr=   150010 msg/s  avg=  5.21 p50=4 p99=19 p999=33 max=70 ms  cpu=  0.0% rss=  35.1MB
[interval 53] t=1620.1s msgs=4499878 thr=   149996 msg/s  avg=  5.36 p50=4 p99=21 p999=67 max=160 ms  cpu=  0.0% rss=  35.1MB
[interval 54] t=1650.1s msgs=4500252 thr=   150008 msg/s  avg=  5.38 p50=4 p99=21 p999=35 max=69 ms  cpu=  0.0% rss=  35.1MB
[interval 55] t=1680.1s msgs=4500139 thr=   150004 msg/s  avg=  5.22 p50=4 p99=19 p999=32 max=111 ms  cpu=  0.0% rss=  35.1MB
[interval 56] t=1710.1s msgs=4500275 thr=   150009 msg/s  avg=  5.59 p50=5 p99=22 p999=46 max=237 ms  cpu=  0.0% rss=  35.1MB
[interval 57] t=1740.1s msgs=4500106 thr=   150003 msg/s  avg=  5.24 p50=4 p99=20 p999=33 max=97 ms  cpu=  0.0% rss=  35.1MB
[interval 58] t=1770.1s msgs=4500101 thr=   150003 msg/s  avg=  5.42 p50=4 p99=21 p999=36 max=77 ms  cpu=  0.0% rss=  35.1MB

Loop breakdown over 12855433 polls: poll().await=99.9%  per-record processing=0.1%  (avg 21 records/poll)
Records/poll distribution (non-empty polls, post-warmup): n=12850508 min=1 mean=21.0 p50=14 p99=91 max=500

======================================================================
SUMMARY — Rust Kafka Consumer (warmup 300000 excluded)
======================================================================
Measured messages: 270000109
Duration:          1800.00 s
Throughput:        150000 msg/s  (146.48 MiB/s)
E2E latency (ms):  min=1 avg=5.31 stddev=3.93 p50=4 p90=8 p95=12 p99=20 p99.9=36 max=265
RSS (MB, current): avg=34.5 min=26.3 max=35.1
======================================================================

Results written to: consumer-perf/results/ld-rust-1781550222
