######## Python producer perf test (ASYNC=True, CLIENT_VERSION=2) ########
%6|1787411496.330|GETSUBSCRIPTIONS|rdkafka#producer-1| [thrd:main]: Telemetry client instance id changed from AAAAAAAAAAAAAAAAAAAAAA to 7g3GAQb1RDWagZ2QpUcPyQ
Producing messages at max rate for 3600 seconds
Running async producer performance test v2 (confluent-kafka)...
Key size: 0 bytes
Value size: 102400 bytes
Verify: False
Producer configuration:
  bootstrap.servers: pkc-devcoz07r9.us-east-1.aws.devel.cpdev.cloud:9092
  security.protocol: SASL_SSL
  sasl.mechanism: PLAIN
  sasl.username: DXRNUMKGHXHAFOHV
  sasl.password: <hidden>
  acks: all
  batch.size: 1048576
  message.max.bytes: 8388608
  compression.type: none
  enable.idempotence: false
  max.in.flight.requests.per.connection: 1000
  queue.buffering.max.kbytes: 32768
  queue.buffering.max.messages: 2147483647
  linger.ms: 5
Warming up for 300 seconds ...
Starting measured interval at 1787411796062 ms: 2026-08-22 15:16:36.062335+00:00
Test duration reached, 3601.05 seconds. Interrupting...

QUEUE_FULL errors: 468946508 (subtracted from sent; measured_sent=19133492)
End time: 1787415397428 ms
Duration: 3601366.363403 ms
Average CPU: 131.05 %
Average RSS: 1492803.70 KiB
CPU Efficiency: 40.54 msg/(s * 1% CPU)
Memory Efficiency: 0.00 msg/(s * KB RSS)
Average time: 0.19 ms
Average rate msg/s: 5312.84 msg/s
Average rate MiB/s: 518.83 MiB/s
Average latency: 97.33 ms
Max latency: 6247.00 ms
p50 latency: 90 ms
p90 latency: 135 ms
p99 latency: 218 ms
p999 latency: 288 ms
Results summary written to: results.json
Performing garbage collection...
Waiting for final metrics collection...
Final CPU: 0.00 %
Final RSS: 1120692.00 KiB
Done
Consumer verification skipped (VERIFY_CONSUMED=False)
######## Done: python-producer. Metrics under /home/ubuntu/perf-test/results ########
