######## Python producer perf test (ASYNC=False, CLIENT_VERSION=2) ########
%6|1787431066.697|GETSUBSCRIPTIONS|rdkafka#producer-1| [thrd:main]: Telemetry client instance id changed from AAAAAAAAAAAAAAAAAAAAAA to RUuZphCaRcuOzAHRwaV4YA
Producing messages at max rate for 3600 seconds
Running sync producer performance test v2 (confluent-kafka)...
Key size: 0 bytes
Value size: 102400 bytes
Verify: False
Producer configuration:
  bootstrap.servers: pkc-devcoz07r9.us-east-1.aws.devel.cpdev.cloud:9092
  security.protocol: SASL_SSL
  sasl.mechanism: PLAIN
  sasl.username: DXRNUMKGHXHAFOHV
  sasl.password: <hidden>
  acks: all
  batch.size: 1048576
  message.max.bytes: 8388608
  compression.type: none
  enable.idempotence: false
  max.in.flight.requests.per.connection: 1000
  queue.buffering.max.kbytes: 32768
  queue.buffering.max.messages: 2147483647
  linger.ms: 5
  partitioner: murmur2_random
Warming up for 300 seconds ...
Starting measured interval at 1787431366441 ms: 2026-08-22 20:42:46.441925+00:00
Test duration reached, 3602.09 seconds. Interrupting...

End time: 1787434968588 ms
Duration: 3602147.142882 ms
Average CPU: 74.03 %
Average RSS: 1168782.27 KiB
CPU Efficiency: 78.71 msg/(s * 1% CPU)
Memory Efficiency: 0.00 msg/(s * KB RSS)
Average time: 0.17 ms
Average rate msg/s: 5827.08 msg/s
Average rate MiB/s: 569.05 MiB/s
Average latency: 110.08 ms
Max latency: 847.00 ms
p50 latency: 103 ms
p90 latency: 153 ms
p99 latency: 217 ms
p999 latency: 284 ms
Results summary written to: results.json
Performing garbage collection...
Waiting for final metrics collection...
Final CPU: 0.00 %
Final RSS: 1107424.00 KiB
Done
Consumer verification skipped (VERIFY_CONSUMED=False)
######## Done: python-producer. Metrics under /home/ubuntu/perf-test/results ########
