######## Python producer perf test (ASYNC=True, CLIENT_VERSION=2) ########
%6|1787466438.525|GETSUBSCRIPTIONS|rdkafka#producer-1| [thrd:main]: Telemetry client instance id changed from AAAAAAAAAAAAAAAAAAAAAA to Bzxy5Db3QWGPkNTI9DfPrQ
%6|1787466606.089|FAIL|rdkafka#producer-1| [thrd:sasl_ssl://b12-pkc-devcoz07r9.us-east-1.aws.devel.cpdev.cloud:9]: sasl_ssl://b12-pkc-devcoz07r9.us-east-1.aws.devel.cpdev.cloud:9092/12: Disconnected: SSL connection closed by peer (after 157727ms in state UP)
%6|1787467316.553|FAIL|rdkafka#producer-1| [thrd:sasl_ssl://b15-pkc-devcoz07r9.us-east-1.aws.devel.cpdev.cloud:9]: sasl_ssl://b15-pkc-devcoz07r9.us-east-1.aws.devel.cpdev.cloud:9092/15: Disconnected: SSL connection closed by peer (after 873636ms in state UP)
%6|1787467786.851|FAIL|rdkafka#producer-1| [thrd:sasl_ssl://b18-pkc-devcoz07r9.us-east-1.aws.devel.cpdev.cloud:9]: sasl_ssl://b18-pkc-devcoz07r9.us-east-1.aws.devel.cpdev.cloud:9092/18: Disconnected: SSL connection closed by peer (after 1347968ms in state UP)
%6|1787468245.805|FAIL|rdkafka#producer-1| [thrd:sasl_ssl://b21-pkc-devcoz07r9.us-east-1.aws.devel.cpdev.cloud:9]: sasl_ssl://b21-pkc-devcoz07r9.us-east-1.aws.devel.cpdev.cloud:9092/21: Disconnected: SSL connection closed by peer (after 1785748ms in state UP)
%6|1787468673.287|FAIL|rdkafka#producer-1| [thrd:sasl_ssl://b24-pkc-devcoz07r9.us-east-1.aws.devel.cpdev.cloud:9]: sasl_ssl://b24-pkc-devcoz07r9.us-east-1.aws.devel.cpdev.cloud:9092/24: Disconnected: SSL connection closed by peer (after 2229258ms in state UP)
%6|1787469150.318|FAIL|rdkafka#producer-1| [thrd:sasl_ssl://b27-pkc-devcoz07r9.us-east-1.aws.devel.cpdev.cloud:9]: sasl_ssl://b27-pkc-devcoz07r9.us-east-1.aws.devel.cpdev.cloud:9092/27: Disconnected: SSL connection closed by peer (after 2667973ms in state UP)
%6|1787469629.100|FAIL|rdkafka#producer-1| [thrd:sasl_ssl://b30-pkc-devcoz07r9.us-east-1.aws.devel.cpdev.cloud:9]: sasl_ssl://b30-pkc-devcoz07r9.us-east-1.aws.devel.cpdev.cloud:9092/30: Disconnected: SSL connection closed by peer (after 3182952ms in state UP)
%6|1787470115.630|FAIL|rdkafka#producer-1| [thrd:sasl_ssl://b33-pkc-devcoz07r9.us-east-1.aws.devel.cpdev.cloud:9]: sasl_ssl://b33-pkc-devcoz07r9.us-east-1.aws.devel.cpdev.cloud:9092/33: Disconnected: SSL connection closed by peer (after 3674225ms in state UP)
Producing messages at max rate for 3600 seconds
Running async producer performance test v2 (confluent-kafka)...
Key size: 0 bytes
Value size: 1024 bytes
Verify: False
Producer configuration:
  bootstrap.servers: pkc-devcoz07r9.us-east-1.aws.devel.cpdev.cloud:9092
  security.protocol: SASL_SSL
  sasl.mechanism: PLAIN
  sasl.username: DXRNUMKGHXHAFOHV
  sasl.password: <hidden>
  acks: all
  batch.size: 1048576
  message.max.bytes: 8388608
  compression.type: none
  enable.idempotence: false
  max.in.flight.requests.per.connection: 1000
  queue.buffering.max.kbytes: 32768
  queue.buffering.max.messages: 2147483647
  linger.ms: 5
Warming up for 300 seconds ...
Starting measured interval at 1787466738527 ms: 2026-08-23 06:32:18.527523+00:00
Test duration reached, 3601.01 seconds. Interrupting...

QUEUE_FULL errors: 2191976 (subtracted from sent; measured_sent=573708024)
End time: 1787470339742 ms
Duration: 3601215.587144 ms
Average CPU: 129.72 %
Average RSS: 1217927.04 KiB
CPU Efficiency: 1228.12 msg/(s * 1% CPU)
Memory Efficiency: 0.13 msg/(s * KB RSS)
Average time: 0.01 ms
Average rate msg/s: 159309.55 msg/s
Average rate MiB/s: 155.58 MiB/s
Average latency: 91.68 ms
Max latency: 25284.00 ms
p50 latency: 28 ms
p90 latency: 35 ms
p99 latency: 53 ms
p999 latency: 10001 ms
Results summary written to: results.json
Performing garbage collection...
Waiting for final metrics collection...
Final CPU: 0.00 %
Final RSS: 849128.00 KiB
Done
Consumer verification skipped (VERIFY_CONSUMED=False)
######## Done: python-producer. Metrics under /home/ubuntu/perf-test/results ########
