######## Python producer perf test (ASYNC=True, CLIENT_VERSION=3) ########
Producing messages at max rate for 3600 seconds
Running async producer performance test v3 (confluent-kafka-rust)...
Key size: 0 bytes
Value size: 1024 bytes
Verify: False
Producer configuration:
  bootstrap.servers: pkc-devcoz07r9.us-east-1.aws.devel.cpdev.cloud:9092
  security.protocol: SASL_SSL
  sasl.mechanism: PLAIN
  sasl.jaas.config: <hidden>
  acks: all
  batch.size: 16384
  max.request.size: 1048576
  compression.type: none
  enable.idempotence: false
  max.in.flight.requests.per.connection: 5
  buffer.memory: 33554432
  linger.ms: 5
Warming up for 300 seconds ...
Starting measured interval at 1787462826460 ms: 2026-08-23 05:27:06.460147+00:00
Test duration reached, 3601.04 seconds. Interrupting...

End time: 1787466427516 ms
Duration: 3601056.520164 ms
Average CPU: 192.02 %
Average RSS: 129295.11 KiB
CPU Efficiency: 978.16 msg/(s * 1% CPU)
Memory Efficiency: 1.45 msg/(s * KB RSS)
Average time: 0.01 ms
Average rate msg/s: 187830.99 msg/s
Average rate MiB/s: 183.43 MiB/s
Average latency: 20.13 ms
Max latency: 377.00 ms
p50 latency: 17 ms
p90 latency: 30 ms
p99 latency: 53 ms
p999 latency: 253 ms
Results summary written to: results.json
Performing garbage collection...
Waiting for final metrics collection...
Final CPU: 0.00 %
Final RSS: 137204.00 KiB
Done
Consumer verification skipped (VERIFY_CONSUMED=False)
######## Done: python-producer. Metrics under /home/ubuntu/perf-test/results ########
