######## Python producer perf test (ASYNC=False, CLIENT_VERSION=3) ########
Producing messages at max rate for 3600 seconds
Running sync producer performance test v3 (confluent-kafka-rust)...
Key size: 0 bytes
Value size: 1024 bytes
Verify: False
Producer configuration:
  bootstrap.servers: pkc-devcoz07r9.us-east-1.aws.devel.cpdev.cloud:9092
  security.protocol: SASL_SSL
  sasl.mechanism: PLAIN
  sasl.jaas.config: <hidden>
  acks: all
  batch.size: 16384
  max.request.size: 1048576
  compression.type: none
  enable.idempotence: false
  max.in.flight.requests.per.connection: 5
  buffer.memory: 33554432
  linger.ms: 5
Warming up for 300 seconds ...
Starting measured interval at 1787567954043 ms: 2026-08-24 10:39:14.043093+00:00
Test duration reached, 3601.02 seconds. Interrupting...

End time: 1787571555081 ms
Duration: 3601038.496694 ms
Average CPU: 168.88 %
Average RSS: 146239.97 KiB
CPU Efficiency: 776.84 msg/(s * 1% CPU)
Memory Efficiency: 0.90 msg/(s * KB RSS)
Average time: 0.01 ms
Average rate msg/s: 131195.49 msg/s
Average rate MiB/s: 128.12 MiB/s
Average latency: 17.26 ms
Max latency: 278.00 ms
p50 latency: 15 ms
p90 latency: 25 ms
p99 latency: 39 ms
p999 latency: 117 ms
Results summary written to: results.json
Performing garbage collection...
Waiting for final metrics collection...
Final CPU: 0.00 %
Final RSS: 131912.00 KiB
Done
Consumer verification skipped (VERIFY_CONSUMED=False)
######## Done: python-producer. Metrics under /home/ubuntu/perf-test/results ########
