######## Python producer perf test (ASYNC=False, CLIENT_VERSION=3) ########
Producing messages at max rate for 3600 seconds
Running sync producer performance test v3 (confluent-kafka-rust)...
Key size: 0 bytes
Value size: 1024 bytes
Verify: False
Producer configuration:
  bootstrap.servers: pkc-devcoz07r9.us-east-1.aws.devel.cpdev.cloud:9092
  security.protocol: SASL_SSL
  sasl.mechanism: PLAIN
  sasl.jaas.config: <hidden>
  acks: all
  batch.size: 1048576
  max.request.size: 8388608
  compression.type: none
  enable.idempotence: false
  max.in.flight.requests.per.connection: 5
  buffer.memory: 33554432
  linger.ms: 5
Warming up for 300 seconds ...
Starting measured interval at 1787333850974 ms: 2026-08-21 17:37:30.974813+00:00
Test duration reached, 3601.04 seconds. Interrupting...

End time: 1787337452044 ms
Duration: 3601069.639925 ms
Average CPU: 133.50 %
Average RSS: 205110.24 KiB
CPU Efficiency: 929.11 msg/(s * 1% CPU)
Memory Efficiency: 0.60 msg/(s * KB RSS)
Average time: 0.01 ms
Average rate msg/s: 124038.15 msg/s
Average rate MiB/s: 121.13 MiB/s
Average latency: 26.40 ms
Max latency: 271.00 ms
p50 latency: 25 ms
p90 latency: 32 ms
p99 latency: 44 ms
p999 latency: 122 ms
Results summary written to: results.json
Performing garbage collection...
Waiting for final metrics collection...
Final CPU: 0.00 %
Final RSS: 156780.00 KiB
Done
Consumer verification skipped (VERIFY_CONSUMED=False)
######## Done: python-producer. Metrics under /home/ubuntu/perf-test/results ########
