######## Java producer perf test (Apache Kafka client) ########
Producing messages at max rate for 3600 seconds
Running sync producer performance test java (kafka-clients)...
Key size: 0 bytes
Value size: 1024 bytes
Verify: false
Producer configuration:
  compression.type: none
  enable.idempotence: false
  acks: all
  batch.size: 16384
  bootstrap.servers: pkc-devcoz07r9.us-east-1.aws.devel.cpdev.cloud:9092
  buffer.memory: 33554432
  key.serializer: org.apache.kafka.common.serialization.ByteArraySerializer
  security.protocol: SASL_SSL
  max.request.size: 1048576
  value.serializer: org.apache.kafka.common.serialization.ByteArraySerializer
  sasl.mechanism: PLAIN
  max.block.ms: 60000
  sasl.jaas.config: <hidden>
  max.in.flight.requests.per.connection: 5
  linger.ms: 5
[main] INFO org.apache.kafka.common.config.AbstractConfig - ProducerConfig values: 
	acks = -1
	batch.size = 16384
	bootstrap.servers = [pkc-devcoz07r9.us-east-1.aws.devel.cpdev.cloud:9092]
	buffer.memory = 33554432
	client.dns.lookup = use_all_dns_ips
	client.id = producer-1
	compression.gzip.level = -1
	compression.lz4.level = 9
	compression.type = none
	compression.zstd.level = 3
	config.providers = []
	connections.max.idle.ms = 540000
	delivery.timeout.ms = 120000
	enable.idempotence = false
	enable.metrics.push = true
	interceptor.classes = []
	key.serializer = class org.apache.kafka.common.serialization.ByteArraySerializer
	linger.ms = 5
	max.block.ms = 60000
	max.in.flight.requests.per.connection = 5
	max.request.size = 1048576
	metadata.max.age.ms = 300000
	metadata.max.idle.ms = 300000
	metadata.recovery.rebootstrap.trigger.ms = 300000
	metadata.recovery.strategy = rebootstrap
	metric.reporters = [org.apache.kafka.common.metrics.JmxReporter]
	metrics.num.samples = 2
	metrics.recording.level = INFO
	metrics.sample.window.ms = 30000
	partitioner.adaptive.partitioning.enable = true
	partitioner.availability.timeout.ms = 0
	partitioner.class = null
	partitioner.ignore.keys = false
	receive.buffer.bytes = 32768
	reconnect.backoff.max.ms = 1000
	reconnect.backoff.ms = 50
	request.timeout.ms = 30000
	retries = 2147483647
	retry.backoff.max.ms = 1000
	retry.backoff.ms = 100
	sasl.client.callback.handler.class = null
	sasl.jaas.config = [hidden]
	sasl.kerberos.kinit.cmd = /usr/bin/kinit
	sasl.kerberos.min.time.before.relogin = 60000
	sasl.kerberos.service.name = null
	sasl.kerberos.ticket.renew.jitter = 0.05
	sasl.kerberos.ticket.renew.window.factor = 0.8
	sasl.login.callback.handler.class = null
	sasl.login.class = null
	sasl.login.connect.timeout.ms = null
	sasl.login.read.timeout.ms = null
	sasl.login.refresh.buffer.seconds = 300
	sasl.login.refresh.min.period.seconds = 60
	sasl.login.refresh.window.factor = 0.8
	sasl.login.refresh.window.jitter = 0.05
	sasl.login.retry.backoff.max.ms = 10000
	sasl.login.retry.backoff.ms = 100
	sasl.mechanism = PLAIN
	sasl.oauthbearer.assertion.algorithm = RS256
	sasl.oauthbearer.assertion.claim.aud = null
	sasl.oauthbearer.assertion.claim.exp.seconds = 300
	sasl.oauthbearer.assertion.claim.iss = null
	sasl.oauthbearer.assertion.claim.jti.include = false
	sasl.oauthbearer.assertion.claim.nbf.seconds = 60
	sasl.oauthbearer.assertion.claim.sub = null
	sasl.oauthbearer.assertion.file = null
	sasl.oauthbearer.assertion.private.key.file = null
	sasl.oauthbearer.assertion.private.key.passphrase = null
	sasl.oauthbearer.assertion.template.file = null
	sasl.oauthbearer.client.credentials.client.id = null
	sasl.oauthbearer.client.credentials.client.secret = null
	sasl.oauthbearer.clock.skew.seconds = 30
	sasl.oauthbearer.expected.audience = []
	sasl.oauthbearer.expected.issuer = null
	sasl.oauthbearer.header.urlencode = false
	sasl.oauthbearer.jwks.endpoint.refresh.ms = 3600000
	sasl.oauthbearer.jwks.endpoint.retry.backoff.max.ms = 10000
	sasl.oauthbearer.jwks.endpoint.retry.backoff.ms = 100
	sasl.oauthbearer.jwks.endpoint.url = null
	sasl.oauthbearer.jwt.retriever.class = class org.apache.kafka.common.security.oauthbearer.DefaultJwtRetriever
	sasl.oauthbearer.jwt.validator.class = class org.apache.kafka.common.security.oauthbearer.DefaultJwtValidator
	sasl.oauthbearer.scope = null
	sasl.oauthbearer.scope.claim.name = scope
	sasl.oauthbearer.sub.claim.name = sub
	sasl.oauthbearer.token.endpoint.url = null
	security.protocol = SASL_SSL
	security.providers = null
	send.buffer.bytes = 131072
	socket.connection.setup.timeout.max.ms = 30000
	socket.connection.setup.timeout.ms = 10000
	ssl.cipher.suites = []
	ssl.enabled.protocols = [TLSv1.2, TLSv1.3]
	ssl.endpoint.identification.algorithm = https
	ssl.engine.factory.class = null
	ssl.key.password = null
	ssl.keymanager.algorithm = SunX509
	ssl.keystore.certificate.chain = null
	ssl.keystore.key = null
	ssl.keystore.location = null
	ssl.keystore.password = null
	ssl.keystore.type = JKS
	ssl.protocol = TLSv1.3
	ssl.provider = null
	ssl.secure.random.implementation = null
	ssl.trustmanager.algorithm = PKIX
	ssl.truststore.certificates = null
	ssl.truststore.location = null
	ssl.truststore.password = null
	ssl.truststore.type = JKS
	transaction.timeout.ms = 60000
	transaction.two.phase.commit.enable = false
	transactional.id = null
	value.serializer = class org.apache.kafka.common.serialization.ByteArraySerializer

[main] INFO org.apache.kafka.common.telemetry.internals.KafkaMetricsCollector - initializing Kafka metrics collector
[main] INFO org.apache.kafka.common.security.authenticator.AbstractLogin - Successfully logged in.
[main] INFO org.apache.kafka.common.utils.AppInfoParser - Kafka version: 4.2.0
[main] INFO org.apache.kafka.common.utils.AppInfoParser - Kafka commitId: a18251bae0b825c6
[main] INFO org.apache.kafka.common.utils.AppInfoParser - Kafka startTimeMs: 1787563741793
Warming up for 300 seconds ...
[kafka-producer-network-thread | producer-1] INFO org.apache.kafka.clients.Metadata - [Producer clientId=producer-1] Cluster ID: lkc-devcw721kwg
[kafka-producer-network-thread | producer-1] INFO org.apache.kafka.common.telemetry.internals.ClientTelemetryReporter - Client telemetry registered with client instance id: a34pUPdlREyXa3haIqxsUg
Starting measured interval at 1787564041823 ms: 2026-08-24T09:34:01.823145534Z
[kafka-producer-network-thread | producer-1] WARN org.apache.kafka.clients.producer.internals.Sender - [Producer clientId=producer-1] Got error produce response with correlation id 2693623 on topic-partition rust-perf-200p-163, retrying (2147483646 attempts left). Error: NOT_LEADER_OR_FOLLOWER
[kafka-producer-network-thread | producer-1] WARN org.apache.kafka.clients.producer.internals.Sender - [Producer clientId=producer-1] Received invalid metadata error in produce request on partition rust-perf-200p-163 due to org.apache.kafka.common.errors.NotLeaderOrFollowerException: For requests intended only for the leader, this error indicates that the broker is not the current leader. For requests intended for any replica, this error indicates that the broker is not a replica of the topic partition. Going to request metadata update now
[kafka-producer-network-thread | producer-1] WARN org.apache.kafka.clients.producer.internals.Sender - [Producer clientId=producer-1] Got error produce response with correlation id 2693652 on topic-partition rust-perf-200p-163, retrying (2147483646 attempts left). Error: NOT_LEADER_OR_FOLLOWER
[kafka-producer-network-thread | producer-1] WARN org.apache.kafka.clients.producer.internals.Sender - [Producer clientId=producer-1] Received invalid metadata error in produce request on partition rust-perf-200p-163 due to org.apache.kafka.common.errors.NotLeaderOrFollowerException: For requests intended only for the leader, this error indicates that the broker is not the current leader. For requests intended for any replica, this error indicates that the broker is not a replica of the topic partition. Going to request metadata update now
[kafka-producer-network-thread | producer-1] WARN org.apache.kafka.clients.producer.internals.Sender - [Producer clientId=producer-1] Got error produce response with correlation id 2693714 on topic-partition rust-perf-200p-163, retrying (2147483646 attempts left). Error: NOT_LEADER_OR_FOLLOWER
[kafka-producer-network-thread | producer-1] WARN org.apache.kafka.clients.producer.internals.Sender - [Producer clientId=producer-1] Received invalid metadata error in produce request on partition rust-perf-200p-163 due to org.apache.kafka.common.errors.NotLeaderOrFollowerException: For requests intended only for the leader, this error indicates that the broker is not the current leader. For requests intended for any replica, this error indicates that the broker is not a replica of the topic partition. Going to request metadata update now
[kafka-producer-network-thread | producer-1] WARN org.apache.kafka.clients.producer.internals.Sender - [Producer clientId=producer-1] Got error produce response with correlation id 2693744 on topic-partition rust-perf-200p-163, retrying (2147483646 attempts left). Error: NOT_LEADER_OR_FOLLOWER
[kafka-producer-network-thread | producer-1] WARN org.apache.kafka.clients.producer.internals.Sender - [Producer clientId=producer-1] Received invalid metadata error in produce request on partition rust-perf-200p-163 due to org.apache.kafka.common.errors.NotLeaderOrFollowerException: For requests intended only for the leader, this error indicates that the broker is not the current leader. For requests intended for any replica, this error indicates that the broker is not a replica of the topic partition. Going to request metadata update now
[kafka-producer-network-thread | producer-1] WARN org.apache.kafka.clients.producer.internals.Sender - [Producer clientId=producer-1] Got error produce response with correlation id 2693811 on topic-partition rust-perf-200p-163, retrying (2147483646 attempts left). Error: NOT_LEADER_OR_FOLLOWER
[kafka-producer-network-thread | producer-1] WARN org.apache.kafka.clients.producer.internals.Sender - [Producer clientId=producer-1] Received invalid metadata error in produce request on partition rust-perf-200p-163 due to org.apache.kafka.common.errors.NotLeaderOrFollowerException: For requests intended only for the leader, this error indicates that the broker is not the current leader. For requests intended for any replica, this error indicates that the broker is not a replica of the topic partition. Going to request metadata update now
[kafka-producer-network-thread | producer-1] WARN org.apache.kafka.clients.producer.internals.Sender - [Producer clientId=producer-1] Got error produce response with correlation id 2796403 on topic-partition rust-perf-200p-179, retrying (2147483646 attempts left). Error: NOT_LEADER_OR_FOLLOWER
[kafka-producer-network-thread | producer-1] WARN org.apache.kafka.clients.producer.internals.Sender - [Producer clientId=producer-1] Received invalid metadata error in produce request on partition rust-perf-200p-179 due to org.apache.kafka.common.errors.NotLeaderOrFollowerException: For requests intended only for the leader, this error indicates that the broker is not the current leader. For requests intended for any replica, this error indicates that the broker is not a replica of the topic partition. Going to request metadata update now
[kafka-producer-network-thread | producer-1] WARN org.apache.kafka.clients.producer.internals.Sender - [Producer clientId=producer-1] Got error produce response with correlation id 2796459 on topic-partition rust-perf-200p-179, retrying (2147483646 attempts left). Error: NOT_LEADER_OR_FOLLOWER
[kafka-producer-network-thread | producer-1] WARN org.apache.kafka.clients.producer.internals.Sender - [Producer clientId=producer-1] Received invalid metadata error in produce request on partition rust-perf-200p-179 due to org.apache.kafka.common.errors.NotLeaderOrFollowerException: For requests intended only for the leader, this error indicates that the broker is not the current leader. For requests intended for any replica, this error indicates that the broker is not a replica of the topic partition. Going to request metadata update now
[kafka-producer-network-thread | producer-1] WARN org.apache.kafka.clients.producer.internals.Sender - [Producer clientId=producer-1] Got error produce response with correlation id 2796489 on topic-partition rust-perf-200p-179, retrying (2147483646 attempts left). Error: NOT_LEADER_OR_FOLLOWER
[kafka-producer-network-thread | producer-1] WARN org.apache.kafka.clients.producer.internals.Sender - [Producer clientId=producer-1] Received invalid metadata error in produce request on partition rust-perf-200p-179 due to org.apache.kafka.common.errors.NotLeaderOrFollowerException: For requests intended only for the leader, this error indicates that the broker is not the current leader. For requests intended for any replica, this error indicates that the broker is not a replica of the topic partition. Going to request metadata update now
[kafka-producer-network-thread | producer-1] WARN org.apache.kafka.clients.producer.internals.Sender - [Producer clientId=producer-1] Got error produce response with correlation id 2796557 on topic-partition rust-perf-200p-179, retrying (2147483646 attempts left). Error: NOT_LEADER_OR_FOLLOWER
[kafka-producer-network-thread | producer-1] WARN org.apache.kafka.clients.producer.internals.Sender - [Producer clientId=producer-1] Received invalid metadata error in produce request on partition rust-perf-200p-179 due to org.apache.kafka.common.errors.NotLeaderOrFollowerException: For requests intended only for the leader, this error indicates that the broker is not the current leader. For requests intended for any replica, this error indicates that the broker is not a replica of the topic partition. Going to request metadata update now
[kafka-producer-network-thread | producer-1] WARN org.apache.kafka.clients.producer.internals.Sender - [Producer clientId=producer-1] Got error produce response with correlation id 2796600 on topic-partition rust-perf-200p-179, retrying (2147483646 attempts left). Error: NOT_LEADER_OR_FOLLOWER
[kafka-producer-network-thread | producer-1] WARN org.apache.kafka.clients.producer.internals.Sender - [Producer clientId=producer-1] Received invalid metadata error in produce request on partition rust-perf-200p-179 due to org.apache.kafka.common.errors.NotLeaderOrFollowerException: For requests intended only for the leader, this error indicates that the broker is not the current leader. For requests intended for any replica, this error indicates that the broker is not a replica of the topic partition. Going to request metadata update now
[kafka-producer-network-thread | producer-1] WARN org.apache.kafka.clients.producer.internals.Sender - [Producer clientId=producer-1] Got error produce response with correlation id 2844542 on topic-partition rust-perf-200p-197, retrying (2147483646 attempts left). Error: NOT_LEADER_OR_FOLLOWER
[kafka-producer-network-thread | producer-1] WARN org.apache.kafka.clients.producer.internals.Sender - [Producer clientId=producer-1] Received invalid metadata error in produce request on partition rust-perf-200p-197 due to org.apache.kafka.common.errors.NotLeaderOrFollowerException: For requests intended only for the leader, this error indicates that the broker is not the current leader. For requests intended for any replica, this error indicates that the broker is not a replica of the topic partition. Going to request metadata update now
[kafka-producer-network-thread | producer-1] WARN org.apache.kafka.clients.producer.internals.Sender - [Producer clientId=producer-1] Got error produce response with correlation id 2844588 on topic-partition rust-perf-200p-197, retrying (2147483646 attempts left). Error: NOT_LEADER_OR_FOLLOWER
[kafka-producer-network-thread | producer-1] WARN org.apache.kafka.clients.producer.internals.Sender - [Producer clientId=producer-1] Received invalid metadata error in produce request on partition rust-perf-200p-197 due to org.apache.kafka.common.errors.NotLeaderOrFollowerException: For requests intended only for the leader, this error indicates that the broker is not the current leader. For requests intended for any replica, this error indicates that the broker is not a replica of the topic partition. Going to request metadata update now
[kafka-producer-network-thread | producer-1] WARN org.apache.kafka.clients.producer.internals.Sender - [Producer clientId=producer-1] Got error produce response with correlation id 2844589 on topic-partition rust-perf-200p-197, retrying (2147483646 attempts left). Error: NOT_LEADER_OR_FOLLOWER
[kafka-producer-network-thread | producer-1] WARN org.apache.kafka.clients.producer.internals.Sender - [Producer clientId=producer-1] Received invalid metadata error in produce request on partition rust-perf-200p-197 due to org.apache.kafka.common.errors.NotLeaderOrFollowerException: For requests intended only for the leader, this error indicates that the broker is not the current leader. For requests intended for any replica, this error indicates that the broker is not a replica of the topic partition. Going to request metadata update now
[kafka-producer-network-thread | producer-1] WARN org.apache.kafka.clients.producer.internals.Sender - [Producer clientId=producer-1] Got error produce response with correlation id 2964833 on topic-partition rust-perf-200p-166, retrying (2147483646 attempts left). Error: NOT_LEADER_OR_FOLLOWER
[kafka-producer-network-thread | producer-1] WARN org.apache.kafka.clients.producer.internals.Sender - [Producer clientId=producer-1] Received invalid metadata error in produce request on partition rust-perf-200p-166 due to org.apache.kafka.common.errors.NotLeaderOrFollowerException: For requests intended only for the leader, this error indicates that the broker is not the current leader. For requests intended for any replica, this error indicates that the broker is not a replica of the topic partition. Going to request metadata update now
[kafka-producer-network-thread | producer-1] WARN org.apache.kafka.clients.producer.internals.Sender - [Producer clientId=producer-1] Got error produce response with correlation id 2964849 on topic-partition rust-perf-200p-166, retrying (2147483646 attempts left). Error: NOT_LEADER_OR_FOLLOWER
[kafka-producer-network-thread | producer-1] WARN org.apache.kafka.clients.producer.internals.Sender - [Producer clientId=producer-1] Received invalid metadata error in produce request on partition rust-perf-200p-166 due to org.apache.kafka.common.errors.NotLeaderOrFollowerException: For requests intended only for the leader, this error indicates that the broker is not the current leader. For requests intended for any replica, this error indicates that the broker is not a replica of the topic partition. Going to request metadata update now
[kafka-producer-network-thread | producer-1] WARN org.apache.kafka.clients.producer.internals.Sender - [Producer clientId=producer-1] Got error produce response with correlation id 2964862 on topic-partition rust-perf-200p-166, retrying (2147483646 attempts left). Error: NOT_LEADER_OR_FOLLOWER
[kafka-producer-network-thread | producer-1] WARN org.apache.kafka.clients.producer.internals.Sender - [Producer clientId=producer-1] Received invalid metadata error in produce request on partition rust-perf-200p-166 due to org.apache.kafka.common.errors.NotLeaderOrFollowerException: For requests intended only for the leader, this error indicates that the broker is not the current leader. For requests intended for any replica, this error indicates that the broker is not a replica of the topic partition. Going to request metadata update now
[kafka-producer-network-thread | producer-1] WARN org.apache.kafka.clients.producer.internals.Sender - [Producer clientId=producer-1] Got error produce response with correlation id 2964901 on topic-partition rust-perf-200p-166, retrying (2147483646 attempts left). Error: NOT_LEADER_OR_FOLLOWER
[kafka-producer-network-thread | producer-1] WARN org.apache.kafka.clients.producer.internals.Sender - [Producer clientId=producer-1] Received invalid metadata error in produce request on partition rust-perf-200p-166 due to org.apache.kafka.common.errors.NotLeaderOrFollowerException: For requests intended only for the leader, this error indicates that the broker is not the current leader. For requests intended for any replica, this error indicates that the broker is not a replica of the topic partition. Going to request metadata update now
[kafka-producer-network-thread | producer-1] WARN org.apache.kafka.clients.producer.internals.Sender - [Producer clientId=producer-1] Got error produce response with correlation id 2964910 on topic-partition rust-perf-200p-166, retrying (2147483646 attempts left). Error: NOT_LEADER_OR_FOLLOWER
[kafka-producer-network-thread | producer-1] WARN org.apache.kafka.clients.producer.internals.Sender - [Producer clientId=producer-1] Received invalid metadata error in produce request on partition rust-perf-200p-166 due to org.apache.kafka.common.errors.NotLeaderOrFollowerException: For requests intended only for the leader, this error indicates that the broker is not the current leader. For requests intended for any replica, this error indicates that the broker is not a replica of the topic partition. Going to request metadata update now
[kafka-producer-network-thread | producer-1] WARN org.apache.kafka.clients.producer.internals.Sender - [Producer clientId=producer-1] Got error produce response with correlation id 2966852 on topic-partition rust-perf-200p-177, retrying (2147483646 attempts left). Error: NOT_LEADER_OR_FOLLOWER
[kafka-producer-network-thread | producer-1] WARN org.apache.kafka.clients.producer.internals.Sender - [Producer clientId=producer-1] Received invalid metadata error in produce request on partition rust-perf-200p-177 due to org.apache.kafka.common.errors.NotLeaderOrFollowerException: For requests intended only for the leader, this error indicates that the broker is not the current leader. For requests intended for any replica, this error indicates that the broker is not a replica of the topic partition. Going to request metadata update now
[kafka-producer-network-thread | producer-1] WARN org.apache.kafka.clients.producer.internals.Sender - [Producer clientId=producer-1] Got error produce response with correlation id 2966872 on topic-partition rust-perf-200p-177, retrying (2147483646 attempts left). Error: NOT_LEADER_OR_FOLLOWER
[kafka-producer-network-thread | producer-1] WARN org.apache.kafka.clients.producer.internals.Sender - [Producer clientId=producer-1] Received invalid metadata error in produce request on partition rust-perf-200p-177 due to org.apache.kafka.common.errors.NotLeaderOrFollowerException: For requests intended only for the leader, this error indicates that the broker is not the current leader. For requests intended for any replica, this error indicates that the broker is not a replica of the topic partition. Going to request metadata update now
[kafka-producer-network-thread | producer-1] WARN org.apache.kafka.clients.producer.internals.Sender - [Producer clientId=producer-1] Got error produce response with correlation id 2966875 on topic-partition rust-perf-200p-177, retrying (2147483646 attempts left). Error: NOT_LEADER_OR_FOLLOWER
[kafka-producer-network-thread | producer-1] WARN org.apache.kafka.clients.producer.internals.Sender - [Producer clientId=producer-1] Received invalid metadata error in produce request on partition rust-perf-200p-177 due to org.apache.kafka.common.errors.NotLeaderOrFollowerException: For requests intended only for the leader, this error indicates that the broker is not the current leader. For requests intended for any replica, this error indicates that the broker is not a replica of the topic partition. Going to request metadata update now
[kafka-producer-network-thread | producer-1] WARN org.apache.kafka.clients.producer.internals.Sender - [Producer clientId=producer-1] Got error produce response with correlation id 2966893 on topic-partition rust-perf-200p-177, retrying (2147483646 attempts left). Error: NOT_LEADER_OR_FOLLOWER
[kafka-producer-network-thread | producer-1] WARN org.apache.kafka.clients.producer.internals.Sender - [Producer clientId=producer-1] Received invalid metadata error in produce request on partition rust-perf-200p-177 due to org.apache.kafka.common.errors.NotLeaderOrFollowerException: For requests intended only for the leader, this error indicates that the broker is not the current leader. For requests intended for any replica, this error indicates that the broker is not a replica of the topic partition. Going to request metadata update now
[kafka-producer-network-thread | producer-1] WARN org.apache.kafka.clients.producer.internals.Sender - [Producer clientId=producer-1] Got error produce response with correlation id 5374791 on topic-partition rust-perf-200p-149, retrying (2147483646 attempts left). Error: NOT_LEADER_OR_FOLLOWER
[kafka-producer-network-thread | producer-1] WARN org.apache.kafka.clients.producer.internals.Sender - [Producer clientId=producer-1] Received invalid metadata error in produce request on partition rust-perf-200p-149 due to org.apache.kafka.common.errors.NotLeaderOrFollowerException: For requests intended only for the leader, this error indicates that the broker is not the current leader. For requests intended for any replica, this error indicates that the broker is not a replica of the topic partition. Going to request metadata update now
[kafka-producer-network-thread | producer-1] WARN org.apache.kafka.clients.producer.internals.Sender - [Producer clientId=producer-1] Got error produce response with correlation id 5374837 on topic-partition rust-perf-200p-149, retrying (2147483646 attempts left). Error: NOT_LEADER_OR_FOLLOWER
[kafka-producer-network-thread | producer-1] WARN org.apache.kafka.clients.producer.internals.Sender - [Producer clientId=producer-1] Received invalid metadata error in produce request on partition rust-perf-200p-149 due to org.apache.kafka.common.errors.NotLeaderOrFollowerException: For requests intended only for the leader, this error indicates that the broker is not the current leader. For requests intended for any replica, this error indicates that the broker is not a replica of the topic partition. Going to request metadata update now
[kafka-producer-network-thread | producer-1] WARN org.apache.kafka.clients.producer.internals.Sender - [Producer clientId=producer-1] Got error produce response with correlation id 5374882 on topic-partition rust-perf-200p-149, retrying (2147483646 attempts left). Error: NOT_LEADER_OR_FOLLOWER
[kafka-producer-network-thread | producer-1] WARN org.apache.kafka.clients.producer.internals.Sender - [Producer clientId=producer-1] Received invalid metadata error in produce request on partition rust-perf-200p-149 due to org.apache.kafka.common.errors.NotLeaderOrFollowerException: For requests intended only for the leader, this error indicates that the broker is not the current leader. For requests intended for any replica, this error indicates that the broker is not a replica of the topic partition. Going to request metadata update now
[kafka-producer-network-thread | producer-1] WARN org.apache.kafka.clients.producer.internals.Sender - [Producer clientId=producer-1] Got error produce response with correlation id 5374942 on topic-partition rust-perf-200p-149, retrying (2147483646 attempts left). Error: NOT_LEADER_OR_FOLLOWER
[kafka-producer-network-thread | producer-1] WARN org.apache.kafka.clients.producer.internals.Sender - [Producer clientId=producer-1] Received invalid metadata error in produce request on partition rust-perf-200p-149 due to org.apache.kafka.common.errors.NotLeaderOrFollowerException: For requests intended only for the leader, this error indicates that the broker is not the current leader. For requests intended for any replica, this error indicates that the broker is not a replica of the topic partition. Going to request metadata update now
[kafka-producer-network-thread | producer-1] WARN org.apache.kafka.clients.producer.internals.Sender - [Producer clientId=producer-1] Got error produce response with correlation id 5374965 on topic-partition rust-perf-200p-149, retrying (2147483646 attempts left). Error: NOT_LEADER_OR_FOLLOWER
[kafka-producer-network-thread | producer-1] WARN org.apache.kafka.clients.producer.internals.Sender - [Producer clientId=producer-1] Received invalid metadata error in produce request on partition rust-perf-200p-149 due to org.apache.kafka.common.errors.NotLeaderOrFollowerException: For requests intended only for the leader, this error indicates that the broker is not the current leader. For requests intended for any replica, this error indicates that the broker is not a replica of the topic partition. Going to request metadata update now
[kafka-producer-network-thread | producer-1] WARN org.apache.kafka.clients.producer.internals.Sender - [Producer clientId=producer-1] Got error produce response with correlation id 5384179 on topic-partition rust-perf-200p-137, retrying (2147483646 attempts left). Error: NOT_LEADER_OR_FOLLOWER
[kafka-producer-network-thread | producer-1] WARN org.apache.kafka.clients.producer.internals.Sender - [Producer clientId=producer-1] Received invalid metadata error in produce request on partition rust-perf-200p-137 due to org.apache.kafka.common.errors.NotLeaderOrFollowerException: For requests intended only for the leader, this error indicates that the broker is not the current leader. For requests intended for any replica, this error indicates that the broker is not a replica of the topic partition. Going to request metadata update now
[kafka-producer-network-thread | producer-1] WARN org.apache.kafka.clients.producer.internals.Sender - [Producer clientId=producer-1] Got error produce response with correlation id 5384180 on topic-partition rust-perf-200p-137, retrying (2147483646 attempts left). Error: NOT_LEADER_OR_FOLLOWER
[kafka-producer-network-thread | producer-1] WARN org.apache.kafka.clients.producer.internals.Sender - [Producer clientId=producer-1] Received invalid metadata error in produce request on partition rust-perf-200p-137 due to org.apache.kafka.common.errors.NotLeaderOrFollowerException: For requests intended only for the leader, this error indicates that the broker is not the current leader. For requests intended for any replica, this error indicates that the broker is not a replica of the topic partition. Going to request metadata update now
[kafka-producer-network-thread | producer-1] WARN org.apache.kafka.clients.producer.internals.Sender - [Producer clientId=producer-1] Got error produce response with correlation id 5384198 on topic-partition rust-perf-200p-137, retrying (2147483646 attempts left). Error: NOT_LEADER_OR_FOLLOWER
[kafka-producer-network-thread | producer-1] WARN org.apache.kafka.clients.producer.internals.Sender - [Producer clientId=producer-1] Received invalid metadata error in produce request on partition rust-perf-200p-137 due to org.apache.kafka.common.errors.NotLeaderOrFollowerException: For requests intended only for the leader, this error indicates that the broker is not the current leader. For requests intended for any replica, this error indicates that the broker is not a replica of the topic partition. Going to request metadata update now
[kafka-producer-network-thread | producer-1] WARN org.apache.kafka.clients.producer.internals.Sender - [Producer clientId=producer-1] Got error produce response with correlation id 5384227 on topic-partition rust-perf-200p-137, retrying (2147483646 attempts left). Error: NOT_LEADER_OR_FOLLOWER
[kafka-producer-network-thread | producer-1] WARN org.apache.kafka.clients.producer.internals.Sender - [Producer clientId=producer-1] Received invalid metadata error in produce request on partition rust-perf-200p-137 due to org.apache.kafka.common.errors.NotLeaderOrFollowerException: For requests intended only for the leader, this error indicates that the broker is not the current leader. For requests intended for any replica, this error indicates that the broker is not a replica of the topic partition. Going to request metadata update now
[kafka-producer-network-thread | producer-1] WARN org.apache.kafka.clients.producer.internals.Sender - [Producer clientId=producer-1] Got error produce response with correlation id 5385889 on topic-partition rust-perf-200p-198, retrying (2147483646 attempts left). Error: NOT_LEADER_OR_FOLLOWER
[kafka-producer-network-thread | producer-1] WARN org.apache.kafka.clients.producer.internals.Sender - [Producer clientId=producer-1] Received invalid metadata error in produce request on partition rust-perf-200p-198 due to org.apache.kafka.common.errors.NotLeaderOrFollowerException: For requests intended only for the leader, this error indicates that the broker is not the current leader. For requests intended for any replica, this error indicates that the broker is not a replica of the topic partition. Going to request metadata update now
[kafka-producer-network-thread | producer-1] WARN org.apache.kafka.clients.producer.internals.Sender - [Producer clientId=producer-1] Got error produce response with correlation id 5385916 on topic-partition rust-perf-200p-198, retrying (2147483646 attempts left). Error: NOT_LEADER_OR_FOLLOWER
[kafka-producer-network-thread | producer-1] WARN org.apache.kafka.clients.producer.internals.Sender - [Producer clientId=producer-1] Received invalid metadata error in produce request on partition rust-perf-200p-198 due to org.apache.kafka.common.errors.NotLeaderOrFollowerException: For requests intended only for the leader, this error indicates that the broker is not the current leader. For requests intended for any replica, this error indicates that the broker is not a replica of the topic partition. Going to request metadata update now
[kafka-producer-network-thread | producer-1] WARN org.apache.kafka.clients.producer.internals.Sender - [Producer clientId=producer-1] Got error produce response with correlation id 5385997 on topic-partition rust-perf-200p-198, retrying (2147483646 attempts left). Error: NOT_LEADER_OR_FOLLOWER
[kafka-producer-network-thread | producer-1] WARN org.apache.kafka.clients.producer.internals.Sender - [Producer clientId=producer-1] Received invalid metadata error in produce request on partition rust-perf-200p-198 due to org.apache.kafka.common.errors.NotLeaderOrFollowerException: For requests intended only for the leader, this error indicates that the broker is not the current leader. For requests intended for any replica, this error indicates that the broker is not a replica of the topic partition. Going to request metadata update now
[kafka-producer-network-thread | producer-1] WARN org.apache.kafka.clients.producer.internals.Sender - [Producer clientId=producer-1] Got error produce response with correlation id 5430659 on topic-partition rust-perf-200p-191, retrying (2147483646 attempts left). Error: NOT_LEADER_OR_FOLLOWER
[kafka-producer-network-thread | producer-1] WARN org.apache.kafka.clients.producer.internals.Sender - [Producer clientId=producer-1] Received invalid metadata error in produce request on partition rust-perf-200p-191 due to org.apache.kafka.common.errors.NotLeaderOrFollowerException: For requests intended only for the leader, this error indicates that the broker is not the current leader. For requests intended for any replica, this error indicates that the broker is not a replica of the topic partition. Going to request metadata update now
[kafka-producer-network-thread | producer-1] WARN org.apache.kafka.clients.producer.internals.Sender - [Producer clientId=producer-1] Got error produce response with correlation id 5430664 on topic-partition rust-perf-200p-191, retrying (2147483646 attempts left). Error: NOT_LEADER_OR_FOLLOWER
[kafka-producer-network-thread | producer-1] WARN org.apache.kafka.clients.producer.internals.Sender - [Producer clientId=producer-1] Received invalid metadata error in produce request on partition rust-perf-200p-191 due to org.apache.kafka.common.errors.NotLeaderOrFollowerException: For requests intended only for the leader, this error indicates that the broker is not the current leader. For requests intended for any replica, this error indicates that the broker is not a replica of the topic partition. Going to request metadata update now
[kafka-producer-network-thread | producer-1] WARN org.apache.kafka.clients.producer.internals.Sender - [Producer clientId=producer-1] Got error produce response with correlation id 5430677 on topic-partition rust-perf-200p-191, retrying (2147483646 attempts left). Error: NOT_LEADER_OR_FOLLOWER
[kafka-producer-network-thread | producer-1] WARN org.apache.kafka.clients.producer.internals.Sender - [Producer clientId=producer-1] Received invalid metadata error in produce request on partition rust-perf-200p-191 due to org.apache.kafka.common.errors.NotLeaderOrFollowerException: For requests intended only for the leader, this error indicates that the broker is not the current leader. For requests intended for any replica, this error indicates that the broker is not a replica of the topic partition. Going to request metadata update now
[kafka-producer-network-thread | producer-1] WARN org.apache.kafka.clients.producer.internals.Sender - [Producer clientId=producer-1] Got error produce response with correlation id 5430714 on topic-partition rust-perf-200p-191, retrying (2147483646 attempts left). Error: NOT_LEADER_OR_FOLLOWER
[kafka-producer-network-thread | producer-1] WARN org.apache.kafka.clients.producer.internals.Sender - [Producer clientId=producer-1] Received invalid metadata error in produce request on partition rust-perf-200p-191 due to org.apache.kafka.common.errors.NotLeaderOrFollowerException: For requests intended only for the leader, this error indicates that the broker is not the current leader. For requests intended for any replica, this error indicates that the broker is not a replica of the topic partition. Going to request metadata update now
[kafka-producer-network-thread | producer-1] WARN org.apache.kafka.clients.producer.internals.Sender - [Producer clientId=producer-1] Got error produce response with correlation id 5430725 on topic-partition rust-perf-200p-191, retrying (2147483646 attempts left). Error: NOT_LEADER_OR_FOLLOWER
[kafka-producer-network-thread | producer-1] WARN org.apache.kafka.clients.producer.internals.Sender - [Producer clientId=producer-1] Received invalid metadata error in produce request on partition rust-perf-200p-191 due to org.apache.kafka.common.errors.NotLeaderOrFollowerException: For requests intended only for the leader, this error indicates that the broker is not the current leader. For requests intended for any replica, this error indicates that the broker is not a replica of the topic partition. Going to request metadata update now
[kafka-producer-network-thread | producer-1] WARN org.apache.kafka.clients.producer.internals.Sender - [Producer clientId=producer-1] Got error produce response with correlation id 5500992 on topic-partition rust-perf-200p-189, retrying (2147483646 attempts left). Error: NOT_LEADER_OR_FOLLOWER
[kafka-producer-network-thread | producer-1] WARN org.apache.kafka.clients.producer.internals.Sender - [Producer clientId=producer-1] Received invalid metadata error in produce request on partition rust-perf-200p-189 due to org.apache.kafka.common.errors.NotLeaderOrFollowerException: For requests intended only for the leader, this error indicates that the broker is not the current leader. For requests intended for any replica, this error indicates that the broker is not a replica of the topic partition. Going to request metadata update now
[kafka-producer-network-thread | producer-1] WARN org.apache.kafka.clients.producer.internals.Sender - [Producer clientId=producer-1] Got error produce response with correlation id 5501003 on topic-partition rust-perf-200p-189, retrying (2147483646 attempts left). Error: NOT_LEADER_OR_FOLLOWER
[kafka-producer-network-thread | producer-1] WARN org.apache.kafka.clients.producer.internals.Sender - [Producer clientId=producer-1] Received invalid metadata error in produce request on partition rust-perf-200p-189 due to org.apache.kafka.common.errors.NotLeaderOrFollowerException: For requests intended only for the leader, this error indicates that the broker is not the current leader. For requests intended for any replica, this error indicates that the broker is not a replica of the topic partition. Going to request metadata update now
[kafka-producer-network-thread | producer-1] WARN org.apache.kafka.clients.producer.internals.Sender - [Producer clientId=producer-1] Got error produce response with correlation id 5520651 on topic-partition rust-perf-200p-161, retrying (2147483646 attempts left). Error: NOT_LEADER_OR_FOLLOWER
[kafka-producer-network-thread | producer-1] WARN org.apache.kafka.clients.producer.internals.Sender - [Producer clientId=producer-1] Received invalid metadata error in produce request on partition rust-perf-200p-161 due to org.apache.kafka.common.errors.NotLeaderOrFollowerException: For requests intended only for the leader, this error indicates that the broker is not the current leader. For requests intended for any replica, this error indicates that the broker is not a replica of the topic partition. Going to request metadata update now
[kafka-producer-network-thread | producer-1] WARN org.apache.kafka.clients.producer.internals.Sender - [Producer clientId=producer-1] Got error produce response with correlation id 5520663 on topic-partition rust-perf-200p-161, retrying (2147483646 attempts left). Error: NOT_LEADER_OR_FOLLOWER
[kafka-producer-network-thread | producer-1] WARN org.apache.kafka.clients.producer.internals.Sender - [Producer clientId=producer-1] Received invalid metadata error in produce request on partition rust-perf-200p-161 due to org.apache.kafka.common.errors.NotLeaderOrFollowerException: For requests intended only for the leader, this error indicates that the broker is not the current leader. For requests intended for any replica, this error indicates that the broker is not a replica of the topic partition. Going to request metadata update now
[kafka-producer-network-thread | producer-1] WARN org.apache.kafka.clients.producer.internals.Sender - [Producer clientId=producer-1] Got error produce response with correlation id 5520685 on topic-partition rust-perf-200p-161, retrying (2147483646 attempts left). Error: NOT_LEADER_OR_FOLLOWER
[kafka-producer-network-thread | producer-1] WARN org.apache.kafka.clients.producer.internals.Sender - [Producer clientId=producer-1] Received invalid metadata error in produce request on partition rust-perf-200p-161 due to org.apache.kafka.common.errors.NotLeaderOrFollowerException: For requests intended only for the leader, this error indicates that the broker is not the current leader. For requests intended for any replica, this error indicates that the broker is not a replica of the topic partition. Going to request metadata update now
[kafka-producer-network-thread | producer-1] WARN org.apache.kafka.clients.producer.internals.Sender - [Producer clientId=producer-1] Got error produce response with correlation id 5520635 on topic-partition rust-perf-200p-130, retrying (2147483646 attempts left). Error: NOT_LEADER_OR_FOLLOWER
[kafka-producer-network-thread | producer-1] WARN org.apache.kafka.clients.producer.internals.Sender - [Producer clientId=producer-1] Received invalid metadata error in produce request on partition rust-perf-200p-130 due to org.apache.kafka.common.errors.NotLeaderOrFollowerException: For requests intended only for the leader, this error indicates that the broker is not the current leader. For requests intended for any replica, this error indicates that the broker is not a replica of the topic partition. Going to request metadata update now
[kafka-producer-network-thread | producer-1] WARN org.apache.kafka.clients.producer.internals.Sender - [Producer clientId=producer-1] Got error produce response with correlation id 5520697 on topic-partition rust-perf-200p-161, retrying (2147483646 attempts left). Error: NOT_LEADER_OR_FOLLOWER
[kafka-producer-network-thread | producer-1] WARN org.apache.kafka.clients.producer.internals.Sender - [Producer clientId=producer-1] Received invalid metadata error in produce request on partition rust-perf-200p-161 due to org.apache.kafka.common.errors.NotLeaderOrFollowerException: For requests intended only for the leader, this error indicates that the broker is not the current leader. For requests intended for any replica, this error indicates that the broker is not a replica of the topic partition. Going to request metadata update now
[kafka-producer-network-thread | producer-1] WARN org.apache.kafka.clients.producer.internals.Sender - [Producer clientId=producer-1] Got error produce response with correlation id 5520700 on topic-partition rust-perf-200p-161, retrying (2147483646 attempts left). Error: NOT_LEADER_OR_FOLLOWER
[kafka-producer-network-thread | producer-1] WARN org.apache.kafka.clients.producer.internals.Sender - [Producer clientId=producer-1] Received invalid metadata error in produce request on partition rust-perf-200p-161 due to org.apache.kafka.common.errors.NotLeaderOrFollowerException: For requests intended only for the leader, this error indicates that the broker is not the current leader. For requests intended for any replica, this error indicates that the broker is not a replica of the topic partition. Going to request metadata update now
[kafka-producer-network-thread | producer-1] WARN org.apache.kafka.clients.producer.internals.Sender - [Producer clientId=producer-1] Got error produce response with correlation id 5520645 on topic-partition rust-perf-200p-130, retrying (2147483646 attempts left). Error: NOT_LEADER_OR_FOLLOWER
[kafka-producer-network-thread | producer-1] WARN org.apache.kafka.clients.producer.internals.Sender - [Producer clientId=producer-1] Received invalid metadata error in produce request on partition rust-perf-200p-130 due to org.apache.kafka.common.errors.NotLeaderOrFollowerException: For requests intended only for the leader, this error indicates that the broker is not the current leader. For requests intended for any replica, this error indicates that the broker is not a replica of the topic partition. Going to request metadata update now
[kafka-producer-network-thread | producer-1] WARN org.apache.kafka.clients.producer.internals.Sender - [Producer clientId=producer-1] Got error produce response with correlation id 5520681 on topic-partition rust-perf-200p-130, retrying (2147483646 attempts left). Error: NOT_LEADER_OR_FOLLOWER
[kafka-producer-network-thread | producer-1] WARN org.apache.kafka.clients.producer.internals.Sender - [Producer clientId=producer-1] Received invalid metadata error in produce request on partition rust-perf-200p-130 due to org.apache.kafka.common.errors.NotLeaderOrFollowerException: For requests intended only for the leader, this error indicates that the broker is not the current leader. For requests intended for any replica, this error indicates that the broker is not a replica of the topic partition. Going to request metadata update now
[kafka-producer-network-thread | producer-1] WARN org.apache.kafka.clients.producer.internals.Sender - [Producer clientId=producer-1] Got error produce response with correlation id 5520698 on topic-partition rust-perf-200p-130, retrying (2147483646 attempts left). Error: NOT_LEADER_OR_FOLLOWER
[kafka-producer-network-thread | producer-1] WARN org.apache.kafka.clients.producer.internals.Sender - [Producer clientId=producer-1] Received invalid metadata error in produce request on partition rust-perf-200p-130 due to org.apache.kafka.common.errors.NotLeaderOrFollowerException: For requests intended only for the leader, this error indicates that the broker is not the current leader. For requests intended for any replica, this error indicates that the broker is not a replica of the topic partition. Going to request metadata update now
[kafka-producer-network-thread | producer-1] WARN org.apache.kafka.clients.producer.internals.Sender - [Producer clientId=producer-1] Got error produce response with correlation id 5520740 on topic-partition rust-perf-200p-130, retrying (2147483646 attempts left). Error: NOT_LEADER_OR_FOLLOWER
[kafka-producer-network-thread | producer-1] WARN org.apache.kafka.clients.producer.internals.Sender - [Producer clientId=producer-1] Received invalid metadata error in produce request on partition rust-perf-200p-130 due to org.apache.kafka.common.errors.NotLeaderOrFollowerException: For requests intended only for the leader, this error indicates that the broker is not the current leader. For requests intended for any replica, this error indicates that the broker is not a replica of the topic partition. Going to request metadata update now
[kafka-producer-network-thread | producer-1] WARN org.apache.kafka.clients.producer.internals.Sender - [Producer clientId=producer-1] Got error produce response with correlation id 5538292 on topic-partition rust-perf-200p-185, retrying (2147483646 attempts left). Error: NOT_LEADER_OR_FOLLOWER
[kafka-producer-network-thread | producer-1] WARN org.apache.kafka.clients.producer.internals.Sender - [Producer clientId=producer-1] Received invalid metadata error in produce request on partition rust-perf-200p-185 due to org.apache.kafka.common.errors.NotLeaderOrFollowerException: For requests intended only for the leader, this error indicates that the broker is not the current leader. For requests intended for any replica, this error indicates that the broker is not a replica of the topic partition. Going to request metadata update now
[kafka-producer-network-thread | producer-1] WARN org.apache.kafka.clients.producer.internals.Sender - [Producer clientId=producer-1] Got error produce response with correlation id 5538318 on topic-partition rust-perf-200p-185, retrying (2147483646 attempts left). Error: NOT_LEADER_OR_FOLLOWER
[kafka-producer-network-thread | producer-1] WARN org.apache.kafka.clients.producer.internals.Sender - [Producer clientId=producer-1] Received invalid metadata error in produce request on partition rust-perf-200p-185 due to org.apache.kafka.common.errors.NotLeaderOrFollowerException: For requests intended only for the leader, this error indicates that the broker is not the current leader. For requests intended for any replica, this error indicates that the broker is not a replica of the topic partition. Going to request metadata update now
[kafka-producer-network-thread | producer-1] WARN org.apache.kafka.clients.producer.internals.Sender - [Producer clientId=producer-1] Got error produce response with correlation id 5538358 on topic-partition rust-perf-200p-185, retrying (2147483646 attempts left). Error: NOT_LEADER_OR_FOLLOWER
[kafka-producer-network-thread | producer-1] WARN org.apache.kafka.clients.producer.internals.Sender - [Producer clientId=producer-1] Received invalid metadata error in produce request on partition rust-perf-200p-185 due to org.apache.kafka.common.errors.NotLeaderOrFollowerException: For requests intended only for the leader, this error indicates that the broker is not the current leader. For requests intended for any replica, this error indicates that the broker is not a replica of the topic partition. Going to request metadata update now
[kafka-producer-network-thread | producer-1] WARN org.apache.kafka.clients.producer.internals.Sender - [Producer clientId=producer-1] Got error produce response with correlation id 5715889 on topic-partition rust-perf-200p-152, retrying (2147483646 attempts left). Error: NOT_LEADER_OR_FOLLOWER
[kafka-producer-network-thread | producer-1] WARN org.apache.kafka.clients.producer.internals.Sender - [Producer clientId=producer-1] Received invalid metadata error in produce request on partition rust-perf-200p-152 due to org.apache.kafka.common.errors.NotLeaderOrFollowerException: For requests intended only for the leader, this error indicates that the broker is not the current leader. For requests intended for any replica, this error indicates that the broker is not a replica of the topic partition. Going to request metadata update now
[kafka-producer-network-thread | producer-1] WARN org.apache.kafka.clients.producer.internals.Sender - [Producer clientId=producer-1] Got error produce response with correlation id 5715950 on topic-partition rust-perf-200p-152, retrying (2147483646 attempts left). Error: NOT_LEADER_OR_FOLLOWER
[kafka-producer-network-thread | producer-1] WARN org.apache.kafka.clients.producer.internals.Sender - [Producer clientId=producer-1] Received invalid metadata error in produce request on partition rust-perf-200p-152 due to org.apache.kafka.common.errors.NotLeaderOrFollowerException: For requests intended only for the leader, this error indicates that the broker is not the current leader. For requests intended for any replica, this error indicates that the broker is not a replica of the topic partition. Going to request metadata update now
[kafka-producer-network-thread | producer-1] WARN org.apache.kafka.clients.producer.internals.Sender - [Producer clientId=producer-1] Got error produce response with correlation id 5716003 on topic-partition rust-perf-200p-152, retrying (2147483646 attempts left). Error: NOT_LEADER_OR_FOLLOWER
[kafka-producer-network-thread | producer-1] WARN org.apache.kafka.clients.producer.internals.Sender - [Producer clientId=producer-1] Received invalid metadata error in produce request on partition rust-perf-200p-152 due to org.apache.kafka.common.errors.NotLeaderOrFollowerException: For requests intended only for the leader, this error indicates that the broker is not the current leader. For requests intended for any replica, this error indicates that the broker is not a replica of the topic partition. Going to request metadata update now
[kafka-producer-network-thread | producer-1] WARN org.apache.kafka.clients.producer.internals.Sender - [Producer clientId=producer-1] Got error produce response with correlation id 5716071 on topic-partition rust-perf-200p-152, retrying (2147483646 attempts left). Error: NOT_LEADER_OR_FOLLOWER
[kafka-producer-network-thread | producer-1] WARN org.apache.kafka.clients.producer.internals.Sender - [Producer clientId=producer-1] Received invalid metadata error in produce request on partition rust-perf-200p-152 due to org.apache.kafka.common.errors.NotLeaderOrFollowerException: For requests intended only for the leader, this error indicates that the broker is not the current leader. For requests intended for any replica, this error indicates that the broker is not a replica of the topic partition. Going to request metadata update now
[kafka-producer-network-thread | producer-1] WARN org.apache.kafka.clients.producer.internals.Sender - [Producer clientId=producer-1] Got error produce response with correlation id 5716117 on topic-partition rust-perf-200p-152, retrying (2147483646 attempts left). Error: NOT_LEADER_OR_FOLLOWER
[kafka-producer-network-thread | producer-1] WARN org.apache.kafka.clients.producer.internals.Sender - [Producer clientId=producer-1] Received invalid metadata error in produce request on partition rust-perf-200p-152 due to org.apache.kafka.common.errors.NotLeaderOrFollowerException: For requests intended only for the leader, this error indicates that the broker is not the current leader. For requests intended for any replica, this error indicates that the broker is not a replica of the topic partition. Going to request metadata update now
[kafka-producer-network-thread | producer-1] WARN org.apache.kafka.clients.producer.internals.Sender - [Producer clientId=producer-1] Got error produce response with correlation id 5899375 on topic-partition rust-perf-200p-157, retrying (2147483646 attempts left). Error: NOT_LEADER_OR_FOLLOWER
[kafka-producer-network-thread | producer-1] WARN org.apache.kafka.clients.producer.internals.Sender - [Producer clientId=producer-1] Received invalid metadata error in produce request on partition rust-perf-200p-157 due to org.apache.kafka.common.errors.NotLeaderOrFollowerException: For requests intended only for the leader, this error indicates that the broker is not the current leader. For requests intended for any replica, this error indicates that the broker is not a replica of the topic partition. Going to request metadata update now
[kafka-producer-network-thread | producer-1] WARN org.apache.kafka.clients.producer.internals.Sender - [Producer clientId=producer-1] Got error produce response with correlation id 5899435 on topic-partition rust-perf-200p-157, retrying (2147483646 attempts left). Error: NOT_LEADER_OR_FOLLOWER
[kafka-producer-network-thread | producer-1] WARN org.apache.kafka.clients.producer.internals.Sender - [Producer clientId=producer-1] Received invalid metadata error in produce request on partition rust-perf-200p-157 due to org.apache.kafka.common.errors.NotLeaderOrFollowerException: For requests intended only for the leader, this error indicates that the broker is not the current leader. For requests intended for any replica, this error indicates that the broker is not a replica of the topic partition. Going to request metadata update now
[kafka-producer-network-thread | producer-1] WARN org.apache.kafka.clients.producer.internals.Sender - [Producer clientId=producer-1] Got error produce response with correlation id 5899457 on topic-partition rust-perf-200p-157, retrying (2147483646 attempts left). Error: NOT_LEADER_OR_FOLLOWER
[kafka-producer-network-thread | producer-1] WARN org.apache.kafka.clients.producer.internals.Sender - [Producer clientId=producer-1] Received invalid metadata error in produce request on partition rust-perf-200p-157 due to org.apache.kafka.common.errors.NotLeaderOrFollowerException: For requests intended only for the leader, this error indicates that the broker is not the current leader. For requests intended for any replica, this error indicates that the broker is not a replica of the topic partition. Going to request metadata update now
[kafka-producer-network-thread | producer-1] WARN org.apache.kafka.clients.producer.internals.Sender - [Producer clientId=producer-1] Got error produce response with correlation id 5899485 on topic-partition rust-perf-200p-157, retrying (2147483646 attempts left). Error: NOT_LEADER_OR_FOLLOWER
[kafka-producer-network-thread | producer-1] WARN org.apache.kafka.clients.producer.internals.Sender - [Producer clientId=producer-1] Received invalid metadata error in produce request on partition rust-perf-200p-157 due to org.apache.kafka.common.errors.NotLeaderOrFollowerException: For requests intended only for the leader, this error indicates that the broker is not the current leader. For requests intended for any replica, this error indicates that the broker is not a replica of the topic partition. Going to request metadata update now
[kafka-producer-network-thread | producer-1] WARN org.apache.kafka.clients.producer.internals.Sender - [Producer clientId=producer-1] Got error produce response with correlation id 12002557 on topic-partition rust-perf-200p-117, retrying (2147483646 attempts left). Error: NOT_LEADER_OR_FOLLOWER
[kafka-producer-network-thread | producer-1] WARN org.apache.kafka.clients.producer.internals.Sender - [Producer clientId=producer-1] Received invalid metadata error in produce request on partition rust-perf-200p-117 due to org.apache.kafka.common.errors.NotLeaderOrFollowerException: For requests intended only for the leader, this error indicates that the broker is not the current leader. For requests intended for any replica, this error indicates that the broker is not a replica of the topic partition. Going to request metadata update now
[kafka-producer-network-thread | producer-1] WARN org.apache.kafka.clients.producer.internals.Sender - [Producer clientId=producer-1] Got error produce response with correlation id 12002592 on topic-partition rust-perf-200p-117, retrying (2147483646 attempts left). Error: NOT_LEADER_OR_FOLLOWER
[kafka-producer-network-thread | producer-1] WARN org.apache.kafka.clients.producer.internals.Sender - [Producer clientId=producer-1] Received invalid metadata error in produce request on partition rust-perf-200p-117 due to org.apache.kafka.common.errors.NotLeaderOrFollowerException: For requests intended only for the leader, this error indicates that the broker is not the current leader. For requests intended for any replica, this error indicates that the broker is not a replica of the topic partition. Going to request metadata update now
[kafka-producer-network-thread | producer-1] WARN org.apache.kafka.clients.producer.internals.Sender - [Producer clientId=producer-1] Got error produce response with correlation id 12002627 on topic-partition rust-perf-200p-117, retrying (2147483646 attempts left). Error: NOT_LEADER_OR_FOLLOWER
[kafka-producer-network-thread | producer-1] WARN org.apache.kafka.clients.producer.internals.Sender - [Producer clientId=producer-1] Received invalid metadata error in produce request on partition rust-perf-200p-117 due to org.apache.kafka.common.errors.NotLeaderOrFollowerException: For requests intended only for the leader, this error indicates that the broker is not the current leader. For requests intended for any replica, this error indicates that the broker is not a replica of the topic partition. Going to request metadata update now
[kafka-producer-network-thread | producer-1] WARN org.apache.kafka.clients.producer.internals.Sender - [Producer clientId=producer-1] Got error produce response with correlation id 12002663 on topic-partition rust-perf-200p-117, retrying (2147483646 attempts left). Error: NOT_LEADER_OR_FOLLOWER
[kafka-producer-network-thread | producer-1] WARN org.apache.kafka.clients.producer.internals.Sender - [Producer clientId=producer-1] Received invalid metadata error in produce request on partition rust-perf-200p-117 due to org.apache.kafka.common.errors.NotLeaderOrFollowerException: For requests intended only for the leader, this error indicates that the broker is not the current leader. For requests intended for any replica, this error indicates that the broker is not a replica of the topic partition. Going to request metadata update now
[kafka-producer-network-thread | producer-1] WARN org.apache.kafka.clients.producer.internals.Sender - [Producer clientId=producer-1] Got error produce response with correlation id 12002668 on topic-partition rust-perf-200p-117, retrying (2147483646 attempts left). Error: NOT_LEADER_OR_FOLLOWER
[kafka-producer-network-thread | producer-1] WARN org.apache.kafka.clients.producer.internals.Sender - [Producer clientId=producer-1] Received invalid metadata error in produce request on partition rust-perf-200p-117 due to org.apache.kafka.common.errors.NotLeaderOrFollowerException: For requests intended only for the leader, this error indicates that the broker is not the current leader. For requests intended for any replica, this error indicates that the broker is not a replica of the topic partition. Going to request metadata update now
[kafka-producer-network-thread | producer-1] WARN org.apache.kafka.clients.producer.internals.Sender - [Producer clientId=producer-1] Got error produce response with correlation id 12370550 on topic-partition rust-perf-200p-113, retrying (2147483646 attempts left). Error: NOT_LEADER_OR_FOLLOWER
[kafka-producer-network-thread | producer-1] WARN org.apache.kafka.clients.producer.internals.Sender - [Producer clientId=producer-1] Received invalid metadata error in produce request on partition rust-perf-200p-113 due to org.apache.kafka.common.errors.NotLeaderOrFollowerException: For requests intended only for the leader, this error indicates that the broker is not the current leader. For requests intended for any replica, this error indicates that the broker is not a replica of the topic partition. Going to request metadata update now
[kafka-producer-network-thread | producer-1] WARN org.apache.kafka.clients.producer.internals.Sender - [Producer clientId=producer-1] Got error produce response with correlation id 18363116 on topic-partition rust-perf-200p-143, retrying (2147483646 attempts left). Error: NOT_LEADER_OR_FOLLOWER
[kafka-producer-network-thread | producer-1] WARN org.apache.kafka.clients.producer.internals.Sender - [Producer clientId=producer-1] Received invalid metadata error in produce request on partition rust-perf-200p-143 due to org.apache.kafka.common.errors.NotLeaderOrFollowerException: For requests intended only for the leader, this error indicates that the broker is not the current leader. For requests intended for any replica, this error indicates that the broker is not a replica of the topic partition. Going to request metadata update now
[kafka-producer-network-thread | producer-1] WARN org.apache.kafka.clients.producer.internals.Sender - [Producer clientId=producer-1] Got error produce response with correlation id 18363119 on topic-partition rust-perf-200p-143, retrying (2147483646 attempts left). Error: NOT_LEADER_OR_FOLLOWER
[kafka-producer-network-thread | producer-1] WARN org.apache.kafka.clients.producer.internals.Sender - [Producer clientId=producer-1] Received invalid metadata error in produce request on partition rust-perf-200p-143 due to org.apache.kafka.common.errors.NotLeaderOrFollowerException: For requests intended only for the leader, this error indicates that the broker is not the current leader. For requests intended for any replica, this error indicates that the broker is not a replica of the topic partition. Going to request metadata update now
[kafka-producer-network-thread | producer-1] WARN org.apache.kafka.clients.producer.internals.Sender - [Producer clientId=producer-1] Got error produce response with correlation id 18363130 on topic-partition rust-perf-200p-143, retrying (2147483646 attempts left). Error: NOT_LEADER_OR_FOLLOWER
[kafka-producer-network-thread | producer-1] WARN org.apache.kafka.clients.producer.internals.Sender - [Producer clientId=producer-1] Received invalid metadata error in produce request on partition rust-perf-200p-143 due to org.apache.kafka.common.errors.NotLeaderOrFollowerException: For requests intended only for the leader, this error indicates that the broker is not the current leader. For requests intended for any replica, this error indicates that the broker is not a replica of the topic partition. Going to request metadata update now
[kafka-producer-network-thread | producer-1] WARN org.apache.kafka.clients.producer.internals.Sender - [Producer clientId=producer-1] Got error produce response with correlation id 18363160 on topic-partition rust-perf-200p-143, retrying (2147483646 attempts left). Error: NOT_LEADER_OR_FOLLOWER
[kafka-producer-network-thread | producer-1] WARN org.apache.kafka.clients.producer.internals.Sender - [Producer clientId=producer-1] Received invalid metadata error in produce request on partition rust-perf-200p-143 due to org.apache.kafka.common.errors.NotLeaderOrFollowerException: For requests intended only for the leader, this error indicates that the broker is not the current leader. For requests intended for any replica, this error indicates that the broker is not a replica of the topic partition. Going to request metadata update now
[kafka-producer-network-thread | producer-1] WARN org.apache.kafka.clients.producer.internals.Sender - [Producer clientId=producer-1] Got error produce response with correlation id 18363184 on topic-partition rust-perf-200p-143, retrying (2147483646 attempts left). Error: NOT_LEADER_OR_FOLLOWER
[kafka-producer-network-thread | producer-1] WARN org.apache.kafka.clients.producer.internals.Sender - [Producer clientId=producer-1] Received invalid metadata error in produce request on partition rust-perf-200p-143 due to org.apache.kafka.common.errors.NotLeaderOrFollowerException: For requests intended only for the leader, this error indicates that the broker is not the current leader. For requests intended for any replica, this error indicates that the broker is not a replica of the topic partition. Going to request metadata update now
[kafka-producer-network-thread | producer-1] WARN org.apache.kafka.clients.producer.internals.Sender - [Producer clientId=producer-1] Got error produce response with correlation id 25458161 on topic-partition rust-perf-200p-98, retrying (2147483646 attempts left). Error: NOT_LEADER_OR_FOLLOWER
[kafka-producer-network-thread | producer-1] WARN org.apache.kafka.clients.producer.internals.Sender - [Producer clientId=producer-1] Received invalid metadata error in produce request on partition rust-perf-200p-98 due to org.apache.kafka.common.errors.NotLeaderOrFollowerException: For requests intended only for the leader, this error indicates that the broker is not the current leader. For requests intended for any replica, this error indicates that the broker is not a replica of the topic partition. Going to request metadata update now
[kafka-producer-network-thread | producer-1] WARN org.apache.kafka.clients.producer.internals.Sender - [Producer clientId=producer-1] Got error produce response with correlation id 25458193 on topic-partition rust-perf-200p-98, retrying (2147483646 attempts left). Error: NOT_LEADER_OR_FOLLOWER
[kafka-producer-network-thread | producer-1] WARN org.apache.kafka.clients.producer.internals.Sender - [Producer clientId=producer-1] Received invalid metadata error in produce request on partition rust-perf-200p-98 due to org.apache.kafka.common.errors.NotLeaderOrFollowerException: For requests intended only for the leader, this error indicates that the broker is not the current leader. For requests intended for any replica, this error indicates that the broker is not a replica of the topic partition. Going to request metadata update now
[kafka-producer-network-thread | producer-1] WARN org.apache.kafka.clients.producer.internals.Sender - [Producer clientId=producer-1] Got error produce response with correlation id 25458253 on topic-partition rust-perf-200p-98, retrying (2147483646 attempts left). Error: NOT_LEADER_OR_FOLLOWER
[kafka-producer-network-thread | producer-1] WARN org.apache.kafka.clients.producer.internals.Sender - [Producer clientId=producer-1] Received invalid metadata error in produce request on partition rust-perf-200p-98 due to org.apache.kafka.common.errors.NotLeaderOrFollowerException: For requests intended only for the leader, this error indicates that the broker is not the current leader. For requests intended for any replica, this error indicates that the broker is not a replica of the topic partition. Going to request metadata update now
[kafka-producer-network-thread | producer-1] WARN org.apache.kafka.clients.producer.internals.Sender - [Producer clientId=producer-1] Got error produce response with correlation id 25458291 on topic-partition rust-perf-200p-98, retrying (2147483646 attempts left). Error: NOT_LEADER_OR_FOLLOWER
[kafka-producer-network-thread | producer-1] WARN org.apache.kafka.clients.producer.internals.Sender - [Producer clientId=producer-1] Received invalid metadata error in produce request on partition rust-perf-200p-98 due to org.apache.kafka.common.errors.NotLeaderOrFollowerException: For requests intended only for the leader, this error indicates that the broker is not the current leader. For requests intended for any replica, this error indicates that the broker is not a replica of the topic partition. Going to request metadata update now
[kafka-producer-network-thread | producer-1] WARN org.apache.kafka.clients.producer.internals.Sender - [Producer clientId=producer-1] Got error produce response with correlation id 25458338 on topic-partition rust-perf-200p-98, retrying (2147483646 attempts left). Error: NOT_LEADER_OR_FOLLOWER
[kafka-producer-network-thread | producer-1] WARN org.apache.kafka.clients.producer.internals.Sender - [Producer clientId=producer-1] Received invalid metadata error in produce request on partition rust-perf-200p-98 due to org.apache.kafka.common.errors.NotLeaderOrFollowerException: For requests intended only for the leader, this error indicates that the broker is not the current leader. For requests intended for any replica, this error indicates that the broker is not a replica of the topic partition. Going to request metadata update now
Test duration reached, 3601.010800429 seconds. Interrupting...

Duration: 3601068 ms
Average CPU: 144.67 %
Average RSS: 4196006.67 KiB
CPU efficiency: 3898.08 msg/(s * 1% CPU)
Memory efficiency: 0.13 msg/(s * KB RSS)
Average future queue size: 116010.93
Max future queue size: 307493
Average rate msg/s: 563935.48 msg/s
Average rate MiB/s: 550.72 MiB/s
Average latency: 205.67 ms
Max latency: 678 ms
p99 latency: 465 ms
Results summary written to: results.json
[main] INFO org.apache.kafka.clients.producer.KafkaProducer - [Producer clientId=producer-1] Closing the Kafka producer with timeoutMillis = 9223372036854775807 ms.
[main] INFO org.apache.kafka.common.metrics.Metrics - Metrics scheduler closed
[main] INFO org.apache.kafka.common.metrics.Metrics - Closing reporter org.apache.kafka.common.metrics.JmxReporter
[main] INFO org.apache.kafka.common.metrics.Metrics - Closing reporter org.apache.kafka.common.telemetry.internals.ClientTelemetryReporter
[main] INFO org.apache.kafka.common.metrics.Metrics - Metrics reporters closed
[main] INFO org.apache.kafka.common.utils.AppInfoParser - App info kafka.producer for producer-1 unregistered
Performing garbage collection...
Waiting for final metrics collection...
Final CPU: 0.00 %
Final RSS: 484496.00 KiB
Done
Consumer verification skipped (VERIFY_CONSUMED=False)
######## Done: java. Metrics under /home/ubuntu/perf-test/results ########
